ACFAIL				= E42B, L: SPADDCOLSPR
ACLOOP				= E3AE, L: SPADDCOLSPR
ACNOCRY				= E39D, L: SPADDCOLSPR
ACNOCRY3			= E3FE, L: SPADDCOLSPR
ADJLOOP				= E1C9, L: SPMOVESPRABS
ADJUSTGRAPHICS			= E30C, L: SPMOVESPRABS
APBRANCH1			= 5E12, L: MK1
APBRANCH2			= 5E55, L: MK1
APBRANCH3			= 5E41, L: MK1
APBRANCH4			= 5E38, L: MK1
APGET4BITS			= 5E2A, L: MK1
APLOOP				= 5E17, L: MK1
APLOOP0				= 5E14, L: MK1
APSKIP2				= 5E74, L: MK1
APSKIP3				= 5E7D, L: MK1
APWRITEBYTE			= 5E34, L: MK1
AP_FINISHUP			= 5E80, L: MK1
AP_FINISHUP2			= 5E83, L: MK1
AP_GETBIT			= 5E96, L: MK1
AP_GETGAMMA			= 5EA2, L: MK1
AP_GETGAMMALOOP			= 5EA5, L: MK1
AP_R0_GAMMA			= 5E8A, L: MK1
ATMAXCOUNT			= E607, L: SPGETKEY
BAL1				= A5F2, L: MK1
BROKEN				= E1A7, L: SPINTRECT
BUCLE				= A786, L: MK1
BUCLE1				= A789, L: MK1
BUCLE2				= A791, L: MK1
CLEAR				= EC56, L: SPUPDATENOW
CLEARB1				= A771, L: MK1
CLEARB2				= A774, L: MK1
CNT_1A				= CA8E, L: MK1
CNT_1B				= CA92, L: MK1
CNT_2				= CA9F, L: MK1
COLOURSPRITE			= EC54, L: SPUPDATENOW
COMPUTEDISP			= E2E9, L: SPMOVESPRABS
CONT				= E57D, L: SPCREATESPR
CONT1				= E747, L: SPINITIALIZE
COPYBUFFER			= EC61, L: SPUPDATENOW
COUNT				= E5C1, L: SPGETKEY
CSENTER				= E566, L: SPCREATESPR
CSFAIL1				= E59E, L: SPCREATESPR
CSFAIL2				= E5A0, L: SPCREATESPR
CSLOOP				= E552, L: SPCREATESPR
CSNOCRY				= E594, L: SPCREATESPR
CURRENT_INST			= C9EC, L: MK1
DEPACK				= 5E0F, L: MK1
DIRTYAREA			= EA81, L: SPUPDATENOW
DIRTYLOOP			= EA5B, L: SPUPDATENOW
DIV_1A				= CA95, L: MK1
DIV_1B				= CA98, L: MK1
DIV_2				= CAA2, L: MK1
DN_LOOP0			= CBCB, L: MK1
DN_LOOP1			= CBD3, L: MK1
DOSIGN				= D3AD, L: L_DIV
DOSPRITE			= EB43, L: SPUPDATENOW
DOSPRITES			= EA4E, L: SPUPDATENOW
DRAWCHAR			= EAF1, L: SPUPDATENOW
DRUMS				= CB71, L: MK1
DRUM_NOISE			= CBC7, L: MK1
DRUM_NOISE1			= CBB1, L: MK1
DRUM_NOISE2			= CBB9, L: MK1
DRUM_NOISE3			= CBC1, L: MK1
DRUM_TABLE			= CC5C, L: MK1
DRUM_TONE			= CB94, L: MK1
DRUM_TONE1			= CB7E, L: MK1
DRUM_TONE2			= CB82, L: MK1
DRUM_TONE3			= CB86, L: MK1
DRUM_TONE4			= CB8A, L: MK1
DRUM_TONE5			= CB8E, L: MK1
DRUM_TONE6			= CB92, L: MK1
DT_LOOP0			= CB9B, L: MK1
DT_LOOP1			= CBA8, L: MK1
ENTRY				= D3B8, L: L_DIV_U
ENTRYLP				= E723, L: SPINITIALIZE
EXIT_PLAYER			= CA7C, L: MK1
FREQ_TABLE			= CBE4, L: MK1
FSCLIPSTRUCT			= 5DD4, L: MK1
HIDE_SPRITES_BULLETS_LOOP	= A643, L: MK1
HIDE_SPRITES_ENEMS_LOOP		= A618, L: MK1
IB1				= E478, L: SPADDMEMORY
IB2				= E47F, L: SPADDMEMORY
INSTRUM_TBL			= CA6D, L: MK1
INVALIDATE			= E2DA, L: SPMOVESPRABS
INVCOLLP			= E092, L: SPINVALIDATE
INVFULLCHAR			= E0A5, L: SPINVALIDATE
INVROWLP			= E0A7, L: SPINVALIDATE
I_1				= CDF3, L: MK1
I_100				= B1AA, L: MK1
I_101				= B18E, L: MK1
I_101_UGE			= B185, L: MK1
I_102_I_101			= B191, L: MK1
I_103				= B1CB, L: MK1
I_104				= B1D0, L: MK1
I_105				= B21E, L: MK1
I_106				= B221, L: MK1
I_107				= B240, L: MK1
I_108				= B245, L: MK1
I_109				= B293, L: MK1
I_110				= B296, L: MK1
I_111				= B3C0, L: MK1
I_112				= B36D, L: MK1
I_113				= B370, L: MK1
I_114				= B39F, L: MK1
I_115				= B39C, L: MK1
I_116				= B3C0, L: MK1
I_117				= B3C0, L: MK1
I_118				= B3C0, L: MK1
I_119				= B3E4, L: MK1
I_120				= B3E4, L: MK1
I_121				= B409, L: MK1
I_122				= B409, L: MK1
I_123				= B41F, L: MK1
I_124				= B432, L: MK1
I_125				= B4B5, L: MK1
I_126				= B4B5, L: MK1
I_127				= B487, L: MK1
I_129				= B50F, L: MK1
I_130				= B50F, L: MK1
I_131				= B4E5, L: MK1
I_133				= B535, L: MK1
I_134				= B52C, L: MK1
I_135				= B52F, L: MK1
I_136				= B5DB, L: MK1
I_137				= B588, L: MK1
I_138				= B58B, L: MK1
I_139				= B5BA, L: MK1
I_140				= B5B7, L: MK1
I_141				= B5DB, L: MK1
I_142				= B5DB, L: MK1
I_143				= B5DB, L: MK1
I_144				= B600, L: MK1
I_145				= B600, L: MK1
I_146				= B625, L: MK1
I_147				= B625, L: MK1
I_148				= B63B, L: MK1
I_149				= B64E, L: MK1
I_15				= A40A, L: MK1
I_150				= B6FB, L: MK1
I_151				= B6DD, L: MK1
I_152				= B6AC, L: MK1
I_154				= B6FB, L: MK1
I_155				= B6F2, L: MK1
I_156				= B6F5, L: MK1
I_157				= B779, L: MK1
I_158				= B75B, L: MK1
I_159				= B72B, L: MK1
I_16				= A406, L: MK1
I_161				= B779, L: MK1
I_162				= B770, L: MK1
I_163				= B773, L: MK1
I_164				= B78D, L: MK1
I_165				= B79E, L: MK1
I_166				= B79E, L: MK1
I_167				= B836, L: MK1
I_168				= B833, L: MK1
I_169				= B958, L: MK1
I_170				= B898, L: MK1
I_171				= B895, L: MK1
I_172				= B958, L: MK1
I_173				= B8F9, L: MK1
I_174				= B8F6, L: MK1
I_175				= B958, L: MK1
I_176				= B958, L: MK1
I_177				= B958, L: MK1
I_178				= B98D, L: MK1
I_179				= B96E, L: MK1
I_180_I_179			= B971, L: MK1
I_181				= B986, L: MK1
I_182				= B98D, L: MK1
I_183				= B99C, L: MK1
I_184				= B9C3, L: MK1
I_185				= B9E2, L: MK1
I_186				= B9E2, L: MK1
I_187				= BA01, L: MK1
I_188				= BA01, L: MK1
I_189				= BA42, L: MK1
I_19				= A6C9, L: MK1
I_190				= BA13, L: MK1
I_191				= BA16, L: MK1
I_192				= BA42, L: MK1
I_193				= BA6C, L: MK1
I_194				= BB2E, L: MK1
I_195				= BC3A, L: MK1
I_196				= BB38, L: MK1
I_198				= BC37, L: MK1
I_199				= BBC0, L: MK1
I_20				= A6CC, L: MK1
I_200				= BBDD, L: MK1
I_201				= BBDD, L: MK1
I_202				= BBDD, L: MK1
I_203				= BBDD, L: MK1
I_204				= BC07, L: MK1
I_205				= BC23, L: MK1
I_206				= BC60, L: MK1
I_207				= BC8A, L: MK1
I_208				= C0A8, L: MK1
I_209				= BC8F, L: MK1
I_21				= A766, L: MK1
I_211				= BE8A, L: MK1
I_212				= BD0C, L: MK1
I_213				= BD29, L: MK1
I_214				= BD29, L: MK1
I_215				= BD29, L: MK1
I_216				= BD29, L: MK1
I_217				= BD7F, L: MK1
I_218				= C071, L: MK1
I_219				= BEDB, L: MK1
I_22				= A76B, L: MK1
I_220				= BF20, L: MK1
I_221				= BF07, L: MK1
I_222_I_221			= BF0A, L: MK1
I_223				= C071, L: MK1
I_224				= BF3A, L: MK1
I_225				= C071, L: MK1
I_226				= BF3F, L: MK1
I_227				= C06E, L: MK1
I_228				= C06E, L: MK1
I_229				= BFD0, L: MK1
I_23				= A7E9, L: MK1
I_230_I_229			= BFD3, L: MK1
I_231				= C066, L: MK1
I_232				= C1DC, L: MK1
I_233				= C1CF, L: MK1
I_235				= C1CF, L: MK1
I_236				= C132, L: MK1
I_237				= C14A, L: MK1
I_238				= C15F, L: MK1
I_239				= C16F, L: MK1
I_24				= A7FF, L: MK1
I_240				= C18D, L: MK1
I_241				= C198, L: MK1
I_242				= C1C0, L: MK1
I_243				= C1C7, L: MK1
I_244				= C238, L: MK1
I_245				= C242, L: MK1
I_246				= C21A, L: MK1
I_247				= C295, L: MK1
I_248				= C336, L: MK1
I_249				= C29A, L: MK1
I_25				= A811, L: MK1
I_250				= C340, L: MK1
I_251				= C39E, L: MK1
I_252				= C345, L: MK1
I_253				= C39E, L: MK1
I_254				= C950, L: MK1
I_255				= C3BC, L: MK1
I_256				= C94A, L: MK1
I_257				= C45C, L: MK1
I_258				= C912, L: MK1
I_259				= C482, L: MK1
I_26				= A834, L: MK1
I_260				= C4A1, L: MK1
I_261				= C4C0, L: MK1
I_262				= C4D1, L: MK1
I_263				= C4F5, L: MK1
I_264				= C512, L: MK1
I_265				= C542, L: MK1
I_266				= C572, L: MK1
I_267				= C5A2, L: MK1
I_268				= C5D1, L: MK1
I_269				= C74A, L: MK1
I_27				= A870, L: MK1
I_270				= C5EF, L: MK1
I_271				= C617, L: MK1
I_272				= C5F4, L: MK1
I_273				= C673, L: MK1
I_274				= C635, L: MK1
I_276				= C690, L: MK1
I_277				= C6A0, L: MK1
I_278				= C747, L: MK1
I_279				= C6A5, L: MK1
I_28				= A884, L: MK1
I_280				= C722, L: MK1
I_281				= C744, L: MK1
I_282				= C765, L: MK1
I_283				= C765, L: MK1
I_284				= C7A3, L: MK1
I_285				= C789, L: MK1
I_285_UGE			= C787, L: MK1
I_286_I_285			= C78C, L: MK1
I_287				= C7F0, L: MK1
I_288				= C7B7, L: MK1
I_289_I_288			= C7BA, L: MK1
I_29				= A995, L: MK1
I_290				= C7F0, L: MK1
I_291				= C7F0, L: MK1
I_292				= C7FF, L: MK1
I_293				= C80D, L: MK1
I_294				= C8C1, L: MK1
I_295				= C82F, L: MK1
I_296_I_295			= C832, L: MK1
I_297				= C847, L: MK1
I_298				= C8A9, L: MK1
I_299				= C851, L: MK1
I_30				= A88E, L: MK1
I_300				= C90F, L: MK1
I_301				= C90F, L: MK1
I_302				= C8E7, L: MK1
I_302_UGE			= C8DD, L: MK1
I_303_I_302			= C8EA, L: MK1
I_304				= C941, L: MK1
I_305				= C93E, L: MK1
I_306				= C947, L: MK1
I_31				= A992, L: MK1
I_33				= A984, L: MK1
I_34				= A8B1, L: MK1
I_35				= A8C9, L: MK1
I_36				= A8FA, L: MK1
I_37				= A92B, L: MK1
I_38				= A956, L: MK1
I_39				= A9A0, L: MK1
I_40				= AAAE, L: MK1
I_41				= A9A5, L: MK1
I_42				= AAAB, L: MK1
I_43				= AA1A, L: MK1
I_44				= AA1A, L: MK1
I_45				= AA48, L: MK1
I_46				= AA48, L: MK1
I_47				= AA96, L: MK1
I_48				= AAA8, L: MK1
I_51				= ABEF, L: MK1
I_52				= ABFE, L: MK1
I_53				= ABDB, L: MK1
I_54				= ACFB, L: MK1
I_55				= AD03, L: MK1
I_56				= AD04, L: MK1
I_57				= AD0C, L: MK1
I_58				= AD31, L: MK1
I_59				= AD3B, L: MK1
I_60				= AD0C, L: MK1
I_61				= AD1A, L: MK1
I_62				= AD29, L: MK1
I_63				= AD13, L: MK1
I_64				= AD31, L: MK1
I_65				= AE0D, L: MK1
I_66				= AE0D, L: MK1
I_67				= AD8F, L: MK1
I_68_I_67			= AD92, L: MK1
I_69				= AEDF, L: MK1
I_70				= AE2E, L: MK1
I_71_I_70			= AE31, L: MK1
I_72				= AE3B, L: MK1
I_73				= AEAC, L: MK1
I_74				= AE45, L: MK1
I_75				= AEA9, L: MK1
I_76				= AE8E, L: MK1
I_77_I_76			= AE91, L: MK1
I_78				= AF10, L: MK1
I_79				= AFF8, L: MK1
I_80				= AF1A, L: MK1
I_81				= AF57, L: MK1
I_82				= AF69, L: MK1
I_83				= AFB0, L: MK1
I_84				= AFA1, L: MK1
I_85				= AFA4, L: MK1
I_86				= AFF5, L: MK1
I_87				= B0C8, L: MK1
I_88				= B0CE, L: MK1
I_89				= B11F, L: MK1
I_90				= B105, L: MK1
I_91				= B11F, L: MK1
I_92				= B13F, L: MK1
I_93				= B12E, L: MK1
I_94_I_93			= B131, L: MK1
I_95				= B164, L: MK1
I_96				= B14D, L: MK1
I_97_I_96			= B150, L: MK1
I_98				= B175, L: MK1
I_99				= B1AD, L: MK1
JKLOOP				= E9A6, L: SPJOYKEYBOARD
JPHL				= E5A9, L: SPCREATESPR
JPHL				= E456, L: SPDELETESPR
JPHL				= E43C, L: SPADDCOLSPR
KEMPTBL				= E96B, L: SPJOYKEMPSTON
KEYOK				= E5BB, L: SP_GETKEY
KEYROWLOOP			= E5E1, L: SPGETKEY
L8098				= C9F5, L: MK1
L809B				= C9F8, L: MK1
L8168				= CAB2, L: MK1
L8171				= CABB, L: MK1
L8173				= CABD, L: MK1
L8179				= CAC3, L: MK1
L817B				= CAC5, L: MK1
L8184				= CACE, L: MK1
L8186				= CAD0, L: MK1
L818A				= CAD4, L: MK1
L8193				= CADD, L: MK1
L8195				= CADF, L: MK1
L819B				= CAE5, L: MK1
L819D				= CAE7, L: MK1
L81A6				= CAF0, L: MK1
L81A8				= CAF2, L: MK1
L81AC				= CAF6, L: MK1
L81B5				= CAFF, L: MK1
L81B7				= CB01, L: MK1
L81BD				= CB07, L: MK1
L81BF				= CB09, L: MK1
L81C8				= CB12, L: MK1
L81CA				= CB14, L: MK1
L81CE				= CB18, L: MK1
L81D7				= CB21, L: MK1
L81D9				= CB23, L: MK1
L81DF				= CB29, L: MK1
L81E1				= CB2B, L: MK1
L81EA				= CB34, L: MK1
L81EC				= CB36, L: MK1
L81F9				= CB43, L: MK1
L81FB				= CB45, L: MK1
L8201				= CB4B, L: MK1
L8203				= CB4D, L: MK1
L820C				= CB56, L: MK1
L820E				= CB58, L: MK1
LOADNOROTATE			= ED4A, L: SPUPDATENOW
LOADTYPE			= ECDC, L: SPUPDATENOW
LOOP				= E73F, L: SPINITIALIZE
LOOP				= E441, L: SPDELETESPR
L_AND				= D35E, G: L_AND
L_ASL				= D365, G: L_ASL
L_ASL1				= D366, L: L_ASL
L_ASR				= D36C, G: L_ASR
L_ASR1				= D36D, L: L_ASR
L_ASR_U				= D376, G: L_ASR_U
L_ASR_U_1			= D377, L: L_ASR_U
L_DIV				= D380, G: L_DIV
L_DIV0				= D390, L: L_DIV
L_DIV01				= D39C, L: L_DIV
L_DIV1				= D3BF, L: L_DIV_U
L_DIV2				= D3C9, L: L_DIV_U
L_DIV_U				= D3B4, G: L_DIV_U
L_EQ				= D3D3, G: L_EQ
L_GCHAR				= D3DA, G: L_GCHAR
L_GCHARSPSP			= D3E0, G: L_GCHARSPSP
L_GE				= D3EA, G: L_GE
L_GINT				= D3F8, G: L_GINT
L_GT				= D3FD, G: L_GT
L_LNEG				= D409, G: L_LNEG
L_LT				= D40E, G: L_LT
L_MULT				= D41A, G: L_MULT
L_MULT1				= D421, L: L_MULT
L_MULT2				= D428, L: L_MULT
L_NE				= D42B, G: L_NE
L_NEG				= D432, G: L_NEG
L_OR				= D43A, G: L_OR
L_PINT				= D441, G: L_PINT
L_SXT				= D447, G: L_SXT
L_SXT				= D3DB, L: L_GCHAR
L_UGE				= D44C, G: L_UGE
L_ULE				= D454, G: L_ULE
MAIN_LOOP			= C9AA, L: MK1
MASKNOROTATE			= EC91, L: SPUPDATENOW
MUSICDATA			= CC6E, L: MK1
MUSICSTART			= C951, L: MK1
MVCOLLOOP			= E216, L: SPMOVESPRABS
MVROWLOOP			= E21C, L: SPMOVESPRABS
NEXTDATA			= A28D, L: MK1
NEXTRAND			= A748, L: MK1
NEXTSCANROW			= E5F6, L: SPGETKEY
NEXT_PATTERN			= C996, L: MK1
NOADD				= E751, L: SPINITIALIZE
NOCAPS				= EA07, L: SPKEYPRESSED
NOCAPS				= E634, L: SPGETKEY
NODEC1				= E2A6, L: SPMOVESPRABS
NOFIRE				= E9A6, L: SPJOYKEYBOARD
NOINC				= EA36, L: SPTILEENTRY
NOINC				= E371, L: SPTBLLOOKUP
NOINC1				= EA73, L: SPUPDATENOW
NOINC1				= E3EA, L: SPADDCOLSPR
NOINC1				= E23E, L: SPMOVESPRABS
NOINC1				= E08E, L: SPINVALIDATE
NOINC10				= EB2A, L: SPUPDATENOW
NOINC11				= EACD, L: SPUPDATENOW
NOINC2				= E277, L: SPMOVESPRABS
NOINC2				= E0A1, L: SPINVALIDATE
NOINC3				= E298, L: SPMOVESPRABS
NOINC3				= E0B2, L: SPINVALIDATE
NOINC4				= E2B2, L: SPMOVESPRABS
NOINC5				= E318, L: SPMOVESPRABS
NOKEYS				= E642, L: SPGETKEY
NOMORESPRITES			= EC83, L: SPUPDATENOW
NONEXT1				= E252, L: SPMOVESPRABS
NONEXT2				= E2BF, L: SPMOVESPRABS
NOPRESS				= E9B1, L: SPJOYKEYBOARD
NOPRESS				= E5F1, L: SPGETKEY
NOSYM				= EA13, L: SPKEYPRESSED
NOSYM				= E63F, L: SPGETKEY
NOTACROSSBLK1			= EA6B, L: SPUPDATENOW
NOTACROSSBLK2			= EABB, L: SPUPDATENOW
NOTCOMPRESS			= E578, L: SPCREATESPR
NOTDISPLAYED			= E2BF, L: SPMOVESPRABS
NOTDONE				= E226, L: SPMOVESPRABS
NOTE_PTR			= CBE2, L: MK1
NOTINDLIST			= E252, L: SPMOVESPRABS
NOTLOAD				= EB1F, L: SPUPDATENOW
NOTNEGATIVE			= E307, L: SPMOVESPRABS
NO_PATTERN_LOOP			= C9A1, L: MK1
ORNOROTATE			= EEA7, L: SPUPDATENOW
ORTYPE				= EE21, L: SPUPDATENOW
OTHER				= CA56, L: MK1
OUT_1				= CA9B, L: MK1
OUT_2				= CAA5, L: MK1
PAT0				= CC86, L: MK1
PAT1				= CD35, L: MK1
PATTERNDATA			= CC7E, L: MK1
PATTERN_ADDR			= CBDF, L: MK1
PATTERN_LOOP_BEGIN		= C9A0, L: MK1
PATTERN_LOOP_END		= C99C, L: MK1
PATTERN_PTR			= CBE1, L: MK1
PDLOOP				= E26F, L: SPMOVESPRABS
PLAYBASIC			= A22A, L: MK1
PLAYER				= C975, L: MK1
PLAYER_WAIT_KEY			= CAAD, L: MK1
PLAY_NOTE			= CAA6, L: MK1
PRINT_STR_LOOP			= A5CF, L: MK1
PUTHERE				= E289, L: SPMOVESPRABS
RAND16				= A72C, L: MK1
READDATA			= A24F, L: MK1
READ_LOOP			= C9AD, L: MK1
REENTER				= EA73, L: SPUPDATENOW
RENDER				= CA84, L: MK1
REPITATODO			= A780, L: MK1
ROTLP				= E726, L: SPINITIALIZE
ROTTBLLP			= E71C, L: SPINITIALIZE
SCANLOOP			= E5DD, L: SPGETKEY
SET_NOTE2			= CA1E, L: MK1
SET_STOP			= CA32, L: MK1
SET_STOP2			= CA4B, L: MK1
SFXDATA				= A2FF, L: MK1
SFXRN0				= A2D7, L: MK1
SFXRN1				= A2DB, L: MK1
SFXRN2				= A2EB, L: MK1
SFXROUTINENOISE			= A2D0, L: MK1
SFXROUTINENOISEBORDER		= A2DE, L: MK1
SFXROUTINESAMPLE		= A26F, L: MK1
SFXROUTINESAMPLEBORDER		= A27F, L: MK1
SFXROUTINETONE			= A291, L: MK1
SFXROUTINETONEBORDER		= A2AB, L: MK1
SFXROUTINETONEDUTY		= A2A6, L: MK1
SFXRS0				= A270, L: MK1
SFXRS1				= A274, L: MK1
SFXRS2				= A277, L: MK1
SFXRT0				= A2A0, L: MK1
SFXRT1				= A2A4, L: MK1
SINC1TBL			= E9CB, L: SPJOYSINCLAIR1
SKIP				= E61E, L: SPGETKEY
SKIP1				= E328, L: SPMOVESPRABS
SKIP2				= E338, L: SPMOVESPRABS
SKIPUPDATECOL			= EC8E, L: SPUPDATENOW
SKIP_CH1			= CA76, L: MK1
SKIP_SPRITE_UPDATE		= EC55, L: SPUPDATENOW
SOUNDEFFECT0DATA		= A313, L: MK1
SOUNDEFFECT1DATA		= A322, L: MK1
SOUNDEFFECT2DATA		= A331, L: MK1
SOUNDEFFECT3DATA		= A33D, L: MK1
SOUNDEFFECT4DATA		= A349, L: MK1
SOUNDEFFECT5DATA		= A363, L: MK1
SOUNDEFFECT6DATA		= A36F, L: MK1
SOUNDEFFECT7DATA		= A377, L: MK1
SOUNDEFFECT8DATA		= A399, L: MK1
SOUNDEFFECT9DATA		= A3A1, L: MK1
SOUNDEFFECTSDATA		= A2FF, L: MK1
SOUND_PLAY			= A22C, L: MK1
SPADDCOLSPR			= E392, G: SPADDCOLSPR
SPADDMEMORY			= E470, G: SPADDMEMORY
SPALLOC				= E4C1, G: SPBLOCKALLOC
SPBIT2MASK			= E363, G: SPBIT2MASK
SPBITLEFT2MASK			= E0C0, G: SPBITLEFT2MASK
SPBITRIGHT2MASK			= E0C8, G: SPBITRIGHT2MASK
SPBLOCKALLOC			= E4B7, G: SPBLOCKALLOC
SPBORDER			= E4DC, G: SPBORDER
SPBORDERCLR			= E4DB, G: SPBORDER
SPCOMPDIRTYADDR			= E0D0, G: SPCOMPDIRTYADDR
SPCOMPDLISTADDR			= D45C, G: SPCOMPDLISTADDR
SPCREATESPR			= E501, G: SPCREATESPR
SPDELETESPR			= E43D, G: SPDELETESPR
SPDIRTYCHARS			= E0E5, G: SPDIRTYCHARS
SPDISPLAYLIST			= D46D, G: SPDISPLAYLIST
SPDSLOOP			= E44E, G: SPDELETESPR
SPFB1				= E491, G: SPFREEBLOCK
SPFB2				= E49C, G: SPFREEBLOCK
SPFREEBLOCK			= E48C, G: SPFREEBLOCK
SPGETKEY			= E5D6, G: SPGETKEY
SPINITIALIZE			= E6F6, G: SPINITIALIZE
SPINKEY				= E5C5, G: SPGETKEY
SPINTRECT			= E145, G: SPINTRECT
SPINTSMALLIVAL			= E176, G: SPINTRECT
SPINVALIDATE			= E06D, G: SPINVALIDATE
SPINVALIDATEP			= E075, G: SPINVALIDATE
SPJOYKEMPSTON			= E960, G: SPJOYKEMPSTON
SPJOYKEYBOARD			= E999, G: SPJOYKEYBOARD
SPJOYSINCLAIR1			= E9BF, G: SPJOYSINCLAIR1
SPKEYDEBOUNCE			= E5C2, G: SPGETKEY
SPKEYPRESSED			= E9FB, G: SPKEYPRESSED
SPKEYREPEATPERIOD		= E5C4, G: SPGETKEY
SPKEYSTARTREPEAT		= E5C3, G: SPGETKEY
SPKEYTRANSTBL			= E64A, G: SPKEYTRANSTBL
SPMOVESPRABS			= E1B0, G: SPMOVESPRABS
SPMOVESPRABSC			= E1D7, G: SPMOVESPRABS
SPMOVESPRABSNC			= E1BE, G: SPMOVESPRABS
SPNULLSPRPTR			= E33B, G: SPNULLSPRPTR
SPPRINTATINV			= E34B, G: SPPRINTATINV
SPPTINSMALLIVAL			= E19B, G: SPINTRECT
SPQUEUETABLE			= E4A7, G: SPQUEUETABLE
SPRITELOOP			= EB3F, L: SPUPDATENOW
SPTBLLOOKUP			= E36B, G: SPTBLLOOKUP
SPTILEARRAY			= E759, G: SPTILEARRAY
SPTILEENTRY			= EA2D, G: SPTILEENTRY
SPUPDATENOW			= EA4F, G: SPUPDATENOW
SPWAITFORNOKEY			= EEE6, G: SPWAITFORNOKEY
SP_ADDCOLSPR			= E373, G: SP_ADDCOLSPR
SP_ADDMEMORY			= E457, G: SP_ADDMEMORY
SP_BLOCKALLOC			= E4A9, G: SP_BLOCKALLOC
SP_BORDER			= E4D2, G: SP_BORDER
SP_CREATESPR			= E4E4, G: SP_CREATESPR
SP_FREEBLOCK			= E5AA, G: SP_FREEBLOCK
SP_GETKEY			= E5B5, G: SP_GETKEY
SP_INITIALIZE			= E6EA, G: SP_INITIALIZE
SP_JOYKEMPSTON			= E959, G: SP_JOYKEMPSTON
SP_JOYKEYBOARD			= E98B, G: SP_JOYKEYBOARD
SP_JOYSINCLAIR1			= E9B8, G: SP_JOYSINCLAIR1
SP_KEYPRESSED			= E9EB, G: SP_KEYPRESSED
SP_TILEARRAY			= EA1F, G: SP_TILEARRAY
SP_UPDATENOW			= EA3E, G: SP_UPDATENOW
SP_UPDATENOWEX			= EED9, G: SP_UPDATENOWEX
SP_WAITFORNOKEY			= EEE2, G: SP_WAITFORNOKEY
START				= 5DC0, L: ZX82_CRT0
STATE				= E5C0, L: SPGETKEY
TEMPCOLOUR			= EA4C, L: SPUPDATENOW
TEMPGRAPHIC			= EA44, L: SPUPDATENOW
TILEONLY			= EAC2, L: SPUPDATENOW
TOOMANYKEYS			= E642, L: SPGETKEY
TRYOTHERWAY			= E18A, L: SPINTRECT
UPDATE_ATTRS			= EA4D, G: SPUPDATENOW
USERTILE			= E754, L: SPINITIALIZE
VPCLIPSTRUCT			= 5DD0, L: MK1
XINSCREEN			= E1FF, L: SPMOVESPRABS
XORNOROTATE			= EDEF, L: SPUPDATENOW
XORTYPE				= ED69, L: SPUPDATENOW
YINSCREEN			= E1EF, L: SPMOVESPRABS
_ABS				= A755, G: MK1
_ACTIVE				= CF7E, G: MK1
_ADDSIGN			= ACEA, G: MK1
_AD_FREE			= CFFB, G: MK1
_AMMO_OLD			= CFC7, G: MK1
_ASM_INT			= D347, G: MK1
_ASM_INT_2			= CFCE, G: MK1
_ASM_NUMBER			= CFDC, G: MK1
_AT1				= CFE5, G: MK1
_AT2				= CFE6, G: MK1
_ATTR				= A3C6, G: MK1
_BEEP_FX			= A3AD, G: MK1
_BEHS				= 7D85, G: MK1
_BEHS_0_1			= A1D9, G: MK1
_BEHS_2				= A1EB, G: MK1
_BLACKOUT			= 69C7, G: MK1
_BLACKOUT_AREA			= A5ED, G: MK1
_BLX				= CFF0, G: MK1
_BLY				= CFF1, G: MK1
_BREAK_WALL			= A7A0, G: MK1
_BULLETS_ESTADO			= CF8A, G: MK1
_BULLETS_FIRE			= A864, G: MK1
_BULLETS_INIT			= A80A, G: MK1
_BULLETS_MOVE			= A996, G: MK1
_BULLETS_MX			= CECA, G: MK1
_BULLETS_MY			= CECD, G: MK1
_BULLETS_UPDATE			= A835, G: MK1
_BULLETS_X			= CFAF, G: MK1
_BULLETS_Y			= CFB2, G: MK1
_B_IT				= CFA8, G: MK1
_CERROJOS			= 70ED, G: MK1
_CLEAR_SPRITES			= A603, G: MK1
_CM_TWO_POINTS			= A6CF, G: MK1
_CM_TWO_POINTS_AT1_DO		= A6E0, L: MK1
_CM_TWO_POINTS_AT1_DONE		= A6FA, L: MK1
_CM_TWO_POINTS_AT1_RESET	= A6DD, L: MK1
_CM_TWO_POINTS_AT2_DO		= A70E, L: MK1
_CM_TWO_POINTS_AT2_DONE		= A728, L: MK1
_CM_TWO_POINTS_AT2_RESET	= A70B, L: MK1
_COLLIDE			= A66E, G: MK1
_CORTINA			= A76C, G: MK1
_CX1				= CFE8, G: MK1
_CX2				= CFE9, G: MK1
_CY1				= CFEA, G: MK1
_CY2				= CFEB, G: MK1
_DECOS_BOMBS			= 5DFF, G: MK1
_DECOS_COMPUTER			= 5DF2, G: MK1
_DECOS_MOTO			= 5E0A, G: MK1
_DRAW_COLOURED_TILE		= A462, G: MK1
_DRAW_COLOURED_TILE_GAMEAREA	= A4D3, G: MK1
_DRAW_DECORATIONS		= A501, G: MK1
_DRAW_DECORATIONS_LOOP		= A504, L: MK1
_DRAW_INVALIDATE_COLOURED_TILE_G= A4CC, G: MK1
_DRAW_OBJS			= A5B5, G: MK1
_DRAW_SCR			= AFF9, G: MK1
_DRAW_SCR_BACKGROUND		= AEE0, G: MK1
_EIJ_RAWV_SET			= BDC9, L: MK1
_EIJ_STATE_APPEARING		= BDE8, L: MK1
_EIJ_STATE_DONE			= BE8A, L: MK1
_EIJ_STATE_IDLE			= BD94, L: MK1
_EIJ_STATE_MOVING		= BE0D, L: MK1
_EIJ_STATE_MOVING_X		= BE20, L: MK1
_EIJ_STATE_MOVING_X_LEFT	= BE3C, L: MK1
_EIJ_STATE_MOVING_X_RIGHT	= BE34, L: MK1
_EIJ_STATE_MOVING_X_SET		= BE44, L: MK1
_EIJ_STATE_MOVING_Y		= BE55, L: MK1
_EIJ_STATE_MOVING_Y_DOWN	= BE69, L: MK1
_EIJ_STATE_MOVING_Y_SET		= BE79, L: MK1
_EIJ_STATE_MOVING_Y_UP		= BE71, L: MK1
_EIJ_STATE_STILL_APPEARING	= BE01, L: MK1
_EIJ_STATE_STILL_IDLE		= BDE3, L: MK1
_ENEMS_DRAW_CURRENT		= BA83, G: MK1
_ENEMS_HOTSPOTS_0		= 9D15, G: MK1
_ENEMS_HOTSPOTS_1		= 9ED0, G: MK1
_ENEMS_HOTSPOTS_2		= A060, G: MK1
_ENEMS_KILL			= BC3B, G: MK1
_ENEMS_LM_CHANGE_AXIS_X		= BD4D, L: MK1
_ENEMS_LM_CHANGE_AXIS_X_DONE	= BD55, L: MK1
_ENEMS_LM_CHANGE_AXIS_Y		= BD74, L: MK1
_ENEMS_LM_CHANGE_AXIS_Y_DONE	= BD7C, L: MK1
_ENEMS_LOAD			= BB15, G: MK1
_ENEMS_MOVE			= BC6B, G: MK1
_ENEMS_MOVE_UPDATE_FRAME_DONE	= BEDB, L: MK1
_ENEM_FRAMES			= ABC4, G: MK1
_ENIT				= CFBE, G: MK1
_ENOFFS				= CFA7, G: MK1
_ENOFFSMASI			= D340, G: MK1
_EN_AN_ALIVE			= D343, G: MK1
_EN_AN_BASE_FRAME		= CED0, G: MK1
_EN_AN_COUNT			= D356, G: MK1
_EN_AN_CURRENT_FRAME		= CF97, G: MK1
_EN_AN_DEAD_ROW			= CFED, G: MK1
_EN_AN_FRAME			= D350, G: MK1
_EN_AN_NEXT_FRAME		= CFDF, G: MK1
_EN_AN_RAWV			= CFA9, G: MK1
_EN_AN_STATE			= CEDC, G: MK1
_ESPERA_ACTIVA			= AD04, G: MK1
_FLAGS				= CEDF, G: MK1
_GAME_ENDING			= AC07, G: MK1
_GAME_OVER			= AC2E, G: MK1
_GEN_PT				= CF8F, G: MK1
_GPAUX				= CEE7, G: MK1
_GPC				= CFF2, G: MK1
_GPCX				= CFC2, G: MK1
_GPCY				= CFC3, G: MK1
_GPD				= CFF3, G: MK1
_GPEN_CX			= CEC4, G: MK1
_GPEN_CY			= CEC5, G: MK1
_GPEN_X				= CFB6, G: MK1
_GPEN_Y				= CFB7, G: MK1
_GPIT				= CFC4, G: MK1
_GPJT				= CFC5, G: MK1
_GPOX				= CFC9, G: MK1
_GPT				= CFF5, G: MK1
_GPX				= D336, G: MK1
_GPXX				= CFD4, G: MK1
_GPY				= D337, G: MK1
_GPYY				= CFD5, G: MK1
_HALF_LIFE			= CED7, G: MK1
_HIT				= CFF4, G: MK1
_HIT_H				= CEE4, G: MK1
_HIT_V				= CEE5, G: MK1
_HOTSPOTS			= 7D3D, G: MK1
_HOTSPOTS_DO			= C0A9, G: MK1
_HOTSPOTS_SETUP_DO		= B035, L: MK1
_HOTSPOTS_SETUP_DONE		= B06F, L: MK1
_HOTSPOTS_SETUP_SET		= B067, L: MK1
_HOTSPOTS_SETUP_SET_REFILL	= B066, L: MK1
_HOTSPOT_X			= CED5, G: MK1
_HOTSPOT_Y			= CED6, G: MK1
_INVALIDATE_TILE		= A4A8, G: MK1
_INVALIDATE_VIEWPORT		= A4BC, G: MK1
_IS_RENDERING			= D346, G: MK1
_ITJ				= D33A, G: MK1
_JOYFUNC			= 5DD8, G: MK1
_JOYFUNCS			= 5DDA, G: MK1
_KEYS				= 5DC6, G: MK1
_KEYS_OLD			= D33C, G: MK1
_KILLED_OLD			= CEE6, G: MK1
_LAME_SOUND			= ABD4, G: MK1
_LEVEL				= 5DEF, G: MK1
_LEVELS				= A200, G: MK1
_LEVEL_DATA			= 69D5, G: MK1
_LEVEL_STR			= 5DF0, G: MK1
_LIFE_OLD			= CF89, G: MK1
_MAIN				= C1DD, G: MK1
_MAINCOUNTER			= CFD7, G: MK1
_MALOTES			= 7A6D, G: MK1
_MAPA				= 69E5, G: MK1
_MAP_ATTR			= CEE8, G: MK1
_MAP_BOLTS_0			= 8825, G: MK1
_MAP_BOLTS_1			= 8C8D, G: MK1
_MAP_BOLTS_2			= 9078, G: MK1
_MAP_POINTER			= CEDA, G: MK1
_MONS_COL_SC_X			= B1AF, G: MK1
_MONS_COL_SC_Y			= B224, G: MK1
_MY_MALLOC			= 5DE0, G: MK1
_N_PANT				= CFBA, G: MK1
_OBJS_OLD			= CFD6, G: MK1
_OPEN_LOCKS_DO			= B089, L: MK1
_OPEN_LOCKS_DONE		= B0B1, L: MK1
_OPEN_LOCKS_LOOP		= B074, L: MK1
_ORIG_TILE			= D34F, G: MK1
_O_PANT				= CFBC, G: MK1
_PAD0				= CFB8, G: MK1
_PLAYER_CALC_BOUNDING_BOX	= B2EE, G: MK1
_PLAYER_FRAMES			= ABB4, G: MK1
_PLAYER_INIT			= B299, G: MK1
_PLAYER_KILL			= BA5C, G: MK1
_PLAYER_MOVE			= B32F, G: MK1
_PLAYING			= CFC8, G: MK1
_POSSEE				= D34E, G: MK1
_PREGOTTEN			= CEE3, G: MK1
_PREPARE_LEVEL			= AAAF, G: MK1
_PRINT_NUMBER2			= A566, G: MK1
_PRINT_STR			= A5CC, G: MK1
_PROCESS_TILE			= AD3C, G: MK1
_PTGMX				= CF93, G: MK1
_PTGMY				= CF95, G: MK1
_PTX1				= CFD8, G: MK1
_PTX2				= CFD9, G: MK1
_PTY1				= CFDA, G: MK1
_PTY2				= CFDB, G: MK1
_PUSHED_ANY			= CF85, G: MK1
_P_AMMO				= CFB5, G: MK1
_P_CONT_SALTO			= CFBB, G: MK1
_P_CT_ESTADO			= CF7F, G: MK1
_P_CURRENT_FRAME		= CF91, G: MK1
_P_DISPARANDO			= D359, G: MK1
_P_ESTADO			= CFAC, G: MK1
_P_FACING			= CEE1, G: MK1
_P_FACING_H			= D349, G: MK1
_P_FACING_V			= D34C, G: MK1
_P_FRAME			= CEE2, G: MK1
_P_FUEL				= CFBF, G: MK1
_P_GOTTEN			= CFC1, G: MK1
_P_KEYS				= CFC6, G: MK1
_P_KILLED			= CFAE, G: MK1
_P_KILLME			= CFB9, G: MK1
_P_LIFE				= CFBD, G: MK1
_P_NEXT_FRAME			= CFDD, G: MK1
_P_OBJS				= CFC0, G: MK1
_P_SALTANDO			= D34D, G: MK1
_P_SUBFRAME			= CFEC, G: MK1
_P_TX				= CFCC, G: MK1
_P_TY				= CFCD, G: MK1
_P_VX				= CFD0, G: MK1
_P_VY				= CFD2, G: MK1
_P_X				= CFF9, G: MK1
_P_Y				= D334, G: MK1
_QTILE				= A436, G: MK1
_RAM_ADDRESS			= D35C, G: MK1
_RAM_DESTINATION		= D354, G: MK1
_RAND				= A72C, G: MK1
_RDA				= CFF6, G: MK1
_RDB				= CFF7, G: MK1
_RDC				= CFF8, G: MK1
_RDD				= D338, G: MK1
_RDN				= D339, G: MK1
_RDX				= D33D, G: MK1
_RDY				= D33E, G: MK1
_SEED				= CFCA, G: MK1
_SELECT_JOYFUNC			= B172, G: MK1
_SPACER				= 5DED, G: MK1
_SPRITES			= 7DB5, G: MK1
_SPRITE_10_A			= 82D5, G: MK1
_SPRITE_10_B			= 8305, G: MK1
_SPRITE_10_C			= 8335, G: MK1
_SPRITE_11_A			= 8365, G: MK1
_SPRITE_11_B			= 8395, G: MK1
_SPRITE_11_C			= 83C5, G: MK1
_SPRITE_12_A			= 83F5, G: MK1
_SPRITE_12_B			= 8425, G: MK1
_SPRITE_12_C			= 8455, G: MK1
_SPRITE_13_A			= 8485, G: MK1
_SPRITE_13_B			= 84B5, G: MK1
_SPRITE_13_C			= 84E5, G: MK1
_SPRITE_14_A			= 8515, G: MK1
_SPRITE_14_B			= 8545, G: MK1
_SPRITE_14_C			= 8575, G: MK1
_SPRITE_15_A			= 85A5, G: MK1
_SPRITE_15_B			= 85D5, G: MK1
_SPRITE_15_C			= 8605, G: MK1
_SPRITE_16_A			= 8635, G: MK1
_SPRITE_16_B			= 8665, G: MK1
_SPRITE_16_C			= 8695, G: MK1
_SPRITE_17_A			= 86C5, G: MK1
_SPRITE_18_A			= 8755, G: MK1
_SPRITE_18_B			= 8785, L: MK1
_SPRITE_18_C			= 87B5, L: MK1
_SPRITE_19_A			= 87E5, G: MK1
_SPRITE_1_A			= 7DC5, G: MK1
_SPRITE_1_B			= 7DF5, G: MK1
_SPRITE_1_C			= 7E25, G: MK1
_SPRITE_2_A			= 7E55, G: MK1
_SPRITE_2_B			= 7E85, G: MK1
_SPRITE_2_C			= 7EB5, G: MK1
_SPRITE_3_A			= 7EE5, G: MK1
_SPRITE_3_B			= 7F15, G: MK1
_SPRITE_3_C			= 7F45, G: MK1
_SPRITE_4_A			= 7F75, G: MK1
_SPRITE_4_B			= 7FA5, G: MK1
_SPRITE_4_C			= 7FD5, G: MK1
_SPRITE_5_A			= 8005, G: MK1
_SPRITE_5_B			= 8035, G: MK1
_SPRITE_5_C			= 8065, G: MK1
_SPRITE_6_A			= 8095, G: MK1
_SPRITE_6_B			= 80C5, G: MK1
_SPRITE_6_C			= 80F5, G: MK1
_SPRITE_7_A			= 8125, G: MK1
_SPRITE_7_B			= 8155, G: MK1
_SPRITE_7_C			= 8185, G: MK1
_SPRITE_8_A			= 81B5, G: MK1
_SPRITE_8_B			= 81E5, G: MK1
_SPRITE_8_C			= 8215, G: MK1
_SPRITE_9_A			= 8245, G: MK1
_SPRITE_9_B			= 8275, G: MK1
_SPRITE_9_C			= 82A5, G: MK1
_SP_BULLETS			= CF9F, G: MK1
_SP_MOVILES			= CEBE, G: MK1
_SP_PLAYER			= CF9D, G: MK1
_SUCCESS			= D353, G: MK1
_S_ENDING			= 63AA, G: MK1
_S_MARCO			= 63AA, G: MK1
_S_TITLE			= 5ECE, G: MK1
_TILESET			= 716D, G: MK1
_TILESET_0			= 93B8, G: MK1
_TILESET_1			= 96F3, G: MK1
_TILESET_2			= 9A18, G: MK1
_TOCADO				= D342, G: MK1
_UNPACK				= 5EB2, G: MK1
_UPDATE_TILE			= A535, G: MK1
_UTAUX				= A534, G: MK1
_U_FREE				= 5DEB, G: MK1
_U_MALLOC			= 5DE9, G: MK1
_WALL_H				= D33F, G: MK1
_WALL_V				= D341, G: MK1
_X0				= CF80, G: MK1
_X1				= CF82, G: MK1
_Y0				= CF81, G: MK1
_Y1				= CF83, G: MK1
_ZONE_CLEAR			= AC91, G: MK1
__BADDIES_POINTER		= D34A, G: MK1
__B_ESTADO			= CFAD, G: MK1
__B_MX				= D35A, G: MK1
__B_MY				= D35B, G: MK1
__B_X				= CFA5, G: MK1
__B_Y				= CFA6, G: MK1
__EN_CX				= CED3, G: MK1
__EN_CY				= CED4, G: MK1
__EN_LIFE			= CFE7, G: MK1
__EN_MX				= CED8, G: MK1
__EN_MY				= CED9, G: MK1
__EN_T				= CEBB, G: MK1
__EN_X				= CEBC, G: MK1
__EN_X1				= CEC6, G: MK1
__EN_X2				= CEC8, G: MK1
__EN_Y				= CEBD, G: MK1
__EN_Y1				= CEC7, G: MK1
__EN_Y2				= CEC9, G: MK1
__GP_GEN			= CF8D, G: MK1
__N				= CF84, G: MK1
__T				= CF86, G: MK1
__X				= CF87, G: MK1
__Y				= CF88, G: MK1


START				= 5DC0, L: ZX82_CRT0
_KEYS				= 5DC6, G: MK1
VPCLIPSTRUCT			= 5DD0, L: MK1
FSCLIPSTRUCT			= 5DD4, L: MK1
_JOYFUNC			= 5DD8, G: MK1
_JOYFUNCS			= 5DDA, G: MK1
_MY_MALLOC			= 5DE0, G: MK1
_U_MALLOC			= 5DE9, G: MK1
_U_FREE				= 5DEB, G: MK1
_SPACER				= 5DED, G: MK1
_LEVEL				= 5DEF, G: MK1
_LEVEL_STR			= 5DF0, G: MK1
_DECOS_COMPUTER			= 5DF2, G: MK1
_DECOS_BOMBS			= 5DFF, G: MK1
_DECOS_MOTO			= 5E0A, G: MK1
DEPACK				= 5E0F, L: MK1
APBRANCH1			= 5E12, L: MK1
APLOOP0				= 5E14, L: MK1
APLOOP				= 5E17, L: MK1
APGET4BITS			= 5E2A, L: MK1
APWRITEBYTE			= 5E34, L: MK1
APBRANCH4			= 5E38, L: MK1
APBRANCH3			= 5E41, L: MK1
APBRANCH2			= 5E55, L: MK1
APSKIP2				= 5E74, L: MK1
APSKIP3				= 5E7D, L: MK1
AP_FINISHUP			= 5E80, L: MK1
AP_FINISHUP2			= 5E83, L: MK1
AP_R0_GAMMA			= 5E8A, L: MK1
AP_GETBIT			= 5E96, L: MK1
AP_GETGAMMA			= 5EA2, L: MK1
AP_GETGAMMALOOP			= 5EA5, L: MK1
_UNPACK				= 5EB2, G: MK1
_S_TITLE			= 5ECE, G: MK1
_S_ENDING			= 63AA, G: MK1
_S_MARCO			= 63AA, G: MK1
_BLACKOUT			= 69C7, G: MK1
_LEVEL_DATA			= 69D5, G: MK1
_MAPA				= 69E5, G: MK1
_CERROJOS			= 70ED, G: MK1
_TILESET			= 716D, G: MK1
_MALOTES			= 7A6D, G: MK1
_HOTSPOTS			= 7D3D, G: MK1
_BEHS				= 7D85, G: MK1
_SPRITES			= 7DB5, G: MK1
_SPRITE_1_A			= 7DC5, G: MK1
_SPRITE_1_B			= 7DF5, G: MK1
_SPRITE_1_C			= 7E25, G: MK1
_SPRITE_2_A			= 7E55, G: MK1
_SPRITE_2_B			= 7E85, G: MK1
_SPRITE_2_C			= 7EB5, G: MK1
_SPRITE_3_A			= 7EE5, G: MK1
_SPRITE_3_B			= 7F15, G: MK1
_SPRITE_3_C			= 7F45, G: MK1
_SPRITE_4_A			= 7F75, G: MK1
_SPRITE_4_B			= 7FA5, G: MK1
_SPRITE_4_C			= 7FD5, G: MK1
_SPRITE_5_A			= 8005, G: MK1
_SPRITE_5_B			= 8035, G: MK1
_SPRITE_5_C			= 8065, G: MK1
_SPRITE_6_A			= 8095, G: MK1
_SPRITE_6_B			= 80C5, G: MK1
_SPRITE_6_C			= 80F5, G: MK1
_SPRITE_7_A			= 8125, G: MK1
_SPRITE_7_B			= 8155, G: MK1
_SPRITE_7_C			= 8185, G: MK1
_SPRITE_8_A			= 81B5, G: MK1
_SPRITE_8_B			= 81E5, G: MK1
_SPRITE_8_C			= 8215, G: MK1
_SPRITE_9_A			= 8245, G: MK1
_SPRITE_9_B			= 8275, G: MK1
_SPRITE_9_C			= 82A5, G: MK1
_SPRITE_10_A			= 82D5, G: MK1
_SPRITE_10_B			= 8305, G: MK1
_SPRITE_10_C			= 8335, G: MK1
_SPRITE_11_A			= 8365, G: MK1
_SPRITE_11_B			= 8395, G: MK1
_SPRITE_11_C			= 83C5, G: MK1
_SPRITE_12_A			= 83F5, G: MK1
_SPRITE_12_B			= 8425, G: MK1
_SPRITE_12_C			= 8455, G: MK1
_SPRITE_13_A			= 8485, G: MK1
_SPRITE_13_B			= 84B5, G: MK1
_SPRITE_13_C			= 84E5, G: MK1
_SPRITE_14_A			= 8515, G: MK1
_SPRITE_14_B			= 8545, G: MK1
_SPRITE_14_C			= 8575, G: MK1
_SPRITE_15_A			= 85A5, G: MK1
_SPRITE_15_B			= 85D5, G: MK1
_SPRITE_15_C			= 8605, G: MK1
_SPRITE_16_A			= 8635, G: MK1
_SPRITE_16_B			= 8665, G: MK1
_SPRITE_16_C			= 8695, G: MK1
_SPRITE_17_A			= 86C5, G: MK1
_SPRITE_18_A			= 8755, G: MK1
_SPRITE_18_B			= 8785, L: MK1
_SPRITE_18_C			= 87B5, L: MK1
_SPRITE_19_A			= 87E5, G: MK1
_MAP_BOLTS_0			= 8825, G: MK1
_MAP_BOLTS_1			= 8C8D, G: MK1
_MAP_BOLTS_2			= 9078, G: MK1
_TILESET_0			= 93B8, G: MK1
_TILESET_1			= 96F3, G: MK1
_TILESET_2			= 9A18, G: MK1
_ENEMS_HOTSPOTS_0		= 9D15, G: MK1
_ENEMS_HOTSPOTS_1		= 9ED0, G: MK1
_ENEMS_HOTSPOTS_2		= A060, G: MK1
_BEHS_0_1			= A1D9, G: MK1
_BEHS_2				= A1EB, G: MK1
_LEVELS				= A200, G: MK1
PLAYBASIC			= A22A, L: MK1
SOUND_PLAY			= A22C, L: MK1
READDATA			= A24F, L: MK1
SFXROUTINESAMPLE		= A26F, L: MK1
SFXRS0				= A270, L: MK1
SFXRS1				= A274, L: MK1
SFXRS2				= A277, L: MK1
SFXROUTINESAMPLEBORDER		= A27F, L: MK1
NEXTDATA			= A28D, L: MK1
SFXROUTINETONE			= A291, L: MK1
SFXRT0				= A2A0, L: MK1
SFXRT1				= A2A4, L: MK1
SFXROUTINETONEDUTY		= A2A6, L: MK1
SFXROUTINETONEBORDER		= A2AB, L: MK1
SFXROUTINENOISE			= A2D0, L: MK1
SFXRN0				= A2D7, L: MK1
SFXRN1				= A2DB, L: MK1
SFXROUTINENOISEBORDER		= A2DE, L: MK1
SFXRN2				= A2EB, L: MK1
SOUNDEFFECTSDATA		= A2FF, L: MK1
SFXDATA				= A2FF, L: MK1
SOUNDEFFECT0DATA		= A313, L: MK1
SOUNDEFFECT1DATA		= A322, L: MK1
SOUNDEFFECT2DATA		= A331, L: MK1
SOUNDEFFECT3DATA		= A33D, L: MK1
SOUNDEFFECT4DATA		= A349, L: MK1
SOUNDEFFECT5DATA		= A363, L: MK1
SOUNDEFFECT6DATA		= A36F, L: MK1
SOUNDEFFECT7DATA		= A377, L: MK1
SOUNDEFFECT8DATA		= A399, L: MK1
SOUNDEFFECT9DATA		= A3A1, L: MK1
_BEEP_FX			= A3AD, G: MK1
_ATTR				= A3C6, G: MK1
I_16				= A406, L: MK1
I_15				= A40A, L: MK1
_QTILE				= A436, G: MK1
_DRAW_COLOURED_TILE		= A462, G: MK1
_INVALIDATE_TILE		= A4A8, G: MK1
_INVALIDATE_VIEWPORT		= A4BC, G: MK1
_DRAW_INVALIDATE_COLOURED_TILE_G= A4CC, G: MK1
_DRAW_COLOURED_TILE_GAMEAREA	= A4D3, G: MK1
_DRAW_DECORATIONS		= A501, G: MK1
_DRAW_DECORATIONS_LOOP		= A504, L: MK1
_UTAUX				= A534, G: MK1
_UPDATE_TILE			= A535, G: MK1
_PRINT_NUMBER2			= A566, G: MK1
_DRAW_OBJS			= A5B5, G: MK1
_PRINT_STR			= A5CC, G: MK1
PRINT_STR_LOOP			= A5CF, L: MK1
_BLACKOUT_AREA			= A5ED, G: MK1
BAL1				= A5F2, L: MK1
_CLEAR_SPRITES			= A603, G: MK1
HIDE_SPRITES_ENEMS_LOOP		= A618, L: MK1
HIDE_SPRITES_BULLETS_LOOP	= A643, L: MK1
_COLLIDE			= A66E, G: MK1
I_19				= A6C9, L: MK1
I_20				= A6CC, L: MK1
_CM_TWO_POINTS			= A6CF, G: MK1
_CM_TWO_POINTS_AT1_RESET	= A6DD, L: MK1
_CM_TWO_POINTS_AT1_DO		= A6E0, L: MK1
_CM_TWO_POINTS_AT1_DONE		= A6FA, L: MK1
_CM_TWO_POINTS_AT2_RESET	= A70B, L: MK1
_CM_TWO_POINTS_AT2_DO		= A70E, L: MK1
_CM_TWO_POINTS_AT2_DONE		= A728, L: MK1
_RAND				= A72C, G: MK1
RAND16				= A72C, L: MK1
NEXTRAND			= A748, L: MK1
_ABS				= A755, G: MK1
I_21				= A766, L: MK1
I_22				= A76B, L: MK1
_CORTINA			= A76C, G: MK1
CLEARB1				= A771, L: MK1
CLEARB2				= A774, L: MK1
REPITATODO			= A780, L: MK1
BUCLE				= A786, L: MK1
BUCLE1				= A789, L: MK1
BUCLE2				= A791, L: MK1
_BREAK_WALL			= A7A0, G: MK1
I_23				= A7E9, L: MK1
I_24				= A7FF, L: MK1
_BULLETS_INIT			= A80A, G: MK1
I_25				= A811, L: MK1
I_26				= A834, L: MK1
_BULLETS_UPDATE			= A835, G: MK1
_BULLETS_FIRE			= A864, G: MK1
I_27				= A870, L: MK1
I_28				= A884, L: MK1
I_30				= A88E, L: MK1
I_34				= A8B1, L: MK1
I_35				= A8C9, L: MK1
I_36				= A8FA, L: MK1
I_37				= A92B, L: MK1
I_38				= A956, L: MK1
I_33				= A984, L: MK1
I_31				= A992, L: MK1
I_29				= A995, L: MK1
_BULLETS_MOVE			= A996, G: MK1
I_39				= A9A0, L: MK1
I_41				= A9A5, L: MK1
I_44				= AA1A, L: MK1
I_43				= AA1A, L: MK1
I_46				= AA48, L: MK1
I_45				= AA48, L: MK1
I_47				= AA96, L: MK1
I_48				= AAA8, L: MK1
I_42				= AAAB, L: MK1
I_40				= AAAE, L: MK1
_PREPARE_LEVEL			= AAAF, G: MK1
_PLAYER_FRAMES			= ABB4, G: MK1
_ENEM_FRAMES			= ABC4, G: MK1
_LAME_SOUND			= ABD4, G: MK1
I_53				= ABDB, L: MK1
I_51				= ABEF, L: MK1
I_52				= ABFE, L: MK1
_GAME_ENDING			= AC07, G: MK1
_GAME_OVER			= AC2E, G: MK1
_ZONE_CLEAR			= AC91, G: MK1
_ADDSIGN			= ACEA, G: MK1
I_54				= ACFB, L: MK1
I_55				= AD03, L: MK1
_ESPERA_ACTIVA			= AD04, G: MK1
I_56				= AD04, L: MK1
I_60				= AD0C, L: MK1
I_57				= AD0C, L: MK1
I_63				= AD13, L: MK1
I_61				= AD1A, L: MK1
I_62				= AD29, L: MK1
I_58				= AD31, L: MK1
I_64				= AD31, L: MK1
I_59				= AD3B, L: MK1
_PROCESS_TILE			= AD3C, G: MK1
I_67				= AD8F, L: MK1
I_68_I_67			= AD92, L: MK1
I_66				= AE0D, L: MK1
I_65				= AE0D, L: MK1
I_70				= AE2E, L: MK1
I_71_I_70			= AE31, L: MK1
I_72				= AE3B, L: MK1
I_74				= AE45, L: MK1
I_76				= AE8E, L: MK1
I_77_I_76			= AE91, L: MK1
I_75				= AEA9, L: MK1
I_73				= AEAC, L: MK1
I_69				= AEDF, L: MK1
_DRAW_SCR_BACKGROUND		= AEE0, G: MK1
I_78				= AF10, L: MK1
I_80				= AF1A, L: MK1
I_81				= AF57, L: MK1
I_82				= AF69, L: MK1
I_84				= AFA1, L: MK1
I_85				= AFA4, L: MK1
I_83				= AFB0, L: MK1
I_86				= AFF5, L: MK1
I_79				= AFF8, L: MK1
_DRAW_SCR			= AFF9, G: MK1
_HOTSPOTS_SETUP_DO		= B035, L: MK1
_HOTSPOTS_SETUP_SET_REFILL	= B066, L: MK1
_HOTSPOTS_SETUP_SET		= B067, L: MK1
_HOTSPOTS_SETUP_DONE		= B06F, L: MK1
_OPEN_LOCKS_LOOP		= B074, L: MK1
_OPEN_LOCKS_DO			= B089, L: MK1
_OPEN_LOCKS_DONE		= B0B1, L: MK1
I_87				= B0C8, L: MK1
I_88				= B0CE, L: MK1
I_90				= B105, L: MK1
I_91				= B11F, L: MK1
I_89				= B11F, L: MK1
I_93				= B12E, L: MK1
I_94_I_93			= B131, L: MK1
I_92				= B13F, L: MK1
I_96				= B14D, L: MK1
I_97_I_96			= B150, L: MK1
I_95				= B164, L: MK1
_SELECT_JOYFUNC			= B172, G: MK1
I_98				= B175, L: MK1
I_101_UGE			= B185, L: MK1
I_101				= B18E, L: MK1
I_102_I_101			= B191, L: MK1
I_100				= B1AA, L: MK1
I_99				= B1AD, L: MK1
_MONS_COL_SC_X			= B1AF, G: MK1
I_103				= B1CB, L: MK1
I_104				= B1D0, L: MK1
I_105				= B21E, L: MK1
I_106				= B221, L: MK1
_MONS_COL_SC_Y			= B224, G: MK1
I_107				= B240, L: MK1
I_108				= B245, L: MK1
I_109				= B293, L: MK1
I_110				= B296, L: MK1
_PLAYER_INIT			= B299, G: MK1
_PLAYER_CALC_BOUNDING_BOX	= B2EE, G: MK1
_PLAYER_MOVE			= B32F, G: MK1
I_112				= B36D, L: MK1
I_113				= B370, L: MK1
I_115				= B39C, L: MK1
I_114				= B39F, L: MK1
I_117				= B3C0, L: MK1
I_118				= B3C0, L: MK1
I_116				= B3C0, L: MK1
I_111				= B3C0, L: MK1
I_119				= B3E4, L: MK1
I_120				= B3E4, L: MK1
I_121				= B409, L: MK1
I_122				= B409, L: MK1
I_123				= B41F, L: MK1
I_124				= B432, L: MK1
I_127				= B487, L: MK1
I_125				= B4B5, L: MK1
I_126				= B4B5, L: MK1
I_131				= B4E5, L: MK1
I_130				= B50F, L: MK1
I_129				= B50F, L: MK1
I_134				= B52C, L: MK1
I_135				= B52F, L: MK1
I_133				= B535, L: MK1
I_137				= B588, L: MK1
I_138				= B58B, L: MK1
I_140				= B5B7, L: MK1
I_139				= B5BA, L: MK1
I_141				= B5DB, L: MK1
I_143				= B5DB, L: MK1
I_142				= B5DB, L: MK1
I_136				= B5DB, L: MK1
I_145				= B600, L: MK1
I_144				= B600, L: MK1
I_147				= B625, L: MK1
I_146				= B625, L: MK1
I_148				= B63B, L: MK1
I_149				= B64E, L: MK1
I_152				= B6AC, L: MK1
I_151				= B6DD, L: MK1
I_155				= B6F2, L: MK1
I_156				= B6F5, L: MK1
I_154				= B6FB, L: MK1
I_150				= B6FB, L: MK1
I_159				= B72B, L: MK1
I_158				= B75B, L: MK1
I_162				= B770, L: MK1
I_163				= B773, L: MK1
I_157				= B779, L: MK1
I_161				= B779, L: MK1
I_164				= B78D, L: MK1
I_165				= B79E, L: MK1
I_166				= B79E, L: MK1
I_168				= B833, L: MK1
I_167				= B836, L: MK1
I_171				= B895, L: MK1
I_170				= B898, L: MK1
I_174				= B8F6, L: MK1
I_173				= B8F9, L: MK1
I_177				= B958, L: MK1
I_175				= B958, L: MK1
I_176				= B958, L: MK1
I_169				= B958, L: MK1
I_172				= B958, L: MK1
I_179				= B96E, L: MK1
I_180_I_179			= B971, L: MK1
I_181				= B986, L: MK1
I_182				= B98D, L: MK1
I_178				= B98D, L: MK1
I_183				= B99C, L: MK1
I_184				= B9C3, L: MK1
I_185				= B9E2, L: MK1
I_186				= B9E2, L: MK1
I_187				= BA01, L: MK1
I_188				= BA01, L: MK1
I_190				= BA13, L: MK1
I_191				= BA16, L: MK1
I_189				= BA42, L: MK1
I_192				= BA42, L: MK1
_PLAYER_KILL			= BA5C, G: MK1
I_193				= BA6C, L: MK1
_ENEMS_DRAW_CURRENT		= BA83, G: MK1
_ENEMS_LOAD			= BB15, G: MK1
I_194				= BB2E, L: MK1
I_196				= BB38, L: MK1
I_199				= BBC0, L: MK1
I_200				= BBDD, L: MK1
I_202				= BBDD, L: MK1
I_203				= BBDD, L: MK1
I_201				= BBDD, L: MK1
I_204				= BC07, L: MK1
I_205				= BC23, L: MK1
I_198				= BC37, L: MK1
I_195				= BC3A, L: MK1
_ENEMS_KILL			= BC3B, G: MK1
I_206				= BC60, L: MK1
_ENEMS_MOVE			= BC6B, G: MK1
I_207				= BC8A, L: MK1
I_209				= BC8F, L: MK1
I_212				= BD0C, L: MK1
I_216				= BD29, L: MK1
I_214				= BD29, L: MK1
I_215				= BD29, L: MK1
I_213				= BD29, L: MK1
_ENEMS_LM_CHANGE_AXIS_X		= BD4D, L: MK1
_ENEMS_LM_CHANGE_AXIS_X_DONE	= BD55, L: MK1
_ENEMS_LM_CHANGE_AXIS_Y		= BD74, L: MK1
_ENEMS_LM_CHANGE_AXIS_Y_DONE	= BD7C, L: MK1
I_217				= BD7F, L: MK1
_EIJ_STATE_IDLE			= BD94, L: MK1
_EIJ_RAWV_SET			= BDC9, L: MK1
_EIJ_STATE_STILL_IDLE		= BDE3, L: MK1
_EIJ_STATE_APPEARING		= BDE8, L: MK1
_EIJ_STATE_STILL_APPEARING	= BE01, L: MK1
_EIJ_STATE_MOVING		= BE0D, L: MK1
_EIJ_STATE_MOVING_X		= BE20, L: MK1
_EIJ_STATE_MOVING_X_RIGHT	= BE34, L: MK1
_EIJ_STATE_MOVING_X_LEFT	= BE3C, L: MK1
_EIJ_STATE_MOVING_X_SET		= BE44, L: MK1
_EIJ_STATE_MOVING_Y		= BE55, L: MK1
_EIJ_STATE_MOVING_Y_DOWN	= BE69, L: MK1
_EIJ_STATE_MOVING_Y_UP		= BE71, L: MK1
_EIJ_STATE_MOVING_Y_SET		= BE79, L: MK1
_EIJ_STATE_DONE			= BE8A, L: MK1
I_211				= BE8A, L: MK1
_ENEMS_MOVE_UPDATE_FRAME_DONE	= BEDB, L: MK1
I_219				= BEDB, L: MK1
I_221				= BF07, L: MK1
I_222_I_221			= BF0A, L: MK1
I_220				= BF20, L: MK1
I_224				= BF3A, L: MK1
I_226				= BF3F, L: MK1
I_229				= BFD0, L: MK1
I_230_I_229			= BFD3, L: MK1
I_231				= C066, L: MK1
I_227				= C06E, L: MK1
I_228				= C06E, L: MK1
I_223				= C071, L: MK1
I_225				= C071, L: MK1
I_218				= C071, L: MK1
I_208				= C0A8, L: MK1
_HOTSPOTS_DO			= C0A9, G: MK1
I_236				= C132, L: MK1
I_237				= C14A, L: MK1
I_238				= C15F, L: MK1
I_239				= C16F, L: MK1
I_240				= C18D, L: MK1
I_241				= C198, L: MK1
I_242				= C1C0, L: MK1
I_243				= C1C7, L: MK1
I_235				= C1CF, L: MK1
I_233				= C1CF, L: MK1
I_232				= C1DC, L: MK1
_MAIN				= C1DD, G: MK1
I_246				= C21A, L: MK1
I_244				= C238, L: MK1
I_245				= C242, L: MK1
I_247				= C295, L: MK1
I_249				= C29A, L: MK1
I_248				= C336, L: MK1
I_250				= C340, L: MK1
I_252				= C345, L: MK1
I_253				= C39E, L: MK1
I_251				= C39E, L: MK1
I_255				= C3BC, L: MK1
I_257				= C45C, L: MK1
I_259				= C482, L: MK1
I_260				= C4A1, L: MK1
I_261				= C4C0, L: MK1
I_262				= C4D1, L: MK1
I_263				= C4F5, L: MK1
I_264				= C512, L: MK1
I_265				= C542, L: MK1
I_266				= C572, L: MK1
I_267				= C5A2, L: MK1
I_268				= C5D1, L: MK1
I_270				= C5EF, L: MK1
I_272				= C5F4, L: MK1
I_271				= C617, L: MK1
I_274				= C635, L: MK1
I_273				= C673, L: MK1
I_276				= C690, L: MK1
I_277				= C6A0, L: MK1
I_279				= C6A5, L: MK1
I_280				= C722, L: MK1
I_281				= C744, L: MK1
I_278				= C747, L: MK1
I_269				= C74A, L: MK1
I_283				= C765, L: MK1
I_282				= C765, L: MK1
I_285_UGE			= C787, L: MK1
I_285				= C789, L: MK1
I_286_I_285			= C78C, L: MK1
I_284				= C7A3, L: MK1
I_288				= C7B7, L: MK1
I_289_I_288			= C7BA, L: MK1
I_291				= C7F0, L: MK1
I_290				= C7F0, L: MK1
I_287				= C7F0, L: MK1
I_292				= C7FF, L: MK1
I_293				= C80D, L: MK1
I_295				= C82F, L: MK1
I_296_I_295			= C832, L: MK1
I_297				= C847, L: MK1
I_299				= C851, L: MK1
I_298				= C8A9, L: MK1
I_294				= C8C1, L: MK1
I_302_UGE			= C8DD, L: MK1
I_302				= C8E7, L: MK1
I_303_I_302			= C8EA, L: MK1
I_300				= C90F, L: MK1
I_301				= C90F, L: MK1
I_258				= C912, L: MK1
I_305				= C93E, L: MK1
I_304				= C941, L: MK1
I_306				= C947, L: MK1
I_256				= C94A, L: MK1
I_254				= C950, L: MK1
MUSICSTART			= C951, L: MK1
PLAYER				= C975, L: MK1
NEXT_PATTERN			= C996, L: MK1
PATTERN_LOOP_END		= C99C, L: MK1
PATTERN_LOOP_BEGIN		= C9A0, L: MK1
NO_PATTERN_LOOP			= C9A1, L: MK1
MAIN_LOOP			= C9AA, L: MK1
READ_LOOP			= C9AD, L: MK1
CURRENT_INST			= C9EC, L: MK1
L8098				= C9F5, L: MK1
L809B				= C9F8, L: MK1
SET_NOTE2			= CA1E, L: MK1
SET_STOP			= CA32, L: MK1
SET_STOP2			= CA4B, L: MK1
OTHER				= CA56, L: MK1
INSTRUM_TBL			= CA6D, L: MK1
SKIP_CH1			= CA76, L: MK1
EXIT_PLAYER			= CA7C, L: MK1
RENDER				= CA84, L: MK1
CNT_1A				= CA8E, L: MK1
CNT_1B				= CA92, L: MK1
DIV_1A				= CA95, L: MK1
DIV_1B				= CA98, L: MK1
OUT_1				= CA9B, L: MK1
CNT_2				= CA9F, L: MK1
DIV_2				= CAA2, L: MK1
OUT_2				= CAA5, L: MK1
PLAY_NOTE			= CAA6, L: MK1
PLAYER_WAIT_KEY			= CAAD, L: MK1
L8168				= CAB2, L: MK1
L8171				= CABB, L: MK1
L8173				= CABD, L: MK1
L8179				= CAC3, L: MK1
L817B				= CAC5, L: MK1
L8184				= CACE, L: MK1
L8186				= CAD0, L: MK1
L818A				= CAD4, L: MK1
L8193				= CADD, L: MK1
L8195				= CADF, L: MK1
L819B				= CAE5, L: MK1
L819D				= CAE7, L: MK1
L81A6				= CAF0, L: MK1
L81A8				= CAF2, L: MK1
L81AC				= CAF6, L: MK1
L81B5				= CAFF, L: MK1
L81B7				= CB01, L: MK1
L81BD				= CB07, L: MK1
L81BF				= CB09, L: MK1
L81C8				= CB12, L: MK1
L81CA				= CB14, L: MK1
L81CE				= CB18, L: MK1
L81D7				= CB21, L: MK1
L81D9				= CB23, L: MK1
L81DF				= CB29, L: MK1
L81E1				= CB2B, L: MK1
L81EA				= CB34, L: MK1
L81EC				= CB36, L: MK1
L81F9				= CB43, L: MK1
L81FB				= CB45, L: MK1
L8201				= CB4B, L: MK1
L8203				= CB4D, L: MK1
L820C				= CB56, L: MK1
L820E				= CB58, L: MK1
DRUMS				= CB71, L: MK1
DRUM_TONE1			= CB7E, L: MK1
DRUM_TONE2			= CB82, L: MK1
DRUM_TONE3			= CB86, L: MK1
DRUM_TONE4			= CB8A, L: MK1
DRUM_TONE5			= CB8E, L: MK1
DRUM_TONE6			= CB92, L: MK1
DRUM_TONE			= CB94, L: MK1
DT_LOOP0			= CB9B, L: MK1
DT_LOOP1			= CBA8, L: MK1
DRUM_NOISE1			= CBB1, L: MK1
DRUM_NOISE2			= CBB9, L: MK1
DRUM_NOISE3			= CBC1, L: MK1
DRUM_NOISE			= CBC7, L: MK1
DN_LOOP0			= CBCB, L: MK1
DN_LOOP1			= CBD3, L: MK1
PATTERN_ADDR			= CBDF, L: MK1
PATTERN_PTR			= CBE1, L: MK1
NOTE_PTR			= CBE2, L: MK1
FREQ_TABLE			= CBE4, L: MK1
DRUM_TABLE			= CC5C, L: MK1
MUSICDATA			= CC6E, L: MK1
PATTERNDATA			= CC7E, L: MK1
PAT0				= CC86, L: MK1
PAT1				= CD35, L: MK1
I_1				= CDF3, L: MK1
__EN_T				= CEBB, G: MK1
__EN_X				= CEBC, G: MK1
__EN_Y				= CEBD, G: MK1
_SP_MOVILES			= CEBE, G: MK1
_GPEN_CX			= CEC4, G: MK1
_GPEN_CY			= CEC5, G: MK1
__EN_X1				= CEC6, G: MK1
__EN_Y1				= CEC7, G: MK1
__EN_X2				= CEC8, G: MK1
__EN_Y2				= CEC9, G: MK1
_BULLETS_MX			= CECA, G: MK1
_BULLETS_MY			= CECD, G: MK1
_EN_AN_BASE_FRAME		= CED0, G: MK1
__EN_CX				= CED3, G: MK1
__EN_CY				= CED4, G: MK1
_HOTSPOT_X			= CED5, G: MK1
_HOTSPOT_Y			= CED6, G: MK1
_HALF_LIFE			= CED7, G: MK1
__EN_MX				= CED8, G: MK1
__EN_MY				= CED9, G: MK1
_MAP_POINTER			= CEDA, G: MK1
_EN_AN_STATE			= CEDC, G: MK1
_FLAGS				= CEDF, G: MK1
_P_FACING			= CEE1, G: MK1
_P_FRAME			= CEE2, G: MK1
_PREGOTTEN			= CEE3, G: MK1
_HIT_H				= CEE4, G: MK1
_HIT_V				= CEE5, G: MK1
_KILLED_OLD			= CEE6, G: MK1
_GPAUX				= CEE7, G: MK1
_MAP_ATTR			= CEE8, G: MK1
_ACTIVE				= CF7E, G: MK1
_P_CT_ESTADO			= CF7F, G: MK1
_X0				= CF80, G: MK1
_Y0				= CF81, G: MK1
_X1				= CF82, G: MK1
_Y1				= CF83, G: MK1
__N				= CF84, G: MK1
_PUSHED_ANY			= CF85, G: MK1
__T				= CF86, G: MK1
__X				= CF87, G: MK1
__Y				= CF88, G: MK1
_LIFE_OLD			= CF89, G: MK1
_BULLETS_ESTADO			= CF8A, G: MK1
__GP_GEN			= CF8D, G: MK1
_GEN_PT				= CF8F, G: MK1
_P_CURRENT_FRAME		= CF91, G: MK1
_PTGMX				= CF93, G: MK1
_PTGMY				= CF95, G: MK1
_EN_AN_CURRENT_FRAME		= CF97, G: MK1
_SP_PLAYER			= CF9D, G: MK1
_SP_BULLETS			= CF9F, G: MK1
__B_X				= CFA5, G: MK1
__B_Y				= CFA6, G: MK1
_ENOFFS				= CFA7, G: MK1
_B_IT				= CFA8, G: MK1
_EN_AN_RAWV			= CFA9, G: MK1
_P_ESTADO			= CFAC, G: MK1
__B_ESTADO			= CFAD, G: MK1
_P_KILLED			= CFAE, G: MK1
_BULLETS_X			= CFAF, G: MK1
_BULLETS_Y			= CFB2, G: MK1
_P_AMMO				= CFB5, G: MK1
_GPEN_X				= CFB6, G: MK1
_GPEN_Y				= CFB7, G: MK1
_PAD0				= CFB8, G: MK1
_P_KILLME			= CFB9, G: MK1
_N_PANT				= CFBA, G: MK1
_P_CONT_SALTO			= CFBB, G: MK1
_O_PANT				= CFBC, G: MK1
_P_LIFE				= CFBD, G: MK1
_ENIT				= CFBE, G: MK1
_P_FUEL				= CFBF, G: MK1
_P_OBJS				= CFC0, G: MK1
_P_GOTTEN			= CFC1, G: MK1
_GPCX				= CFC2, G: MK1
_GPCY				= CFC3, G: MK1
_GPIT				= CFC4, G: MK1
_GPJT				= CFC5, G: MK1
_P_KEYS				= CFC6, G: MK1
_AMMO_OLD			= CFC7, G: MK1
_PLAYING			= CFC8, G: MK1
_GPOX				= CFC9, G: MK1
_SEED				= CFCA, G: MK1
_P_TX				= CFCC, G: MK1
_P_TY				= CFCD, G: MK1
_ASM_INT_2			= CFCE, G: MK1
_P_VX				= CFD0, G: MK1
_P_VY				= CFD2, G: MK1
_GPXX				= CFD4, G: MK1
_GPYY				= CFD5, G: MK1
_OBJS_OLD			= CFD6, G: MK1
_MAINCOUNTER			= CFD7, G: MK1
_PTX1				= CFD8, G: MK1
_PTX2				= CFD9, G: MK1
_PTY1				= CFDA, G: MK1
_PTY2				= CFDB, G: MK1
_ASM_NUMBER			= CFDC, G: MK1
_P_NEXT_FRAME			= CFDD, G: MK1
_EN_AN_NEXT_FRAME		= CFDF, G: MK1
_AT1				= CFE5, G: MK1
_AT2				= CFE6, G: MK1
__EN_LIFE			= CFE7, G: MK1
_CX1				= CFE8, G: MK1
_CX2				= CFE9, G: MK1
_CY1				= CFEA, G: MK1
_CY2				= CFEB, G: MK1
_P_SUBFRAME			= CFEC, G: MK1
_EN_AN_DEAD_ROW			= CFED, G: MK1
_BLX				= CFF0, G: MK1
_BLY				= CFF1, G: MK1
_GPC				= CFF2, G: MK1
_GPD				= CFF3, G: MK1
_HIT				= CFF4, G: MK1
_GPT				= CFF5, G: MK1
_RDA				= CFF6, G: MK1
_RDB				= CFF7, G: MK1
_RDC				= CFF8, G: MK1
_P_X				= CFF9, G: MK1
_AD_FREE			= CFFB, G: MK1
_P_Y				= D334, G: MK1
_GPX				= D336, G: MK1
_GPY				= D337, G: MK1
_RDD				= D338, G: MK1
_RDN				= D339, G: MK1
_ITJ				= D33A, G: MK1
_KEYS_OLD			= D33C, G: MK1
_RDX				= D33D, G: MK1
_RDY				= D33E, G: MK1
_WALL_H				= D33F, G: MK1
_ENOFFSMASI			= D340, G: MK1
_WALL_V				= D341, G: MK1
_TOCADO				= D342, G: MK1
_EN_AN_ALIVE			= D343, G: MK1
_IS_RENDERING			= D346, G: MK1
_ASM_INT			= D347, G: MK1
_P_FACING_H			= D349, G: MK1
__BADDIES_POINTER		= D34A, G: MK1
_P_FACING_V			= D34C, G: MK1
_P_SALTANDO			= D34D, G: MK1
_POSSEE				= D34E, G: MK1
_ORIG_TILE			= D34F, G: MK1
_EN_AN_FRAME			= D350, G: MK1
_SUCCESS			= D353, G: MK1
_RAM_DESTINATION		= D354, G: MK1
_EN_AN_COUNT			= D356, G: MK1
_P_DISPARANDO			= D359, G: MK1
__B_MX				= D35A, G: MK1
__B_MY				= D35B, G: MK1
_RAM_ADDRESS			= D35C, G: MK1
L_AND				= D35E, G: L_AND
L_ASL				= D365, G: L_ASL
L_ASL1				= D366, L: L_ASL
L_ASR				= D36C, G: L_ASR
L_ASR1				= D36D, L: L_ASR
L_ASR_U				= D376, G: L_ASR_U
L_ASR_U_1			= D377, L: L_ASR_U
L_DIV				= D380, G: L_DIV
L_DIV0				= D390, L: L_DIV
L_DIV01				= D39C, L: L_DIV
DOSIGN				= D3AD, L: L_DIV
L_DIV_U				= D3B4, G: L_DIV_U
ENTRY				= D3B8, L: L_DIV_U
L_DIV1				= D3BF, L: L_DIV_U
L_DIV2				= D3C9, L: L_DIV_U
L_EQ				= D3D3, G: L_EQ
L_GCHAR				= D3DA, G: L_GCHAR
L_SXT				= D3DB, L: L_GCHAR
L_GCHARSPSP			= D3E0, G: L_GCHARSPSP
L_GE				= D3EA, G: L_GE
L_GINT				= D3F8, G: L_GINT
L_GT				= D3FD, G: L_GT
L_LNEG				= D409, G: L_LNEG
L_LT				= D40E, G: L_LT
L_MULT				= D41A, G: L_MULT
L_MULT1				= D421, L: L_MULT
L_MULT2				= D428, L: L_MULT
L_NE				= D42B, G: L_NE
L_NEG				= D432, G: L_NEG
L_OR				= D43A, G: L_OR
L_PINT				= D441, G: L_PINT
L_SXT				= D447, G: L_SXT
L_UGE				= D44C, G: L_UGE
L_ULE				= D454, G: L_ULE
SPCOMPDLISTADDR			= D45C, G: SPCOMPDLISTADDR
SPDISPLAYLIST			= D46D, G: SPDISPLAYLIST
SPINVALIDATE			= E06D, G: SPINVALIDATE
SPINVALIDATEP			= E075, G: SPINVALIDATE
NOINC1				= E08E, L: SPINVALIDATE
INVCOLLP			= E092, L: SPINVALIDATE
NOINC2				= E0A1, L: SPINVALIDATE
INVFULLCHAR			= E0A5, L: SPINVALIDATE
INVROWLP			= E0A7, L: SPINVALIDATE
NOINC3				= E0B2, L: SPINVALIDATE
SPBITLEFT2MASK			= E0C0, G: SPBITLEFT2MASK
SPBITRIGHT2MASK			= E0C8, G: SPBITRIGHT2MASK
SPCOMPDIRTYADDR			= E0D0, G: SPCOMPDIRTYADDR
SPDIRTYCHARS			= E0E5, G: SPDIRTYCHARS
SPINTRECT			= E145, G: SPINTRECT
SPINTSMALLIVAL			= E176, G: SPINTRECT
TRYOTHERWAY			= E18A, L: SPINTRECT
SPPTINSMALLIVAL			= E19B, G: SPINTRECT
BROKEN				= E1A7, L: SPINTRECT
SPMOVESPRABS			= E1B0, G: SPMOVESPRABS
SPMOVESPRABSNC			= E1BE, G: SPMOVESPRABS
ADJLOOP				= E1C9, L: SPMOVESPRABS
SPMOVESPRABSC			= E1D7, G: SPMOVESPRABS
YINSCREEN			= E1EF, L: SPMOVESPRABS
XINSCREEN			= E1FF, L: SPMOVESPRABS
MVCOLLOOP			= E216, L: SPMOVESPRABS
MVROWLOOP			= E21C, L: SPMOVESPRABS
NOTDONE				= E226, L: SPMOVESPRABS
NOINC1				= E23E, L: SPMOVESPRABS
NOTINDLIST			= E252, L: SPMOVESPRABS
NONEXT1				= E252, L: SPMOVESPRABS
PDLOOP				= E26F, L: SPMOVESPRABS
NOINC2				= E277, L: SPMOVESPRABS
PUTHERE				= E289, L: SPMOVESPRABS
NOINC3				= E298, L: SPMOVESPRABS
NODEC1				= E2A6, L: SPMOVESPRABS
NOINC4				= E2B2, L: SPMOVESPRABS
NONEXT2				= E2BF, L: SPMOVESPRABS
NOTDISPLAYED			= E2BF, L: SPMOVESPRABS
INVALIDATE			= E2DA, L: SPMOVESPRABS
COMPUTEDISP			= E2E9, L: SPMOVESPRABS
NOTNEGATIVE			= E307, L: SPMOVESPRABS
ADJUSTGRAPHICS			= E30C, L: SPMOVESPRABS
NOINC5				= E318, L: SPMOVESPRABS
SKIP1				= E328, L: SPMOVESPRABS
SKIP2				= E338, L: SPMOVESPRABS
SPNULLSPRPTR			= E33B, G: SPNULLSPRPTR
SPPRINTATINV			= E34B, G: SPPRINTATINV
SPBIT2MASK			= E363, G: SPBIT2MASK
SPTBLLOOKUP			= E36B, G: SPTBLLOOKUP
NOINC				= E371, L: SPTBLLOOKUP
SP_ADDCOLSPR			= E373, G: SP_ADDCOLSPR
SPADDCOLSPR			= E392, G: SPADDCOLSPR
ACNOCRY				= E39D, L: SPADDCOLSPR
ACLOOP				= E3AE, L: SPADDCOLSPR
NOINC1				= E3EA, L: SPADDCOLSPR
ACNOCRY3			= E3FE, L: SPADDCOLSPR
ACFAIL				= E42B, L: SPADDCOLSPR
JPHL				= E43C, L: SPADDCOLSPR
SPDELETESPR			= E43D, G: SPDELETESPR
LOOP				= E441, L: SPDELETESPR
SPDSLOOP			= E44E, G: SPDELETESPR
JPHL				= E456, L: SPDELETESPR
SP_ADDMEMORY			= E457, G: SP_ADDMEMORY
SPADDMEMORY			= E470, G: SPADDMEMORY
IB1				= E478, L: SPADDMEMORY
IB2				= E47F, L: SPADDMEMORY
SPFREEBLOCK			= E48C, G: SPFREEBLOCK
SPFB1				= E491, G: SPFREEBLOCK
SPFB2				= E49C, G: SPFREEBLOCK
SPQUEUETABLE			= E4A7, G: SPQUEUETABLE
SP_BLOCKALLOC			= E4A9, G: SP_BLOCKALLOC
SPBLOCKALLOC			= E4B7, G: SPBLOCKALLOC
SPALLOC				= E4C1, G: SPBLOCKALLOC
SP_BORDER			= E4D2, G: SP_BORDER
SPBORDERCLR			= E4DB, G: SPBORDER
SPBORDER			= E4DC, G: SPBORDER
SP_CREATESPR			= E4E4, G: SP_CREATESPR
SPCREATESPR			= E501, G: SPCREATESPR
CSLOOP				= E552, L: SPCREATESPR
CSENTER				= E566, L: SPCREATESPR
NOTCOMPRESS			= E578, L: SPCREATESPR
CONT				= E57D, L: SPCREATESPR
CSNOCRY				= E594, L: SPCREATESPR
CSFAIL1				= E59E, L: SPCREATESPR
CSFAIL2				= E5A0, L: SPCREATESPR
JPHL				= E5A9, L: SPCREATESPR
SP_FREEBLOCK			= E5AA, G: SP_FREEBLOCK
SP_GETKEY			= E5B5, G: SP_GETKEY
KEYOK				= E5BB, L: SP_GETKEY
STATE				= E5C0, L: SPGETKEY
COUNT				= E5C1, L: SPGETKEY
SPKEYDEBOUNCE			= E5C2, G: SPGETKEY
SPKEYSTARTREPEAT		= E5C3, G: SPGETKEY
SPKEYREPEATPERIOD		= E5C4, G: SPGETKEY
SPINKEY				= E5C5, G: SPGETKEY
SPGETKEY			= E5D6, G: SPGETKEY
SCANLOOP			= E5DD, L: SPGETKEY
KEYROWLOOP			= E5E1, L: SPGETKEY
NOPRESS				= E5F1, L: SPGETKEY
NEXTSCANROW			= E5F6, L: SPGETKEY
ATMAXCOUNT			= E607, L: SPGETKEY
SKIP				= E61E, L: SPGETKEY
NOCAPS				= E634, L: SPGETKEY
NOSYM				= E63F, L: SPGETKEY
TOOMANYKEYS			= E642, L: SPGETKEY
NOKEYS				= E642, L: SPGETKEY
SPKEYTRANSTBL			= E64A, G: SPKEYTRANSTBL
SP_INITIALIZE			= E6EA, G: SP_INITIALIZE
SPINITIALIZE			= E6F6, G: SPINITIALIZE
ROTTBLLP			= E71C, L: SPINITIALIZE
ENTRYLP				= E723, L: SPINITIALIZE
ROTLP				= E726, L: SPINITIALIZE
LOOP				= E73F, L: SPINITIALIZE
CONT1				= E747, L: SPINITIALIZE
NOADD				= E751, L: SPINITIALIZE
USERTILE			= E754, L: SPINITIALIZE
SPTILEARRAY			= E759, G: SPTILEARRAY
SP_JOYKEMPSTON			= E959, G: SP_JOYKEMPSTON
SPJOYKEMPSTON			= E960, G: SPJOYKEMPSTON
KEMPTBL				= E96B, L: SPJOYKEMPSTON
SP_JOYKEYBOARD			= E98B, G: SP_JOYKEYBOARD
SPJOYKEYBOARD			= E999, G: SPJOYKEYBOARD
NOFIRE				= E9A6, L: SPJOYKEYBOARD
JKLOOP				= E9A6, L: SPJOYKEYBOARD
NOPRESS				= E9B1, L: SPJOYKEYBOARD
SP_JOYSINCLAIR1			= E9B8, G: SP_JOYSINCLAIR1
SPJOYSINCLAIR1			= E9BF, G: SPJOYSINCLAIR1
SINC1TBL			= E9CB, L: SPJOYSINCLAIR1
SP_KEYPRESSED			= E9EB, G: SP_KEYPRESSED
SPKEYPRESSED			= E9FB, G: SPKEYPRESSED
NOCAPS				= EA07, L: SPKEYPRESSED
NOSYM				= EA13, L: SPKEYPRESSED
SP_TILEARRAY			= EA1F, G: SP_TILEARRAY
SPTILEENTRY			= EA2D, G: SPTILEENTRY
NOINC				= EA36, L: SPTILEENTRY
SP_UPDATENOW			= EA3E, G: SP_UPDATENOW
TEMPGRAPHIC			= EA44, L: SPUPDATENOW
TEMPCOLOUR			= EA4C, L: SPUPDATENOW
UPDATE_ATTRS			= EA4D, G: SPUPDATENOW
DOSPRITES			= EA4E, L: SPUPDATENOW
SPUPDATENOW			= EA4F, G: SPUPDATENOW
DIRTYLOOP			= EA5B, L: SPUPDATENOW
NOTACROSSBLK1			= EA6B, L: SPUPDATENOW
REENTER				= EA73, L: SPUPDATENOW
NOINC1				= EA73, L: SPUPDATENOW
DIRTYAREA			= EA81, L: SPUPDATENOW
NOTACROSSBLK2			= EABB, L: SPUPDATENOW
TILEONLY			= EAC2, L: SPUPDATENOW
NOINC11				= EACD, L: SPUPDATENOW
DRAWCHAR			= EAF1, L: SPUPDATENOW
NOTLOAD				= EB1F, L: SPUPDATENOW
NOINC10				= EB2A, L: SPUPDATENOW
SPRITELOOP			= EB3F, L: SPUPDATENOW
DOSPRITE			= EB43, L: SPUPDATENOW
COLOURSPRITE			= EC54, L: SPUPDATENOW
SKIP_SPRITE_UPDATE		= EC55, L: SPUPDATENOW
CLEAR				= EC56, L: SPUPDATENOW
COPYBUFFER			= EC61, L: SPUPDATENOW
NOMORESPRITES			= EC83, L: SPUPDATENOW
SKIPUPDATECOL			= EC8E, L: SPUPDATENOW
MASKNOROTATE			= EC91, L: SPUPDATENOW
LOADTYPE			= ECDC, L: SPUPDATENOW
LOADNOROTATE			= ED4A, L: SPUPDATENOW
XORTYPE				= ED69, L: SPUPDATENOW
XORNOROTATE			= EDEF, L: SPUPDATENOW
ORTYPE				= EE21, L: SPUPDATENOW
ORNOROTATE			= EEA7, L: SPUPDATENOW
SP_UPDATENOWEX			= EED9, G: SP_UPDATENOWEX
SP_WAITFORNOKEY			= EEE2, G: SP_WAITFORNOKEY
SPWAITFORNOKEY			= EEE6, G: SPWAITFORNOKEY
