ACFAIL				= E531, L: SPADDCOLSPR
ACLOOP				= E4B7, L: SPADDCOLSPR
ACNOCRY				= E4A6, L: SPADDCOLSPR
ACNOCRY3			= E507, L: SPADDCOLSPR
ADJLOOP				= E2D6, L: SPMOVESPRABS
ADJUSTGRAPHICS			= E419, L: SPMOVESPRABS
APBRANCH1			= 5E1A, L: MK1
APBRANCH2			= 5E5D, L: MK1
APBRANCH3			= 5E49, L: MK1
APBRANCH4			= 5E40, L: MK1
APGET4BITS			= 5E32, L: MK1
APLOOP				= 5E1F, L: MK1
APLOOP0				= 5E1C, L: MK1
APSKIP2				= 5E7C, L: MK1
APSKIP3				= 5E85, L: MK1
APWRITEBYTE			= 5E3C, L: MK1
AP_FINISHUP			= 5E88, L: MK1
AP_FINISHUP2			= 5E8B, L: MK1
AP_GETBIT			= 5E9E, L: MK1
AP_GETGAMMA			= 5EAA, L: MK1
AP_GETGAMMALOOP			= 5EAD, L: MK1
AP_R0_GAMMA			= 5E92, L: MK1
ATMAXCOUNT			= E6FF, L: SPGETKEY
BAL1				= A3E8, L: MK1
BROKEN				= E2B4, L: SPINTRECT
BUCLE				= A57C, L: MK1
BUCLE1				= A57F, L: MK1
BUCLE2				= A587, L: MK1
CLEAR				= ED1A, L: SPUPDATENOW
CLEARB1				= A567, L: MK1
CLEARB2				= A56A, L: MK1
CNT_1A				= CA4C, L: MK1
CNT_1B				= CA50, L: MK1
CNT_2				= CA5D, L: MK1
COLOURSPRITE			= ED18, L: SPUPDATENOW
COMPUTEDISP			= E3F6, L: SPMOVESPRABS
CONT				= E678, L: SPCREATESPR
CONT1				= E83F, L: SPINITIALIZE
COPYBUFFER			= ED25, L: SPUPDATENOW
COUNT				= E6B9, L: SPGETKEY
CSENTER				= E661, L: SPCREATESPR
CSFAIL1				= E696, L: SPCREATESPR
CSFAIL2				= E698, L: SPCREATESPR
CSLOOP				= E64D, L: SPCREATESPR
CSNOCRY				= E68C, L: SPCREATESPR
CURRENT_INST			= C9AB, L: MK1
DEPACK				= 5E17, L: MK1
DIRTYAREA			= EB45, L: SPUPDATENOW
DIRTYLOOP			= EB1F, L: SPUPDATENOW
DIV_1A				= CA53, L: MK1
DIV_1B				= CA56, L: MK1
DIV_2				= CA60, L: MK1
DN_LOOP0			= CB89, L: MK1
DN_LOOP1			= CB91, L: MK1
DOSIGN				= D4BE, L: L_DIV
DOSPRITE			= EC07, L: SPUPDATENOW
DOSPRITES			= EB12, L: SPUPDATENOW
DRAWCHAR			= EBB5, L: SPUPDATENOW
DRUMS				= CB2F, L: MK1
DRUM_NOISE			= CB85, L: MK1
DRUM_NOISE1			= CB6F, L: MK1
DRUM_NOISE2			= CB77, L: MK1
DRUM_NOISE3			= CB7F, L: MK1
DRUM_TABLE			= CC1A, L: MK1
DRUM_TONE			= CB52, L: MK1
DRUM_TONE1			= CB3C, L: MK1
DRUM_TONE2			= CB40, L: MK1
DRUM_TONE3			= CB44, L: MK1
DRUM_TONE4			= CB48, L: MK1
DRUM_TONE5			= CB4C, L: MK1
DRUM_TONE6			= CB50, L: MK1
DT_LOOP0			= CB59, L: MK1
DT_LOOP1			= CB66, L: MK1
ENTRY				= D4C9, L: L_DIV_U
ENTRYLP				= E81B, L: SPINITIALIZE
EXIT_PLAYER			= CA3B, L: MK1
FREQ_TABLE			= CBA2, L: MK1
FSCLIPSTRUCT			= 5DD4, L: MK1
HIDE_SPRITES_BULLETS_LOOP	= A439, L: MK1
HIDE_SPRITES_ENEMS_LOOP		= A40E, L: MK1
IB1				= E57E, L: SPADDMEMORY
IB2				= E585, L: SPADDMEMORY
INSTRUM_TBL			= CA2C, L: MK1
INVALIDATE			= E3E7, L: SPMOVESPRABS
INVCOLLP			= E19F, L: SPINVALIDATE
INVFULLCHAR			= E1B2, L: SPINVALIDATE
INVROWLP			= E1B4, L: SPINVALIDATE
I_1				= CDB1, L: MK1
I_100				= B017, L: MK1
I_101				= B014, L: MK1
I_102				= AFF8, L: MK1
I_102_UGE			= AFEF, L: MK1
I_103_I_102			= AFFB, L: MK1
I_104				= B034, L: MK1
I_105				= B039, L: MK1
I_106				= B087, L: MK1
I_107				= B08A, L: MK1
I_108				= B0A9, L: MK1
I_109				= B0AE, L: MK1
I_110				= B0FC, L: MK1
I_111				= B0FF, L: MK1
I_112				= B221, L: MK1
I_113				= B1C9, L: MK1
I_114				= B1CC, L: MK1
I_115				= B200, L: MK1
I_116				= B1FD, L: MK1
I_117				= B221, L: MK1
I_118				= B221, L: MK1
I_119				= B221, L: MK1
I_120				= B245, L: MK1
I_121				= B245, L: MK1
I_122				= B26A, L: MK1
I_123				= B26A, L: MK1
I_124				= B280, L: MK1
I_125				= B293, L: MK1
I_126				= B316, L: MK1
I_127				= B316, L: MK1
I_128				= B2E8, L: MK1
I_130				= B370, L: MK1
I_131				= B370, L: MK1
I_132				= B346, L: MK1
I_134				= B396, L: MK1
I_135				= B38D, L: MK1
I_136				= B390, L: MK1
I_137				= B443, L: MK1
I_138				= B3E9, L: MK1
I_139				= B3EC, L: MK1
I_140				= B41B, L: MK1
I_141				= B418, L: MK1
I_142				= B43C, L: MK1
I_143				= B43C, L: MK1
I_144				= B43C, L: MK1
I_145				= B468, L: MK1
I_146				= B468, L: MK1
I_147				= B48D, L: MK1
I_148				= B48D, L: MK1
I_149				= B4A3, L: MK1
I_150				= B4B6, L: MK1
I_151				= B563, L: MK1
I_152				= B545, L: MK1
I_153				= B514, L: MK1
I_155				= B563, L: MK1
I_156				= B55A, L: MK1
I_157				= B55D, L: MK1
I_158				= B5E1, L: MK1
I_159				= B5C3, L: MK1
I_160				= B593, L: MK1
I_162				= B5E1, L: MK1
I_163				= B5D8, L: MK1
I_164				= B5DB, L: MK1
I_165				= B5F5, L: MK1
I_166				= B606, L: MK1
I_167				= B606, L: MK1
I_168				= B65B, L: MK1
I_169				= B6BD, L: MK1
I_17				= A1FC, L: MK1
I_170				= B6BA, L: MK1
I_171				= B7DF, L: MK1
I_172				= B71F, L: MK1
I_173				= B71C, L: MK1
I_174				= B7DF, L: MK1
I_175				= B780, L: MK1
I_176				= B77D, L: MK1
I_177				= B7DF, L: MK1
I_178				= B7DF, L: MK1
I_179				= B7DF, L: MK1
I_18				= A1F8, L: MK1
I_180				= B802, L: MK1
I_181				= B7F5, L: MK1
I_182_I_181			= B7F8, L: MK1
I_183				= B811, L: MK1
I_184				= B838, L: MK1
I_185				= B857, L: MK1
I_186				= B857, L: MK1
I_187				= B876, L: MK1
I_188				= B876, L: MK1
I_189				= B8B7, L: MK1
I_190				= B888, L: MK1
I_191				= B88B, L: MK1
I_192				= B8B7, L: MK1
I_193				= B8E1, L: MK1
I_194				= B9CA, L: MK1
I_195				= BB1E, L: MK1
I_196				= B9D4, L: MK1
I_198				= BAFD, L: MK1
I_199				= BA5F, L: MK1
I_200				= BA81, L: MK1
I_201				= BA81, L: MK1
I_202				= BA81, L: MK1
I_203				= BA81, L: MK1
I_204				= BAAB, L: MK1
I_205				= BAE3, L: MK1
I_206				= BAE9, L: MK1
I_207				= BB44, L: MK1
I_208				= BB6E, L: MK1
I_209				= BFA5, L: MK1
I_21				= A4BF, L: MK1
I_210				= BB73, L: MK1
I_212				= BDAB, L: MK1
I_213				= BBF0, L: MK1
I_214				= BC12, L: MK1
I_215				= BC12, L: MK1
I_216				= BC12, L: MK1
I_217				= BC12, L: MK1
I_218				= BC12, L: MK1
I_219				= BC98, L: MK1
I_22				= A4C2, L: MK1
I_220				= BC98, L: MK1
I_221				= BC9B, L: MK1
I_222				= BF6E, L: MK1
I_223				= BDFC, L: MK1
I_224				= BE41, L: MK1
I_225				= BE28, L: MK1
I_226_I_225			= BE2B, L: MK1
I_227				= BE41, L: MK1
I_228				= BF6E, L: MK1
I_229				= BE5B, L: MK1
I_23				= A55C, L: MK1
I_230				= BF6E, L: MK1
I_231				= BE60, L: MK1
I_232				= BF6B, L: MK1
I_233				= BF6B, L: MK1
I_234				= BEF1, L: MK1
I_235_I_234			= BEF4, L: MK1
I_236				= BF63, L: MK1
I_237				= C0D9, L: MK1
I_238				= C0CC, L: MK1
I_24				= A561, L: MK1
I_240				= C0CC, L: MK1
I_241				= C02F, L: MK1
I_242				= C047, L: MK1
I_243				= C05C, L: MK1
I_244				= C06C, L: MK1
I_245				= C08A, L: MK1
I_246				= C095, L: MK1
I_247				= C0BD, L: MK1
I_248				= C0C4, L: MK1
I_249				= C140, L: MK1
I_25				= A5DF, L: MK1
I_250				= C14A, L: MK1
I_251				= C114, L: MK1
I_252				= C140, L: MK1
I_253				= C189, L: MK1
I_254				= C216, L: MK1
I_255				= C18E, L: MK1
I_256				= C220, L: MK1
I_257				= C26F, L: MK1
I_258				= C225, L: MK1
I_259				= C279, L: MK1
I_26				= A5FB, L: MK1
I_260				= C2C8, L: MK1
I_261				= C27E, L: MK1
I_262				= C2C8, L: MK1
I_263				= C910, L: MK1
I_264				= C2ED, L: MK1
I_265				= C90A, L: MK1
I_266				= C38D, L: MK1
I_267				= C8C2, L: MK1
I_268				= C3A5, L: MK1
I_269				= C3C9, L: MK1
I_27				= A60D, L: MK1
I_270				= C3E6, L: MK1
I_271				= C416, L: MK1
I_272				= C446, L: MK1
I_273				= C476, L: MK1
I_274				= C4A8, L: MK1
I_275				= C6D5, L: MK1
I_276				= C4C6, L: MK1
I_277				= C4EE, L: MK1
I_278				= C4CB, L: MK1
I_279				= C54A, L: MK1
I_28				= A630, L: MK1
I_280				= C50C, L: MK1
I_282				= C567, L: MK1
I_283				= C577, L: MK1
I_284				= C61E, L: MK1
I_285				= C57C, L: MK1
I_286				= C5F9, L: MK1
I_287				= C61B, L: MK1
I_288				= C628, L: MK1
I_289				= C6D2, L: MK1
I_290				= C62D, L: MK1
I_291				= C6AD, L: MK1
I_292				= C6CF, L: MK1
I_293				= C6F0, L: MK1
I_294				= C6F0, L: MK1
I_295				= C73B, L: MK1
I_296				= C718, L: MK1
I_297_I_296			= C71B, L: MK1
I_298				= C7A0, L: MK1
I_299				= C74F, L: MK1
I_300_I_299			= C752, L: MK1
I_301				= C7A0, L: MK1
I_302				= C7A0, L: MK1
I_303				= C7AF, L: MK1
I_304				= C7BD, L: MK1
I_305				= C871, L: MK1
I_306				= C7DF, L: MK1
I_307_I_306			= C7E2, L: MK1
I_308				= C7F7, L: MK1
I_309				= C859, L: MK1
I_310				= C801, L: MK1
I_311				= C8BF, L: MK1
I_312				= C8BF, L: MK1
I_313				= C897, L: MK1
I_313_UGE			= C88D, L: MK1
I_314_I_313			= C89A, L: MK1
I_315				= C8FE, L: MK1
I_316				= C8E6, L: MK1
I_317				= C8FB, L: MK1
I_318				= C904, L: MK1
I_33				= A67C, L: MK1
I_34				= A690, L: MK1
I_35				= A6FB, L: MK1
I_36				= A69A, L: MK1
I_37				= A6F8, L: MK1
I_38				= A706, L: MK1
I_39				= A814, L: MK1
I_40				= A70B, L: MK1
I_41				= A811, L: MK1
I_42				= A780, L: MK1
I_43				= A780, L: MK1
I_44				= A7AE, L: MK1
I_45				= A7AE, L: MK1
I_46				= A7FC, L: MK1
I_47				= A80E, L: MK1
I_48				= A81F, L: MK1
I_49				= A845, L: MK1
I_50				= A829, L: MK1
I_51				= A88F, L: MK1
I_52				= A8FF, L: MK1
I_53				= A899, L: MK1
I_54				= A8FC, L: MK1
I_55				= AA1F, L: MK1
I_58				= AA5B, L: MK1
I_59				= AA6A, L: MK1
I_60				= AA47, L: MK1
I_61				= ABBD, L: MK1
I_62				= ABC5, L: MK1
I_63				= ABC6, L: MK1
I_64				= ABCE, L: MK1
I_65				= ABF3, L: MK1
I_66				= ABFD, L: MK1
I_67				= ABCE, L: MK1
I_68				= ABDC, L: MK1
I_69				= ABEB, L: MK1
I_70				= ABD5, L: MK1
I_71				= ABF3, L: MK1
I_72				= ACCD, L: MK1
I_73				= ACCD, L: MK1
I_74				= AC56, L: MK1
I_75_I_74			= AC59, L: MK1
I_76				= AD9F, L: MK1
I_77				= ACEE, L: MK1
I_78_I_77			= ACF1, L: MK1
I_79				= ACFB, L: MK1
I_80				= AD6C, L: MK1
I_81				= AD05, L: MK1
I_82				= AD69, L: MK1
I_83				= AD4E, L: MK1
I_84_I_83			= AD51, L: MK1
I_85				= ADD0, L: MK1
I_86				= AE60, L: MK1
I_87				= ADDA, L: MK1
I_88				= AF2F, L: MK1
I_89				= AF35, L: MK1
I_90				= AF86, L: MK1
I_91				= AF6C, L: MK1
I_92				= AF86, L: MK1
I_93				= AFA6, L: MK1
I_94				= AF95, L: MK1
I_95_I_94			= AF98, L: MK1
I_96				= AFCB, L: MK1
I_97				= AFB4, L: MK1
I_98_I_97			= AFB7, L: MK1
I_99				= AFDF, L: MK1
JKLOOP				= EA9E, L: SPJOYKEYBOARD
JPHL				= E6A1, L: SPCREATESPR
JPHL				= E55C, L: SPDELETESPR
JPHL				= E542, L: SPADDCOLSPR
KEMPTBL				= EA63, L: SPJOYKEMPSTON
KEYOK				= E6B3, L: SP_GETKEY
KEYROWLOOP			= E6D9, L: SPGETKEY
L8098				= C9B4, L: MK1
L809B				= C9B7, L: MK1
L8168				= CA70, L: MK1
L8171				= CA79, L: MK1
L8173				= CA7B, L: MK1
L8179				= CA81, L: MK1
L817B				= CA83, L: MK1
L8184				= CA8C, L: MK1
L8186				= CA8E, L: MK1
L818A				= CA92, L: MK1
L8193				= CA9B, L: MK1
L8195				= CA9D, L: MK1
L819B				= CAA3, L: MK1
L819D				= CAA5, L: MK1
L81A6				= CAAE, L: MK1
L81A8				= CAB0, L: MK1
L81AC				= CAB4, L: MK1
L81B5				= CABD, L: MK1
L81B7				= CABF, L: MK1
L81BD				= CAC5, L: MK1
L81BF				= CAC7, L: MK1
L81C8				= CAD0, L: MK1
L81CA				= CAD2, L: MK1
L81CE				= CAD6, L: MK1
L81D7				= CADF, L: MK1
L81D9				= CAE1, L: MK1
L81DF				= CAE7, L: MK1
L81E1				= CAE9, L: MK1
L81EA				= CAF2, L: MK1
L81EC				= CAF4, L: MK1
L81F9				= CB01, L: MK1
L81FB				= CB03, L: MK1
L8201				= CB09, L: MK1
L8203				= CB0B, L: MK1
L820C				= CB14, L: MK1
L820E				= CB16, L: MK1
LOADNOROTATE			= EE0E, L: SPUPDATENOW
LOADTYPE			= EDA0, L: SPUPDATENOW
LOOP				= E837, L: SPINITIALIZE
LOOP				= E547, L: SPDELETESPR
L_AND				= D46F, G: L_AND
L_ASL				= D476, G: L_ASL
L_ASL1				= D477, L: L_ASL
L_ASR				= D47D, G: L_ASR
L_ASR1				= D47E, L: L_ASR
L_ASR_U				= D487, G: L_ASR_U
L_ASR_U_1			= D488, L: L_ASR_U
L_DIV				= D491, G: L_DIV
L_DIV0				= D4A1, L: L_DIV
L_DIV01				= D4AD, L: L_DIV
L_DIV1				= D4D0, L: L_DIV_U
L_DIV2				= D4DA, L: L_DIV_U
L_DIV_U				= D4C5, G: L_DIV_U
L_EQ				= D4E4, G: L_EQ
L_GCHAR				= D4EB, G: L_GCHAR
L_GE				= D4F1, G: L_GE
L_GINT				= D4FF, G: L_GINT
L_GT				= D504, G: L_GT
L_LNEG				= D510, G: L_LNEG
L_LT				= D515, G: L_LT
L_MULT				= D521, G: L_MULT
L_MULT1				= D528, L: L_MULT
L_MULT2				= D52F, L: L_MULT
L_NE				= D532, G: L_NE
L_NEG				= D539, G: L_NEG
L_OR				= D541, G: L_OR
L_PINT				= D548, G: L_PINT
L_SXT				= D54E, G: L_SXT
L_SXT				= D4EC, L: L_GCHAR
L_UGE				= D553, G: L_UGE
L_ULE				= D55B, G: L_ULE
L_ULT				= D563, G: L_ULT
MAIN_LOOP			= C969, L: MK1
MASKNOROTATE			= ED55, L: SPUPDATENOW
MUSICDATA			= CC2C, L: MK1
MUSICSTART			= C911, L: MK1
MVCOLLOOP			= E323, L: SPMOVESPRABS
MVROWLOOP			= E329, L: SPMOVESPRABS
NEXTDATA			= A09F, L: MK1
NEXTRAND			= A53E, L: MK1
NEXTSCANROW			= E6EE, L: SPGETKEY
NEXT_PATTERN			= C955, L: MK1
NOADD				= E849, L: SPINITIALIZE
NOCAPS				= E72C, L: SPGETKEY
NODEC1				= E3B3, L: SPMOVESPRABS
NOFIRE				= EA9E, L: SPJOYKEYBOARD
NOINC				= EAFA, L: SPTILEENTRY
NOINC				= E47E, L: SPTBLLOOKUP
NOINC1				= EB37, L: SPUPDATENOW
NOINC1				= E4F3, L: SPADDCOLSPR
NOINC1				= E34B, L: SPMOVESPRABS
NOINC1				= E19B, L: SPINVALIDATE
NOINC10				= EBEE, L: SPUPDATENOW
NOINC11				= EB91, L: SPUPDATENOW
NOINC2				= E384, L: SPMOVESPRABS
NOINC2				= E1AE, L: SPINVALIDATE
NOINC3				= E3A5, L: SPMOVESPRABS
NOINC3				= E1BF, L: SPINVALIDATE
NOINC4				= E3BF, L: SPMOVESPRABS
NOINC5				= E425, L: SPMOVESPRABS
NOKEYS				= E73A, L: SPGETKEY
NOMORESPRITES			= ED47, L: SPUPDATENOW
NONEXT1				= E35F, L: SPMOVESPRABS
NONEXT2				= E3CC, L: SPMOVESPRABS
NOPRESS				= EAA9, L: SPJOYKEYBOARD
NOPRESS				= E6E9, L: SPGETKEY
NOSYM				= E737, L: SPGETKEY
NOTACROSSBLK1			= EB2F, L: SPUPDATENOW
NOTACROSSBLK2			= EB7F, L: SPUPDATENOW
NOTCOMPRESS			= E673, L: SPCREATESPR
NOTDISPLAYED			= E3CC, L: SPMOVESPRABS
NOTDONE				= E333, L: SPMOVESPRABS
NOTE_PTR			= CBA0, L: MK1
NOTINDLIST			= E35F, L: SPMOVESPRABS
NOTLOAD				= EBE3, L: SPUPDATENOW
NOTNEGATIVE			= E414, L: SPMOVESPRABS
NO_PATTERN_LOOP			= C960, L: MK1
ORNOROTATE			= EF6B, L: SPUPDATENOW
ORTYPE				= EEE5, L: SPUPDATENOW
OTHER				= CA15, L: MK1
OUT_1				= CA59, L: MK1
OUT_2				= CA63, L: MK1
PAT0				= CC44, L: MK1
PAT1				= CCF3, L: MK1
PATTERNDATA			= CC3C, L: MK1
PATTERN_ADDR			= CB9D, L: MK1
PATTERN_LOOP_BEGIN		= C95F, L: MK1
PATTERN_LOOP_END		= C95B, L: MK1
PATTERN_PTR			= CB9F, L: MK1
PDLOOP				= E37C, L: SPMOVESPRABS
PLAYBASIC			= A03C, L: MK1
PLAYER				= C935, L: MK1
PLAYER_WAIT_KEY			= CA6B, L: MK1
PLAY_NOTE			= CA64, L: MK1
PRINT_STR_LOOP			= A3C1, L: MK1
PRINT_STR_NO_INC_A		= A3D5, L: MK1
PUTHERE				= E396, L: SPMOVESPRABS
RAND16				= A522, L: MK1
READDATA			= A061, L: MK1
READ_LOOP			= C96C, L: MK1
REENTER				= EB37, L: SPUPDATENOW
RENDER				= CA42, L: MK1
REPITATODO			= A576, L: MK1
ROTLP				= E81E, L: SPINITIALIZE
ROTTBLLP			= E814, L: SPINITIALIZE
SCANLOOP			= E6D5, L: SPGETKEY
SET_NOTE2			= C9DD, L: MK1
SET_STOP			= C9F1, L: MK1
SET_STOP2			= CA0A, L: MK1
SFXDATA				= A111, L: MK1
SFXRN0				= A0E9, L: MK1
SFXRN1				= A0ED, L: MK1
SFXRN2				= A0FD, L: MK1
SFXROUTINENOISE			= A0E2, L: MK1
SFXROUTINENOISEBORDER		= A0F0, L: MK1
SFXROUTINESAMPLE		= A081, L: MK1
SFXROUTINESAMPLEBORDER		= A091, L: MK1
SFXROUTINETONE			= A0A3, L: MK1
SFXROUTINETONEBORDER		= A0BD, L: MK1
SFXROUTINETONEDUTY		= A0B8, L: MK1
SFXRS0				= A082, L: MK1
SFXRS1				= A086, L: MK1
SFXRS2				= A089, L: MK1
SFXRT0				= A0B2, L: MK1
SFXRT1				= A0B6, L: MK1
SINC1TBL			= EAC3, L: SPJOYSINCLAIR1
SKIP				= E716, L: SPGETKEY
SKIP1				= E435, L: SPMOVESPRABS
SKIP2				= E445, L: SPMOVESPRABS
SKIPUPDATECOL			= ED52, L: SPUPDATENOW
SKIP_CH1			= CA35, L: MK1
SKIP_SPRITE_UPDATE		= ED19, L: SPUPDATENOW
SOUNDEFFECT0DATA		= A125, L: MK1
SOUNDEFFECT1DATA		= A134, L: MK1
SOUNDEFFECT2DATA		= A143, L: MK1
SOUNDEFFECT3DATA		= A14F, L: MK1
SOUNDEFFECT4DATA		= A15B, L: MK1
SOUNDEFFECT5DATA		= A175, L: MK1
SOUNDEFFECT6DATA		= A181, L: MK1
SOUNDEFFECT7DATA		= A189, L: MK1
SOUNDEFFECT8DATA		= A1AB, L: MK1
SOUNDEFFECT9DATA		= A1B3, L: MK1
SOUNDEFFECTSDATA		= A111, L: MK1
SOUND_PLAY			= A03E, L: MK1
SPADDCOLSPR			= E49B, G: SPADDCOLSPR
SPADDMEMORY			= E576, G: SPADDMEMORY
SPALLOC				= E5C7, G: SPBLOCKALLOC
SPBIT2MASK			= E470, G: SPBIT2MASK
SPBITLEFT2MASK			= E1CD, G: SPBITLEFT2MASK
SPBITRIGHT2MASK			= E1D5, G: SPBITRIGHT2MASK
SPBLOCKALLOC			= E5BD, G: SPBLOCKALLOC
SPBORDER			= E5E2, G: SPBORDER
SPBORDERCLR			= E5E1, G: SPBORDER
SPCOMPDIRTYADDR			= E1DD, G: SPCOMPDIRTYADDR
SPCOMPDLISTADDR			= D569, G: SPCOMPDLISTADDR
SPCREATESPR			= E602, G: SPCREATESPR
SPDELETESPR			= E543, G: SPDELETESPR
SPDIRTYCHARS			= E1F2, G: SPDIRTYCHARS
SPDISPLAYLIST			= D57A, G: SPDISPLAYLIST
SPDSLOOP			= E554, G: SPDELETESPR
SPFB1				= E597, G: SPFREEBLOCK
SPFB2				= E5A2, G: SPFREEBLOCK
SPFREEBLOCK			= E592, G: SPFREEBLOCK
SPGETKEY			= E6CE, G: SPGETKEY
SPINITIALIZE			= E7EE, G: SPINITIALIZE
SPINKEY				= E6BD, G: SPGETKEY
SPINTRECT			= E252, G: SPINTRECT
SPINTSMALLIVAL			= E283, G: SPINTRECT
SPINVALIDATE			= E17A, G: SPINVALIDATE
SPINVALIDATEP			= E182, G: SPINVALIDATE
SPJOYKEMPSTON			= EA58, G: SPJOYKEMPSTON
SPJOYKEYBOARD			= EA91, G: SPJOYKEYBOARD
SPJOYSINCLAIR1			= EAB7, G: SPJOYSINCLAIR1
SPKEYDEBOUNCE			= E6BA, G: SPGETKEY
SPKEYREPEATPERIOD		= E6BC, G: SPGETKEY
SPKEYSTARTREPEAT		= E6BB, G: SPGETKEY
SPKEYTRANSTBL			= E742, G: SPKEYTRANSTBL
SPMOVESPRABS			= E2BD, G: SPMOVESPRABS
SPMOVESPRABSC			= E2E4, G: SPMOVESPRABS
SPMOVESPRABSNC			= E2CB, G: SPMOVESPRABS
SPNULLSPRPTR			= E448, G: SPNULLSPRPTR
SPPRINTATINV			= E458, G: SPPRINTATINV
SPPTINSMALLIVAL			= E2A8, G: SPINTRECT
SPQUEUETABLE			= E5AD, G: SPQUEUETABLE
SPRITELOOP			= EC03, L: SPUPDATENOW
SPTBLLOOKUP			= E478, G: SPTBLLOOKUP
SPTILEARRAY			= E851, G: SPTILEARRAY
SPTILEENTRY			= EAF1, G: SPTILEENTRY
SPUPDATENOW			= EB13, G: SPUPDATENOW
SPWAITFORNOKEY			= EFAA, G: SPWAITFORNOKEY
SP_ADDCOLSPR			= E480, G: SP_ADDCOLSPR
SP_ADDMEMORY			= E55D, G: SP_ADDMEMORY
SP_BLOCKALLOC			= E5AF, G: SP_BLOCKALLOC
SP_BORDER			= E5D8, G: SP_BORDER
SP_CREATESPR			= E5EA, G: SP_CREATESPR
SP_FREEBLOCK			= E6A2, G: SP_FREEBLOCK
SP_GETKEY			= E6AD, G: SP_GETKEY
SP_INITIALIZE			= E7E2, G: SP_INITIALIZE
SP_JOYKEMPSTON			= EA51, G: SP_JOYKEMPSTON
SP_JOYKEYBOARD			= EA83, G: SP_JOYKEYBOARD
SP_JOYSINCLAIR1			= EAB0, G: SP_JOYSINCLAIR1
SP_TILEARRAY			= EAE3, G: SP_TILEARRAY
SP_UPDATENOW			= EB02, G: SP_UPDATENOW
SP_UPDATENOWEX			= EF9D, G: SP_UPDATENOWEX
SP_WAITFORNOKEY			= EFA6, G: SP_WAITFORNOKEY
START				= 5DC0, L: ZX82_CRT0
STATE				= E6B8, L: SPGETKEY
TEMPCOLOUR			= EB10, L: SPUPDATENOW
TEMPGRAPHIC			= EB08, L: SPUPDATENOW
TILEONLY			= EB86, L: SPUPDATENOW
TOOMANYKEYS			= E73A, L: SPGETKEY
TRYOTHERWAY			= E297, L: SPINTRECT
UPDATE_ATTRS			= EB11, G: SPUPDATENOW
USERTILE			= E84C, L: SPINITIALIZE
VPCLIPSTRUCT			= 5DD0, L: MK1
XINSCREEN			= E30C, L: SPMOVESPRABS
XORNOROTATE			= EEB3, L: SPUPDATENOW
XORTYPE				= EE2D, L: SPUPDATENOW
YINSCREEN			= E2FC, L: SPMOVESPRABS
_ABS				= A54B, G: MK1
_ACTIVE				= CF9B, G: MK1
_ADDSIGN			= ABAC, G: MK1
_ADVANCE_WORM_NO_INC_Y		= AE5A, L: MK1
_AD_FREE			= D01E, G: MK1
_AMMO_OLD			= CFEA, G: MK1
_ASM_INT			= D458, G: MK1
_ASM_INT_2			= CFF1, G: MK1
_ASM_NUMBER			= CFFF, G: MK1
_AT1				= D008, G: MK1
_AT2				= D009, G: MK1
_ATTR				= A1D8, G: MK1
_BEEP_FX			= A1BF, G: MK1
_BEHS				= 7B99, G: MK1
_BEHS_0_1			= 9FEB, G: MK1
_BEHS_2				= 9FFD, G: MK1
_BLACKOUT			= 67DB, G: MK1
_BLACKOUT_AREA			= A3E3, G: MK1
_BLX				= D013, G: MK1
_BLY				= D014, G: MK1
_BREAK_WALL			= A596, G: MK1
_BULLETS_ESTADO			= CFA7, G: MK1
_BULLETS_FIRE			= A670, G: MK1
_BULLETS_INIT			= A606, G: MK1
_BULLETS_MOVE			= A6FC, G: MK1
_BULLETS_MX			= CEE7, G: MK1
_BULLETS_MY			= CEEA, G: MK1
_BULLETS_UPDATE			= A631, G: MK1
_BULLETS_X			= CFD2, G: MK1
_BULLETS_Y			= CFD5, G: MK1
_B_IT				= CFC5, G: MK1
_CERROJOS			= 7101, G: MK1
_CLEAR_SPRITES			= A3F9, G: MK1
_CM_TWO_POINTS			= A4C5, G: MK1
_CM_TWO_POINTS_AT1_DO		= A4D6, L: MK1
_CM_TWO_POINTS_AT1_DONE		= A4F0, L: MK1
_CM_TWO_POINTS_AT1_RESET	= A4D3, L: MK1
_CM_TWO_POINTS_AT2_DO		= A504, L: MK1
_CM_TWO_POINTS_AT2_DONE		= A51E, L: MK1
_CM_TWO_POINTS_AT2_RESET	= A501, L: MK1
_COCOS_MX			= D43A, G: MK1
_COCOS_MY			= D43D, G: MK1
_COCOS_X			= D451, G: MK1
_COCOS_Y			= D454, G: MK1
_COLLIDE			= A464, G: MK1
_CORTINA			= A562, G: MK1
_CX1				= D00B, G: MK1
_CX2				= D00C, G: MK1
_CY1				= D00D, G: MK1
_CY2				= D00E, G: MK1
_DECOS_BOMBS			= 5E07, G: MK1
_DECOS_COMPUTER			= 5DFA, G: MK1
_DECOS_MOTO			= 5E12, G: MK1
_DRAW_COLOURED_TILE		= A254, G: MK1
_DRAW_COLOURED_TILE_GAMEAREA	= A2C5, G: MK1
_DRAW_DECORATIONS		= A2F3, G: MK1
_DRAW_DECORATIONS_LOOP		= A2F6, L: MK1
_DRAW_INVALIDATE_COLOURED_TILE_G= A2BE, G: MK1
_DRAW_OBJS			= A3A7, G: MK1
_DRAW_SCR			= AE61, G: MK1
_DRAW_SCR_BACKGROUND		= ADA0, G: MK1
_DRAW_SCR_PACKED_ALT		= AE26, L: MK1
_DRAW_SCR_PACKED_ALT_SUBST	= AE34, L: MK1
_DRAW_SCR_PACKED_DONE		= AE0A, L: MK1
_DRAW_SCR_PACKED_EXISTING	= AE05, L: MK1
_DRAW_SCR_PACKED_NEW		= ADF0, L: MK1
_DRAW_SCR_PACKED_NOALT		= AE39, L: MK1
_EIJ_RAWV_SET			= BCE5, L: MK1
_EIJ_STATE_APPEARING		= BD04, L: MK1
_EIJ_STATE_DONE			= BDAB, L: MK1
_EIJ_STATE_IDLE			= BCB0, L: MK1
_EIJ_STATE_MOVING		= BD2E, L: MK1
_EIJ_STATE_MOVING_X		= BD41, L: MK1
_EIJ_STATE_MOVING_X_LEFT	= BD5D, L: MK1
_EIJ_STATE_MOVING_X_RIGHT	= BD55, L: MK1
_EIJ_STATE_MOVING_X_SET		= BD65, L: MK1
_EIJ_STATE_MOVING_Y		= BD76, L: MK1
_EIJ_STATE_MOVING_Y_DOWN	= BD8A, L: MK1
_EIJ_STATE_MOVING_Y_SET		= BD9A, L: MK1
_EIJ_STATE_MOVING_Y_UP		= BD92, L: MK1
_EIJ_STATE_STILL_APPEARING	= BD1D, L: MK1
_EIJ_STATE_STILL_IDLE		= BCFF, L: MK1
_ENEMS_DRAW_CURRENT		= B91F, G: MK1
_ENEMS_HOTSPOTS_0		= 9B26, G: MK1
_ENEMS_HOTSPOTS_1		= 9CE1, G: MK1
_ENEMS_HOTSPOTS_2		= 9E71, G: MK1
_ENEMS_KILL			= BB1F, G: MK1
_ENEMS_LM_CHANGE_AXIS_X		= BC36, L: MK1
_ENEMS_LM_CHANGE_AXIS_X_DONE	= BC3E, L: MK1
_ENEMS_LM_CHANGE_AXIS_Y		= BC5D, L: MK1
_ENEMS_LM_CHANGE_AXIS_Y_DONE	= BC65, L: MK1
_ENEMS_LOAD			= B9B1, G: MK1
_ENEMS_MOVE			= BB4F, G: MK1
_ENEMS_MOVE_UPDATE_FRAME_DONE	= BDFC, L: MK1
_ENEMS_PURSUERS_INIT		= B8F8, G: MK1
_ENEM_FRAMES			= AA30, G: MK1
_ENIT				= CFE1, G: MK1
_ENOFFS				= CFC4, G: MK1
_ENOFFSMASI			= D44A, G: MK1
_EN_AN_ALIVE			= D44D, G: MK1
_EN_AN_BASE_FRAME		= CEED, G: MK1
_EN_AN_COUNT			= D467, G: MK1
_EN_AN_CURRENT_FRAME		= CFB4, G: MK1
_EN_AN_DEAD_ROW			= D010, G: MK1
_EN_AN_FRAME			= D461, G: MK1
_EN_AN_NEXT_FRAME		= D002, G: MK1
_EN_AN_RAWV			= CFCC, G: MK1
_EN_AN_STATE			= CEF9, G: MK1
_ESPERA_ACTIVA			= ABC6, G: MK1
_FLAGS				= CEFC, G: MK1
_FONT				= 67E9, G: MK1
_GAME_ENDING			= AA73, G: MK1
_GAME_OVER			= AAF0, G: MK1
_GEN_PT				= CFAC, G: MK1
_GPAUX				= CF04, G: MK1
_GPC				= D015, G: MK1
_GPCX				= CFE5, G: MK1
_GPCY				= CFE6, G: MK1
_GPD				= D016, G: MK1
_GPEN_CX			= CEE1, G: MK1
_GPEN_CY			= CEE2, G: MK1
_GPEN_X				= CFD9, G: MK1
_GPEN_Y				= CFDA, G: MK1
_GPIT				= CFE7, G: MK1
_GPJT				= CFE8, G: MK1
_GPOX				= CFEC, G: MK1
_GPT				= D018, G: MK1
_GPX				= D440, G: MK1
_GPXX				= CFF7, G: MK1
_GPY				= D441, G: MK1
_GPYY				= CFF8, G: MK1
_HALF_LIFE			= CEF4, G: MK1
_HIT				= D017, G: MK1
_HIT_H				= CF01, G: MK1
_HIT_V				= CF02, G: MK1
_HOTSPOTS			= 7B51, G: MK1
_HOTSPOTS_DO			= BFA6, G: MK1
_HOTSPOTS_SETUP_DO		= AE9D, L: MK1
_HOTSPOTS_SETUP_DONE		= AED7, L: MK1
_HOTSPOTS_SETUP_SET		= AECF, L: MK1
_HOTSPOTS_SETUP_SET_REFILL	= AECE, L: MK1
_HOTSPOT_X			= CEF2, G: MK1
_HOTSPOT_Y			= CEF3, G: MK1
_INVALIDATE_TILE		= A29A, G: MK1
_INVALIDATE_VIEWPORT		= A2AE, G: MK1
_IS_RENDERING			= D450, G: MK1
_ITJ				= D444, G: MK1
_JOYFUNC			= 5DD8, G: MK1
_JOYFUNCS			= 5DDA, G: MK1
_KEYS				= 5DC6, G: MK1
_KEYS_OLD			= D446, G: MK1
_KILLED_OLD			= CF03, G: MK1
_LAME_SOUND			= AA40, G: MK1
_LEVEL				= CF9D, G: MK1
_LEVELS				= A012, G: MK1
_LEVEL_DATA			= 69E9, G: MK1
_LEVEL_STR			= 5DF0, G: MK1
_LIFE_OLD			= CFA6, G: MK1
_MAIN				= C0DA, G: MK1
_MAINCOUNTER			= CFFA, G: MK1
_MALOTES			= 7881, G: MK1
_MAPA				= 69F9, G: MK1
_MAP_ATTR			= CF05, G: MK1
_MAP_BOLTS_0			= 8639, G: MK1
_MAP_BOLTS_1			= 8AA1, G: MK1
_MAP_BOLTS_2			= 8E91, G: MK1
_MAP_POINTER			= CEF7, G: MK1
_MONS_COL_SC_X			= B018, G: MK1
_MONS_COL_SC_Y			= B08D, G: MK1
_MY_MALLOC			= 5DE0, G: MK1
_N_PANT				= CFDD, G: MK1
_OBJS_OLD			= CFF9, G: MK1
_OPEN_LOCKS_DO			= AEF0, L: MK1
_OPEN_LOCKS_DONE		= AF18, L: MK1
_OPEN_LOCKS_LOOP		= AEDC, L: MK1
_ORIG_TILE			= D460, G: MK1
_O_PANT				= CFDF, G: MK1
_PAD0				= CFDB, G: MK1
_PLAYER_CALC_BOUNDING_BOX	= B157, G: MK1
_PLAYER_FRAMES			= AA20, G: MK1
_PLAYER_INIT			= B102, G: MK1
_PLAYER_KILL			= B8D1, G: MK1
_PLAYER_MOVE			= B198, G: MK1
_PLAYING			= CFEB, G: MK1
_POSSEE				= D45F, G: MK1
_PREGOTTEN			= CF00, G: MK1
_PREPARE_LEVEL			= A900, G: MK1
_PRINT_NUMBER2			= A358, G: MK1
_PRINT_STR			= A3BE, G: MK1
_PROCESS_TILE			= ABFE, G: MK1
_PTGMX				= CFB0, G: MK1
_PTGMY				= CFB2, G: MK1
_PTX1				= CFFB, G: MK1
_PTX2				= CFFC, G: MK1
_PTY1				= CFFD, G: MK1
_PTY2				= CFFE, G: MK1
_P_AMMO				= CFD8, G: MK1
_P_CONT_SALTO			= CFDE, G: MK1
_P_CT_ESTADO			= CF9C, G: MK1
_P_CURRENT_FRAME		= CFAE, G: MK1
_P_DISPARANDO			= D46A, G: MK1
_P_ESTADO			= CFCF, G: MK1
_P_FACING			= CEFE, G: MK1
_P_FACING_H			= D45A, G: MK1
_P_FACING_V			= D45D, G: MK1
_P_FRAME			= CEFF, G: MK1
_P_FUEL				= CFE2, G: MK1
_P_GOTTEN			= CFE4, G: MK1
_P_KEYS				= CFE9, G: MK1
_P_KILLED			= CFD1, G: MK1
_P_KILLME			= CFDC, G: MK1
_P_LIFE				= CFE0, G: MK1
_P_NEXT_FRAME			= D000, G: MK1
_P_OBJS				= CFE3, G: MK1
_P_SALTANDO			= D45E, G: MK1
_P_SUBFRAME			= D00F, G: MK1
_P_TX				= CFEF, G: MK1
_P_TY				= CFF0, G: MK1
_P_VX				= CFF3, G: MK1
_P_VY				= CFF5, G: MK1
_P_X				= D01C, G: MK1
_P_Y				= D438, G: MK1
_QTILE				= A228, G: MK1
_RAM_ADDRESS			= D46D, G: MK1
_RAM_DESTINATION		= D465, G: MK1
_RAND				= A522, G: MK1
_RDA				= D019, G: MK1
_RDB				= D01A, G: MK1
_RDC				= D01B, G: MK1
_RDD				= D442, G: MK1
_RDN				= D443, G: MK1
_RDX				= D447, G: MK1
_RDY				= D448, G: MK1
_SEED				= CFED, G: MK1
_SELECT_JOYFUNC			= AFDC, G: MK1
_SIMPLE_COCO_INIT		= A815, G: MK1
_SIMPLE_COCO_SHOOT		= A846, G: MK1
_SIMPLE_COCO_UPDATE		= A885, G: MK1
_SIMPLE_COCO_UPDATE_CONTINUE	= A8E6, L: MK1
_SIMPLE_COCO_UPDATE_DO		= A8B9, L: MK1
_SIMPLE_COCO_UPDATE_DONE	= A8FC, L: MK1
_SIMPLE_COCO_UPDATE_KEEP_GOING	= A8E6, L: MK1
_SLEVEL				= D457, G: MK1
_SPACER				= 5DED, G: MK1
_SPRITES			= 7BC9, G: MK1
_SPRITE_10_A			= 80E9, G: MK1
_SPRITE_10_B			= 8119, G: MK1
_SPRITE_10_C			= 8149, G: MK1
_SPRITE_11_A			= 8179, G: MK1
_SPRITE_11_B			= 81A9, G: MK1
_SPRITE_11_C			= 81D9, G: MK1
_SPRITE_12_A			= 8209, G: MK1
_SPRITE_12_B			= 8239, G: MK1
_SPRITE_12_C			= 8269, G: MK1
_SPRITE_13_A			= 8299, G: MK1
_SPRITE_13_B			= 82C9, G: MK1
_SPRITE_13_C			= 82F9, G: MK1
_SPRITE_14_A			= 8329, G: MK1
_SPRITE_14_B			= 8359, G: MK1
_SPRITE_14_C			= 8389, G: MK1
_SPRITE_15_A			= 83B9, G: MK1
_SPRITE_15_B			= 83E9, G: MK1
_SPRITE_15_C			= 8419, G: MK1
_SPRITE_16_A			= 8449, G: MK1
_SPRITE_16_B			= 8479, G: MK1
_SPRITE_16_C			= 84A9, G: MK1
_SPRITE_17_A			= 84D9, G: MK1
_SPRITE_18_A			= 8569, G: MK1
_SPRITE_18_B			= 8599, L: MK1
_SPRITE_18_C			= 85C9, L: MK1
_SPRITE_19_A			= 85F9, G: MK1
_SPRITE_1_A			= 7BD9, G: MK1
_SPRITE_1_B			= 7C09, G: MK1
_SPRITE_1_C			= 7C39, G: MK1
_SPRITE_2_A			= 7C69, G: MK1
_SPRITE_2_B			= 7C99, G: MK1
_SPRITE_2_C			= 7CC9, G: MK1
_SPRITE_3_A			= 7CF9, G: MK1
_SPRITE_3_B			= 7D29, G: MK1
_SPRITE_3_C			= 7D59, G: MK1
_SPRITE_4_A			= 7D89, G: MK1
_SPRITE_4_B			= 7DB9, G: MK1
_SPRITE_4_C			= 7DE9, G: MK1
_SPRITE_5_A			= 7E19, G: MK1
_SPRITE_5_B			= 7E49, G: MK1
_SPRITE_5_C			= 7E79, G: MK1
_SPRITE_6_A			= 7EA9, G: MK1
_SPRITE_6_B			= 7ED9, G: MK1
_SPRITE_6_C			= 7F09, G: MK1
_SPRITE_7_A			= 7F39, G: MK1
_SPRITE_7_B			= 7F69, G: MK1
_SPRITE_7_C			= 7F99, G: MK1
_SPRITE_8_A			= 7FC9, G: MK1
_SPRITE_8_B			= 7FF9, G: MK1
_SPRITE_8_C			= 8029, G: MK1
_SPRITE_9_A			= 8059, G: MK1
_SPRITE_9_B			= 8089, G: MK1
_SPRITE_9_C			= 80B9, G: MK1
_SP_BULLETS			= CFBC, G: MK1
_SP_COCOS			= CFC6, G: MK1
_SP_MOVILES			= CEDB, G: MK1
_SP_PLAYER			= CFBA, G: MK1
_SUCCESS			= D464, G: MK1
_S_ENDING			= 63B2, G: MK1
_S_MARCO			= 63B2, G: MK1
_S_TITLE			= 5ED6, G: MK1
_TILESET			= 7181, G: MK1
_TILESET_0			= 91C9, G: MK1
_TILESET_1			= 9504, G: MK1
_TILESET_2			= 9829, G: MK1
_TOCADO				= D44C, G: MK1
_UNPACK				= 5EBA, G: MK1
_UPDATE_TILE			= A327, G: MK1
_UTAUX				= A326, G: MK1
_U_FREE				= 5DEB, G: MK1
_U_MALLOC			= 5DE9, G: MK1
_WALL_H				= D449, G: MK1
_WALL_V				= D44B, G: MK1
_WARP_TO_LEVEL			= 5DEF, G: MK1
_X0				= CF9E, G: MK1
_X1				= CFA0, G: MK1
_Y0				= CF9F, G: MK1
_Y1				= CFA1, G: MK1
_ZONE_CLEAR			= AB53, G: MK1
__BADDIES_POINTER		= D45B, G: MK1
__BMXO				= A668, G: MK1
__BMYO				= A66C, G: MK1
__BXO				= A660, G: MK1
__BYO				= A664, G: MK1
__B_ESTADO			= CFD0, G: MK1
__B_MX				= D46B, G: MK1
__B_MY				= D46C, G: MK1
__B_X				= CFC2, G: MK1
__B_Y				= CFC3, G: MK1
__DX				= 5DF2, G: MK1
__DY				= 5DF6, G: MK1
__EN_CX				= CEF0, G: MK1
__EN_CY				= CEF1, G: MK1
__EN_LIFE			= D00A, G: MK1
__EN_MX				= CEF5, G: MK1
__EN_MY				= CEF6, G: MK1
__EN_T				= CED8, G: MK1
__EN_X				= CED9, G: MK1
__EN_X1				= CEE3, G: MK1
__EN_X2				= CEE5, G: MK1
__EN_Y				= CEDA, G: MK1
__EN_Y1				= CEE4, G: MK1
__EN_Y2				= CEE6, G: MK1
__GP_GEN			= CFAA, G: MK1
__N				= CFA2, G: MK1
__T				= CFA3, G: MK1
__X				= CFA4, G: MK1
__Y				= CFA5, G: MK1


START				= 5DC0, L: ZX82_CRT0
_KEYS				= 5DC6, G: MK1
VPCLIPSTRUCT			= 5DD0, L: MK1
FSCLIPSTRUCT			= 5DD4, L: MK1
_JOYFUNC			= 5DD8, G: MK1
_JOYFUNCS			= 5DDA, G: MK1
_MY_MALLOC			= 5DE0, G: MK1
_U_MALLOC			= 5DE9, G: MK1
_U_FREE				= 5DEB, G: MK1
_SPACER				= 5DED, G: MK1
_WARP_TO_LEVEL			= 5DEF, G: MK1
_LEVEL_STR			= 5DF0, G: MK1
__DX				= 5DF2, G: MK1
__DY				= 5DF6, G: MK1
_DECOS_COMPUTER			= 5DFA, G: MK1
_DECOS_BOMBS			= 5E07, G: MK1
_DECOS_MOTO			= 5E12, G: MK1
DEPACK				= 5E17, L: MK1
APBRANCH1			= 5E1A, L: MK1
APLOOP0				= 5E1C, L: MK1
APLOOP				= 5E1F, L: MK1
APGET4BITS			= 5E32, L: MK1
APWRITEBYTE			= 5E3C, L: MK1
APBRANCH4			= 5E40, L: MK1
APBRANCH3			= 5E49, L: MK1
APBRANCH2			= 5E5D, L: MK1
APSKIP2				= 5E7C, L: MK1
APSKIP3				= 5E85, L: MK1
AP_FINISHUP			= 5E88, L: MK1
AP_FINISHUP2			= 5E8B, L: MK1
AP_R0_GAMMA			= 5E92, L: MK1
AP_GETBIT			= 5E9E, L: MK1
AP_GETGAMMA			= 5EAA, L: MK1
AP_GETGAMMALOOP			= 5EAD, L: MK1
_UNPACK				= 5EBA, G: MK1
_S_TITLE			= 5ED6, G: MK1
_S_ENDING			= 63B2, G: MK1
_S_MARCO			= 63B2, G: MK1
_BLACKOUT			= 67DB, G: MK1
_FONT				= 67E9, G: MK1
_LEVEL_DATA			= 69E9, G: MK1
_MAPA				= 69F9, G: MK1
_CERROJOS			= 7101, G: MK1
_TILESET			= 7181, G: MK1
_MALOTES			= 7881, G: MK1
_HOTSPOTS			= 7B51, G: MK1
_BEHS				= 7B99, G: MK1
_SPRITES			= 7BC9, G: MK1
_SPRITE_1_A			= 7BD9, G: MK1
_SPRITE_1_B			= 7C09, G: MK1
_SPRITE_1_C			= 7C39, G: MK1
_SPRITE_2_A			= 7C69, G: MK1
_SPRITE_2_B			= 7C99, G: MK1
_SPRITE_2_C			= 7CC9, G: MK1
_SPRITE_3_A			= 7CF9, G: MK1
_SPRITE_3_B			= 7D29, G: MK1
_SPRITE_3_C			= 7D59, G: MK1
_SPRITE_4_A			= 7D89, G: MK1
_SPRITE_4_B			= 7DB9, G: MK1
_SPRITE_4_C			= 7DE9, G: MK1
_SPRITE_5_A			= 7E19, G: MK1
_SPRITE_5_B			= 7E49, G: MK1
_SPRITE_5_C			= 7E79, G: MK1
_SPRITE_6_A			= 7EA9, G: MK1
_SPRITE_6_B			= 7ED9, G: MK1
_SPRITE_6_C			= 7F09, G: MK1
_SPRITE_7_A			= 7F39, G: MK1
_SPRITE_7_B			= 7F69, G: MK1
_SPRITE_7_C			= 7F99, G: MK1
_SPRITE_8_A			= 7FC9, G: MK1
_SPRITE_8_B			= 7FF9, G: MK1
_SPRITE_8_C			= 8029, G: MK1
_SPRITE_9_A			= 8059, G: MK1
_SPRITE_9_B			= 8089, G: MK1
_SPRITE_9_C			= 80B9, G: MK1
_SPRITE_10_A			= 80E9, G: MK1
_SPRITE_10_B			= 8119, G: MK1
_SPRITE_10_C			= 8149, G: MK1
_SPRITE_11_A			= 8179, G: MK1
_SPRITE_11_B			= 81A9, G: MK1
_SPRITE_11_C			= 81D9, G: MK1
_SPRITE_12_A			= 8209, G: MK1
_SPRITE_12_B			= 8239, G: MK1
_SPRITE_12_C			= 8269, G: MK1
_SPRITE_13_A			= 8299, G: MK1
_SPRITE_13_B			= 82C9, G: MK1
_SPRITE_13_C			= 82F9, G: MK1
_SPRITE_14_A			= 8329, G: MK1
_SPRITE_14_B			= 8359, G: MK1
_SPRITE_14_C			= 8389, G: MK1
_SPRITE_15_A			= 83B9, G: MK1
_SPRITE_15_B			= 83E9, G: MK1
_SPRITE_15_C			= 8419, G: MK1
_SPRITE_16_A			= 8449, G: MK1
_SPRITE_16_B			= 8479, G: MK1
_SPRITE_16_C			= 84A9, G: MK1
_SPRITE_17_A			= 84D9, G: MK1
_SPRITE_18_A			= 8569, G: MK1
_SPRITE_18_B			= 8599, L: MK1
_SPRITE_18_C			= 85C9, L: MK1
_SPRITE_19_A			= 85F9, G: MK1
_MAP_BOLTS_0			= 8639, G: MK1
_MAP_BOLTS_1			= 8AA1, G: MK1
_MAP_BOLTS_2			= 8E91, G: MK1
_TILESET_0			= 91C9, G: MK1
_TILESET_1			= 9504, G: MK1
_TILESET_2			= 9829, G: MK1
_ENEMS_HOTSPOTS_0		= 9B26, G: MK1
_ENEMS_HOTSPOTS_1		= 9CE1, G: MK1
_ENEMS_HOTSPOTS_2		= 9E71, G: MK1
_BEHS_0_1			= 9FEB, G: MK1
_BEHS_2				= 9FFD, G: MK1
_LEVELS				= A012, G: MK1
PLAYBASIC			= A03C, L: MK1
SOUND_PLAY			= A03E, L: MK1
READDATA			= A061, L: MK1
SFXROUTINESAMPLE		= A081, L: MK1
SFXRS0				= A082, L: MK1
SFXRS1				= A086, L: MK1
SFXRS2				= A089, L: MK1
SFXROUTINESAMPLEBORDER		= A091, L: MK1
NEXTDATA			= A09F, L: MK1
SFXROUTINETONE			= A0A3, L: MK1
SFXRT0				= A0B2, L: MK1
SFXRT1				= A0B6, L: MK1
SFXROUTINETONEDUTY		= A0B8, L: MK1
SFXROUTINETONEBORDER		= A0BD, L: MK1
SFXROUTINENOISE			= A0E2, L: MK1
SFXRN0				= A0E9, L: MK1
SFXRN1				= A0ED, L: MK1
SFXROUTINENOISEBORDER		= A0F0, L: MK1
SFXRN2				= A0FD, L: MK1
SOUNDEFFECTSDATA		= A111, L: MK1
SFXDATA				= A111, L: MK1
SOUNDEFFECT0DATA		= A125, L: MK1
SOUNDEFFECT1DATA		= A134, L: MK1
SOUNDEFFECT2DATA		= A143, L: MK1
SOUNDEFFECT3DATA		= A14F, L: MK1
SOUNDEFFECT4DATA		= A15B, L: MK1
SOUNDEFFECT5DATA		= A175, L: MK1
SOUNDEFFECT6DATA		= A181, L: MK1
SOUNDEFFECT7DATA		= A189, L: MK1
SOUNDEFFECT8DATA		= A1AB, L: MK1
SOUNDEFFECT9DATA		= A1B3, L: MK1
_BEEP_FX			= A1BF, G: MK1
_ATTR				= A1D8, G: MK1
I_18				= A1F8, L: MK1
I_17				= A1FC, L: MK1
_QTILE				= A228, G: MK1
_DRAW_COLOURED_TILE		= A254, G: MK1
_INVALIDATE_TILE		= A29A, G: MK1
_INVALIDATE_VIEWPORT		= A2AE, G: MK1
_DRAW_INVALIDATE_COLOURED_TILE_G= A2BE, G: MK1
_DRAW_COLOURED_TILE_GAMEAREA	= A2C5, G: MK1
_DRAW_DECORATIONS		= A2F3, G: MK1
_DRAW_DECORATIONS_LOOP		= A2F6, L: MK1
_UTAUX				= A326, G: MK1
_UPDATE_TILE			= A327, G: MK1
_PRINT_NUMBER2			= A358, G: MK1
_DRAW_OBJS			= A3A7, G: MK1
_PRINT_STR			= A3BE, G: MK1
PRINT_STR_LOOP			= A3C1, L: MK1
PRINT_STR_NO_INC_A		= A3D5, L: MK1
_BLACKOUT_AREA			= A3E3, G: MK1
BAL1				= A3E8, L: MK1
_CLEAR_SPRITES			= A3F9, G: MK1
HIDE_SPRITES_ENEMS_LOOP		= A40E, L: MK1
HIDE_SPRITES_BULLETS_LOOP	= A439, L: MK1
_COLLIDE			= A464, G: MK1
I_21				= A4BF, L: MK1
I_22				= A4C2, L: MK1
_CM_TWO_POINTS			= A4C5, G: MK1
_CM_TWO_POINTS_AT1_RESET	= A4D3, L: MK1
_CM_TWO_POINTS_AT1_DO		= A4D6, L: MK1
_CM_TWO_POINTS_AT1_DONE		= A4F0, L: MK1
_CM_TWO_POINTS_AT2_RESET	= A501, L: MK1
_CM_TWO_POINTS_AT2_DO		= A504, L: MK1
_CM_TWO_POINTS_AT2_DONE		= A51E, L: MK1
_RAND				= A522, G: MK1
RAND16				= A522, L: MK1
NEXTRAND			= A53E, L: MK1
_ABS				= A54B, G: MK1
I_23				= A55C, L: MK1
I_24				= A561, L: MK1
_CORTINA			= A562, G: MK1
CLEARB1				= A567, L: MK1
CLEARB2				= A56A, L: MK1
REPITATODO			= A576, L: MK1
BUCLE				= A57C, L: MK1
BUCLE1				= A57F, L: MK1
BUCLE2				= A587, L: MK1
_BREAK_WALL			= A596, G: MK1
I_25				= A5DF, L: MK1
I_26				= A5FB, L: MK1
_BULLETS_INIT			= A606, G: MK1
I_27				= A60D, L: MK1
I_28				= A630, L: MK1
_BULLETS_UPDATE			= A631, G: MK1
__BXO				= A660, G: MK1
__BYO				= A664, G: MK1
__BMXO				= A668, G: MK1
__BMYO				= A66C, G: MK1
_BULLETS_FIRE			= A670, G: MK1
I_33				= A67C, L: MK1
I_34				= A690, L: MK1
I_36				= A69A, L: MK1
I_37				= A6F8, L: MK1
I_35				= A6FB, L: MK1
_BULLETS_MOVE			= A6FC, G: MK1
I_38				= A706, L: MK1
I_40				= A70B, L: MK1
I_42				= A780, L: MK1
I_43				= A780, L: MK1
I_44				= A7AE, L: MK1
I_45				= A7AE, L: MK1
I_46				= A7FC, L: MK1
I_47				= A80E, L: MK1
I_41				= A811, L: MK1
I_39				= A814, L: MK1
_SIMPLE_COCO_INIT		= A815, G: MK1
I_48				= A81F, L: MK1
I_50				= A829, L: MK1
I_49				= A845, L: MK1
_SIMPLE_COCO_SHOOT		= A846, G: MK1
_SIMPLE_COCO_UPDATE		= A885, G: MK1
I_51				= A88F, L: MK1
I_53				= A899, L: MK1
_SIMPLE_COCO_UPDATE_DO		= A8B9, L: MK1
_SIMPLE_COCO_UPDATE_KEEP_GOING	= A8E6, L: MK1
_SIMPLE_COCO_UPDATE_CONTINUE	= A8E6, L: MK1
_SIMPLE_COCO_UPDATE_DONE	= A8FC, L: MK1
I_54				= A8FC, L: MK1
I_52				= A8FF, L: MK1
_PREPARE_LEVEL			= A900, G: MK1
I_55				= AA1F, L: MK1
_PLAYER_FRAMES			= AA20, G: MK1
_ENEM_FRAMES			= AA30, G: MK1
_LAME_SOUND			= AA40, G: MK1
I_60				= AA47, L: MK1
I_58				= AA5B, L: MK1
I_59				= AA6A, L: MK1
_GAME_ENDING			= AA73, G: MK1
_GAME_OVER			= AAF0, G: MK1
_ZONE_CLEAR			= AB53, G: MK1
_ADDSIGN			= ABAC, G: MK1
I_61				= ABBD, L: MK1
I_62				= ABC5, L: MK1
_ESPERA_ACTIVA			= ABC6, G: MK1
I_63				= ABC6, L: MK1
I_64				= ABCE, L: MK1
I_67				= ABCE, L: MK1
I_70				= ABD5, L: MK1
I_68				= ABDC, L: MK1
I_69				= ABEB, L: MK1
I_71				= ABF3, L: MK1
I_65				= ABF3, L: MK1
I_66				= ABFD, L: MK1
_PROCESS_TILE			= ABFE, G: MK1
I_74				= AC56, L: MK1
I_75_I_74			= AC59, L: MK1
I_72				= ACCD, L: MK1
I_73				= ACCD, L: MK1
I_77				= ACEE, L: MK1
I_78_I_77			= ACF1, L: MK1
I_79				= ACFB, L: MK1
I_81				= AD05, L: MK1
I_83				= AD4E, L: MK1
I_84_I_83			= AD51, L: MK1
I_82				= AD69, L: MK1
I_80				= AD6C, L: MK1
I_76				= AD9F, L: MK1
_DRAW_SCR_BACKGROUND		= ADA0, G: MK1
I_85				= ADD0, L: MK1
I_87				= ADDA, L: MK1
_DRAW_SCR_PACKED_NEW		= ADF0, L: MK1
_DRAW_SCR_PACKED_EXISTING	= AE05, L: MK1
_DRAW_SCR_PACKED_DONE		= AE0A, L: MK1
_DRAW_SCR_PACKED_ALT		= AE26, L: MK1
_DRAW_SCR_PACKED_ALT_SUBST	= AE34, L: MK1
_DRAW_SCR_PACKED_NOALT		= AE39, L: MK1
_ADVANCE_WORM_NO_INC_Y		= AE5A, L: MK1
I_86				= AE60, L: MK1
_DRAW_SCR			= AE61, G: MK1
_HOTSPOTS_SETUP_DO		= AE9D, L: MK1
_HOTSPOTS_SETUP_SET_REFILL	= AECE, L: MK1
_HOTSPOTS_SETUP_SET		= AECF, L: MK1
_HOTSPOTS_SETUP_DONE		= AED7, L: MK1
_OPEN_LOCKS_LOOP		= AEDC, L: MK1
_OPEN_LOCKS_DO			= AEF0, L: MK1
_OPEN_LOCKS_DONE		= AF18, L: MK1
I_88				= AF2F, L: MK1
I_89				= AF35, L: MK1
I_91				= AF6C, L: MK1
I_92				= AF86, L: MK1
I_90				= AF86, L: MK1
I_94				= AF95, L: MK1
I_95_I_94			= AF98, L: MK1
I_93				= AFA6, L: MK1
I_97				= AFB4, L: MK1
I_98_I_97			= AFB7, L: MK1
I_96				= AFCB, L: MK1
_SELECT_JOYFUNC			= AFDC, G: MK1
I_99				= AFDF, L: MK1
I_102_UGE			= AFEF, L: MK1
I_102				= AFF8, L: MK1
I_103_I_102			= AFFB, L: MK1
I_101				= B014, L: MK1
I_100				= B017, L: MK1
_MONS_COL_SC_X			= B018, G: MK1
I_104				= B034, L: MK1
I_105				= B039, L: MK1
I_106				= B087, L: MK1
I_107				= B08A, L: MK1
_MONS_COL_SC_Y			= B08D, G: MK1
I_108				= B0A9, L: MK1
I_109				= B0AE, L: MK1
I_110				= B0FC, L: MK1
I_111				= B0FF, L: MK1
_PLAYER_INIT			= B102, G: MK1
_PLAYER_CALC_BOUNDING_BOX	= B157, G: MK1
_PLAYER_MOVE			= B198, G: MK1
I_113				= B1C9, L: MK1
I_114				= B1CC, L: MK1
I_116				= B1FD, L: MK1
I_115				= B200, L: MK1
I_119				= B221, L: MK1
I_117				= B221, L: MK1
I_118				= B221, L: MK1
I_112				= B221, L: MK1
I_121				= B245, L: MK1
I_120				= B245, L: MK1
I_123				= B26A, L: MK1
I_122				= B26A, L: MK1
I_124				= B280, L: MK1
I_125				= B293, L: MK1
I_128				= B2E8, L: MK1
I_127				= B316, L: MK1
I_126				= B316, L: MK1
I_132				= B346, L: MK1
I_130				= B370, L: MK1
I_131				= B370, L: MK1
I_135				= B38D, L: MK1
I_136				= B390, L: MK1
I_134				= B396, L: MK1
I_138				= B3E9, L: MK1
I_139				= B3EC, L: MK1
I_141				= B418, L: MK1
I_140				= B41B, L: MK1
I_143				= B43C, L: MK1
I_144				= B43C, L: MK1
I_142				= B43C, L: MK1
I_137				= B443, L: MK1
I_145				= B468, L: MK1
I_146				= B468, L: MK1
I_147				= B48D, L: MK1
I_148				= B48D, L: MK1
I_149				= B4A3, L: MK1
I_150				= B4B6, L: MK1
I_153				= B514, L: MK1
I_152				= B545, L: MK1
I_156				= B55A, L: MK1
I_157				= B55D, L: MK1
I_155				= B563, L: MK1
I_151				= B563, L: MK1
I_160				= B593, L: MK1
I_159				= B5C3, L: MK1
I_163				= B5D8, L: MK1
I_164				= B5DB, L: MK1
I_158				= B5E1, L: MK1
I_162				= B5E1, L: MK1
I_165				= B5F5, L: MK1
I_167				= B606, L: MK1
I_166				= B606, L: MK1
I_168				= B65B, L: MK1
I_170				= B6BA, L: MK1
I_169				= B6BD, L: MK1
I_173				= B71C, L: MK1
I_172				= B71F, L: MK1
I_176				= B77D, L: MK1
I_175				= B780, L: MK1
I_174				= B7DF, L: MK1
I_178				= B7DF, L: MK1
I_179				= B7DF, L: MK1
I_177				= B7DF, L: MK1
I_171				= B7DF, L: MK1
I_181				= B7F5, L: MK1
I_182_I_181			= B7F8, L: MK1
I_180				= B802, L: MK1
I_183				= B811, L: MK1
I_184				= B838, L: MK1
I_185				= B857, L: MK1
I_186				= B857, L: MK1
I_187				= B876, L: MK1
I_188				= B876, L: MK1
I_190				= B888, L: MK1
I_191				= B88B, L: MK1
I_189				= B8B7, L: MK1
I_192				= B8B7, L: MK1
_PLAYER_KILL			= B8D1, G: MK1
I_193				= B8E1, L: MK1
_ENEMS_PURSUERS_INIT		= B8F8, G: MK1
_ENEMS_DRAW_CURRENT		= B91F, G: MK1
_ENEMS_LOAD			= B9B1, G: MK1
I_194				= B9CA, L: MK1
I_196				= B9D4, L: MK1
I_199				= BA5F, L: MK1
I_202				= BA81, L: MK1
I_203				= BA81, L: MK1
I_200				= BA81, L: MK1
I_201				= BA81, L: MK1
I_204				= BAAB, L: MK1
I_205				= BAE3, L: MK1
I_206				= BAE9, L: MK1
I_198				= BAFD, L: MK1
I_195				= BB1E, L: MK1
_ENEMS_KILL			= BB1F, G: MK1
I_207				= BB44, L: MK1
_ENEMS_MOVE			= BB4F, G: MK1
I_208				= BB6E, L: MK1
I_210				= BB73, L: MK1
I_213				= BBF0, L: MK1
I_214				= BC12, L: MK1
I_218				= BC12, L: MK1
I_216				= BC12, L: MK1
I_217				= BC12, L: MK1
I_215				= BC12, L: MK1
_ENEMS_LM_CHANGE_AXIS_X		= BC36, L: MK1
_ENEMS_LM_CHANGE_AXIS_X_DONE	= BC3E, L: MK1
_ENEMS_LM_CHANGE_AXIS_Y		= BC5D, L: MK1
_ENEMS_LM_CHANGE_AXIS_Y_DONE	= BC65, L: MK1
I_220				= BC98, L: MK1
I_219				= BC98, L: MK1
I_221				= BC9B, L: MK1
_EIJ_STATE_IDLE			= BCB0, L: MK1
_EIJ_RAWV_SET			= BCE5, L: MK1
_EIJ_STATE_STILL_IDLE		= BCFF, L: MK1
_EIJ_STATE_APPEARING		= BD04, L: MK1
_EIJ_STATE_STILL_APPEARING	= BD1D, L: MK1
_EIJ_STATE_MOVING		= BD2E, L: MK1
_EIJ_STATE_MOVING_X		= BD41, L: MK1
_EIJ_STATE_MOVING_X_RIGHT	= BD55, L: MK1
_EIJ_STATE_MOVING_X_LEFT	= BD5D, L: MK1
_EIJ_STATE_MOVING_X_SET		= BD65, L: MK1
_EIJ_STATE_MOVING_Y		= BD76, L: MK1
_EIJ_STATE_MOVING_Y_DOWN	= BD8A, L: MK1
_EIJ_STATE_MOVING_Y_UP		= BD92, L: MK1
_EIJ_STATE_MOVING_Y_SET		= BD9A, L: MK1
_EIJ_STATE_DONE			= BDAB, L: MK1
I_212				= BDAB, L: MK1
_ENEMS_MOVE_UPDATE_FRAME_DONE	= BDFC, L: MK1
I_223				= BDFC, L: MK1
I_225				= BE28, L: MK1
I_226_I_225			= BE2B, L: MK1
I_227				= BE41, L: MK1
I_224				= BE41, L: MK1
I_229				= BE5B, L: MK1
I_231				= BE60, L: MK1
I_234				= BEF1, L: MK1
I_235_I_234			= BEF4, L: MK1
I_236				= BF63, L: MK1
I_232				= BF6B, L: MK1
I_233				= BF6B, L: MK1
I_230				= BF6E, L: MK1
I_228				= BF6E, L: MK1
I_222				= BF6E, L: MK1
I_209				= BFA5, L: MK1
_HOTSPOTS_DO			= BFA6, G: MK1
I_241				= C02F, L: MK1
I_242				= C047, L: MK1
I_243				= C05C, L: MK1
I_244				= C06C, L: MK1
I_245				= C08A, L: MK1
I_246				= C095, L: MK1
I_247				= C0BD, L: MK1
I_248				= C0C4, L: MK1
I_240				= C0CC, L: MK1
I_238				= C0CC, L: MK1
I_237				= C0D9, L: MK1
_MAIN				= C0DA, G: MK1
I_251				= C114, L: MK1
I_252				= C140, L: MK1
I_249				= C140, L: MK1
I_250				= C14A, L: MK1
I_253				= C189, L: MK1
I_255				= C18E, L: MK1
I_254				= C216, L: MK1
I_256				= C220, L: MK1
I_258				= C225, L: MK1
I_257				= C26F, L: MK1
I_259				= C279, L: MK1
I_261				= C27E, L: MK1
I_262				= C2C8, L: MK1
I_260				= C2C8, L: MK1
I_264				= C2ED, L: MK1
I_266				= C38D, L: MK1
I_268				= C3A5, L: MK1
I_269				= C3C9, L: MK1
I_270				= C3E6, L: MK1
I_271				= C416, L: MK1
I_272				= C446, L: MK1
I_273				= C476, L: MK1
I_274				= C4A8, L: MK1
I_276				= C4C6, L: MK1
I_278				= C4CB, L: MK1
I_277				= C4EE, L: MK1
I_280				= C50C, L: MK1
I_279				= C54A, L: MK1
I_282				= C567, L: MK1
I_283				= C577, L: MK1
I_285				= C57C, L: MK1
I_286				= C5F9, L: MK1
I_287				= C61B, L: MK1
I_284				= C61E, L: MK1
I_288				= C628, L: MK1
I_290				= C62D, L: MK1
I_291				= C6AD, L: MK1
I_292				= C6CF, L: MK1
I_289				= C6D2, L: MK1
I_275				= C6D5, L: MK1
I_293				= C6F0, L: MK1
I_294				= C6F0, L: MK1
I_296				= C718, L: MK1
I_297_I_296			= C71B, L: MK1
I_295				= C73B, L: MK1
I_299				= C74F, L: MK1
I_300_I_299			= C752, L: MK1
I_301				= C7A0, L: MK1
I_302				= C7A0, L: MK1
I_298				= C7A0, L: MK1
I_303				= C7AF, L: MK1
I_304				= C7BD, L: MK1
I_306				= C7DF, L: MK1
I_307_I_306			= C7E2, L: MK1
I_308				= C7F7, L: MK1
I_310				= C801, L: MK1
I_309				= C859, L: MK1
I_305				= C871, L: MK1
I_313_UGE			= C88D, L: MK1
I_313				= C897, L: MK1
I_314_I_313			= C89A, L: MK1
I_311				= C8BF, L: MK1
I_312				= C8BF, L: MK1
I_267				= C8C2, L: MK1
I_316				= C8E6, L: MK1
I_317				= C8FB, L: MK1
I_315				= C8FE, L: MK1
I_318				= C904, L: MK1
I_265				= C90A, L: MK1
I_263				= C910, L: MK1
MUSICSTART			= C911, L: MK1
PLAYER				= C935, L: MK1
NEXT_PATTERN			= C955, L: MK1
PATTERN_LOOP_END		= C95B, L: MK1
PATTERN_LOOP_BEGIN		= C95F, L: MK1
NO_PATTERN_LOOP			= C960, L: MK1
MAIN_LOOP			= C969, L: MK1
READ_LOOP			= C96C, L: MK1
CURRENT_INST			= C9AB, L: MK1
L8098				= C9B4, L: MK1
L809B				= C9B7, L: MK1
SET_NOTE2			= C9DD, L: MK1
SET_STOP			= C9F1, L: MK1
SET_STOP2			= CA0A, L: MK1
OTHER				= CA15, L: MK1
INSTRUM_TBL			= CA2C, L: MK1
SKIP_CH1			= CA35, L: MK1
EXIT_PLAYER			= CA3B, L: MK1
RENDER				= CA42, L: MK1
CNT_1A				= CA4C, L: MK1
CNT_1B				= CA50, L: MK1
DIV_1A				= CA53, L: MK1
DIV_1B				= CA56, L: MK1
OUT_1				= CA59, L: MK1
CNT_2				= CA5D, L: MK1
DIV_2				= CA60, L: MK1
OUT_2				= CA63, L: MK1
PLAY_NOTE			= CA64, L: MK1
PLAYER_WAIT_KEY			= CA6B, L: MK1
L8168				= CA70, L: MK1
L8171				= CA79, L: MK1
L8173				= CA7B, L: MK1
L8179				= CA81, L: MK1
L817B				= CA83, L: MK1
L8184				= CA8C, L: MK1
L8186				= CA8E, L: MK1
L818A				= CA92, L: MK1
L8193				= CA9B, L: MK1
L8195				= CA9D, L: MK1
L819B				= CAA3, L: MK1
L819D				= CAA5, L: MK1
L81A6				= CAAE, L: MK1
L81A8				= CAB0, L: MK1
L81AC				= CAB4, L: MK1
L81B5				= CABD, L: MK1
L81B7				= CABF, L: MK1
L81BD				= CAC5, L: MK1
L81BF				= CAC7, L: MK1
L81C8				= CAD0, L: MK1
L81CA				= CAD2, L: MK1
L81CE				= CAD6, L: MK1
L81D7				= CADF, L: MK1
L81D9				= CAE1, L: MK1
L81DF				= CAE7, L: MK1
L81E1				= CAE9, L: MK1
L81EA				= CAF2, L: MK1
L81EC				= CAF4, L: MK1
L81F9				= CB01, L: MK1
L81FB				= CB03, L: MK1
L8201				= CB09, L: MK1
L8203				= CB0B, L: MK1
L820C				= CB14, L: MK1
L820E				= CB16, L: MK1
DRUMS				= CB2F, L: MK1
DRUM_TONE1			= CB3C, L: MK1
DRUM_TONE2			= CB40, L: MK1
DRUM_TONE3			= CB44, L: MK1
DRUM_TONE4			= CB48, L: MK1
DRUM_TONE5			= CB4C, L: MK1
DRUM_TONE6			= CB50, L: MK1
DRUM_TONE			= CB52, L: MK1
DT_LOOP0			= CB59, L: MK1
DT_LOOP1			= CB66, L: MK1
DRUM_NOISE1			= CB6F, L: MK1
DRUM_NOISE2			= CB77, L: MK1
DRUM_NOISE3			= CB7F, L: MK1
DRUM_NOISE			= CB85, L: MK1
DN_LOOP0			= CB89, L: MK1
DN_LOOP1			= CB91, L: MK1
PATTERN_ADDR			= CB9D, L: MK1
PATTERN_PTR			= CB9F, L: MK1
NOTE_PTR			= CBA0, L: MK1
FREQ_TABLE			= CBA2, L: MK1
DRUM_TABLE			= CC1A, L: MK1
MUSICDATA			= CC2C, L: MK1
PATTERNDATA			= CC3C, L: MK1
PAT0				= CC44, L: MK1
PAT1				= CCF3, L: MK1
I_1				= CDB1, L: MK1
__EN_T				= CED8, G: MK1
__EN_X				= CED9, G: MK1
__EN_Y				= CEDA, G: MK1
_SP_MOVILES			= CEDB, G: MK1
_GPEN_CX			= CEE1, G: MK1
_GPEN_CY			= CEE2, G: MK1
__EN_X1				= CEE3, G: MK1
__EN_Y1				= CEE4, G: MK1
__EN_X2				= CEE5, G: MK1
__EN_Y2				= CEE6, G: MK1
_BULLETS_MX			= CEE7, G: MK1
_BULLETS_MY			= CEEA, G: MK1
_EN_AN_BASE_FRAME		= CEED, G: MK1
__EN_CX				= CEF0, G: MK1
__EN_CY				= CEF1, G: MK1
_HOTSPOT_X			= CEF2, G: MK1
_HOTSPOT_Y			= CEF3, G: MK1
_HALF_LIFE			= CEF4, G: MK1
__EN_MX				= CEF5, G: MK1
__EN_MY				= CEF6, G: MK1
_MAP_POINTER			= CEF7, G: MK1
_EN_AN_STATE			= CEF9, G: MK1
_FLAGS				= CEFC, G: MK1
_P_FACING			= CEFE, G: MK1
_P_FRAME			= CEFF, G: MK1
_PREGOTTEN			= CF00, G: MK1
_HIT_H				= CF01, G: MK1
_HIT_V				= CF02, G: MK1
_KILLED_OLD			= CF03, G: MK1
_GPAUX				= CF04, G: MK1
_MAP_ATTR			= CF05, G: MK1
_ACTIVE				= CF9B, G: MK1
_P_CT_ESTADO			= CF9C, G: MK1
_LEVEL				= CF9D, G: MK1
_X0				= CF9E, G: MK1
_Y0				= CF9F, G: MK1
_X1				= CFA0, G: MK1
_Y1				= CFA1, G: MK1
__N				= CFA2, G: MK1
__T				= CFA3, G: MK1
__X				= CFA4, G: MK1
__Y				= CFA5, G: MK1
_LIFE_OLD			= CFA6, G: MK1
_BULLETS_ESTADO			= CFA7, G: MK1
__GP_GEN			= CFAA, G: MK1
_GEN_PT				= CFAC, G: MK1
_P_CURRENT_FRAME		= CFAE, G: MK1
_PTGMX				= CFB0, G: MK1
_PTGMY				= CFB2, G: MK1
_EN_AN_CURRENT_FRAME		= CFB4, G: MK1
_SP_PLAYER			= CFBA, G: MK1
_SP_BULLETS			= CFBC, G: MK1
__B_X				= CFC2, G: MK1
__B_Y				= CFC3, G: MK1
_ENOFFS				= CFC4, G: MK1
_B_IT				= CFC5, G: MK1
_SP_COCOS			= CFC6, G: MK1
_EN_AN_RAWV			= CFCC, G: MK1
_P_ESTADO			= CFCF, G: MK1
__B_ESTADO			= CFD0, G: MK1
_P_KILLED			= CFD1, G: MK1
_BULLETS_X			= CFD2, G: MK1
_BULLETS_Y			= CFD5, G: MK1
_P_AMMO				= CFD8, G: MK1
_GPEN_X				= CFD9, G: MK1
_GPEN_Y				= CFDA, G: MK1
_PAD0				= CFDB, G: MK1
_P_KILLME			= CFDC, G: MK1
_N_PANT				= CFDD, G: MK1
_P_CONT_SALTO			= CFDE, G: MK1
_O_PANT				= CFDF, G: MK1
_P_LIFE				= CFE0, G: MK1
_ENIT				= CFE1, G: MK1
_P_FUEL				= CFE2, G: MK1
_P_OBJS				= CFE3, G: MK1
_P_GOTTEN			= CFE4, G: MK1
_GPCX				= CFE5, G: MK1
_GPCY				= CFE6, G: MK1
_GPIT				= CFE7, G: MK1
_GPJT				= CFE8, G: MK1
_P_KEYS				= CFE9, G: MK1
_AMMO_OLD			= CFEA, G: MK1
_PLAYING			= CFEB, G: MK1
_GPOX				= CFEC, G: MK1
_SEED				= CFED, G: MK1
_P_TX				= CFEF, G: MK1
_P_TY				= CFF0, G: MK1
_ASM_INT_2			= CFF1, G: MK1
_P_VX				= CFF3, G: MK1
_P_VY				= CFF5, G: MK1
_GPXX				= CFF7, G: MK1
_GPYY				= CFF8, G: MK1
_OBJS_OLD			= CFF9, G: MK1
_MAINCOUNTER			= CFFA, G: MK1
_PTX1				= CFFB, G: MK1
_PTX2				= CFFC, G: MK1
_PTY1				= CFFD, G: MK1
_PTY2				= CFFE, G: MK1
_ASM_NUMBER			= CFFF, G: MK1
_P_NEXT_FRAME			= D000, G: MK1
_EN_AN_NEXT_FRAME		= D002, G: MK1
_AT1				= D008, G: MK1
_AT2				= D009, G: MK1
__EN_LIFE			= D00A, G: MK1
_CX1				= D00B, G: MK1
_CX2				= D00C, G: MK1
_CY1				= D00D, G: MK1
_CY2				= D00E, G: MK1
_P_SUBFRAME			= D00F, G: MK1
_EN_AN_DEAD_ROW			= D010, G: MK1
_BLX				= D013, G: MK1
_BLY				= D014, G: MK1
_GPC				= D015, G: MK1
_GPD				= D016, G: MK1
_HIT				= D017, G: MK1
_GPT				= D018, G: MK1
_RDA				= D019, G: MK1
_RDB				= D01A, G: MK1
_RDC				= D01B, G: MK1
_P_X				= D01C, G: MK1
_AD_FREE			= D01E, G: MK1
_P_Y				= D438, G: MK1
_COCOS_MX			= D43A, G: MK1
_COCOS_MY			= D43D, G: MK1
_GPX				= D440, G: MK1
_GPY				= D441, G: MK1
_RDD				= D442, G: MK1
_RDN				= D443, G: MK1
_ITJ				= D444, G: MK1
_KEYS_OLD			= D446, G: MK1
_RDX				= D447, G: MK1
_RDY				= D448, G: MK1
_WALL_H				= D449, G: MK1
_ENOFFSMASI			= D44A, G: MK1
_WALL_V				= D44B, G: MK1
_TOCADO				= D44C, G: MK1
_EN_AN_ALIVE			= D44D, G: MK1
_IS_RENDERING			= D450, G: MK1
_COCOS_X			= D451, G: MK1
_COCOS_Y			= D454, G: MK1
_SLEVEL				= D457, G: MK1
_ASM_INT			= D458, G: MK1
_P_FACING_H			= D45A, G: MK1
__BADDIES_POINTER		= D45B, G: MK1
_P_FACING_V			= D45D, G: MK1
_P_SALTANDO			= D45E, G: MK1
_POSSEE				= D45F, G: MK1
_ORIG_TILE			= D460, G: MK1
_EN_AN_FRAME			= D461, G: MK1
_SUCCESS			= D464, G: MK1
_RAM_DESTINATION		= D465, G: MK1
_EN_AN_COUNT			= D467, G: MK1
_P_DISPARANDO			= D46A, G: MK1
__B_MX				= D46B, G: MK1
__B_MY				= D46C, G: MK1
_RAM_ADDRESS			= D46D, G: MK1
L_AND				= D46F, G: L_AND
L_ASL				= D476, G: L_ASL
L_ASL1				= D477, L: L_ASL
L_ASR				= D47D, G: L_ASR
L_ASR1				= D47E, L: L_ASR
L_ASR_U				= D487, G: L_ASR_U
L_ASR_U_1			= D488, L: L_ASR_U
L_DIV				= D491, G: L_DIV
L_DIV0				= D4A1, L: L_DIV
L_DIV01				= D4AD, L: L_DIV
DOSIGN				= D4BE, L: L_DIV
L_DIV_U				= D4C5, G: L_DIV_U
ENTRY				= D4C9, L: L_DIV_U
L_DIV1				= D4D0, L: L_DIV_U
L_DIV2				= D4DA, L: L_DIV_U
L_EQ				= D4E4, G: L_EQ
L_GCHAR				= D4EB, G: L_GCHAR
L_SXT				= D4EC, L: L_GCHAR
L_GE				= D4F1, G: L_GE
L_GINT				= D4FF, G: L_GINT
L_GT				= D504, G: L_GT
L_LNEG				= D510, G: L_LNEG
L_LT				= D515, G: L_LT
L_MULT				= D521, G: L_MULT
L_MULT1				= D528, L: L_MULT
L_MULT2				= D52F, L: L_MULT
L_NE				= D532, G: L_NE
L_NEG				= D539, G: L_NEG
L_OR				= D541, G: L_OR
L_PINT				= D548, G: L_PINT
L_SXT				= D54E, G: L_SXT
L_UGE				= D553, G: L_UGE
L_ULE				= D55B, G: L_ULE
L_ULT				= D563, G: L_ULT
SPCOMPDLISTADDR			= D569, G: SPCOMPDLISTADDR
SPDISPLAYLIST			= D57A, G: SPDISPLAYLIST
SPINVALIDATE			= E17A, G: SPINVALIDATE
SPINVALIDATEP			= E182, G: SPINVALIDATE
NOINC1				= E19B, L: SPINVALIDATE
INVCOLLP			= E19F, L: SPINVALIDATE
NOINC2				= E1AE, L: SPINVALIDATE
INVFULLCHAR			= E1B2, L: SPINVALIDATE
INVROWLP			= E1B4, L: SPINVALIDATE
NOINC3				= E1BF, L: SPINVALIDATE
SPBITLEFT2MASK			= E1CD, G: SPBITLEFT2MASK
SPBITRIGHT2MASK			= E1D5, G: SPBITRIGHT2MASK
SPCOMPDIRTYADDR			= E1DD, G: SPCOMPDIRTYADDR
SPDIRTYCHARS			= E1F2, G: SPDIRTYCHARS
SPINTRECT			= E252, G: SPINTRECT
SPINTSMALLIVAL			= E283, G: SPINTRECT
TRYOTHERWAY			= E297, L: SPINTRECT
SPPTINSMALLIVAL			= E2A8, G: SPINTRECT
BROKEN				= E2B4, L: SPINTRECT
SPMOVESPRABS			= E2BD, G: SPMOVESPRABS
SPMOVESPRABSNC			= E2CB, G: SPMOVESPRABS
ADJLOOP				= E2D6, L: SPMOVESPRABS
SPMOVESPRABSC			= E2E4, G: SPMOVESPRABS
YINSCREEN			= E2FC, L: SPMOVESPRABS
XINSCREEN			= E30C, L: SPMOVESPRABS
MVCOLLOOP			= E323, L: SPMOVESPRABS
MVROWLOOP			= E329, L: SPMOVESPRABS
NOTDONE				= E333, L: SPMOVESPRABS
NOINC1				= E34B, L: SPMOVESPRABS
NOTINDLIST			= E35F, L: SPMOVESPRABS
NONEXT1				= E35F, L: SPMOVESPRABS
PDLOOP				= E37C, L: SPMOVESPRABS
NOINC2				= E384, L: SPMOVESPRABS
PUTHERE				= E396, L: SPMOVESPRABS
NOINC3				= E3A5, L: SPMOVESPRABS
NODEC1				= E3B3, L: SPMOVESPRABS
NOINC4				= E3BF, L: SPMOVESPRABS
NOTDISPLAYED			= E3CC, L: SPMOVESPRABS
NONEXT2				= E3CC, L: SPMOVESPRABS
INVALIDATE			= E3E7, L: SPMOVESPRABS
COMPUTEDISP			= E3F6, L: SPMOVESPRABS
NOTNEGATIVE			= E414, L: SPMOVESPRABS
ADJUSTGRAPHICS			= E419, L: SPMOVESPRABS
NOINC5				= E425, L: SPMOVESPRABS
SKIP1				= E435, L: SPMOVESPRABS
SKIP2				= E445, L: SPMOVESPRABS
SPNULLSPRPTR			= E448, G: SPNULLSPRPTR
SPPRINTATINV			= E458, G: SPPRINTATINV
SPBIT2MASK			= E470, G: SPBIT2MASK
SPTBLLOOKUP			= E478, G: SPTBLLOOKUP
NOINC				= E47E, L: SPTBLLOOKUP
SP_ADDCOLSPR			= E480, G: SP_ADDCOLSPR
SPADDCOLSPR			= E49B, G: SPADDCOLSPR
ACNOCRY				= E4A6, L: SPADDCOLSPR
ACLOOP				= E4B7, L: SPADDCOLSPR
NOINC1				= E4F3, L: SPADDCOLSPR
ACNOCRY3			= E507, L: SPADDCOLSPR
ACFAIL				= E531, L: SPADDCOLSPR
JPHL				= E542, L: SPADDCOLSPR
SPDELETESPR			= E543, G: SPDELETESPR
LOOP				= E547, L: SPDELETESPR
SPDSLOOP			= E554, G: SPDELETESPR
JPHL				= E55C, L: SPDELETESPR
SP_ADDMEMORY			= E55D, G: SP_ADDMEMORY
SPADDMEMORY			= E576, G: SPADDMEMORY
IB1				= E57E, L: SPADDMEMORY
IB2				= E585, L: SPADDMEMORY
SPFREEBLOCK			= E592, G: SPFREEBLOCK
SPFB1				= E597, G: SPFREEBLOCK
SPFB2				= E5A2, G: SPFREEBLOCK
SPQUEUETABLE			= E5AD, G: SPQUEUETABLE
SP_BLOCKALLOC			= E5AF, G: SP_BLOCKALLOC
SPBLOCKALLOC			= E5BD, G: SPBLOCKALLOC
SPALLOC				= E5C7, G: SPBLOCKALLOC
SP_BORDER			= E5D8, G: SP_BORDER
SPBORDERCLR			= E5E1, G: SPBORDER
SPBORDER			= E5E2, G: SPBORDER
SP_CREATESPR			= E5EA, G: SP_CREATESPR
SPCREATESPR			= E602, G: SPCREATESPR
CSLOOP				= E64D, L: SPCREATESPR
CSENTER				= E661, L: SPCREATESPR
NOTCOMPRESS			= E673, L: SPCREATESPR
CONT				= E678, L: SPCREATESPR
CSNOCRY				= E68C, L: SPCREATESPR
CSFAIL1				= E696, L: SPCREATESPR
CSFAIL2				= E698, L: SPCREATESPR
JPHL				= E6A1, L: SPCREATESPR
SP_FREEBLOCK			= E6A2, G: SP_FREEBLOCK
SP_GETKEY			= E6AD, G: SP_GETKEY
KEYOK				= E6B3, L: SP_GETKEY
STATE				= E6B8, L: SPGETKEY
COUNT				= E6B9, L: SPGETKEY
SPKEYDEBOUNCE			= E6BA, G: SPGETKEY
SPKEYSTARTREPEAT		= E6BB, G: SPGETKEY
SPKEYREPEATPERIOD		= E6BC, G: SPGETKEY
SPINKEY				= E6BD, G: SPGETKEY
SPGETKEY			= E6CE, G: SPGETKEY
SCANLOOP			= E6D5, L: SPGETKEY
KEYROWLOOP			= E6D9, L: SPGETKEY
NOPRESS				= E6E9, L: SPGETKEY
NEXTSCANROW			= E6EE, L: SPGETKEY
ATMAXCOUNT			= E6FF, L: SPGETKEY
SKIP				= E716, L: SPGETKEY
NOCAPS				= E72C, L: SPGETKEY
NOSYM				= E737, L: SPGETKEY
TOOMANYKEYS			= E73A, L: SPGETKEY
NOKEYS				= E73A, L: SPGETKEY
SPKEYTRANSTBL			= E742, G: SPKEYTRANSTBL
SP_INITIALIZE			= E7E2, G: SP_INITIALIZE
SPINITIALIZE			= E7EE, G: SPINITIALIZE
ROTTBLLP			= E814, L: SPINITIALIZE
ENTRYLP				= E81B, L: SPINITIALIZE
ROTLP				= E81E, L: SPINITIALIZE
LOOP				= E837, L: SPINITIALIZE
CONT1				= E83F, L: SPINITIALIZE
NOADD				= E849, L: SPINITIALIZE
USERTILE			= E84C, L: SPINITIALIZE
SPTILEARRAY			= E851, G: SPTILEARRAY
SP_JOYKEMPSTON			= EA51, G: SP_JOYKEMPSTON
SPJOYKEMPSTON			= EA58, G: SPJOYKEMPSTON
KEMPTBL				= EA63, L: SPJOYKEMPSTON
SP_JOYKEYBOARD			= EA83, G: SP_JOYKEYBOARD
SPJOYKEYBOARD			= EA91, G: SPJOYKEYBOARD
NOFIRE				= EA9E, L: SPJOYKEYBOARD
JKLOOP				= EA9E, L: SPJOYKEYBOARD
NOPRESS				= EAA9, L: SPJOYKEYBOARD
SP_JOYSINCLAIR1			= EAB0, G: SP_JOYSINCLAIR1
SPJOYSINCLAIR1			= EAB7, G: SPJOYSINCLAIR1
SINC1TBL			= EAC3, L: SPJOYSINCLAIR1
SP_TILEARRAY			= EAE3, G: SP_TILEARRAY
SPTILEENTRY			= EAF1, G: SPTILEENTRY
NOINC				= EAFA, L: SPTILEENTRY
SP_UPDATENOW			= EB02, G: SP_UPDATENOW
TEMPGRAPHIC			= EB08, L: SPUPDATENOW
TEMPCOLOUR			= EB10, L: SPUPDATENOW
UPDATE_ATTRS			= EB11, G: SPUPDATENOW
DOSPRITES			= EB12, L: SPUPDATENOW
SPUPDATENOW			= EB13, G: SPUPDATENOW
DIRTYLOOP			= EB1F, L: SPUPDATENOW
NOTACROSSBLK1			= EB2F, L: SPUPDATENOW
REENTER				= EB37, L: SPUPDATENOW
NOINC1				= EB37, L: SPUPDATENOW
DIRTYAREA			= EB45, L: SPUPDATENOW
NOTACROSSBLK2			= EB7F, L: SPUPDATENOW
TILEONLY			= EB86, L: SPUPDATENOW
NOINC11				= EB91, L: SPUPDATENOW
DRAWCHAR			= EBB5, L: SPUPDATENOW
NOTLOAD				= EBE3, L: SPUPDATENOW
NOINC10				= EBEE, L: SPUPDATENOW
SPRITELOOP			= EC03, L: SPUPDATENOW
DOSPRITE			= EC07, L: SPUPDATENOW
COLOURSPRITE			= ED18, L: SPUPDATENOW
SKIP_SPRITE_UPDATE		= ED19, L: SPUPDATENOW
CLEAR				= ED1A, L: SPUPDATENOW
COPYBUFFER			= ED25, L: SPUPDATENOW
NOMORESPRITES			= ED47, L: SPUPDATENOW
SKIPUPDATECOL			= ED52, L: SPUPDATENOW
MASKNOROTATE			= ED55, L: SPUPDATENOW
LOADTYPE			= EDA0, L: SPUPDATENOW
LOADNOROTATE			= EE0E, L: SPUPDATENOW
XORTYPE				= EE2D, L: SPUPDATENOW
XORNOROTATE			= EEB3, L: SPUPDATENOW
ORTYPE				= EEE5, L: SPUPDATENOW
ORNOROTATE			= EF6B, L: SPUPDATENOW
SP_UPDATENOWEX			= EF9D, G: SP_UPDATENOWEX
SP_WAITFORNOKEY			= EFA6, G: SP_WAITFORNOKEY
SPWAITFORNOKEY			= EFAA, G: SPWAITFORNOKEY
