ACFAIL				= E5DC, L: SPADDCOLSPR
ACLOOP				= E562, L: SPADDCOLSPR
ACNOCRY				= E551, L: SPADDCOLSPR
ACNOCRY3			= E5B2, L: SPADDCOLSPR
ADJLOOP				= E381, L: SPMOVESPRABS
ADJUSTGRAPHICS			= E4C4, L: SPMOVESPRABS
APBRANCH1			= 5E1A, L: MK1
APBRANCH2			= 5E5D, L: MK1
APBRANCH3			= 5E49, L: MK1
APBRANCH4			= 5E40, L: MK1
APGET4BITS			= 5E32, L: MK1
APLOOP				= 5E1F, L: MK1
APLOOP0				= 5E1C, L: MK1
APSKIP2				= 5E7C, L: MK1
APSKIP3				= 5E85, L: MK1
APWRITEBYTE			= 5E3C, L: MK1
AP_FINISHUP			= 5E88, L: MK1
AP_FINISHUP2			= 5E8B, L: MK1
AP_GETBIT			= 5E9E, L: MK1
AP_GETGAMMA			= 5EAA, L: MK1
AP_GETGAMMALOOP			= 5EAD, L: MK1
AP_R0_GAMMA			= 5E92, L: MK1
ATMAXCOUNT			= E7AA, L: SPGETKEY
BAL1				= A439, L: MK1
BROKEN				= E35F, L: SPINTRECT
BUCLE				= A5CD, L: MK1
BUCLE1				= A5D0, L: MK1
BUCLE2				= A5D8, L: MK1
CLEAR				= EDC5, L: SPUPDATENOW
CLEARB1				= A5B8, L: MK1
CLEARB2				= A5BB, L: MK1
CNT_1A				= CAD0, L: MK1
CNT_1B				= CAD4, L: MK1
CNT_2				= CAE1, L: MK1
COLOURSPRITE			= EDC3, L: SPUPDATENOW
COMPUTEDISP			= E4A1, L: SPMOVESPRABS
CONT				= E723, L: SPCREATESPR
CONT1				= E8EA, L: SPINITIALIZE
COPYBUFFER			= EDD0, L: SPUPDATENOW
COUNT				= E764, L: SPGETKEY
CSENTER				= E70C, L: SPCREATESPR
CSFAIL1				= E741, L: SPCREATESPR
CSFAIL2				= E743, L: SPCREATESPR
CSLOOP				= E6F8, L: SPCREATESPR
CSNOCRY				= E737, L: SPCREATESPR
CURRENT_INST			= CA2F, L: MK1
DEPACK				= 5E17, L: MK1
DIRTYAREA			= EBF0, L: SPUPDATENOW
DIRTYLOOP			= EBCA, L: SPUPDATENOW
DIV_1A				= CAD7, L: MK1
DIV_1B				= CADA, L: MK1
DIV_2				= CAE4, L: MK1
DN_LOOP0			= CC0D, L: MK1
DN_LOOP1			= CC15, L: MK1
DOSIGN				= D563, L: L_DIV
DOSPRITE			= ECB2, L: SPUPDATENOW
DOSPRITES			= EBBD, L: SPUPDATENOW
DRAWCHAR			= EC60, L: SPUPDATENOW
DRUMS				= CBB3, L: MK1
DRUM_NOISE			= CC09, L: MK1
DRUM_NOISE1			= CBF3, L: MK1
DRUM_NOISE2			= CBFB, L: MK1
DRUM_NOISE3			= CC03, L: MK1
DRUM_TABLE			= CC9E, L: MK1
DRUM_TONE			= CBD6, L: MK1
DRUM_TONE1			= CBC0, L: MK1
DRUM_TONE2			= CBC4, L: MK1
DRUM_TONE3			= CBC8, L: MK1
DRUM_TONE4			= CBCC, L: MK1
DRUM_TONE5			= CBD0, L: MK1
DRUM_TONE6			= CBD4, L: MK1
DT_LOOP0			= CBDD, L: MK1
DT_LOOP1			= CBEA, L: MK1
ENTRY				= D56E, L: L_DIV_U
ENTRYLP				= E8C6, L: SPINITIALIZE
EXIT_PLAYER			= CABF, L: MK1
FREQ_TABLE			= CC26, L: MK1
FSCLIPSTRUCT			= 5DD4, L: MK1
HIDE_SPRITES_BULLETS_LOOP	= A48A, L: MK1
HIDE_SPRITES_ENEMS_LOOP		= A45F, L: MK1
IB1				= E629, L: SPADDMEMORY
IB2				= E630, L: SPADDMEMORY
INSTRUM_TBL			= CAB0, L: MK1
INVALIDATE			= E492, L: SPMOVESPRABS
INVCOLLP			= E24A, L: SPINVALIDATE
INVFULLCHAR			= E25D, L: SPINVALIDATE
INVROWLP			= E25F, L: SPINVALIDATE
I_1				= CE35, L: MK1
I_100				= B067, L: MK1
I_101				= B064, L: MK1
I_102				= B048, L: MK1
I_102_UGE			= B03F, L: MK1
I_103_I_102			= B04B, L: MK1
I_104				= B084, L: MK1
I_105				= B089, L: MK1
I_106				= B0D7, L: MK1
I_107				= B0DA, L: MK1
I_108				= B0F9, L: MK1
I_109				= B0FE, L: MK1
I_110				= B14C, L: MK1
I_111				= B14F, L: MK1
I_112				= B271, L: MK1
I_113				= B219, L: MK1
I_114				= B21C, L: MK1
I_115				= B250, L: MK1
I_116				= B24D, L: MK1
I_117				= B271, L: MK1
I_118				= B271, L: MK1
I_119				= B271, L: MK1
I_120				= B295, L: MK1
I_121				= B295, L: MK1
I_122				= B2BA, L: MK1
I_123				= B2BA, L: MK1
I_124				= B2D0, L: MK1
I_125				= B2E3, L: MK1
I_126				= B366, L: MK1
I_127				= B366, L: MK1
I_128				= B338, L: MK1
I_130				= B3C0, L: MK1
I_131				= B3C0, L: MK1
I_132				= B396, L: MK1
I_134				= B3E6, L: MK1
I_135				= B3DD, L: MK1
I_136				= B3E0, L: MK1
I_137				= B493, L: MK1
I_138				= B439, L: MK1
I_139				= B43C, L: MK1
I_140				= B46B, L: MK1
I_141				= B468, L: MK1
I_142				= B48C, L: MK1
I_143				= B48C, L: MK1
I_144				= B48C, L: MK1
I_145				= B4B8, L: MK1
I_146				= B4B8, L: MK1
I_147				= B4DD, L: MK1
I_148				= B4DD, L: MK1
I_149				= B4F3, L: MK1
I_150				= B506, L: MK1
I_151				= B5B3, L: MK1
I_152				= B595, L: MK1
I_153				= B564, L: MK1
I_155				= B5B3, L: MK1
I_156				= B5AA, L: MK1
I_157				= B5AD, L: MK1
I_158				= B631, L: MK1
I_159				= B613, L: MK1
I_160				= B5E3, L: MK1
I_162				= B631, L: MK1
I_163				= B628, L: MK1
I_164				= B62B, L: MK1
I_165				= B645, L: MK1
I_166				= B656, L: MK1
I_167				= B656, L: MK1
I_168				= B6AB, L: MK1
I_169				= B70D, L: MK1
I_17				= A24D, L: MK1
I_170				= B70A, L: MK1
I_171				= B82F, L: MK1
I_172				= B76F, L: MK1
I_173				= B76C, L: MK1
I_174				= B82F, L: MK1
I_175				= B7D0, L: MK1
I_176				= B7CD, L: MK1
I_177				= B82F, L: MK1
I_178				= B82F, L: MK1
I_179				= B82F, L: MK1
I_18				= A249, L: MK1
I_180				= B852, L: MK1
I_181				= B845, L: MK1
I_182_I_181			= B848, L: MK1
I_183				= B861, L: MK1
I_184				= B888, L: MK1
I_185				= B8A7, L: MK1
I_186				= B8A7, L: MK1
I_187				= B8BC, L: MK1
I_188				= B8BC, L: MK1
I_189				= B8FD, L: MK1
I_190				= B8CE, L: MK1
I_191				= B8D1, L: MK1
I_192				= B8FD, L: MK1
I_193				= B93A, L: MK1
I_194				= B93D, L: MK1
I_195				= BA39, L: MK1
I_196				= BB8D, L: MK1
I_197				= BA43, L: MK1
I_199				= BB6C, L: MK1
I_200				= BACE, L: MK1
I_201				= BAF0, L: MK1
I_202				= BAF0, L: MK1
I_203				= BAF0, L: MK1
I_204				= BAF0, L: MK1
I_205				= BB1A, L: MK1
I_206				= BB52, L: MK1
I_207				= BB58, L: MK1
I_208				= BBB3, L: MK1
I_209				= BBDD, L: MK1
I_21				= A510, L: MK1
I_210				= C00A, L: MK1
I_211				= BBE2, L: MK1
I_213				= BE1A, L: MK1
I_214				= BC5F, L: MK1
I_215				= BC81, L: MK1
I_216				= BC81, L: MK1
I_217				= BC81, L: MK1
I_218				= BC81, L: MK1
I_219				= BC81, L: MK1
I_22				= A513, L: MK1
I_220				= BD07, L: MK1
I_221				= BD07, L: MK1
I_222				= BD0A, L: MK1
I_223				= BFD3, L: MK1
I_224				= BE6B, L: MK1
I_225				= BEA6, L: MK1
I_226				= BE97, L: MK1
I_227_I_226			= BE9A, L: MK1
I_228				= BEA6, L: MK1
I_229				= BFD3, L: MK1
I_23				= A5AD, L: MK1
I_230				= BEC0, L: MK1
I_231				= BFD3, L: MK1
I_232				= BEC5, L: MK1
I_233				= BFD0, L: MK1
I_234				= BFD0, L: MK1
I_235				= BF56, L: MK1
I_236_I_235			= BF59, L: MK1
I_237				= BFC8, L: MK1
I_238				= C025, L: MK1
I_239				= C143, L: MK1
I_24				= A5B2, L: MK1
I_241				= C0F4, L: MK1
I_242				= C057, L: MK1
I_243				= C06F, L: MK1
I_244				= C084, L: MK1
I_245				= C094, L: MK1
I_246				= C0B2, L: MK1
I_247				= C0BD, L: MK1
I_248				= C0E5, L: MK1
I_249				= C0EC, L: MK1
I_25				= A630, L: MK1
I_250				= C143, L: MK1
I_251				= C1AA, L: MK1
I_252				= C1B4, L: MK1
I_253				= C17E, L: MK1
I_254				= C1AA, L: MK1
I_255				= C1F3, L: MK1
I_256				= C280, L: MK1
I_257				= C1F8, L: MK1
I_258				= C28A, L: MK1
I_259				= C2D9, L: MK1
I_26				= A647, L: MK1
I_260				= C28F, L: MK1
I_261				= C2E3, L: MK1
I_262				= C332, L: MK1
I_263				= C2E8, L: MK1
I_264				= C332, L: MK1
I_265				= C994, L: MK1
I_266				= C357, L: MK1
I_267				= C98E, L: MK1
I_268				= C3F7, L: MK1
I_269				= C931, L: MK1
I_27				= A65C, L: MK1
I_270				= C414, L: MK1
I_271				= C438, L: MK1
I_272				= C455, L: MK1
I_273				= C485, L: MK1
I_274				= C4B5, L: MK1
I_275				= C4E5, L: MK1
I_276				= C517, L: MK1
I_277				= C744, L: MK1
I_278				= C535, L: MK1
I_279				= C55D, L: MK1
I_28				= A67F, L: MK1
I_280				= C53A, L: MK1
I_281				= C5B9, L: MK1
I_282				= C57B, L: MK1
I_284				= C5D6, L: MK1
I_285				= C5E6, L: MK1
I_286				= C68D, L: MK1
I_287				= C5EB, L: MK1
I_288				= C668, L: MK1
I_289				= C68A, L: MK1
I_290				= C697, L: MK1
I_291				= C741, L: MK1
I_292				= C69C, L: MK1
I_293				= C71C, L: MK1
I_294				= C73E, L: MK1
I_295				= C75F, L: MK1
I_296				= C75F, L: MK1
I_297				= C7AA, L: MK1
I_298				= C787, L: MK1
I_299_I_298			= C78A, L: MK1
I_300				= C80F, L: MK1
I_301				= C7BE, L: MK1
I_302_I_301			= C7C1, L: MK1
I_303				= C80F, L: MK1
I_304				= C80F, L: MK1
I_305				= C81E, L: MK1
I_306				= C82C, L: MK1
I_307				= C8E0, L: MK1
I_308				= C84E, L: MK1
I_309_I_308			= C851, L: MK1
I_310				= C866, L: MK1
I_311				= C8C8, L: MK1
I_312				= C870, L: MK1
I_313				= C92E, L: MK1
I_314				= C92E, L: MK1
I_315				= C906, L: MK1
I_315_UGE			= C8FC, L: MK1
I_316_I_315			= C909, L: MK1
I_317				= C985, L: MK1
I_318				= C96D, L: MK1
I_319				= C982, L: MK1
I_320				= C98B, L: MK1
I_33				= A6CB, L: MK1
I_34				= A6DF, L: MK1
I_35				= A74A, L: MK1
I_36				= A6E9, L: MK1
I_37				= A747, L: MK1
I_38				= A755, L: MK1
I_39				= A863, L: MK1
I_40				= A75A, L: MK1
I_41				= A860, L: MK1
I_42				= A7CF, L: MK1
I_43				= A7CF, L: MK1
I_44				= A7FD, L: MK1
I_45				= A7FD, L: MK1
I_46				= A84B, L: MK1
I_47				= A85D, L: MK1
I_48				= A86E, L: MK1
I_49				= A894, L: MK1
I_50				= A878, L: MK1
I_51				= A8DE, L: MK1
I_52				= A94E, L: MK1
I_53				= A8E8, L: MK1
I_54				= A94B, L: MK1
I_55				= AA6E, L: MK1
I_58				= AAAA, L: MK1
I_59				= AAB9, L: MK1
I_60				= AA96, L: MK1
I_61				= AC0C, L: MK1
I_62				= AC14, L: MK1
I_63				= AC15, L: MK1
I_64				= AC1D, L: MK1
I_65				= AC42, L: MK1
I_66				= AC4C, L: MK1
I_67				= AC1D, L: MK1
I_68				= AC2B, L: MK1
I_69				= AC3A, L: MK1
I_70				= AC24, L: MK1
I_71				= AC42, L: MK1
I_72				= AD1C, L: MK1
I_73				= AD1C, L: MK1
I_74				= ACA5, L: MK1
I_75_I_74			= ACA8, L: MK1
I_76				= ADEE, L: MK1
I_77				= AD3D, L: MK1
I_78_I_77			= AD40, L: MK1
I_79				= AD4A, L: MK1
I_80				= ADBB, L: MK1
I_81				= AD54, L: MK1
I_82				= ADB8, L: MK1
I_83				= AD9D, L: MK1
I_84_I_83			= ADA0, L: MK1
I_85				= AE1F, L: MK1
I_86				= AEB0, L: MK1
I_87				= AE29, L: MK1
I_88				= AECE, L: MK1
I_89				= AED4, L: MK1
I_90				= AF25, L: MK1
I_91				= AF0B, L: MK1
I_92				= AF25, L: MK1
I_93				= AF45, L: MK1
I_94				= AF34, L: MK1
I_95_I_94			= AF37, L: MK1
I_96				= AF6A, L: MK1
I_97				= AF53, L: MK1
I_98_I_97			= AF56, L: MK1
I_99				= B02F, L: MK1
JKLOOP				= EB49, L: SPJOYKEYBOARD
JPHL				= E74C, L: SPCREATESPR
JPHL				= E607, L: SPDELETESPR
JPHL				= E5ED, L: SPADDCOLSPR
KEMPTBL				= EB0E, L: SPJOYKEMPSTON
KEYOK				= E75E, L: SP_GETKEY
KEYROWLOOP			= E784, L: SPGETKEY
L8098				= CA38, L: MK1
L809B				= CA3B, L: MK1
L8168				= CAF4, L: MK1
L8171				= CAFD, L: MK1
L8173				= CAFF, L: MK1
L8179				= CB05, L: MK1
L817B				= CB07, L: MK1
L8184				= CB10, L: MK1
L8186				= CB12, L: MK1
L818A				= CB16, L: MK1
L8193				= CB1F, L: MK1
L8195				= CB21, L: MK1
L819B				= CB27, L: MK1
L819D				= CB29, L: MK1
L81A6				= CB32, L: MK1
L81A8				= CB34, L: MK1
L81AC				= CB38, L: MK1
L81B5				= CB41, L: MK1
L81B7				= CB43, L: MK1
L81BD				= CB49, L: MK1
L81BF				= CB4B, L: MK1
L81C8				= CB54, L: MK1
L81CA				= CB56, L: MK1
L81CE				= CB5A, L: MK1
L81D7				= CB63, L: MK1
L81D9				= CB65, L: MK1
L81DF				= CB6B, L: MK1
L81E1				= CB6D, L: MK1
L81EA				= CB76, L: MK1
L81EC				= CB78, L: MK1
L81F9				= CB85, L: MK1
L81FB				= CB87, L: MK1
L8201				= CB8D, L: MK1
L8203				= CB8F, L: MK1
L820C				= CB98, L: MK1
L820E				= CB9A, L: MK1
LOADNOROTATE			= EEB9, L: SPUPDATENOW
LOADTYPE			= EE4B, L: SPUPDATENOW
LOOP				= E8E2, L: SPINITIALIZE
LOOP				= E5F2, L: SPDELETESPR
L_AND				= D514, G: L_AND
L_ASL				= D51B, G: L_ASL
L_ASL1				= D51C, L: L_ASL
L_ASR				= D522, G: L_ASR
L_ASR1				= D523, L: L_ASR
L_ASR_U				= D52C, G: L_ASR_U
L_ASR_U_1			= D52D, L: L_ASR_U
L_DIV				= D536, G: L_DIV
L_DIV0				= D546, L: L_DIV
L_DIV01				= D552, L: L_DIV
L_DIV1				= D575, L: L_DIV_U
L_DIV2				= D57F, L: L_DIV_U
L_DIV_U				= D56A, G: L_DIV_U
L_EQ				= D589, G: L_EQ
L_GCHAR				= D590, G: L_GCHAR
L_GE				= D596, G: L_GE
L_GINT				= D5A4, G: L_GINT
L_GT				= D5A9, G: L_GT
L_LNEG				= D5B5, G: L_LNEG
L_LT				= D5BA, G: L_LT
L_MULT				= D5C6, G: L_MULT
L_MULT1				= D5CD, L: L_MULT
L_MULT2				= D5D4, L: L_MULT
L_NE				= D5D7, G: L_NE
L_NEG				= D5DE, G: L_NEG
L_OR				= D5E6, G: L_OR
L_PINT				= D5ED, G: L_PINT
L_SXT				= D5F3, G: L_SXT
L_SXT				= D591, L: L_GCHAR
L_UGE				= D5F8, G: L_UGE
L_UGT				= D600, G: L_UGT
L_ULE				= D606, G: L_ULE
L_ULT				= D60E, G: L_ULT
MAIN_LOOP			= C9ED, L: MK1
MASKNOROTATE			= EE00, L: SPUPDATENOW
MUSICDATA			= CCB0, L: MK1
MUSICSTART			= C995, L: MK1
MVCOLLOOP			= E3CE, L: SPMOVESPRABS
MVROWLOOP			= E3D4, L: SPMOVESPRABS
NEXTDATA			= A0F0, L: MK1
NEXTRAND			= A58F, L: MK1
NEXTSCANROW			= E799, L: SPGETKEY
NEXT_PATTERN			= C9D9, L: MK1
NOADD				= E8F4, L: SPINITIALIZE
NOCAPS				= E7D7, L: SPGETKEY
NODEC1				= E45E, L: SPMOVESPRABS
NOFIRE				= EB49, L: SPJOYKEYBOARD
NOINC				= EBA5, L: SPTILEENTRY
NOINC				= E529, L: SPTBLLOOKUP
NOINC1				= EBE2, L: SPUPDATENOW
NOINC1				= E59E, L: SPADDCOLSPR
NOINC1				= E3F6, L: SPMOVESPRABS
NOINC1				= E246, L: SPINVALIDATE
NOINC10				= EC99, L: SPUPDATENOW
NOINC11				= EC3C, L: SPUPDATENOW
NOINC2				= E42F, L: SPMOVESPRABS
NOINC2				= E259, L: SPINVALIDATE
NOINC3				= E450, L: SPMOVESPRABS
NOINC3				= E26A, L: SPINVALIDATE
NOINC4				= E46A, L: SPMOVESPRABS
NOINC5				= E4D0, L: SPMOVESPRABS
NOKEYS				= E7E5, L: SPGETKEY
NOMORESPRITES			= EDF2, L: SPUPDATENOW
NONEXT1				= E40A, L: SPMOVESPRABS
NONEXT2				= E477, L: SPMOVESPRABS
NOPRESS				= EB54, L: SPJOYKEYBOARD
NOPRESS				= E794, L: SPGETKEY
NOSYM				= E7E2, L: SPGETKEY
NOTACROSSBLK1			= EBDA, L: SPUPDATENOW
NOTACROSSBLK2			= EC2A, L: SPUPDATENOW
NOTCOMPRESS			= E71E, L: SPCREATESPR
NOTDISPLAYED			= E477, L: SPMOVESPRABS
NOTDONE				= E3DE, L: SPMOVESPRABS
NOTE_PTR			= CC24, L: MK1
NOTINDLIST			= E40A, L: SPMOVESPRABS
NOTLOAD				= EC8E, L: SPUPDATENOW
NOTNEGATIVE			= E4BF, L: SPMOVESPRABS
NO_PATTERN_LOOP			= C9E4, L: MK1
ORNOROTATE			= F016, L: SPUPDATENOW
ORTYPE				= EF90, L: SPUPDATENOW
OTHER				= CA99, L: MK1
OUT_1				= CADD, L: MK1
OUT_2				= CAE7, L: MK1
PAT0				= CCC8, L: MK1
PAT1				= CD77, L: MK1
PATTERNDATA			= CCC0, L: MK1
PATTERN_ADDR			= CC21, L: MK1
PATTERN_LOOP_BEGIN		= C9E3, L: MK1
PATTERN_LOOP_END		= C9DF, L: MK1
PATTERN_PTR			= CC23, L: MK1
PDLOOP				= E427, L: SPMOVESPRABS
PLAYBASIC			= A08D, L: MK1
PLAYER				= C9B9, L: MK1
PLAYER_WAIT_KEY			= CAEF, L: MK1
PLAY_NOTE			= CAE8, L: MK1
PRINT_STR_LOOP			= A412, L: MK1
PRINT_STR_NO_INC_A		= A426, L: MK1
PUTHERE				= E441, L: SPMOVESPRABS
RAND16				= A573, L: MK1
READDATA			= A0B2, L: MK1
READ_LOOP			= C9F0, L: MK1
REENTER				= EBE2, L: SPUPDATENOW
RENDER				= CAC6, L: MK1
REPITATODO			= A5C7, L: MK1
ROTLP				= E8C9, L: SPINITIALIZE
ROTTBLLP			= E8BF, L: SPINITIALIZE
SCANLOOP			= E780, L: SPGETKEY
SET_NOTE2			= CA61, L: MK1
SET_STOP			= CA75, L: MK1
SET_STOP2			= CA8E, L: MK1
SFXDATA				= A162, L: MK1
SFXRN0				= A13A, L: MK1
SFXRN1				= A13E, L: MK1
SFXRN2				= A14E, L: MK1
SFXROUTINENOISE			= A133, L: MK1
SFXROUTINENOISEBORDER		= A141, L: MK1
SFXROUTINESAMPLE		= A0D2, L: MK1
SFXROUTINESAMPLEBORDER		= A0E2, L: MK1
SFXROUTINETONE			= A0F4, L: MK1
SFXROUTINETONEBORDER		= A10E, L: MK1
SFXROUTINETONEDUTY		= A109, L: MK1
SFXRS0				= A0D3, L: MK1
SFXRS1				= A0D7, L: MK1
SFXRS2				= A0DA, L: MK1
SFXRT0				= A103, L: MK1
SFXRT1				= A107, L: MK1
SINC1TBL			= EB6E, L: SPJOYSINCLAIR1
SKIP				= E7C1, L: SPGETKEY
SKIP1				= E4E0, L: SPMOVESPRABS
SKIP2				= E4F0, L: SPMOVESPRABS
SKIPUPDATECOL			= EDFD, L: SPUPDATENOW
SKIP_CH1			= CAB9, L: MK1
SKIP_SPRITE_UPDATE		= EDC4, L: SPUPDATENOW
SOUNDEFFECT0DATA		= A176, L: MK1
SOUNDEFFECT1DATA		= A185, L: MK1
SOUNDEFFECT2DATA		= A194, L: MK1
SOUNDEFFECT3DATA		= A1A0, L: MK1
SOUNDEFFECT4DATA		= A1AC, L: MK1
SOUNDEFFECT5DATA		= A1C6, L: MK1
SOUNDEFFECT6DATA		= A1D2, L: MK1
SOUNDEFFECT7DATA		= A1DA, L: MK1
SOUNDEFFECT8DATA		= A1FC, L: MK1
SOUNDEFFECT9DATA		= A204, L: MK1
SOUNDEFFECTSDATA		= A162, L: MK1
SOUND_PLAY			= A08F, L: MK1
SPADDCOLSPR			= E546, G: SPADDCOLSPR
SPADDMEMORY			= E621, G: SPADDMEMORY
SPALLOC				= E672, G: SPBLOCKALLOC
SPBIT2MASK			= E51B, G: SPBIT2MASK
SPBITLEFT2MASK			= E278, G: SPBITLEFT2MASK
SPBITRIGHT2MASK			= E280, G: SPBITRIGHT2MASK
SPBLOCKALLOC			= E668, G: SPBLOCKALLOC
SPBORDER			= E68D, G: SPBORDER
SPBORDERCLR			= E68C, G: SPBORDER
SPCOMPDIRTYADDR			= E288, G: SPCOMPDIRTYADDR
SPCOMPDLISTADDR			= D614, G: SPCOMPDLISTADDR
SPCREATESPR			= E6AD, G: SPCREATESPR
SPDELETESPR			= E5EE, G: SPDELETESPR
SPDIRTYCHARS			= E29D, G: SPDIRTYCHARS
SPDISPLAYLIST			= D625, G: SPDISPLAYLIST
SPDSLOOP			= E5FF, G: SPDELETESPR
SPFB1				= E642, G: SPFREEBLOCK
SPFB2				= E64D, G: SPFREEBLOCK
SPFREEBLOCK			= E63D, G: SPFREEBLOCK
SPGETKEY			= E779, G: SPGETKEY
SPINITIALIZE			= E899, G: SPINITIALIZE
SPINKEY				= E768, G: SPGETKEY
SPINTRECT			= E2FD, G: SPINTRECT
SPINTSMALLIVAL			= E32E, G: SPINTRECT
SPINVALIDATE			= E225, G: SPINVALIDATE
SPINVALIDATEP			= E22D, G: SPINVALIDATE
SPJOYKEMPSTON			= EB03, G: SPJOYKEMPSTON
SPJOYKEYBOARD			= EB3C, G: SPJOYKEYBOARD
SPJOYSINCLAIR1			= EB62, G: SPJOYSINCLAIR1
SPKEYDEBOUNCE			= E765, G: SPGETKEY
SPKEYREPEATPERIOD		= E767, G: SPGETKEY
SPKEYSTARTREPEAT		= E766, G: SPGETKEY
SPKEYTRANSTBL			= E7ED, G: SPKEYTRANSTBL
SPMOVESPRABS			= E368, G: SPMOVESPRABS
SPMOVESPRABSC			= E38F, G: SPMOVESPRABS
SPMOVESPRABSNC			= E376, G: SPMOVESPRABS
SPNULLSPRPTR			= E4F3, G: SPNULLSPRPTR
SPPRINTATINV			= E503, G: SPPRINTATINV
SPPTINSMALLIVAL			= E353, G: SPINTRECT
SPQUEUETABLE			= E658, G: SPQUEUETABLE
SPRITELOOP			= ECAE, L: SPUPDATENOW
SPTBLLOOKUP			= E523, G: SPTBLLOOKUP
SPTILEARRAY			= E8FC, G: SPTILEARRAY
SPTILEENTRY			= EB9C, G: SPTILEENTRY
SPUPDATENOW			= EBBE, G: SPUPDATENOW
SPWAITFORNOKEY			= F055, G: SPWAITFORNOKEY
SP_ADDCOLSPR			= E52B, G: SP_ADDCOLSPR
SP_ADDMEMORY			= E608, G: SP_ADDMEMORY
SP_BLOCKALLOC			= E65A, G: SP_BLOCKALLOC
SP_BORDER			= E683, G: SP_BORDER
SP_CREATESPR			= E695, G: SP_CREATESPR
SP_FREEBLOCK			= E74D, G: SP_FREEBLOCK
SP_GETKEY			= E758, G: SP_GETKEY
SP_INITIALIZE			= E88D, G: SP_INITIALIZE
SP_JOYKEMPSTON			= EAFC, G: SP_JOYKEMPSTON
SP_JOYKEYBOARD			= EB2E, G: SP_JOYKEYBOARD
SP_JOYSINCLAIR1			= EB5B, G: SP_JOYSINCLAIR1
SP_TILEARRAY			= EB8E, G: SP_TILEARRAY
SP_UPDATENOW			= EBAD, G: SP_UPDATENOW
SP_UPDATENOWEX			= F048, G: SP_UPDATENOWEX
SP_WAITFORNOKEY			= F051, G: SP_WAITFORNOKEY
START				= 5DC0, L: ZX82_CRT0
STATE				= E763, L: SPGETKEY
TEMPCOLOUR			= EBBB, L: SPUPDATENOW
TEMPGRAPHIC			= EBB3, L: SPUPDATENOW
TILEONLY			= EC31, L: SPUPDATENOW
TOOMANYKEYS			= E7E5, L: SPGETKEY
TRYOTHERWAY			= E342, L: SPINTRECT
UPDATE_ATTRS			= EBBC, G: SPUPDATENOW
USERTILE			= E8F7, L: SPINITIALIZE
VPCLIPSTRUCT			= 5DD0, L: MK1
XINSCREEN			= E3B7, L: SPMOVESPRABS
XORNOROTATE			= EF5E, L: SPUPDATENOW
XORTYPE				= EED8, L: SPUPDATENOW
YINSCREEN			= E3A7, L: SPMOVESPRABS
_ABS				= A59C, G: MK1
_ACTIVE				= D03F, G: MK1
_ADDSIGN			= ABFB, G: MK1
_ADVANCE_WORM_NO_INC_Y		= AEAA, L: MK1
_AD_FREE			= D0C3, G: MK1
_AMMO_OLD			= D08F, G: MK1
_ASM_INT			= D4FD, G: MK1
_ASM_INT_2			= D096, G: MK1
_ASM_NUMBER			= D0A4, G: MK1
_AT1				= D0AD, G: MK1
_AT2				= D0AE, G: MK1
_ATTR				= A229, G: MK1
_BEEP_FX			= A210, G: MK1
_BEHS				= 7B99, G: MK1
_BEHS_0_1			= A03C, G: MK1
_BEHS_2				= A04E, G: MK1
_BLACKOUT			= 67DB, G: MK1
_BLACKOUT_AREA			= A434, G: MK1
_BLX				= D0B8, G: MK1
_BLY				= D0B9, G: MK1
_BREAK_WALL			= A5E7, G: MK1
_BULLETS_ESTADO			= D04C, G: MK1
_BULLETS_FIRE			= A6BF, G: MK1
_BULLETS_INIT			= A655, G: MK1
_BULLETS_MOVE			= A74B, G: MK1
_BULLETS_MX			= CF8A, G: MK1
_BULLETS_MY			= CF8D, G: MK1
_BULLETS_UPDATE			= A680, G: MK1
_BULLETS_X			= D077, G: MK1
_BULLETS_Y			= D07A, G: MK1
_B_IT				= D06A, G: MK1
_CERROJOS			= 7101, G: MK1
_CLEAR_SPRITES			= A44A, G: MK1
_CM_TWO_POINTS			= A516, G: MK1
_CM_TWO_POINTS_AT1_DO		= A527, L: MK1
_CM_TWO_POINTS_AT1_DONE		= A541, L: MK1
_CM_TWO_POINTS_AT1_RESET	= A524, L: MK1
_CM_TWO_POINTS_AT2_DO		= A555, L: MK1
_CM_TWO_POINTS_AT2_DONE		= A56F, L: MK1
_CM_TWO_POINTS_AT2_RESET	= A552, L: MK1
_COCOS_MX			= D4DF, G: MK1
_COCOS_MY			= D4E2, G: MK1
_COCOS_X			= D4F6, G: MK1
_COCOS_Y			= D4F9, G: MK1
_COLLIDE			= A4B5, G: MK1
_CORTINA			= A5B3, G: MK1
_CX1				= D0B0, G: MK1
_CX2				= D0B1, G: MK1
_CY1				= D0B2, G: MK1
_CY2				= D0B3, G: MK1
_DECOS_BOMBS			= 5E07, G: MK1
_DECOS_COMPUTER			= 5DFA, G: MK1
_DECOS_MOTO			= 5E12, G: MK1
_DRAW_COLOURED_TILE		= A2A5, G: MK1
_DRAW_COLOURED_TILE_GAMEAREA	= A316, G: MK1
_DRAW_DECORATIONS		= A344, G: MK1
_DRAW_DECORATIONS_LOOP		= A347, L: MK1
_DRAW_INVALIDATE_COLOURED_TILE_G= A30F, G: MK1
_DRAW_OBJS			= A3F8, G: MK1
_DRAW_SCR			= AEB1, G: MK1
_DRAW_SCR_BACKGROUND		= ADEF, G: MK1
_DRAW_SCR_PACKED_ALT		= AE75, L: MK1
_DRAW_SCR_PACKED_ALT_SUBST	= AE84, L: MK1
_DRAW_SCR_PACKED_DONE		= AE59, L: MK1
_DRAW_SCR_PACKED_EXISTING	= AE54, L: MK1
_DRAW_SCR_PACKED_NEW		= AE3F, L: MK1
_DRAW_SCR_PACKED_NOALT		= AE89, L: MK1
_EIJ_RAWV_SET			= BD54, L: MK1
_EIJ_STATE_APPEARING		= BD73, L: MK1
_EIJ_STATE_DONE			= BE1A, L: MK1
_EIJ_STATE_IDLE			= BD1F, L: MK1
_EIJ_STATE_MOVING		= BD9D, L: MK1
_EIJ_STATE_MOVING_X		= BDB0, L: MK1
_EIJ_STATE_MOVING_X_LEFT	= BDCC, L: MK1
_EIJ_STATE_MOVING_X_RIGHT	= BDC4, L: MK1
_EIJ_STATE_MOVING_X_SET		= BDD4, L: MK1
_EIJ_STATE_MOVING_Y		= BDE5, L: MK1
_EIJ_STATE_MOVING_Y_DOWN	= BDF9, L: MK1
_EIJ_STATE_MOVING_Y_SET		= BE09, L: MK1
_EIJ_STATE_MOVING_Y_UP		= BE01, L: MK1
_EIJ_STATE_STILL_APPEARING	= BD8C, L: MK1
_EIJ_STATE_STILL_IDLE		= BD6E, L: MK1
_ENEMS_DRAW_CURRENT		= B98E, G: MK1
_ENEMS_HOTSPOTS_0		= 9B77, G: MK1
_ENEMS_HOTSPOTS_1		= 9D32, G: MK1
_ENEMS_HOTSPOTS_2		= 9EC2, G: MK1
_ENEMS_KILL			= BB8E, G: MK1
_ENEMS_LM_CHANGE_AXIS_X		= BCA5, L: MK1
_ENEMS_LM_CHANGE_AXIS_X_DONE	= BCAD, L: MK1
_ENEMS_LM_CHANGE_AXIS_Y		= BCCC, L: MK1
_ENEMS_LM_CHANGE_AXIS_Y_DONE	= BCD4, L: MK1
_ENEMS_LOAD			= BA20, G: MK1
_ENEMS_MOVE			= BBBE, G: MK1
_ENEMS_MOVE_UPDATE_FRAME_DONE	= BE6B, L: MK1
_ENEMS_PURSUERS_INIT		= B967, G: MK1
_ENEM_CELLS			= AA7F, G: MK1
_ENIT				= D086, G: MK1
_ENOFFS				= D069, G: MK1
_ENOFFSMASI			= D4EF, G: MK1
_EN_AN_ALIVE			= D4F2, G: MK1
_EN_AN_BASE_FRAME		= CF90, G: MK1
_EN_AN_COUNT			= D50C, G: MK1
_EN_AN_CURRENT_FRAME		= D059, G: MK1
_EN_AN_DEAD_ROW			= D0B5, G: MK1
_EN_AN_FRAME			= D506, G: MK1
_EN_AN_NEXT_FRAME		= D0A7, G: MK1
_EN_AN_RAWV			= D071, G: MK1
_EN_AN_STATE			= CF9C, G: MK1
_ESPERA_ACTIVA			= AC15, G: MK1
_FLAGS				= CF9F, G: MK1
_FONT				= 67E9, G: MK1
_GAME_ENDING			= AAC2, G: MK1
_GAME_OVER			= AB3F, G: MK1
_GEN_PT				= D051, G: MK1
_GPAUX				= CFA8, G: MK1
_GPC				= D0BA, G: MK1
_GPCX				= D08A, G: MK1
_GPCY				= D08B, G: MK1
_GPD				= D0BB, G: MK1
_GPEN_CX			= CF84, G: MK1
_GPEN_CY			= CF85, G: MK1
_GPEN_X				= D07E, G: MK1
_GPEN_Y				= D07F, G: MK1
_GPIT				= D08C, G: MK1
_GPJT				= D08D, G: MK1
_GPOX				= D091, G: MK1
_GPT				= D0BD, G: MK1
_GPX				= D4E5, G: MK1
_GPXX				= D09C, G: MK1
_GPY				= D4E6, G: MK1
_GPYY				= D09D, G: MK1
_HALF_LIFE			= CF97, G: MK1
_HIT				= D0BC, G: MK1
_HIT_H				= CFA4, G: MK1
_HIT_V				= CFA6, G: MK1
_HOTSPOTS			= 7B51, G: MK1
_HOTSPOTS_DO			= C00B, G: MK1
_HOTSPOTS_SETUP_DO		= AF9C, L: MK1
_HOTSPOTS_SETUP_DONE		= AFD6, L: MK1
_HOTSPOTS_SETUP_SET		= AFCE, L: MK1
_HOTSPOTS_SETUP_SET_REFILL	= AFCD, L: MK1
_HOTSPOT_DESTROY		= D042, G: MK1
_HOTSPOT_X			= CF95, G: MK1
_HOTSPOT_Y			= CF96, G: MK1
_INVALIDATE_TILE		= A2EB, G: MK1
_INVALIDATE_VIEWPORT		= A2FF, G: MK1
_IS_RENDERING			= D4F5, G: MK1
_ITJ				= D4E9, G: MK1
_JOYFUNC			= 5DD8, G: MK1
_JOYFUNCS			= 5DDA, G: MK1
_KEYS				= 5DC6, G: MK1
_KEYS_OLD			= D4EB, G: MK1
_KILLED_OLD			= CFA7, G: MK1
_LAME_SOUND			= AA8F, G: MK1
_LEVEL				= D041, G: MK1
_LEVELS				= A063, G: MK1
_LEVEL_DATA			= 69E9, G: MK1
_LEVEL_STR			= 5DF0, G: MK1
_LIFE_OLD			= D04B, G: MK1
_MAIN				= C144, G: MK1
_MAINCOUNTER			= D09F, G: MK1
_MALOTES			= 7881, G: MK1
_MAPA				= 69F9, G: MK1
_MAP_ATTR			= CFA9, G: MK1
_MAP_BOLTS_0			= 8639, G: MK1
_MAP_BOLTS_1			= 8AB9, G: MK1
_MAP_BOLTS_2			= 8EC8, G: MK1
_MAP_POINTER			= CF9A, G: MK1
_MONS_COL_SC_X			= B068, G: MK1
_MONS_COL_SC_Y			= B0DD, G: MK1
_MY_MALLOC			= 5DE0, G: MK1
_N_PANT				= D082, G: MK1
_OBJS_OLD			= D09E, G: MK1
_OPEN_LOCKS_DO			= AFEF, L: MK1
_OPEN_LOCKS_DONE		= B017, L: MK1
_OPEN_LOCKS_LOOP		= AFDB, L: MK1
_ORIG_TILE			= D505, G: MK1
_O_PANT				= D084, G: MK1
_PAD0				= D080, G: MK1
_PLAYER_CALC_BOUNDING_BOX	= B1A7, G: MK1
_PLAYER_CELLS			= AA6F, G: MK1
_PLAYER_DEPLETE			= B917, G: MK1
_PLAYER_INIT			= B152, G: MK1
_PLAYER_KILL			= B944, G: MK1
_PLAYER_MOVE			= B1E8, G: MK1
_PLAYING			= D090, G: MK1
_POSSEE				= D504, G: MK1
_PREGOTTEN			= CFA3, G: MK1
_PREPARE_LEVEL			= A94F, G: MK1
_PRINT_NUMBER2			= A3A9, G: MK1
_PRINT_STR			= A40F, G: MK1
_PROCESS_TILE			= AC4D, G: MK1
_PTGMX				= D055, G: MK1
_PTGMY				= D057, G: MK1
_PTX1				= D0A0, G: MK1
_PTX2				= D0A1, G: MK1
_PTY1				= D0A2, G: MK1
_PTY2				= D0A3, G: MK1
_P_AMMO				= D07D, G: MK1
_P_CONT_SALTO			= D083, G: MK1
_P_CT_ESTADO			= D040, G: MK1
_P_CURRENT_FRAME		= D053, G: MK1
_P_DISPARANDO			= D50F, G: MK1
_P_ESTADO			= D074, G: MK1
_P_FACING			= CFA1, G: MK1
_P_FACING_H			= D4FF, G: MK1
_P_FACING_V			= D502, G: MK1
_P_FRAME			= CFA2, G: MK1
_P_FUEL				= D087, G: MK1
_P_GOTTEN			= D089, G: MK1
_P_KEYS				= D08E, G: MK1
_P_KILLED			= D076, G: MK1
_P_KILLME			= D081, G: MK1
_P_KILL_AMT			= CFA5, G: MK1
_P_LIFE				= D085, G: MK1
_P_NEXT_FRAME			= D0A5, G: MK1
_P_OBJS				= D088, G: MK1
_P_SALTANDO			= D503, G: MK1
_P_SUBFRAME			= D0B4, G: MK1
_P_TX				= D094, G: MK1
_P_TY				= D095, G: MK1
_P_VX				= D098, G: MK1
_P_VY				= D09A, G: MK1
_P_X				= D0C1, G: MK1
_P_Y				= D4DD, G: MK1
_QTILE				= A279, G: MK1
_RAM_ADDRESS			= D512, G: MK1
_RAM_DESTINATION		= D50A, G: MK1
_RAND				= A573, G: MK1
_RDA				= D0BE, G: MK1
_RDB				= D0BF, G: MK1
_RDC				= D0C0, G: MK1
_RDD				= D4E7, G: MK1
_RDN				= D4E8, G: MK1
_RDX				= D4EC, G: MK1
_RDY				= D4ED, G: MK1
_SEED				= D092, G: MK1
_SELECT_JOYFUNC			= B02C, G: MK1
_SIMPLE_COCO_INIT		= A864, G: MK1
_SIMPLE_COCO_SHOOT		= A895, G: MK1
_SIMPLE_COCO_UPDATE		= A8D4, G: MK1
_SIMPLE_COCO_UPDATE_CONTINUE	= A935, L: MK1
_SIMPLE_COCO_UPDATE_DO		= A908, L: MK1
_SIMPLE_COCO_UPDATE_DONE	= A94B, L: MK1
_SIMPLE_COCO_UPDATE_KEEP_GOING	= A935, L: MK1
_SLEVEL				= D4FC, G: MK1
_SPACER				= 5DED, G: MK1
_SPRITES			= 7BC9, G: MK1
_SPRITE_10_A			= 80E9, G: MK1
_SPRITE_10_B			= 8119, G: MK1
_SPRITE_10_C			= 8149, G: MK1
_SPRITE_11_A			= 8179, G: MK1
_SPRITE_11_B			= 81A9, G: MK1
_SPRITE_11_C			= 81D9, G: MK1
_SPRITE_12_A			= 8209, G: MK1
_SPRITE_12_B			= 8239, G: MK1
_SPRITE_12_C			= 8269, G: MK1
_SPRITE_13_A			= 8299, G: MK1
_SPRITE_13_B			= 82C9, G: MK1
_SPRITE_13_C			= 82F9, G: MK1
_SPRITE_14_A			= 8329, G: MK1
_SPRITE_14_B			= 8359, G: MK1
_SPRITE_14_C			= 8389, G: MK1
_SPRITE_15_A			= 83B9, G: MK1
_SPRITE_15_B			= 83E9, G: MK1
_SPRITE_15_C			= 8419, G: MK1
_SPRITE_16_A			= 8449, G: MK1
_SPRITE_16_B			= 8479, G: MK1
_SPRITE_16_C			= 84A9, G: MK1
_SPRITE_17_A			= 84D9, G: MK1
_SPRITE_18_A			= 8569, G: MK1
_SPRITE_18_B			= 8599, L: MK1
_SPRITE_18_C			= 85C9, L: MK1
_SPRITE_19_A			= 85F9, G: MK1
_SPRITE_1_A			= 7BD9, G: MK1
_SPRITE_1_B			= 7C09, G: MK1
_SPRITE_1_C			= 7C39, G: MK1
_SPRITE_2_A			= 7C69, G: MK1
_SPRITE_2_B			= 7C99, G: MK1
_SPRITE_2_C			= 7CC9, G: MK1
_SPRITE_3_A			= 7CF9, G: MK1
_SPRITE_3_B			= 7D29, G: MK1
_SPRITE_3_C			= 7D59, G: MK1
_SPRITE_4_A			= 7D89, G: MK1
_SPRITE_4_B			= 7DB9, G: MK1
_SPRITE_4_C			= 7DE9, G: MK1
_SPRITE_5_A			= 7E19, G: MK1
_SPRITE_5_B			= 7E49, G: MK1
_SPRITE_5_C			= 7E79, G: MK1
_SPRITE_6_A			= 7EA9, G: MK1
_SPRITE_6_B			= 7ED9, G: MK1
_SPRITE_6_C			= 7F09, G: MK1
_SPRITE_7_A			= 7F39, G: MK1
_SPRITE_7_B			= 7F69, G: MK1
_SPRITE_7_C			= 7F99, G: MK1
_SPRITE_8_A			= 7FC9, G: MK1
_SPRITE_8_B			= 7FF9, G: MK1
_SPRITE_8_C			= 8029, G: MK1
_SPRITE_9_A			= 8059, G: MK1
_SPRITE_9_B			= 8089, G: MK1
_SPRITE_9_C			= 80B9, G: MK1
_SP_BULLETS			= D061, G: MK1
_SP_COCOS			= D06B, G: MK1
_SP_MOVILES			= CF7E, G: MK1
_SP_PLAYER			= D05F, G: MK1
_SUCCESS			= D509, G: MK1
_S_ENDING			= 63B2, G: MK1
_S_MARCO			= 63B2, G: MK1
_S_TITLE			= 5ED6, G: MK1
_TILESET			= 7181, G: MK1
_TILESET_0			= 921A, G: MK1
_TILESET_1			= 9555, G: MK1
_TILESET_2			= 987A, G: MK1
_TOCADO				= D4F1, G: MK1
_UNPACK				= 5EBA, G: MK1
_UPDATE_TILE			= A378, G: MK1
_UTAUX				= A377, G: MK1
_U_FREE				= 5DEB, G: MK1
_U_MALLOC			= 5DE9, G: MK1
_WALL_H				= D4EE, G: MK1
_WALL_V				= D4F0, G: MK1
_WARP_TO_LEVEL			= 5DEF, G: MK1
_X0				= D043, G: MK1
_X1				= D045, G: MK1
_Y0				= D044, G: MK1
_Y1				= D046, G: MK1
_ZONE_CLEAR			= ABA2, G: MK1
__BADDIES_POINTER		= D500, G: MK1
__BMXO				= A6B7, G: MK1
__BMYO				= A6BB, G: MK1
__BXO				= A6AF, G: MK1
__BYO				= A6B3, G: MK1
__B_ESTADO			= D075, G: MK1
__B_MX				= D510, G: MK1
__B_MY				= D511, G: MK1
__B_X				= D067, G: MK1
__B_Y				= D068, G: MK1
__DX				= 5DF2, G: MK1
__DY				= 5DF6, G: MK1
__EN_CX				= CF93, G: MK1
__EN_CY				= CF94, G: MK1
__EN_LIFE			= D0AF, G: MK1
__EN_MX				= CF98, G: MK1
__EN_MY				= CF99, G: MK1
__EN_T				= CF7B, G: MK1
__EN_X				= CF7C, G: MK1
__EN_X1				= CF86, G: MK1
__EN_X2				= CF88, G: MK1
__EN_Y				= CF7D, G: MK1
__EN_Y1				= CF87, G: MK1
__EN_Y2				= CF89, G: MK1
__GP_GEN			= D04F, G: MK1
__N				= D047, G: MK1
__T				= D048, G: MK1
__X				= D049, G: MK1
__Y				= D04A, G: MK1


START				= 5DC0, L: ZX82_CRT0
_KEYS				= 5DC6, G: MK1
VPCLIPSTRUCT			= 5DD0, L: MK1
FSCLIPSTRUCT			= 5DD4, L: MK1
_JOYFUNC			= 5DD8, G: MK1
_JOYFUNCS			= 5DDA, G: MK1
_MY_MALLOC			= 5DE0, G: MK1
_U_MALLOC			= 5DE9, G: MK1
_U_FREE				= 5DEB, G: MK1
_SPACER				= 5DED, G: MK1
_WARP_TO_LEVEL			= 5DEF, G: MK1
_LEVEL_STR			= 5DF0, G: MK1
__DX				= 5DF2, G: MK1
__DY				= 5DF6, G: MK1
_DECOS_COMPUTER			= 5DFA, G: MK1
_DECOS_BOMBS			= 5E07, G: MK1
_DECOS_MOTO			= 5E12, G: MK1
DEPACK				= 5E17, L: MK1
APBRANCH1			= 5E1A, L: MK1
APLOOP0				= 5E1C, L: MK1
APLOOP				= 5E1F, L: MK1
APGET4BITS			= 5E32, L: MK1
APWRITEBYTE			= 5E3C, L: MK1
APBRANCH4			= 5E40, L: MK1
APBRANCH3			= 5E49, L: MK1
APBRANCH2			= 5E5D, L: MK1
APSKIP2				= 5E7C, L: MK1
APSKIP3				= 5E85, L: MK1
AP_FINISHUP			= 5E88, L: MK1
AP_FINISHUP2			= 5E8B, L: MK1
AP_R0_GAMMA			= 5E92, L: MK1
AP_GETBIT			= 5E9E, L: MK1
AP_GETGAMMA			= 5EAA, L: MK1
AP_GETGAMMALOOP			= 5EAD, L: MK1
_UNPACK				= 5EBA, G: MK1
_S_TITLE			= 5ED6, G: MK1
_S_MARCO			= 63B2, G: MK1
_S_ENDING			= 63B2, G: MK1
_BLACKOUT			= 67DB, G: MK1
_FONT				= 67E9, G: MK1
_LEVEL_DATA			= 69E9, G: MK1
_MAPA				= 69F9, G: MK1
_CERROJOS			= 7101, G: MK1
_TILESET			= 7181, G: MK1
_MALOTES			= 7881, G: MK1
_HOTSPOTS			= 7B51, G: MK1
_BEHS				= 7B99, G: MK1
_SPRITES			= 7BC9, G: MK1
_SPRITE_1_A			= 7BD9, G: MK1
_SPRITE_1_B			= 7C09, G: MK1
_SPRITE_1_C			= 7C39, G: MK1
_SPRITE_2_A			= 7C69, G: MK1
_SPRITE_2_B			= 7C99, G: MK1
_SPRITE_2_C			= 7CC9, G: MK1
_SPRITE_3_A			= 7CF9, G: MK1
_SPRITE_3_B			= 7D29, G: MK1
_SPRITE_3_C			= 7D59, G: MK1
_SPRITE_4_A			= 7D89, G: MK1
_SPRITE_4_B			= 7DB9, G: MK1
_SPRITE_4_C			= 7DE9, G: MK1
_SPRITE_5_A			= 7E19, G: MK1
_SPRITE_5_B			= 7E49, G: MK1
_SPRITE_5_C			= 7E79, G: MK1
_SPRITE_6_A			= 7EA9, G: MK1
_SPRITE_6_B			= 7ED9, G: MK1
_SPRITE_6_C			= 7F09, G: MK1
_SPRITE_7_A			= 7F39, G: MK1
_SPRITE_7_B			= 7F69, G: MK1
_SPRITE_7_C			= 7F99, G: MK1
_SPRITE_8_A			= 7FC9, G: MK1
_SPRITE_8_B			= 7FF9, G: MK1
_SPRITE_8_C			= 8029, G: MK1
_SPRITE_9_A			= 8059, G: MK1
_SPRITE_9_B			= 8089, G: MK1
_SPRITE_9_C			= 80B9, G: MK1
_SPRITE_10_A			= 80E9, G: MK1
_SPRITE_10_B			= 8119, G: MK1
_SPRITE_10_C			= 8149, G: MK1
_SPRITE_11_A			= 8179, G: MK1
_SPRITE_11_B			= 81A9, G: MK1
_SPRITE_11_C			= 81D9, G: MK1
_SPRITE_12_A			= 8209, G: MK1
_SPRITE_12_B			= 8239, G: MK1
_SPRITE_12_C			= 8269, G: MK1
_SPRITE_13_A			= 8299, G: MK1
_SPRITE_13_B			= 82C9, G: MK1
_SPRITE_13_C			= 82F9, G: MK1
_SPRITE_14_A			= 8329, G: MK1
_SPRITE_14_B			= 8359, G: MK1
_SPRITE_14_C			= 8389, G: MK1
_SPRITE_15_A			= 83B9, G: MK1
_SPRITE_15_B			= 83E9, G: MK1
_SPRITE_15_C			= 8419, G: MK1
_SPRITE_16_A			= 8449, G: MK1
_SPRITE_16_B			= 8479, G: MK1
_SPRITE_16_C			= 84A9, G: MK1
_SPRITE_17_A			= 84D9, G: MK1
_SPRITE_18_A			= 8569, G: MK1
_SPRITE_18_B			= 8599, L: MK1
_SPRITE_18_C			= 85C9, L: MK1
_SPRITE_19_A			= 85F9, G: MK1
_MAP_BOLTS_0			= 8639, G: MK1
_MAP_BOLTS_1			= 8AB9, G: MK1
_MAP_BOLTS_2			= 8EC8, G: MK1
_TILESET_0			= 921A, G: MK1
_TILESET_1			= 9555, G: MK1
_TILESET_2			= 987A, G: MK1
_ENEMS_HOTSPOTS_0		= 9B77, G: MK1
_ENEMS_HOTSPOTS_1		= 9D32, G: MK1
_ENEMS_HOTSPOTS_2		= 9EC2, G: MK1
_BEHS_0_1			= A03C, G: MK1
_BEHS_2				= A04E, G: MK1
_LEVELS				= A063, G: MK1
PLAYBASIC			= A08D, L: MK1
SOUND_PLAY			= A08F, L: MK1
READDATA			= A0B2, L: MK1
SFXROUTINESAMPLE		= A0D2, L: MK1
SFXRS0				= A0D3, L: MK1
SFXRS1				= A0D7, L: MK1
SFXRS2				= A0DA, L: MK1
SFXROUTINESAMPLEBORDER		= A0E2, L: MK1
NEXTDATA			= A0F0, L: MK1
SFXROUTINETONE			= A0F4, L: MK1
SFXRT0				= A103, L: MK1
SFXRT1				= A107, L: MK1
SFXROUTINETONEDUTY		= A109, L: MK1
SFXROUTINETONEBORDER		= A10E, L: MK1
SFXROUTINENOISE			= A133, L: MK1
SFXRN0				= A13A, L: MK1
SFXRN1				= A13E, L: MK1
SFXROUTINENOISEBORDER		= A141, L: MK1
SFXRN2				= A14E, L: MK1
SOUNDEFFECTSDATA		= A162, L: MK1
SFXDATA				= A162, L: MK1
SOUNDEFFECT0DATA		= A176, L: MK1
SOUNDEFFECT1DATA		= A185, L: MK1
SOUNDEFFECT2DATA		= A194, L: MK1
SOUNDEFFECT3DATA		= A1A0, L: MK1
SOUNDEFFECT4DATA		= A1AC, L: MK1
SOUNDEFFECT5DATA		= A1C6, L: MK1
SOUNDEFFECT6DATA		= A1D2, L: MK1
SOUNDEFFECT7DATA		= A1DA, L: MK1
SOUNDEFFECT8DATA		= A1FC, L: MK1
SOUNDEFFECT9DATA		= A204, L: MK1
_BEEP_FX			= A210, G: MK1
_ATTR				= A229, G: MK1
I_18				= A249, L: MK1
I_17				= A24D, L: MK1
_QTILE				= A279, G: MK1
_DRAW_COLOURED_TILE		= A2A5, G: MK1
_INVALIDATE_TILE		= A2EB, G: MK1
_INVALIDATE_VIEWPORT		= A2FF, G: MK1
_DRAW_INVALIDATE_COLOURED_TILE_G= A30F, G: MK1
_DRAW_COLOURED_TILE_GAMEAREA	= A316, G: MK1
_DRAW_DECORATIONS		= A344, G: MK1
_DRAW_DECORATIONS_LOOP		= A347, L: MK1
_UTAUX				= A377, G: MK1
_UPDATE_TILE			= A378, G: MK1
_PRINT_NUMBER2			= A3A9, G: MK1
_DRAW_OBJS			= A3F8, G: MK1
_PRINT_STR			= A40F, G: MK1
PRINT_STR_LOOP			= A412, L: MK1
PRINT_STR_NO_INC_A		= A426, L: MK1
_BLACKOUT_AREA			= A434, G: MK1
BAL1				= A439, L: MK1
_CLEAR_SPRITES			= A44A, G: MK1
HIDE_SPRITES_ENEMS_LOOP		= A45F, L: MK1
HIDE_SPRITES_BULLETS_LOOP	= A48A, L: MK1
_COLLIDE			= A4B5, G: MK1
I_21				= A510, L: MK1
I_22				= A513, L: MK1
_CM_TWO_POINTS			= A516, G: MK1
_CM_TWO_POINTS_AT1_RESET	= A524, L: MK1
_CM_TWO_POINTS_AT1_DO		= A527, L: MK1
_CM_TWO_POINTS_AT1_DONE		= A541, L: MK1
_CM_TWO_POINTS_AT2_RESET	= A552, L: MK1
_CM_TWO_POINTS_AT2_DO		= A555, L: MK1
_CM_TWO_POINTS_AT2_DONE		= A56F, L: MK1
_RAND				= A573, G: MK1
RAND16				= A573, L: MK1
NEXTRAND			= A58F, L: MK1
_ABS				= A59C, G: MK1
I_23				= A5AD, L: MK1
I_24				= A5B2, L: MK1
_CORTINA			= A5B3, G: MK1
CLEARB1				= A5B8, L: MK1
CLEARB2				= A5BB, L: MK1
REPITATODO			= A5C7, L: MK1
BUCLE				= A5CD, L: MK1
BUCLE1				= A5D0, L: MK1
BUCLE2				= A5D8, L: MK1
_BREAK_WALL			= A5E7, G: MK1
I_25				= A630, L: MK1
I_26				= A647, L: MK1
_BULLETS_INIT			= A655, G: MK1
I_27				= A65C, L: MK1
I_28				= A67F, L: MK1
_BULLETS_UPDATE			= A680, G: MK1
__BXO				= A6AF, G: MK1
__BYO				= A6B3, G: MK1
__BMXO				= A6B7, G: MK1
__BMYO				= A6BB, G: MK1
_BULLETS_FIRE			= A6BF, G: MK1
I_33				= A6CB, L: MK1
I_34				= A6DF, L: MK1
I_36				= A6E9, L: MK1
I_37				= A747, L: MK1
I_35				= A74A, L: MK1
_BULLETS_MOVE			= A74B, G: MK1
I_38				= A755, L: MK1
I_40				= A75A, L: MK1
I_42				= A7CF, L: MK1
I_43				= A7CF, L: MK1
I_44				= A7FD, L: MK1
I_45				= A7FD, L: MK1
I_46				= A84B, L: MK1
I_47				= A85D, L: MK1
I_41				= A860, L: MK1
I_39				= A863, L: MK1
_SIMPLE_COCO_INIT		= A864, G: MK1
I_48				= A86E, L: MK1
I_50				= A878, L: MK1
I_49				= A894, L: MK1
_SIMPLE_COCO_SHOOT		= A895, G: MK1
_SIMPLE_COCO_UPDATE		= A8D4, G: MK1
I_51				= A8DE, L: MK1
I_53				= A8E8, L: MK1
_SIMPLE_COCO_UPDATE_DO		= A908, L: MK1
_SIMPLE_COCO_UPDATE_CONTINUE	= A935, L: MK1
_SIMPLE_COCO_UPDATE_KEEP_GOING	= A935, L: MK1
_SIMPLE_COCO_UPDATE_DONE	= A94B, L: MK1
I_54				= A94B, L: MK1
I_52				= A94E, L: MK1
_PREPARE_LEVEL			= A94F, G: MK1
I_55				= AA6E, L: MK1
_PLAYER_CELLS			= AA6F, G: MK1
_ENEM_CELLS			= AA7F, G: MK1
_LAME_SOUND			= AA8F, G: MK1
I_60				= AA96, L: MK1
I_58				= AAAA, L: MK1
I_59				= AAB9, L: MK1
_GAME_ENDING			= AAC2, G: MK1
_GAME_OVER			= AB3F, G: MK1
_ZONE_CLEAR			= ABA2, G: MK1
_ADDSIGN			= ABFB, G: MK1
I_61				= AC0C, L: MK1
I_62				= AC14, L: MK1
_ESPERA_ACTIVA			= AC15, G: MK1
I_63				= AC15, L: MK1
I_67				= AC1D, L: MK1
I_64				= AC1D, L: MK1
I_70				= AC24, L: MK1
I_68				= AC2B, L: MK1
I_69				= AC3A, L: MK1
I_71				= AC42, L: MK1
I_65				= AC42, L: MK1
I_66				= AC4C, L: MK1
_PROCESS_TILE			= AC4D, G: MK1
I_74				= ACA5, L: MK1
I_75_I_74			= ACA8, L: MK1
I_72				= AD1C, L: MK1
I_73				= AD1C, L: MK1
I_77				= AD3D, L: MK1
I_78_I_77			= AD40, L: MK1
I_79				= AD4A, L: MK1
I_81				= AD54, L: MK1
I_83				= AD9D, L: MK1
I_84_I_83			= ADA0, L: MK1
I_82				= ADB8, L: MK1
I_80				= ADBB, L: MK1
I_76				= ADEE, L: MK1
_DRAW_SCR_BACKGROUND		= ADEF, G: MK1
I_85				= AE1F, L: MK1
I_87				= AE29, L: MK1
_DRAW_SCR_PACKED_NEW		= AE3F, L: MK1
_DRAW_SCR_PACKED_EXISTING	= AE54, L: MK1
_DRAW_SCR_PACKED_DONE		= AE59, L: MK1
_DRAW_SCR_PACKED_ALT		= AE75, L: MK1
_DRAW_SCR_PACKED_ALT_SUBST	= AE84, L: MK1
_DRAW_SCR_PACKED_NOALT		= AE89, L: MK1
_ADVANCE_WORM_NO_INC_Y		= AEAA, L: MK1
I_86				= AEB0, L: MK1
_DRAW_SCR			= AEB1, G: MK1
I_88				= AECE, L: MK1
I_89				= AED4, L: MK1
I_91				= AF0B, L: MK1
I_90				= AF25, L: MK1
I_92				= AF25, L: MK1
I_94				= AF34, L: MK1
I_95_I_94			= AF37, L: MK1
I_93				= AF45, L: MK1
I_97				= AF53, L: MK1
I_98_I_97			= AF56, L: MK1
I_96				= AF6A, L: MK1
_HOTSPOTS_SETUP_DO		= AF9C, L: MK1
_HOTSPOTS_SETUP_SET_REFILL	= AFCD, L: MK1
_HOTSPOTS_SETUP_SET		= AFCE, L: MK1
_HOTSPOTS_SETUP_DONE		= AFD6, L: MK1
_OPEN_LOCKS_LOOP		= AFDB, L: MK1
_OPEN_LOCKS_DO			= AFEF, L: MK1
_OPEN_LOCKS_DONE		= B017, L: MK1
_SELECT_JOYFUNC			= B02C, G: MK1
I_99				= B02F, L: MK1
I_102_UGE			= B03F, L: MK1
I_102				= B048, L: MK1
I_103_I_102			= B04B, L: MK1
I_101				= B064, L: MK1
I_100				= B067, L: MK1
_MONS_COL_SC_X			= B068, G: MK1
I_104				= B084, L: MK1
I_105				= B089, L: MK1
I_106				= B0D7, L: MK1
I_107				= B0DA, L: MK1
_MONS_COL_SC_Y			= B0DD, G: MK1
I_108				= B0F9, L: MK1
I_109				= B0FE, L: MK1
I_110				= B14C, L: MK1
I_111				= B14F, L: MK1
_PLAYER_INIT			= B152, G: MK1
_PLAYER_CALC_BOUNDING_BOX	= B1A7, G: MK1
_PLAYER_MOVE			= B1E8, G: MK1
I_113				= B219, L: MK1
I_114				= B21C, L: MK1
I_116				= B24D, L: MK1
I_115				= B250, L: MK1
I_119				= B271, L: MK1
I_117				= B271, L: MK1
I_118				= B271, L: MK1
I_112				= B271, L: MK1
I_121				= B295, L: MK1
I_120				= B295, L: MK1
I_123				= B2BA, L: MK1
I_122				= B2BA, L: MK1
I_124				= B2D0, L: MK1
I_125				= B2E3, L: MK1
I_128				= B338, L: MK1
I_127				= B366, L: MK1
I_126				= B366, L: MK1
I_132				= B396, L: MK1
I_130				= B3C0, L: MK1
I_131				= B3C0, L: MK1
I_135				= B3DD, L: MK1
I_136				= B3E0, L: MK1
I_134				= B3E6, L: MK1
I_138				= B439, L: MK1
I_139				= B43C, L: MK1
I_141				= B468, L: MK1
I_140				= B46B, L: MK1
I_143				= B48C, L: MK1
I_144				= B48C, L: MK1
I_142				= B48C, L: MK1
I_137				= B493, L: MK1
I_145				= B4B8, L: MK1
I_146				= B4B8, L: MK1
I_147				= B4DD, L: MK1
I_148				= B4DD, L: MK1
I_149				= B4F3, L: MK1
I_150				= B506, L: MK1
I_153				= B564, L: MK1
I_152				= B595, L: MK1
I_156				= B5AA, L: MK1
I_157				= B5AD, L: MK1
I_155				= B5B3, L: MK1
I_151				= B5B3, L: MK1
I_160				= B5E3, L: MK1
I_159				= B613, L: MK1
I_163				= B628, L: MK1
I_164				= B62B, L: MK1
I_158				= B631, L: MK1
I_162				= B631, L: MK1
I_165				= B645, L: MK1
I_167				= B656, L: MK1
I_166				= B656, L: MK1
I_168				= B6AB, L: MK1
I_170				= B70A, L: MK1
I_169				= B70D, L: MK1
I_173				= B76C, L: MK1
I_172				= B76F, L: MK1
I_176				= B7CD, L: MK1
I_175				= B7D0, L: MK1
I_174				= B82F, L: MK1
I_178				= B82F, L: MK1
I_179				= B82F, L: MK1
I_177				= B82F, L: MK1
I_171				= B82F, L: MK1
I_181				= B845, L: MK1
I_182_I_181			= B848, L: MK1
I_180				= B852, L: MK1
I_183				= B861, L: MK1
I_184				= B888, L: MK1
I_185				= B8A7, L: MK1
I_186				= B8A7, L: MK1
I_187				= B8BC, L: MK1
I_188				= B8BC, L: MK1
I_190				= B8CE, L: MK1
I_191				= B8D1, L: MK1
I_189				= B8FD, L: MK1
I_192				= B8FD, L: MK1
_PLAYER_DEPLETE			= B917, G: MK1
I_193				= B93A, L: MK1
I_194				= B93D, L: MK1
_PLAYER_KILL			= B944, G: MK1
_ENEMS_PURSUERS_INIT		= B967, G: MK1
_ENEMS_DRAW_CURRENT		= B98E, G: MK1
_ENEMS_LOAD			= BA20, G: MK1
I_195				= BA39, L: MK1
I_197				= BA43, L: MK1
I_200				= BACE, L: MK1
I_202				= BAF0, L: MK1
I_204				= BAF0, L: MK1
I_203				= BAF0, L: MK1
I_201				= BAF0, L: MK1
I_205				= BB1A, L: MK1
I_206				= BB52, L: MK1
I_207				= BB58, L: MK1
I_199				= BB6C, L: MK1
I_196				= BB8D, L: MK1
_ENEMS_KILL			= BB8E, G: MK1
I_208				= BBB3, L: MK1
_ENEMS_MOVE			= BBBE, G: MK1
I_209				= BBDD, L: MK1
I_211				= BBE2, L: MK1
I_214				= BC5F, L: MK1
I_218				= BC81, L: MK1
I_219				= BC81, L: MK1
I_216				= BC81, L: MK1
I_217				= BC81, L: MK1
I_215				= BC81, L: MK1
_ENEMS_LM_CHANGE_AXIS_X		= BCA5, L: MK1
_ENEMS_LM_CHANGE_AXIS_X_DONE	= BCAD, L: MK1
_ENEMS_LM_CHANGE_AXIS_Y		= BCCC, L: MK1
_ENEMS_LM_CHANGE_AXIS_Y_DONE	= BCD4, L: MK1
I_221				= BD07, L: MK1
I_220				= BD07, L: MK1
I_222				= BD0A, L: MK1
_EIJ_STATE_IDLE			= BD1F, L: MK1
_EIJ_RAWV_SET			= BD54, L: MK1
_EIJ_STATE_STILL_IDLE		= BD6E, L: MK1
_EIJ_STATE_APPEARING		= BD73, L: MK1
_EIJ_STATE_STILL_APPEARING	= BD8C, L: MK1
_EIJ_STATE_MOVING		= BD9D, L: MK1
_EIJ_STATE_MOVING_X		= BDB0, L: MK1
_EIJ_STATE_MOVING_X_RIGHT	= BDC4, L: MK1
_EIJ_STATE_MOVING_X_LEFT	= BDCC, L: MK1
_EIJ_STATE_MOVING_X_SET		= BDD4, L: MK1
_EIJ_STATE_MOVING_Y		= BDE5, L: MK1
_EIJ_STATE_MOVING_Y_DOWN	= BDF9, L: MK1
_EIJ_STATE_MOVING_Y_UP		= BE01, L: MK1
_EIJ_STATE_MOVING_Y_SET		= BE09, L: MK1
_EIJ_STATE_DONE			= BE1A, L: MK1
I_213				= BE1A, L: MK1
_ENEMS_MOVE_UPDATE_FRAME_DONE	= BE6B, L: MK1
I_224				= BE6B, L: MK1
I_226				= BE97, L: MK1
I_227_I_226			= BE9A, L: MK1
I_225				= BEA6, L: MK1
I_228				= BEA6, L: MK1
I_230				= BEC0, L: MK1
I_232				= BEC5, L: MK1
I_235				= BF56, L: MK1
I_236_I_235			= BF59, L: MK1
I_237				= BFC8, L: MK1
I_234				= BFD0, L: MK1
I_233				= BFD0, L: MK1
I_229				= BFD3, L: MK1
I_231				= BFD3, L: MK1
I_223				= BFD3, L: MK1
I_210				= C00A, L: MK1
_HOTSPOTS_DO			= C00B, G: MK1
I_238				= C025, L: MK1
I_242				= C057, L: MK1
I_243				= C06F, L: MK1
I_244				= C084, L: MK1
I_245				= C094, L: MK1
I_246				= C0B2, L: MK1
I_247				= C0BD, L: MK1
I_248				= C0E5, L: MK1
I_249				= C0EC, L: MK1
I_241				= C0F4, L: MK1
I_250				= C143, L: MK1
I_239				= C143, L: MK1
_MAIN				= C144, G: MK1
I_253				= C17E, L: MK1
I_251				= C1AA, L: MK1
I_254				= C1AA, L: MK1
I_252				= C1B4, L: MK1
I_255				= C1F3, L: MK1
I_257				= C1F8, L: MK1
I_256				= C280, L: MK1
I_258				= C28A, L: MK1
I_260				= C28F, L: MK1
I_259				= C2D9, L: MK1
I_261				= C2E3, L: MK1
I_263				= C2E8, L: MK1
I_262				= C332, L: MK1
I_264				= C332, L: MK1
I_266				= C357, L: MK1
I_268				= C3F7, L: MK1
I_270				= C414, L: MK1
I_271				= C438, L: MK1
I_272				= C455, L: MK1
I_273				= C485, L: MK1
I_274				= C4B5, L: MK1
I_275				= C4E5, L: MK1
I_276				= C517, L: MK1
I_278				= C535, L: MK1
I_280				= C53A, L: MK1
I_279				= C55D, L: MK1
I_282				= C57B, L: MK1
I_281				= C5B9, L: MK1
I_284				= C5D6, L: MK1
I_285				= C5E6, L: MK1
I_287				= C5EB, L: MK1
I_288				= C668, L: MK1
I_289				= C68A, L: MK1
I_286				= C68D, L: MK1
I_290				= C697, L: MK1
I_292				= C69C, L: MK1
I_293				= C71C, L: MK1
I_294				= C73E, L: MK1
I_291				= C741, L: MK1
I_277				= C744, L: MK1
I_295				= C75F, L: MK1
I_296				= C75F, L: MK1
I_298				= C787, L: MK1
I_299_I_298			= C78A, L: MK1
I_297				= C7AA, L: MK1
I_301				= C7BE, L: MK1
I_302_I_301			= C7C1, L: MK1
I_303				= C80F, L: MK1
I_304				= C80F, L: MK1
I_300				= C80F, L: MK1
I_305				= C81E, L: MK1
I_306				= C82C, L: MK1
I_308				= C84E, L: MK1
I_309_I_308			= C851, L: MK1
I_310				= C866, L: MK1
I_312				= C870, L: MK1
I_311				= C8C8, L: MK1
I_307				= C8E0, L: MK1
I_315_UGE			= C8FC, L: MK1
I_315				= C906, L: MK1
I_316_I_315			= C909, L: MK1
I_313				= C92E, L: MK1
I_314				= C92E, L: MK1
I_269				= C931, L: MK1
I_318				= C96D, L: MK1
I_319				= C982, L: MK1
I_317				= C985, L: MK1
I_320				= C98B, L: MK1
I_267				= C98E, L: MK1
I_265				= C994, L: MK1
MUSICSTART			= C995, L: MK1
PLAYER				= C9B9, L: MK1
NEXT_PATTERN			= C9D9, L: MK1
PATTERN_LOOP_END		= C9DF, L: MK1
PATTERN_LOOP_BEGIN		= C9E3, L: MK1
NO_PATTERN_LOOP			= C9E4, L: MK1
MAIN_LOOP			= C9ED, L: MK1
READ_LOOP			= C9F0, L: MK1
CURRENT_INST			= CA2F, L: MK1
L8098				= CA38, L: MK1
L809B				= CA3B, L: MK1
SET_NOTE2			= CA61, L: MK1
SET_STOP			= CA75, L: MK1
SET_STOP2			= CA8E, L: MK1
OTHER				= CA99, L: MK1
INSTRUM_TBL			= CAB0, L: MK1
SKIP_CH1			= CAB9, L: MK1
EXIT_PLAYER			= CABF, L: MK1
RENDER				= CAC6, L: MK1
CNT_1A				= CAD0, L: MK1
CNT_1B				= CAD4, L: MK1
DIV_1A				= CAD7, L: MK1
DIV_1B				= CADA, L: MK1
OUT_1				= CADD, L: MK1
CNT_2				= CAE1, L: MK1
DIV_2				= CAE4, L: MK1
OUT_2				= CAE7, L: MK1
PLAY_NOTE			= CAE8, L: MK1
PLAYER_WAIT_KEY			= CAEF, L: MK1
L8168				= CAF4, L: MK1
L8171				= CAFD, L: MK1
L8173				= CAFF, L: MK1
L8179				= CB05, L: MK1
L817B				= CB07, L: MK1
L8184				= CB10, L: MK1
L8186				= CB12, L: MK1
L818A				= CB16, L: MK1
L8193				= CB1F, L: MK1
L8195				= CB21, L: MK1
L819B				= CB27, L: MK1
L819D				= CB29, L: MK1
L81A6				= CB32, L: MK1
L81A8				= CB34, L: MK1
L81AC				= CB38, L: MK1
L81B5				= CB41, L: MK1
L81B7				= CB43, L: MK1
L81BD				= CB49, L: MK1
L81BF				= CB4B, L: MK1
L81C8				= CB54, L: MK1
L81CA				= CB56, L: MK1
L81CE				= CB5A, L: MK1
L81D7				= CB63, L: MK1
L81D9				= CB65, L: MK1
L81DF				= CB6B, L: MK1
L81E1				= CB6D, L: MK1
L81EA				= CB76, L: MK1
L81EC				= CB78, L: MK1
L81F9				= CB85, L: MK1
L81FB				= CB87, L: MK1
L8201				= CB8D, L: MK1
L8203				= CB8F, L: MK1
L820C				= CB98, L: MK1
L820E				= CB9A, L: MK1
DRUMS				= CBB3, L: MK1
DRUM_TONE1			= CBC0, L: MK1
DRUM_TONE2			= CBC4, L: MK1
DRUM_TONE3			= CBC8, L: MK1
DRUM_TONE4			= CBCC, L: MK1
DRUM_TONE5			= CBD0, L: MK1
DRUM_TONE6			= CBD4, L: MK1
DRUM_TONE			= CBD6, L: MK1
DT_LOOP0			= CBDD, L: MK1
DT_LOOP1			= CBEA, L: MK1
DRUM_NOISE1			= CBF3, L: MK1
DRUM_NOISE2			= CBFB, L: MK1
DRUM_NOISE3			= CC03, L: MK1
DRUM_NOISE			= CC09, L: MK1
DN_LOOP0			= CC0D, L: MK1
DN_LOOP1			= CC15, L: MK1
PATTERN_ADDR			= CC21, L: MK1
PATTERN_PTR			= CC23, L: MK1
NOTE_PTR			= CC24, L: MK1
FREQ_TABLE			= CC26, L: MK1
DRUM_TABLE			= CC9E, L: MK1
MUSICDATA			= CCB0, L: MK1
PATTERNDATA			= CCC0, L: MK1
PAT0				= CCC8, L: MK1
PAT1				= CD77, L: MK1
I_1				= CE35, L: MK1
__EN_T				= CF7B, G: MK1
__EN_X				= CF7C, G: MK1
__EN_Y				= CF7D, G: MK1
_SP_MOVILES			= CF7E, G: MK1
_GPEN_CX			= CF84, G: MK1
_GPEN_CY			= CF85, G: MK1
__EN_X1				= CF86, G: MK1
__EN_Y1				= CF87, G: MK1
__EN_X2				= CF88, G: MK1
__EN_Y2				= CF89, G: MK1
_BULLETS_MX			= CF8A, G: MK1
_BULLETS_MY			= CF8D, G: MK1
_EN_AN_BASE_FRAME		= CF90, G: MK1
__EN_CX				= CF93, G: MK1
__EN_CY				= CF94, G: MK1
_HOTSPOT_X			= CF95, G: MK1
_HOTSPOT_Y			= CF96, G: MK1
_HALF_LIFE			= CF97, G: MK1
__EN_MX				= CF98, G: MK1
__EN_MY				= CF99, G: MK1
_MAP_POINTER			= CF9A, G: MK1
_EN_AN_STATE			= CF9C, G: MK1
_FLAGS				= CF9F, G: MK1
_P_FACING			= CFA1, G: MK1
_P_FRAME			= CFA2, G: MK1
_PREGOTTEN			= CFA3, G: MK1
_HIT_H				= CFA4, G: MK1
_P_KILL_AMT			= CFA5, G: MK1
_HIT_V				= CFA6, G: MK1
_KILLED_OLD			= CFA7, G: MK1
_GPAUX				= CFA8, G: MK1
_MAP_ATTR			= CFA9, G: MK1
_ACTIVE				= D03F, G: MK1
_P_CT_ESTADO			= D040, G: MK1
_LEVEL				= D041, G: MK1
_HOTSPOT_DESTROY		= D042, G: MK1
_X0				= D043, G: MK1
_Y0				= D044, G: MK1
_X1				= D045, G: MK1
_Y1				= D046, G: MK1
__N				= D047, G: MK1
__T				= D048, G: MK1
__X				= D049, G: MK1
__Y				= D04A, G: MK1
_LIFE_OLD			= D04B, G: MK1
_BULLETS_ESTADO			= D04C, G: MK1
__GP_GEN			= D04F, G: MK1
_GEN_PT				= D051, G: MK1
_P_CURRENT_FRAME		= D053, G: MK1
_PTGMX				= D055, G: MK1
_PTGMY				= D057, G: MK1
_EN_AN_CURRENT_FRAME		= D059, G: MK1
_SP_PLAYER			= D05F, G: MK1
_SP_BULLETS			= D061, G: MK1
__B_X				= D067, G: MK1
__B_Y				= D068, G: MK1
_ENOFFS				= D069, G: MK1
_B_IT				= D06A, G: MK1
_SP_COCOS			= D06B, G: MK1
_EN_AN_RAWV			= D071, G: MK1
_P_ESTADO			= D074, G: MK1
__B_ESTADO			= D075, G: MK1
_P_KILLED			= D076, G: MK1
_BULLETS_X			= D077, G: MK1
_BULLETS_Y			= D07A, G: MK1
_P_AMMO				= D07D, G: MK1
_GPEN_X				= D07E, G: MK1
_GPEN_Y				= D07F, G: MK1
_PAD0				= D080, G: MK1
_P_KILLME			= D081, G: MK1
_N_PANT				= D082, G: MK1
_P_CONT_SALTO			= D083, G: MK1
_O_PANT				= D084, G: MK1
_P_LIFE				= D085, G: MK1
_ENIT				= D086, G: MK1
_P_FUEL				= D087, G: MK1
_P_OBJS				= D088, G: MK1
_P_GOTTEN			= D089, G: MK1
_GPCX				= D08A, G: MK1
_GPCY				= D08B, G: MK1
_GPIT				= D08C, G: MK1
_GPJT				= D08D, G: MK1
_P_KEYS				= D08E, G: MK1
_AMMO_OLD			= D08F, G: MK1
_PLAYING			= D090, G: MK1
_GPOX				= D091, G: MK1
_SEED				= D092, G: MK1
_P_TX				= D094, G: MK1
_P_TY				= D095, G: MK1
_ASM_INT_2			= D096, G: MK1
_P_VX				= D098, G: MK1
_P_VY				= D09A, G: MK1
_GPXX				= D09C, G: MK1
_GPYY				= D09D, G: MK1
_OBJS_OLD			= D09E, G: MK1
_MAINCOUNTER			= D09F, G: MK1
_PTX1				= D0A0, G: MK1
_PTX2				= D0A1, G: MK1
_PTY1				= D0A2, G: MK1
_PTY2				= D0A3, G: MK1
_ASM_NUMBER			= D0A4, G: MK1
_P_NEXT_FRAME			= D0A5, G: MK1
_EN_AN_NEXT_FRAME		= D0A7, G: MK1
_AT1				= D0AD, G: MK1
_AT2				= D0AE, G: MK1
__EN_LIFE			= D0AF, G: MK1
_CX1				= D0B0, G: MK1
_CX2				= D0B1, G: MK1
_CY1				= D0B2, G: MK1
_CY2				= D0B3, G: MK1
_P_SUBFRAME			= D0B4, G: MK1
_EN_AN_DEAD_ROW			= D0B5, G: MK1
_BLX				= D0B8, G: MK1
_BLY				= D0B9, G: MK1
_GPC				= D0BA, G: MK1
_GPD				= D0BB, G: MK1
_HIT				= D0BC, G: MK1
_GPT				= D0BD, G: MK1
_RDA				= D0BE, G: MK1
_RDB				= D0BF, G: MK1
_RDC				= D0C0, G: MK1
_P_X				= D0C1, G: MK1
_AD_FREE			= D0C3, G: MK1
_P_Y				= D4DD, G: MK1
_COCOS_MX			= D4DF, G: MK1
_COCOS_MY			= D4E2, G: MK1
_GPX				= D4E5, G: MK1
_GPY				= D4E6, G: MK1
_RDD				= D4E7, G: MK1
_RDN				= D4E8, G: MK1
_ITJ				= D4E9, G: MK1
_KEYS_OLD			= D4EB, G: MK1
_RDX				= D4EC, G: MK1
_RDY				= D4ED, G: MK1
_WALL_H				= D4EE, G: MK1
_ENOFFSMASI			= D4EF, G: MK1
_WALL_V				= D4F0, G: MK1
_TOCADO				= D4F1, G: MK1
_EN_AN_ALIVE			= D4F2, G: MK1
_IS_RENDERING			= D4F5, G: MK1
_COCOS_X			= D4F6, G: MK1
_COCOS_Y			= D4F9, G: MK1
_SLEVEL				= D4FC, G: MK1
_ASM_INT			= D4FD, G: MK1
_P_FACING_H			= D4FF, G: MK1
__BADDIES_POINTER		= D500, G: MK1
_P_FACING_V			= D502, G: MK1
_P_SALTANDO			= D503, G: MK1
_POSSEE				= D504, G: MK1
_ORIG_TILE			= D505, G: MK1
_EN_AN_FRAME			= D506, G: MK1
_SUCCESS			= D509, G: MK1
_RAM_DESTINATION		= D50A, G: MK1
_EN_AN_COUNT			= D50C, G: MK1
_P_DISPARANDO			= D50F, G: MK1
__B_MX				= D510, G: MK1
__B_MY				= D511, G: MK1
_RAM_ADDRESS			= D512, G: MK1
L_AND				= D514, G: L_AND
L_ASL				= D51B, G: L_ASL
L_ASL1				= D51C, L: L_ASL
L_ASR				= D522, G: L_ASR
L_ASR1				= D523, L: L_ASR
L_ASR_U				= D52C, G: L_ASR_U
L_ASR_U_1			= D52D, L: L_ASR_U
L_DIV				= D536, G: L_DIV
L_DIV0				= D546, L: L_DIV
L_DIV01				= D552, L: L_DIV
DOSIGN				= D563, L: L_DIV
L_DIV_U				= D56A, G: L_DIV_U
ENTRY				= D56E, L: L_DIV_U
L_DIV1				= D575, L: L_DIV_U
L_DIV2				= D57F, L: L_DIV_U
L_EQ				= D589, G: L_EQ
L_GCHAR				= D590, G: L_GCHAR
L_SXT				= D591, L: L_GCHAR
L_GE				= D596, G: L_GE
L_GINT				= D5A4, G: L_GINT
L_GT				= D5A9, G: L_GT
L_LNEG				= D5B5, G: L_LNEG
L_LT				= D5BA, G: L_LT
L_MULT				= D5C6, G: L_MULT
L_MULT1				= D5CD, L: L_MULT
L_MULT2				= D5D4, L: L_MULT
L_NE				= D5D7, G: L_NE
L_NEG				= D5DE, G: L_NEG
L_OR				= D5E6, G: L_OR
L_PINT				= D5ED, G: L_PINT
L_SXT				= D5F3, G: L_SXT
L_UGE				= D5F8, G: L_UGE
L_UGT				= D600, G: L_UGT
L_ULE				= D606, G: L_ULE
L_ULT				= D60E, G: L_ULT
SPCOMPDLISTADDR			= D614, G: SPCOMPDLISTADDR
SPDISPLAYLIST			= D625, G: SPDISPLAYLIST
SPINVALIDATE			= E225, G: SPINVALIDATE
SPINVALIDATEP			= E22D, G: SPINVALIDATE
NOINC1				= E246, L: SPINVALIDATE
INVCOLLP			= E24A, L: SPINVALIDATE
NOINC2				= E259, L: SPINVALIDATE
INVFULLCHAR			= E25D, L: SPINVALIDATE
INVROWLP			= E25F, L: SPINVALIDATE
NOINC3				= E26A, L: SPINVALIDATE
SPBITLEFT2MASK			= E278, G: SPBITLEFT2MASK
SPBITRIGHT2MASK			= E280, G: SPBITRIGHT2MASK
SPCOMPDIRTYADDR			= E288, G: SPCOMPDIRTYADDR
SPDIRTYCHARS			= E29D, G: SPDIRTYCHARS
SPINTRECT			= E2FD, G: SPINTRECT
SPINTSMALLIVAL			= E32E, G: SPINTRECT
TRYOTHERWAY			= E342, L: SPINTRECT
SPPTINSMALLIVAL			= E353, G: SPINTRECT
BROKEN				= E35F, L: SPINTRECT
SPMOVESPRABS			= E368, G: SPMOVESPRABS
SPMOVESPRABSNC			= E376, G: SPMOVESPRABS
ADJLOOP				= E381, L: SPMOVESPRABS
SPMOVESPRABSC			= E38F, G: SPMOVESPRABS
YINSCREEN			= E3A7, L: SPMOVESPRABS
XINSCREEN			= E3B7, L: SPMOVESPRABS
MVCOLLOOP			= E3CE, L: SPMOVESPRABS
MVROWLOOP			= E3D4, L: SPMOVESPRABS
NOTDONE				= E3DE, L: SPMOVESPRABS
NOINC1				= E3F6, L: SPMOVESPRABS
NOTINDLIST			= E40A, L: SPMOVESPRABS
NONEXT1				= E40A, L: SPMOVESPRABS
PDLOOP				= E427, L: SPMOVESPRABS
NOINC2				= E42F, L: SPMOVESPRABS
PUTHERE				= E441, L: SPMOVESPRABS
NOINC3				= E450, L: SPMOVESPRABS
NODEC1				= E45E, L: SPMOVESPRABS
NOINC4				= E46A, L: SPMOVESPRABS
NOTDISPLAYED			= E477, L: SPMOVESPRABS
NONEXT2				= E477, L: SPMOVESPRABS
INVALIDATE			= E492, L: SPMOVESPRABS
COMPUTEDISP			= E4A1, L: SPMOVESPRABS
NOTNEGATIVE			= E4BF, L: SPMOVESPRABS
ADJUSTGRAPHICS			= E4C4, L: SPMOVESPRABS
NOINC5				= E4D0, L: SPMOVESPRABS
SKIP1				= E4E0, L: SPMOVESPRABS
SKIP2				= E4F0, L: SPMOVESPRABS
SPNULLSPRPTR			= E4F3, G: SPNULLSPRPTR
SPPRINTATINV			= E503, G: SPPRINTATINV
SPBIT2MASK			= E51B, G: SPBIT2MASK
SPTBLLOOKUP			= E523, G: SPTBLLOOKUP
NOINC				= E529, L: SPTBLLOOKUP
SP_ADDCOLSPR			= E52B, G: SP_ADDCOLSPR
SPADDCOLSPR			= E546, G: SPADDCOLSPR
ACNOCRY				= E551, L: SPADDCOLSPR
ACLOOP				= E562, L: SPADDCOLSPR
NOINC1				= E59E, L: SPADDCOLSPR
ACNOCRY3			= E5B2, L: SPADDCOLSPR
ACFAIL				= E5DC, L: SPADDCOLSPR
JPHL				= E5ED, L: SPADDCOLSPR
SPDELETESPR			= E5EE, G: SPDELETESPR
LOOP				= E5F2, L: SPDELETESPR
SPDSLOOP			= E5FF, G: SPDELETESPR
JPHL				= E607, L: SPDELETESPR
SP_ADDMEMORY			= E608, G: SP_ADDMEMORY
SPADDMEMORY			= E621, G: SPADDMEMORY
IB1				= E629, L: SPADDMEMORY
IB2				= E630, L: SPADDMEMORY
SPFREEBLOCK			= E63D, G: SPFREEBLOCK
SPFB1				= E642, G: SPFREEBLOCK
SPFB2				= E64D, G: SPFREEBLOCK
SPQUEUETABLE			= E658, G: SPQUEUETABLE
SP_BLOCKALLOC			= E65A, G: SP_BLOCKALLOC
SPBLOCKALLOC			= E668, G: SPBLOCKALLOC
SPALLOC				= E672, G: SPBLOCKALLOC
SP_BORDER			= E683, G: SP_BORDER
SPBORDERCLR			= E68C, G: SPBORDER
SPBORDER			= E68D, G: SPBORDER
SP_CREATESPR			= E695, G: SP_CREATESPR
SPCREATESPR			= E6AD, G: SPCREATESPR
CSLOOP				= E6F8, L: SPCREATESPR
CSENTER				= E70C, L: SPCREATESPR
NOTCOMPRESS			= E71E, L: SPCREATESPR
CONT				= E723, L: SPCREATESPR
CSNOCRY				= E737, L: SPCREATESPR
CSFAIL1				= E741, L: SPCREATESPR
CSFAIL2				= E743, L: SPCREATESPR
JPHL				= E74C, L: SPCREATESPR
SP_FREEBLOCK			= E74D, G: SP_FREEBLOCK
SP_GETKEY			= E758, G: SP_GETKEY
KEYOK				= E75E, L: SP_GETKEY
STATE				= E763, L: SPGETKEY
COUNT				= E764, L: SPGETKEY
SPKEYDEBOUNCE			= E765, G: SPGETKEY
SPKEYSTARTREPEAT		= E766, G: SPGETKEY
SPKEYREPEATPERIOD		= E767, G: SPGETKEY
SPINKEY				= E768, G: SPGETKEY
SPGETKEY			= E779, G: SPGETKEY
SCANLOOP			= E780, L: SPGETKEY
KEYROWLOOP			= E784, L: SPGETKEY
NOPRESS				= E794, L: SPGETKEY
NEXTSCANROW			= E799, L: SPGETKEY
ATMAXCOUNT			= E7AA, L: SPGETKEY
SKIP				= E7C1, L: SPGETKEY
NOCAPS				= E7D7, L: SPGETKEY
NOSYM				= E7E2, L: SPGETKEY
TOOMANYKEYS			= E7E5, L: SPGETKEY
NOKEYS				= E7E5, L: SPGETKEY
SPKEYTRANSTBL			= E7ED, G: SPKEYTRANSTBL
SP_INITIALIZE			= E88D, G: SP_INITIALIZE
SPINITIALIZE			= E899, G: SPINITIALIZE
ROTTBLLP			= E8BF, L: SPINITIALIZE
ENTRYLP				= E8C6, L: SPINITIALIZE
ROTLP				= E8C9, L: SPINITIALIZE
LOOP				= E8E2, L: SPINITIALIZE
CONT1				= E8EA, L: SPINITIALIZE
NOADD				= E8F4, L: SPINITIALIZE
USERTILE			= E8F7, L: SPINITIALIZE
SPTILEARRAY			= E8FC, G: SPTILEARRAY
SP_JOYKEMPSTON			= EAFC, G: SP_JOYKEMPSTON
SPJOYKEMPSTON			= EB03, G: SPJOYKEMPSTON
KEMPTBL				= EB0E, L: SPJOYKEMPSTON
SP_JOYKEYBOARD			= EB2E, G: SP_JOYKEYBOARD
SPJOYKEYBOARD			= EB3C, G: SPJOYKEYBOARD
NOFIRE				= EB49, L: SPJOYKEYBOARD
JKLOOP				= EB49, L: SPJOYKEYBOARD
NOPRESS				= EB54, L: SPJOYKEYBOARD
SP_JOYSINCLAIR1			= EB5B, G: SP_JOYSINCLAIR1
SPJOYSINCLAIR1			= EB62, G: SPJOYSINCLAIR1
SINC1TBL			= EB6E, L: SPJOYSINCLAIR1
SP_TILEARRAY			= EB8E, G: SP_TILEARRAY
SPTILEENTRY			= EB9C, G: SPTILEENTRY
NOINC				= EBA5, L: SPTILEENTRY
SP_UPDATENOW			= EBAD, G: SP_UPDATENOW
TEMPGRAPHIC			= EBB3, L: SPUPDATENOW
TEMPCOLOUR			= EBBB, L: SPUPDATENOW
UPDATE_ATTRS			= EBBC, G: SPUPDATENOW
DOSPRITES			= EBBD, L: SPUPDATENOW
SPUPDATENOW			= EBBE, G: SPUPDATENOW
DIRTYLOOP			= EBCA, L: SPUPDATENOW
NOTACROSSBLK1			= EBDA, L: SPUPDATENOW
REENTER				= EBE2, L: SPUPDATENOW
NOINC1				= EBE2, L: SPUPDATENOW
DIRTYAREA			= EBF0, L: SPUPDATENOW
NOTACROSSBLK2			= EC2A, L: SPUPDATENOW
TILEONLY			= EC31, L: SPUPDATENOW
NOINC11				= EC3C, L: SPUPDATENOW
DRAWCHAR			= EC60, L: SPUPDATENOW
NOTLOAD				= EC8E, L: SPUPDATENOW
NOINC10				= EC99, L: SPUPDATENOW
SPRITELOOP			= ECAE, L: SPUPDATENOW
DOSPRITE			= ECB2, L: SPUPDATENOW
COLOURSPRITE			= EDC3, L: SPUPDATENOW
SKIP_SPRITE_UPDATE		= EDC4, L: SPUPDATENOW
CLEAR				= EDC5, L: SPUPDATENOW
COPYBUFFER			= EDD0, L: SPUPDATENOW
NOMORESPRITES			= EDF2, L: SPUPDATENOW
SKIPUPDATECOL			= EDFD, L: SPUPDATENOW
MASKNOROTATE			= EE00, L: SPUPDATENOW
LOADTYPE			= EE4B, L: SPUPDATENOW
LOADNOROTATE			= EEB9, L: SPUPDATENOW
XORTYPE				= EED8, L: SPUPDATENOW
XORNOROTATE			= EF5E, L: SPUPDATENOW
ORTYPE				= EF90, L: SPUPDATENOW
ORNOROTATE			= F016, L: SPUPDATENOW
SP_UPDATENOWEX			= F048, G: SP_UPDATENOWEX
SP_WAITFORNOKEY			= F051, G: SP_WAITFORNOKEY
SPWAITFORNOKEY			= F055, G: SPWAITFORNOKEY
