ACFAIL				= C6FD, L: SPADDCOLSPR
ACLOOP				= C683, L: SPADDCOLSPR
ACNOCRY				= C672, L: SPADDCOLSPR
ACNOCRY3			= C6D3, L: SPADDCOLSPR
ADJLOOP				= C4A2, L: SPMOVESPRABS
ADJUSTGRAPHICS			= C5E5, L: SPMOVESPRABS
APBRANCH1			= 5E81, L: MK1
APBRANCH2			= 5EC4, L: MK1
APBRANCH3			= 5EB0, L: MK1
APBRANCH4			= 5EA7, L: MK1
APGET4BITS			= 5E99, L: MK1
APLOOP				= 5E86, L: MK1
APLOOP0				= 5E83, L: MK1
APSKIP2				= 5EE3, L: MK1
APSKIP3				= 5EEC, L: MK1
APWRITEBYTE			= 5EA3, L: MK1
AP_FINISHUP			= 5EEF, L: MK1
AP_FINISHUP2			= 5EF2, L: MK1
AP_GETBIT			= 5F05, L: MK1
AP_GETGAMMA			= 5F11, L: MK1
AP_GETGAMMALOOP			= 5F14, L: MK1
AP_R0_GAMMA			= 5EF9, L: MK1
ATMAXCOUNT			= C91C, L: SPGETKEY
BROKEN				= C480, L: SPINTRECT
BUCLE				= 9388, L: MK1
BUCLE1				= 938B, L: MK1
BUCLE2				= 9393, L: MK1
CLEAR				= CFCE, L: SPUPDATENOW
CLEARB1				= 9373, L: MK1
CLEARB2				= 9376, L: MK1
COLOURSPRITE			= CFCC, L: SPUPDATENOW
COMPUTEDISP			= C5C2, L: SPMOVESPRABS
CONT				= C895, L: SPCREATESPR
CONT1				= CA5C, L: SPINITIALIZE
COPYBUFFER			= CFD9, L: SPUPDATENOW
COUNT				= C8D6, L: SPGETKEY
CSENTER				= C87E, L: SPCREATESPR
CSFAIL1				= C8B3, L: SPCREATESPR
CSFAIL2				= C8B5, L: SPCREATESPR
CSLOOP				= C86A, L: SPCREATESPR
CSNOCRY				= C8A9, L: SPCREATESPR
DEPACK				= 5E7E, L: MK1
DIRTYAREA			= CDF9, L: SPUPDATENOW
DIRTYLOOP			= CDD3, L: SPUPDATENOW
DONE				= CD8E, L: SPREGISTERHOOKLAST
DOSPRITE			= CEBB, L: SPUPDATENOW
DOSPRITES			= CDC6, L: SPUPDATENOW
DRAWCHAR			= CE69, L: SPUPDATENOW
ENTRY				= B6A3, L: L_DIV_U
ENTRYLP				= CA38, L: SPINITIALIZE
FSCLIPSTRUCT			= 5E04, L: MK1
GENERICISR			= C7C8, L: SPCREATEGENERICISR
HIDE_SPRITES_BULLETS_LOOP	= 9245, L: MK1
HIDE_SPRITES_ENEMS_LOOP		= 921A, L: MK1
IB1				= C74A, L: SPADDMEMORY
IB2				= C751, L: SPADDMEMORY
INVALIDATE			= C5B3, L: SPMOVESPRABS
INVCOLLP			= C36B, L: SPINVALIDATE
INVFULLCHAR			= C37E, L: SPINVALIDATE
INVROWLP			= C380, L: SPINVALIDATE
I_1				= B170, L: MK1
I_100				= 9C02, L: MK1
I_101				= 9C02, L: MK1
I_102				= 9C27, L: MK1
I_103				= 9C27, L: MK1
I_104				= 9C3D, L: MK1
I_105				= 9C50, L: MK1
I_106				= 9CD3, L: MK1
I_107				= 9CD3, L: MK1
I_108				= 9CA5, L: MK1
I_110				= 9D31, L: MK1
I_111				= 9D31, L: MK1
I_112				= 9D03, L: MK1
I_114				= 9DDE, L: MK1
I_115				= 9D84, L: MK1
I_116				= 9D87, L: MK1
I_117				= 9DB6, L: MK1
I_118				= 9DB3, L: MK1
I_119				= 9DD7, L: MK1
I_120				= 9DD7, L: MK1
I_121				= 9DD7, L: MK1
I_122				= 9E03, L: MK1
I_123				= 9E03, L: MK1
I_124				= 9E28, L: MK1
I_125				= 9E28, L: MK1
I_126				= 9E3E, L: MK1
I_127				= 9E51, L: MK1
I_128				= 9EDD, L: MK1
I_129				= 9EDD, L: MK1
I_130				= 9EAF, L: MK1
I_132				= 9F3A, L: MK1
I_133				= 9F3A, L: MK1
I_134				= 9F0D, L: MK1
I_136				= 9F4E, L: MK1
I_137				= 9F5F, L: MK1
I_138				= 9F5F, L: MK1
I_139				= 9FB4, L: MK1
I_140				= A015, L: MK1
I_141				= A012, L: MK1
I_142				= A137, L: MK1
I_143				= A077, L: MK1
I_144				= A074, L: MK1
I_145				= A137, L: MK1
I_146				= A0D8, L: MK1
I_147				= A0D5, L: MK1
I_148				= A137, L: MK1
I_149				= A137, L: MK1
I_150				= A137, L: MK1
I_151				= A15A, L: MK1
I_152				= A14D, L: MK1
I_153_I_152			= A150, L: MK1
I_154				= A169, L: MK1
I_155				= A1AA, L: MK1
I_156				= A17B, L: MK1
I_157				= A17E, L: MK1
I_158				= A1AA, L: MK1
I_159				= A1D4, L: MK1
I_160				= A1F0, L: MK1
I_161				= A259, L: MK1
I_162				= A305, L: MK1
I_163				= A42A, L: MK1
I_164				= A30F, L: MK1
I_166				= A400, L: MK1
I_167				= A3AA, L: MK1
I_168				= A3C2, L: MK1
I_169				= A3C2, L: MK1
I_170				= A3C2, L: MK1
I_171				= A3C2, L: MK1
I_172				= A3EC, L: MK1
I_173				= A450, L: MK1
I_174				= A47A, L: MK1
I_175				= A795, L: MK1
I_176				= A47F, L: MK1
I_177				= A53F, L: MK1
I_178				= A53F, L: MK1
I_180				= A5B0, L: MK1
I_181				= A545, L: MK1
I_182				= A55D, L: MK1
I_183				= A55D, L: MK1
I_184				= A55D, L: MK1
I_185				= A55D, L: MK1
I_186				= A75E, L: MK1
I_187				= A601, L: MK1
I_188				= A646, L: MK1
I_189				= A62D, L: MK1
I_190_I_189			= A630, L: MK1
I_191				= A646, L: MK1
I_192				= A650, L: MK1
I_193				= A75E, L: MK1
I_194				= A655, L: MK1
I_195				= A75B, L: MK1
I_196				= A75B, L: MK1
I_197				= A6E6, L: MK1
I_198_I_197			= A6E9, L: MK1
I_199				= A755, L: MK1
I_200				= A79D, L: MK1
I_201				= A7C8, L: MK1
I_202				= A995, L: MK1
I_203				= A988, L: MK1
I_205				= A988, L: MK1
I_206				= A852, L: MK1
I_207				= A879, L: MK1
I_208				= A896, L: MK1
I_209				= A8A4, L: MK1
I_210				= A8C2, L: MK1
I_211				= A8CB, L: MK1
I_212				= A8F3, L: MK1
I_213				= A8FA, L: MK1
I_214				= A903, L: MK1
I_215				= A903, L: MK1
I_216				= A903, L: MK1
I_217				= AA0F, L: MK1
I_218				= AA19, L: MK1
I_219				= A9F1, L: MK1
I_22				= 901E, L: MK1
I_220				= AA58, L: MK1
I_221				= AAE5, L: MK1
I_222				= AA5D, L: MK1
I_223				= AAEF, L: MK1
I_224				= AB3E, L: MK1
I_225				= AAF4, L: MK1
I_226				= AB3E, L: MK1
I_227				= B16F, L: MK1
I_228				= ABDD, L: MK1
I_229				= B14A, L: MK1
I_23				= 901A, L: MK1
I_230				= ABF5, L: MK1
I_231				= AC19, L: MK1
I_232				= AC36, L: MK1
I_233				= AC66, L: MK1
I_234				= AC96, L: MK1
I_235				= ACC6, L: MK1
I_236				= ACF5, L: MK1
I_237				= AE6E, L: MK1
I_238				= AD13, L: MK1
I_239				= AD3B, L: MK1
I_240				= AD18, L: MK1
I_241				= AD97, L: MK1
I_242				= AD59, L: MK1
I_244				= ADB4, L: MK1
I_245				= ADC4, L: MK1
I_246				= AE6B, L: MK1
I_247				= ADC9, L: MK1
I_248				= AE46, L: MK1
I_249				= AE68, L: MK1
I_250				= AE89, L: MK1
I_251				= AE89, L: MK1
I_252				= AEBF, L: MK1
I_253				= AEAB, L: MK1
I_254				= AEB9, L: MK1
I_255				= AED3, L: MK1
I_256				= AF00, L: MK1
I_257				= AEE8, L: MK1
I_258_I_257			= AEEB, L: MK1
I_259				= AF2E, L: MK1
I_26				= 92CB, L: MK1
I_260				= AF15, L: MK1
I_261_I_260			= AF18, L: MK1
I_262				= AF6C, L: MK1
I_263				= AF4F, L: MK1
I_263_UGE			= AF4D, L: MK1
I_264_I_263			= AF52, L: MK1
I_265				= AFBC, L: MK1
I_266				= AF80, L: MK1
I_267_I_266			= AF83, L: MK1
I_268				= AFBC, L: MK1
I_269				= AFBC, L: MK1
I_27				= 92CE, L: MK1
I_270				= AFCB, L: MK1
I_271				= AFD9, L: MK1
I_272				= B147, L: MK1
I_274				= B03B, L: MK1
I_275				= AFF0, L: MK1
I_276				= B003, L: MK1
I_277				= B027, L: MK1
I_278				= B02A, L: MK1
I_279				= B034, L: MK1
I_28				= 9368, L: MK1
I_280				= B0D5, L: MK1
I_281				= B0D5, L: MK1
I_282				= B078, L: MK1
I_283_I_282			= B07B, L: MK1
I_284				= B10F, L: MK1
I_285				= B0EC, L: MK1
I_286_I_285			= B0EF, L: MK1
I_287				= B147, L: MK1
I_288				= B126, L: MK1
I_289_I_288			= B129, L: MK1
I_29				= 936D, L: MK1
I_290				= B147, L: MK1
I_291				= B138, L: MK1
I_292_I_291			= B13B, L: MK1
I_293				= B163, L: MK1
I_294				= B166, L: MK1
I_30				= 93A9, L: MK1
I_31				= 93CC, L: MK1
I_36				= 9418, L: MK1
I_37				= 942C, L: MK1
I_38				= 94A3, L: MK1
I_39				= 9436, L: MK1
I_40				= 94A0, L: MK1
I_41				= 94AE, L: MK1
I_42				= 95CF, L: MK1
I_43				= 94B3, L: MK1
I_44				= 95CC, L: MK1
I_45				= 9528, L: MK1
I_46				= 9528, L: MK1
I_47				= 9556, L: MK1
I_48				= 9556, L: MK1
I_49				= 95A4, L: MK1
I_50				= 95C2, L: MK1
I_51				= 95C9, L: MK1
I_54				= 96C2, L: MK1
I_55				= 96CA, L: MK1
I_56				= 96CB, L: MK1
I_57				= 96D3, L: MK1
I_58				= 96DC, L: MK1
I_59				= 96E6, L: MK1
I_60				= 96D3, L: MK1
I_61				= 96DC, L: MK1
I_62				= 96F1, L: MK1
I_63				= 971E, L: MK1
I_64				= 96FB, L: MK1
I_65				= 97EF, L: MK1
I_66				= 9740, L: MK1
I_67_I_66			= 9743, L: MK1
I_68				= 974D, L: MK1
I_69				= 97BE, L: MK1
I_70				= 9757, L: MK1
I_71				= 97BB, L: MK1
I_72				= 97A0, L: MK1
I_73_I_72			= 97A3, L: MK1
I_74				= 9820, L: MK1
I_75				= 987B, L: MK1
I_76				= 982A, L: MK1
I_77				= 9957, L: MK1
I_78				= 995A, L: MK1
I_79				= 996E, L: MK1
I_80				= 99A6, L: MK1
I_81				= 99A3, L: MK1
I_82				= 9987, L: MK1
I_82_UGE			= 997E, L: MK1
I_83_I_82			= 998A, L: MK1
I_84				= 99CC, L: MK1
I_85				= 99D1, L: MK1
I_86				= 9A1F, L: MK1
I_87				= 9A22, L: MK1
I_88				= 9A41, L: MK1
I_89				= 9A46, L: MK1
I_90				= 9A94, L: MK1
I_91				= 9A97, L: MK1
I_92				= 9BDE, L: MK1
I_93				= 9B86, L: MK1
I_94				= 9B89, L: MK1
I_95				= 9BBD, L: MK1
I_96				= 9BBA, L: MK1
I_97				= 9BDE, L: MK1
I_98				= 9BDE, L: MK1
I_99				= 9BDE, L: MK1
JKLOOP				= CCDC, L: SPJOYKEYBOARD
JPHL				= C8BE, L: SPCREATESPR
JPHL				= C7E3, L: SPCREATEGENERICISR
JPHL				= C728, L: SPDELETESPR
JPHL				= C70E, L: SPADDCOLSPR
KEMPTBL				= CCA1, L: SPJOYKEMPSTON
KEYOK				= C8D0, L: SP_GETKEY
KEYROWLOOP			= C8F6, L: SPGETKEY
LOADNOROTATE			= D0C2, L: SPUPDATENOW
LOADTYPE			= D054, L: SPUPDATENOW
LOOP				= CD83, L: SPREGISTERHOOKLAST
LOOP				= CA54, L: SPINITIALIZE
LOOP				= C713, L: SPDELETESPR
L_AND				= B67D, G: L_AND
L_ASL				= B684, G: L_ASL
L_ASL1				= B685, L: L_ASL
L_ASR				= B68B, G: L_ASR
L_ASR1				= B68C, L: L_ASR
L_ASR_U				= B695, G: L_ASR_U
L_ASR_U_1			= B696, L: L_ASR_U
L_DIV1				= B6AA, L: L_DIV_U
L_DIV2				= B6B4, L: L_DIV_U
L_DIV_U				= B69F, G: L_DIV_U
L_EQ				= B6BE, G: L_EQ
L_GCHAR				= B6C5, G: L_GCHAR
L_GINT				= B6CB, G: L_GINT
L_GT				= B6D0, G: L_GT
L_LNEG				= B6DC, G: L_LNEG
L_LT				= B6E1, G: L_LT
L_MULT				= B6ED, G: L_MULT
L_MULT1				= B6F4, L: L_MULT
L_MULT2				= B6FB, L: L_MULT
L_NE				= B6FE, G: L_NE
L_NEG				= B705, G: L_NEG
L_OR				= B70D, G: L_OR
L_PINT				= B714, G: L_PINT
L_SXT				= B71A, G: L_SXT
L_SXT				= B6C6, L: L_GCHAR
L_UGE				= B71F, G: L_UGE
L_ULE				= B727, G: L_ULE
L_ULT				= B72F, G: L_ULT
MASKNOROTATE			= D009, L: SPUPDATENOW
MVCOLLOOP			= C4EF, L: SPMOVESPRABS
MVROWLOOP			= C4F5, L: SPMOVESPRABS
NEXTRAND			= 934A, L: MK1
NEXTSCANROW			= C90B, L: SPGETKEY
NOADD				= CA66, L: SPINITIALIZE
NOCAPS				= CD3D, L: SPKEYPRESSED
NOCAPS				= C949, L: SPGETKEY
NODEC1				= C57F, L: SPMOVESPRABS
NOFIRE				= CCDC, L: SPJOYKEYBOARD
NOINC				= CDAE, L: SPTILEENTRY
NOINC				= C64A, L: SPTBLLOOKUP
NOINC1				= CDEB, L: SPUPDATENOW
NOINC1				= C6BF, L: SPADDCOLSPR
NOINC1				= C517, L: SPMOVESPRABS
NOINC1				= C367, L: SPINVALIDATE
NOINC10				= CEA2, L: SPUPDATENOW
NOINC11				= CE45, L: SPUPDATENOW
NOINC2				= C550, L: SPMOVESPRABS
NOINC2				= C37A, L: SPINVALIDATE
NOINC3				= C571, L: SPMOVESPRABS
NOINC3				= C38B, L: SPINVALIDATE
NOINC4				= C58B, L: SPMOVESPRABS
NOINC5				= C5F1, L: SPMOVESPRABS
NOKEYS				= C957, L: SPGETKEY
NOMORESPRITES			= CFFB, L: SPUPDATENOW
NONEXT1				= C52B, L: SPMOVESPRABS
NONEXT2				= C598, L: SPMOVESPRABS
NOPRESS				= CCE7, L: SPJOYKEYBOARD
NOPRESS				= C906, L: SPGETKEY
NOSYM				= CD49, L: SPKEYPRESSED
NOSYM				= C954, L: SPGETKEY
NOTACROSSBLK1			= CDE3, L: SPUPDATENOW
NOTACROSSBLK2			= CE33, L: SPUPDATENOW
NOTCOMPRESS			= C890, L: SPCREATESPR
NOTDISPLAYED			= C598, L: SPMOVESPRABS
NOTDONE				= C4FF, L: SPMOVESPRABS
NOTINDLIST			= C52B, L: SPMOVESPRABS
NOTLOAD				= CE97, L: SPUPDATENOW
NOTNEGATIVE			= C5E0, L: SPMOVESPRABS
ORNOROTATE			= D21F, L: SPUPDATENOW
ORTYPE				= D199, L: SPUPDATENOW
PDLOOP				= C548, L: SPMOVESPRABS
POPREG				= C7F6, L: SPCREATEGENERICISR
POSITION			= C7CB, L: SPCREATEGENERICISR
PRINT_STR_LOOP			= 91E3, L: MK1
PRINT_STR_NO_INC_A		= 91F7, L: MK1
PUSHREG				= C7D4, L: SPCREATEGENERICISR
PUTHERE				= C562, L: SPMOVESPRABS
RAND16				= 932E, L: MK1
REENTER				= CDEB, L: SPUPDATENOW
REPITATODO			= 9382, L: MK1
ROTLP				= CA3B, L: SPINITIALIZE
ROTTBLLP			= CA31, L: SPINITIALIZE
RUNHOOKS			= C7E4, L: SPCREATEGENERICISR
SCANLOOP			= C8F2, L: SPGETKEY
SETRAMBANK			= 5E21, L: MK1
SINC1TBL			= CD01, L: SPJOYSINCLAIR1
SKIP				= C933, L: SPGETKEY
SKIP1				= C601, L: SPMOVESPRABS
SKIP2				= C611, L: SPMOVESPRABS
SKIPUPDATECOL			= D006, L: SPUPDATENOW
SKIP_SPRITE_UPDATE		= CFCD, L: SPUPDATENOW
SPADDCOLSPR			= C667, G: SPADDCOLSPR
SPADDMEMORY			= C742, G: SPADDMEMORY
SPALLOC				= C793, G: SPBLOCKALLOC
SPBIT2MASK			= C63C, G: SPBIT2MASK
SPBITLEFT2MASK			= C399, G: SPBITLEFT2MASK
SPBITRIGHT2MASK			= C3A1, G: SPBITRIGHT2MASK
SPBLOCKALLOC			= C789, G: SPBLOCKALLOC
SPBORDER			= C7AE, G: SPBORDER
SPBORDERCLR			= C7AD, G: SPBORDER
SPCOMPDIRTYADDR			= C3A9, G: SPCOMPDIRTYADDR
SPCOMPDLISTADDR			= B735, G: SPCOMPDLISTADDR
SPCREATEGENERICISR		= C7BF, G: SPCREATEGENERICISR
SPCREATESPR			= C81F, G: SPCREATESPR
SPDELETESPR			= C70F, G: SPDELETESPR
SPDIRTYCHARS			= C3BE, G: SPDIRTYCHARS
SPDISPLAYLIST			= B746, G: SPDISPLAYLIST
SPDSLOOP			= C720, G: SPDELETESPR
SPFB1				= C763, G: SPFREEBLOCK
SPFB2				= C76E, G: SPFREEBLOCK
SPFREEBLOCK			= C75E, G: SPFREEBLOCK
SPGETKEY			= C8EB, G: SPGETKEY
SPINITIALIZE			= CA0B, G: SPINITIALIZE
SPINITIM2			= CC79, G: SPINITIM2
SPINKEY				= C8DA, G: SPGETKEY
SPINTRECT			= C41E, G: SPINTRECT
SPINTSMALLIVAL			= C44F, G: SPINTRECT
SPINVALIDATE			= C346, G: SPINVALIDATE
SPINVALIDATEP			= C34E, G: SPINVALIDATE
SPJOYKEMPSTON			= CC96, G: SPJOYKEMPSTON
SPJOYKEYBOARD			= CCCF, G: SPJOYKEYBOARD
SPJOYSINCLAIR1			= CCF5, G: SPJOYSINCLAIR1
SPKEYDEBOUNCE			= C8D7, G: SPGETKEY
SPKEYPRESSED			= CD31, G: SPKEYPRESSED
SPKEYREPEATPERIOD		= C8D9, G: SPGETKEY
SPKEYSTARTREPEAT		= C8D8, G: SPGETKEY
SPKEYTRANSTBL			= C95F, G: SPKEYTRANSTBL
SPMOVESPRABS			= C489, G: SPMOVESPRABS
SPMOVESPRABSC			= C4B0, G: SPMOVESPRABS
SPMOVESPRABSNC			= C497, G: SPMOVESPRABS
SPNULLSPRPTR			= C614, G: SPNULLSPRPTR
SPPRINTATINV			= C624, G: SPPRINTATINV
SPPTINSMALLIVAL			= C474, G: SPINTRECT
SPQUEUETABLE			= C779, G: SPQUEUETABLE
SPREGISTERHOOK			= CD7A, G: SPREGISTERHOOKLAST
SPREGISTERHOOKLAST		= CD7A, G: SPREGISTERHOOKLAST
SPRITELOOP			= CEB7, L: SPUPDATENOW
SPTBLLOOKUP			= C644, G: SPTBLLOOKUP
SPTILEARRAY			= CA6E, G: SPTILEARRAY
SPTILEENTRY			= CDA5, G: SPTILEENTRY
SPUPDATENOW			= CDC7, G: SPUPDATENOW
SPWAITFORNOKEY			= D25E, G: SPWAITFORNOKEY
SP_ADDCOLSPR			= C64C, G: SP_ADDCOLSPR
SP_ADDMEMORY			= C729, G: SP_ADDMEMORY
SP_BLOCKALLOC			= C77B, G: SP_BLOCKALLOC
SP_BORDER			= C7A4, G: SP_BORDER
SP_CREATEGENERICISR		= C7B6, G: SP_CREATEGENERICISR
SP_CREATESPR			= C807, G: SP_CREATESPR
SP_FREEBLOCK			= C8BF, G: SP_FREEBLOCK
SP_GETKEY			= C8CA, G: SP_GETKEY
SP_INITIALIZE			= C9FF, G: SP_INITIALIZE
SP_INITIM2			= CC6E, G: SP_INITIM2
SP_JOYKEMPSTON			= CC8F, G: SP_JOYKEMPSTON
SP_JOYKEYBOARD			= CCC1, G: SP_JOYKEYBOARD
SP_JOYSINCLAIR1			= CCEE, G: SP_JOYSINCLAIR1
SP_KEYPRESSED			= CD21, G: SP_KEYPRESSED
SP_REGISTERHOOK			= CD55, G: SP_REGISTERHOOK
SP_REGISTERHOOKLAST		= CD6B, G: SP_REGISTERHOOKLAST
SP_TILEARRAY			= CD97, G: SP_TILEARRAY
SP_UPDATENOW			= CDB6, G: SP_UPDATENOW
SP_UPDATENOWEX			= D251, G: SP_UPDATENOWEX
SP_WAITFORNOKEY			= D25A, G: SP_WAITFORNOKEY
START				= 5DC0, L: ZX82_CRT0
STATE				= C8D5, L: SPGETKEY
TEMPCOLOUR			= CDC4, L: SPUPDATENOW
TEMPGRAPHIC			= CDBC, L: SPUPDATENOW
TEXTO0				= 5E30, L: MK1
TEXTO1				= 5E43, L: MK1
TEXTO2				= 5E56, L: MK1
TILEONLY			= CE3A, L: SPUPDATENOW
TOOMANYKEYS			= C957, L: SPGETKEY
TRYOTHERWAY			= C463, L: SPINTRECT
UPDATE_ATTRS			= CDC5, G: SPUPDATENOW
USERTILE			= CA69, L: SPINITIALIZE
VPCLIPSTRUCT			= 5E00, L: MK1
XINSCREEN			= C4D8, L: SPMOVESPRABS
XORNOROTATE			= D167, L: SPUPDATENOW
XORTYPE				= D0E1, L: SPUPDATENOW
YINSCREEN			= C4C8, L: SPMOVESPRABS
_ABS				= 9357, G: MK1
_ACTIVE				= B2A1, G: MK1
_ADDSIGN			= 96B1, G: MK1
_ADVANCE_WORM_NO_INC_Y		= 9875, L: MK1
_AD_FREE			= B31B, G: MK1
_AMMO_OLD			= B2EA, G: MK1
_ASM_INT			= B666, G: MK1
_ASM_INT_2			= B2F1, G: MK1
_ASM_NUMBER			= B2FF, G: MK1
_AT1				= B308, G: MK1
_AT2				= B309, G: MK1
_ATTR				= 8FFA, G: MK1
_BEHS				= 5DD0, G: MK1
_BLACKOUT			= 5F71, G: MK1
_BLX				= B310, G: MK1
_BLY				= B311, G: MK1
_BULLETS_ESTADO			= B2AD, G: MK1
_BULLETS_FIRE			= 940C, G: MK1
_BULLETS_INIT			= 93A2, G: MK1
_BULLETS_LIFE			= B2DA, G: MK1
_BULLETS_MOVE			= 94A4, G: MK1
_BULLETS_MX			= B1DF, G: MK1
_BULLETS_MY			= B1E2, G: MK1
_BULLETS_UPDATE			= 93CD, G: MK1
_BULLETS_X			= B2CF, G: MK1
_BULLETS_Y			= B2D2, G: MK1
_B_IT				= B2CB, G: MK1
_CERROJOS			= 76EF, G: MK1
_CLEAR_SPRITES			= 9205, G: MK1
_CM_TWO_POINTS			= 92D1, G: MK1
_CM_TWO_POINTS_AT1_DO		= 92E2, L: MK1
_CM_TWO_POINTS_AT1_DONE		= 92FC, L: MK1
_CM_TWO_POINTS_AT1_RESET	= 92DF, L: MK1
_CM_TWO_POINTS_AT2_DO		= 9310, L: MK1
_CM_TWO_POINTS_AT2_DONE		= 932A, L: MK1
_CM_TWO_POINTS_AT2_RESET	= 930D, L: MK1
_COLLIDE			= 9270, G: MK1
_CORTINA			= 936E, G: MK1
_CX1				= B30B, G: MK1
_CX2				= B30C, G: MK1
_CY1				= B30D, G: MK1
_CY2				= B30E, G: MK1
_DRAW_COLOURED_TILE		= 9076, G: MK1
_DRAW_COLOURED_TILE_GAMEAREA	= 90E7, G: MK1
_DRAW_DECORATIONS		= 9115, G: MK1
_DRAW_DECORATIONS_LOOP		= 9118, L: MK1
_DRAW_INVALIDATE_COLOURED_TILE_G= 90E0, G: MK1
_DRAW_OBJS			= 91C9, G: MK1
_DRAW_SCR			= 987C, G: MK1
_DRAW_SCR_BACKGROUND		= 97F0, G: MK1
_ENEMS_DRAW_CURRENT		= A25A, G: MK1
_ENEMS_INIT			= A1E9, G: MK1
_ENEMS_KILL			= A42B, G: MK1
_ENEMS_LM_CHANGE_AXIS_X		= A581, L: MK1
_ENEMS_LM_CHANGE_AXIS_X_DONE	= A589, L: MK1
_ENEMS_LM_CHANGE_AXIS_Y		= A5A8, L: MK1
_ENEMS_LM_CHANGE_AXIS_Y_DONE	= A5B0, L: MK1
_ENEMS_LOAD			= A2EC, G: MK1
_ENEMS_MOVE			= A45B, G: MK1
_ENEMS_MOVE_UPDATE_FRAME_DONE	= A601, L: MK1
_ENEM_FRAMES			= 95E0, G: MK1
_ENIT				= B2E1, G: MK1
_ENOFFS				= B2CA, G: MK1
_ENOFFSMASI			= B661, G: MK1
_EN_AN_BASE_FRAME		= B1E5, G: MK1
_EN_AN_COUNT			= B675, G: MK1
_EN_AN_CURRENT_FRAME		= B2BA, G: MK1
_EN_AN_FRAME			= B66F, G: MK1
_EN_AN_NEXT_FRAME		= B302, G: MK1
_EN_AN_STATE			= B1F1, G: MK1
_ESPERA_ACTIVA			= 96CB, G: MK1
_FLAGS				= B1F4, G: MK1
_GAME_ENDING			= 95F0, G: MK1
_GAME_OVER			= 960C, G: MK1
_GEN_PT				= B2B2, G: MK1
_GET_RESOURCE			= 5F21, G: MK1
_GPAUX				= B20A, G: MK1
_GPC				= B312, G: MK1
_GPCX				= B2E5, G: MK1
_GPCY				= B2E6, G: MK1
_GPD				= B313, G: MK1
_GPEN_CX			= B1D9, G: MK1
_GPEN_CY			= B1DA, G: MK1
_GPEN_X				= B2D6, G: MK1
_GPEN_Y				= B2D7, G: MK1
_GPIT				= B2E7, G: MK1
_GPJT				= B2E8, G: MK1
_GPOX				= B2EC, G: MK1
_GPT				= B315, G: MK1
_GPX				= B656, G: MK1
_GPXX				= B2F7, G: MK1
_GPY				= B657, G: MK1
_GPYY				= B2F8, G: MK1
_HALF_LIFE			= B1EC, G: MK1
_HIT				= B314, G: MK1
_HIT_H				= B207, G: MK1
_HIT_V				= B208, G: MK1
_HOTSPOTS			= 84B7, G: MK1
_HOTSPOTS_DO			= A7C9, G: MK1
_HOTSPOTS_INIT			= A796, G: MK1
_HOTSPOTS_SETUP_DO		= 98B8, L: MK1
_HOTSPOTS_SETUP_DONE		= 98F2, L: MK1
_HOTSPOTS_SETUP_SET		= 98EA, L: MK1
_HOTSPOTS_SETUP_SET_REFILL	= 98E9, L: MK1
_HOTSPOT_X			= B1EA, G: MK1
_HOTSPOT_Y			= B1EB, G: MK1
_INVALIDATE_TILE		= 90BC, G: MK1
_INVALIDATE_VIEWPORT		= 90D0, G: MK1
_ISR				= 8FA1, G: MK1
_IS_RENDERING			= B664, G: MK1
_ITJ				= B65A, G: MK1
_JOYFUNC			= 5E08, G: MK1
_JOYFUNCS			= 5E0A, G: MK1
_KEYS				= 5DC6, G: MK1
_KEYS_OLD			= B65C, G: MK1
_KILLED_OLD			= B209, G: MK1
_LEVEL				= B2A3, G: MK1
_LIFE_OLD			= B2AC, G: MK1
_LOCKS_INIT			= 96E7, G: MK1
_MAIN				= A996, G: MK1
_MAINCOUNTER			= B2FA, G: MK1
_MALOTES			= 8007, G: MK1
_MAPA				= 5F7F, G: MK1
_MAP_ATTR			= B20B, G: MK1
_MAP_POINTER			= B1EF, G: MK1
_MONS_COL_SC_X			= 99B0, G: MK1
_MONS_COL_SC_Y			= 9A25, G: MK1
_MY_MALLOC			= 5E10, G: MK1
_N_PANT				= B2DD, G: MK1
_OBJS_OLD			= B2F9, G: MK1
_OPEN_LOCKS_DO			= 990B, L: MK1
_OPEN_LOCKS_DONE		= 9933, L: MK1
_OPEN_LOCKS_LOOP		= 98F7, L: MK1
_ORIG_TILE			= B66E, G: MK1
_O_PANT				= B2DF, G: MK1
_PAD0				= B2D8, G: MK1
_PAUSE_SCREEN			= 9660, G: MK1
_PLAYER_CALC_BOUNDING_BOX	= 9B14, G: MK1
_PLAYER_FRAMES			= 95D0, G: MK1
_PLAYER_INIT			= 9A9A, G: MK1
_PLAYER_KILL			= A1C4, G: MK1
_PLAYER_MOVE			= 9B55, G: MK1
_PLAYING			= B2EB, G: MK1
_POSSEE				= B66D, G: MK1
_PREGOTTEN			= B206, G: MK1
_PRINT_NUMBER2			= 917A, G: MK1
_PRINT_STR			= 91E0, G: MK1
_PROCESS_TILE			= 971F, G: MK1
_PTGMX				= B2B6, G: MK1
_PTGMY				= B2B8, G: MK1
_PTX1				= B2FB, G: MK1
_PTX2				= B2FC, G: MK1
_PTY1				= B2FD, G: MK1
_PTY2				= B2FE, G: MK1
_P_AMMO				= B2D5, G: MK1
_P_CONT_SALTO			= B2DE, G: MK1
_P_CT_ESTADO			= B2A2, G: MK1
_P_CURRENT_FRAME		= B2B4, G: MK1
_P_DISPARANDO			= B678, G: MK1
_P_ESTADO			= B2CC, G: MK1
_P_FACING			= B204, G: MK1
_P_FACING_H			= B668, G: MK1
_P_FACING_V			= B66B, G: MK1
_P_FRAME			= B205, G: MK1
_P_FUEL				= B2E2, G: MK1
_P_GOTTEN			= B2E4, G: MK1
_P_KEYS				= B2E9, G: MK1
_P_KILLED			= B2CE, G: MK1
_P_KILLME			= B2D9, G: MK1
_P_LIFE				= B2E0, G: MK1
_P_NEXT_FRAME			= B300, G: MK1
_P_OBJS				= B2E3, G: MK1
_P_SALTANDO			= B66C, G: MK1
_P_SUBFRAME			= B30F, G: MK1
_P_TX				= B2EF, G: MK1
_P_TY				= B2F0, G: MK1
_P_VX				= B2F3, G: MK1
_P_VY				= B2F5, G: MK1
_P_X				= B319, G: MK1
_P_Y				= B654, G: MK1
_QTILE				= 904A, G: MK1
_RAM_ADDRESS			= B67B, G: MK1
_RAM_DESTINATION		= B673, G: MK1
_RAM_PAGE			= B65D, G: MK1
_RAND				= 932E, G: MK1
_RDA				= B316, G: MK1
_RDB				= B317, G: MK1
_RDC				= B318, G: MK1
_RDD				= B658, G: MK1
_RDN				= B659, G: MK1
_RDX				= B65E, G: MK1
_RDY				= B65F, G: MK1
_RESOURCES			= 5E2A, G: MK1
_SEED				= B2ED, G: MK1
_SELECT_JOYFUNC			= 996E, G: MK1
_SETRAMBANK			= 5E21, G: MK1
_SLEVEL				= B665, G: MK1
_SONG_PLAYING			= 5E20, G: MK1
_SPACER				= 5E1D, G: MK1
_SPRITE_10_A			= 8A4F, G: MK1
_SPRITE_10_B			= 8A7F, G: MK1
_SPRITE_10_C			= 8AAF, G: MK1
_SPRITE_11_A			= 8ADF, G: MK1
_SPRITE_11_B			= 8B0F, G: MK1
_SPRITE_11_C			= 8B3F, G: MK1
_SPRITE_12_A			= 8B6F, G: MK1
_SPRITE_12_B			= 8B9F, G: MK1
_SPRITE_12_C			= 8BCF, G: MK1
_SPRITE_13_A			= 8BFF, G: MK1
_SPRITE_13_B			= 8C2F, G: MK1
_SPRITE_13_C			= 8C5F, G: MK1
_SPRITE_14_A			= 8C8F, G: MK1
_SPRITE_14_B			= 8CBF, G: MK1
_SPRITE_14_C			= 8CEF, G: MK1
_SPRITE_15_A			= 8D1F, G: MK1
_SPRITE_15_B			= 8D4F, G: MK1
_SPRITE_15_C			= 8D7F, G: MK1
_SPRITE_16_A			= 8DAF, G: MK1
_SPRITE_16_B			= 8DDF, G: MK1
_SPRITE_16_C			= 8E0F, G: MK1
_SPRITE_17_A			= 8E3F, G: MK1
_SPRITE_18_A			= 8ECF, G: MK1
_SPRITE_18_B			= 8EFF, L: MK1
_SPRITE_18_C			= 8F2F, L: MK1
_SPRITE_19_A			= 8F5F, G: MK1
_SPRITE_1_A			= 853F, G: MK1
_SPRITE_1_B			= 856F, G: MK1
_SPRITE_1_C			= 859F, G: MK1
_SPRITE_2_A			= 85CF, G: MK1
_SPRITE_2_B			= 85FF, G: MK1
_SPRITE_2_C			= 862F, G: MK1
_SPRITE_3_A			= 865F, G: MK1
_SPRITE_3_B			= 868F, G: MK1
_SPRITE_3_C			= 86BF, G: MK1
_SPRITE_4_A			= 86EF, G: MK1
_SPRITE_4_B			= 871F, G: MK1
_SPRITE_4_C			= 874F, G: MK1
_SPRITE_5_A			= 877F, G: MK1
_SPRITE_5_B			= 87AF, G: MK1
_SPRITE_5_C			= 87DF, G: MK1
_SPRITE_6_A			= 880F, G: MK1
_SPRITE_6_B			= 883F, G: MK1
_SPRITE_6_C			= 886F, G: MK1
_SPRITE_7_A			= 889F, G: MK1
_SPRITE_7_B			= 88CF, G: MK1
_SPRITE_7_C			= 88FF, G: MK1
_SPRITE_8_A			= 892F, G: MK1
_SPRITE_8_B			= 895F, G: MK1
_SPRITE_8_C			= 898F, G: MK1
_SPRITE_9_A			= 89BF, G: MK1
_SPRITE_9_B			= 89EF, G: MK1
_SPRITE_9_C			= 8A1F, G: MK1
_SP_BULLETS			= B2C2, G: MK1
_SP_MOVILES			= B1D3, G: MK1
_SP_PLAYER			= B2C0, G: MK1
_SUCCESS			= B672, G: MK1
_TEXTOS_HOTSPOTS		= 5E69, G: MK1
_TILESET			= 7707, G: MK1
_TOCADO				= B663, G: MK1
_UPDATE_TILE			= 9149, G: MK1
_UTAUX				= 9148, G: MK1
_U_FREE				= 5E1B, G: MK1
_U_MALLOC			= 5E19, G: MK1
_WALL_H				= B660, G: MK1
_WALL_V				= B662, G: MK1
_WARP_FROM_X			= 5E6F, G: MK1
_WARP_FROM_Y			= 5E72, G: MK1
_WARP_TO_LEVEL			= 5E1F, G: MK1
_WARP_TO_N_PANT			= 5E75, G: MK1
_WARP_TO_X			= 5E78, G: MK1
_WARP_TO_Y			= 5E7B, G: MK1
_WYZ_INIT			= 8FAF, G: MK1
_WYZ_PLAY_MUSIC			= 8FCE, G: MK1
_WYZ_PLAY_SOUND			= 8FBD, G: MK1
_WYZ_STOP_SOUND			= 8FEA, G: MK1
_X0				= B2A4, G: MK1
_X1				= B2A6, G: MK1
_Y0				= B2A5, G: MK1
_Y1				= B2A7, G: MK1
__BADDIES_POINTER		= B669, G: MK1
__BMXO				= 9404, G: MK1
__BMYO				= 9408, G: MK1
__BXO				= 93FC, G: MK1
__BYO				= 9400, G: MK1
__B_ESTADO			= B2CD, G: MK1
__B_MX				= B679, G: MK1
__B_MY				= B67A, G: MK1
__B_X				= B2C8, G: MK1
__B_Y				= B2C9, G: MK1
__EN_CX				= B1E8, G: MK1
__EN_CY				= B1E9, G: MK1
__EN_LIFE			= B30A, G: MK1
__EN_MX				= B1ED, G: MK1
__EN_MY				= B1EE, G: MK1
__EN_T				= B1D0, G: MK1
__EN_X				= B1D1, G: MK1
__EN_X1				= B1DB, G: MK1
__EN_X2				= B1DD, G: MK1
__EN_Y				= B1D2, G: MK1
__EN_Y1				= B1DC, G: MK1
__EN_Y2				= B1DE, G: MK1
__GP_GEN			= B2B0, G: MK1
__N				= B2A8, G: MK1
__T				= B2A9, G: MK1
__X				= B2AA, G: MK1
__Y				= B2AB, G: MK1


START				= 5DC0, L: ZX82_CRT0
_KEYS				= 5DC6, G: MK1
_BEHS				= 5DD0, G: MK1
VPCLIPSTRUCT			= 5E00, L: MK1
FSCLIPSTRUCT			= 5E04, L: MK1
_JOYFUNC			= 5E08, G: MK1
_JOYFUNCS			= 5E0A, G: MK1
_MY_MALLOC			= 5E10, G: MK1
_U_MALLOC			= 5E19, G: MK1
_U_FREE				= 5E1B, G: MK1
_SPACER				= 5E1D, G: MK1
_WARP_TO_LEVEL			= 5E1F, G: MK1
_SONG_PLAYING			= 5E20, G: MK1
_SETRAMBANK			= 5E21, G: MK1
SETRAMBANK			= 5E21, L: MK1
_RESOURCES			= 5E2A, G: MK1
TEXTO0				= 5E30, L: MK1
TEXTO1				= 5E43, L: MK1
TEXTO2				= 5E56, L: MK1
_TEXTOS_HOTSPOTS		= 5E69, G: MK1
_WARP_FROM_X			= 5E6F, G: MK1
_WARP_FROM_Y			= 5E72, G: MK1
_WARP_TO_N_PANT			= 5E75, G: MK1
_WARP_TO_X			= 5E78, G: MK1
_WARP_TO_Y			= 5E7B, G: MK1
DEPACK				= 5E7E, L: MK1
APBRANCH1			= 5E81, L: MK1
APLOOP0				= 5E83, L: MK1
APLOOP				= 5E86, L: MK1
APGET4BITS			= 5E99, L: MK1
APWRITEBYTE			= 5EA3, L: MK1
APBRANCH4			= 5EA7, L: MK1
APBRANCH3			= 5EB0, L: MK1
APBRANCH2			= 5EC4, L: MK1
APSKIP2				= 5EE3, L: MK1
APSKIP3				= 5EEC, L: MK1
AP_FINISHUP			= 5EEF, L: MK1
AP_FINISHUP2			= 5EF2, L: MK1
AP_R0_GAMMA			= 5EF9, L: MK1
AP_GETBIT			= 5F05, L: MK1
AP_GETGAMMA			= 5F11, L: MK1
AP_GETGAMMALOOP			= 5F14, L: MK1
_GET_RESOURCE			= 5F21, G: MK1
_BLACKOUT			= 5F71, G: MK1
_MAPA				= 5F7F, G: MK1
_CERROJOS			= 76EF, G: MK1
_TILESET			= 7707, G: MK1
_MALOTES			= 8007, G: MK1
_HOTSPOTS			= 84B7, G: MK1
_SPRITE_1_A			= 853F, G: MK1
_SPRITE_1_B			= 856F, G: MK1
_SPRITE_1_C			= 859F, G: MK1
_SPRITE_2_A			= 85CF, G: MK1
_SPRITE_2_B			= 85FF, G: MK1
_SPRITE_2_C			= 862F, G: MK1
_SPRITE_3_A			= 865F, G: MK1
_SPRITE_3_B			= 868F, G: MK1
_SPRITE_3_C			= 86BF, G: MK1
_SPRITE_4_A			= 86EF, G: MK1
_SPRITE_4_B			= 871F, G: MK1
_SPRITE_4_C			= 874F, G: MK1
_SPRITE_5_A			= 877F, G: MK1
_SPRITE_5_B			= 87AF, G: MK1
_SPRITE_5_C			= 87DF, G: MK1
_SPRITE_6_A			= 880F, G: MK1
_SPRITE_6_B			= 883F, G: MK1
_SPRITE_6_C			= 886F, G: MK1
_SPRITE_7_A			= 889F, G: MK1
_SPRITE_7_B			= 88CF, G: MK1
_SPRITE_7_C			= 88FF, G: MK1
_SPRITE_8_A			= 892F, G: MK1
_SPRITE_8_B			= 895F, G: MK1
_SPRITE_8_C			= 898F, G: MK1
_SPRITE_9_A			= 89BF, G: MK1
_SPRITE_9_B			= 89EF, G: MK1
_SPRITE_9_C			= 8A1F, G: MK1
_SPRITE_10_A			= 8A4F, G: MK1
_SPRITE_10_B			= 8A7F, G: MK1
_SPRITE_10_C			= 8AAF, G: MK1
_SPRITE_11_A			= 8ADF, G: MK1
_SPRITE_11_B			= 8B0F, G: MK1
_SPRITE_11_C			= 8B3F, G: MK1
_SPRITE_12_A			= 8B6F, G: MK1
_SPRITE_12_B			= 8B9F, G: MK1
_SPRITE_12_C			= 8BCF, G: MK1
_SPRITE_13_A			= 8BFF, G: MK1
_SPRITE_13_B			= 8C2F, G: MK1
_SPRITE_13_C			= 8C5F, G: MK1
_SPRITE_14_A			= 8C8F, G: MK1
_SPRITE_14_B			= 8CBF, G: MK1
_SPRITE_14_C			= 8CEF, G: MK1
_SPRITE_15_A			= 8D1F, G: MK1
_SPRITE_15_B			= 8D4F, G: MK1
_SPRITE_15_C			= 8D7F, G: MK1
_SPRITE_16_A			= 8DAF, G: MK1
_SPRITE_16_B			= 8DDF, G: MK1
_SPRITE_16_C			= 8E0F, G: MK1
_SPRITE_17_A			= 8E3F, G: MK1
_SPRITE_18_A			= 8ECF, G: MK1
_SPRITE_18_B			= 8EFF, L: MK1
_SPRITE_18_C			= 8F2F, L: MK1
_SPRITE_19_A			= 8F5F, G: MK1
_ISR				= 8FA1, G: MK1
_WYZ_INIT			= 8FAF, G: MK1
_WYZ_PLAY_SOUND			= 8FBD, G: MK1
_WYZ_PLAY_MUSIC			= 8FCE, G: MK1
_WYZ_STOP_SOUND			= 8FEA, G: MK1
_ATTR				= 8FFA, G: MK1
I_23				= 901A, L: MK1
I_22				= 901E, L: MK1
_QTILE				= 904A, G: MK1
_DRAW_COLOURED_TILE		= 9076, G: MK1
_INVALIDATE_TILE		= 90BC, G: MK1
_INVALIDATE_VIEWPORT		= 90D0, G: MK1
_DRAW_INVALIDATE_COLOURED_TILE_G= 90E0, G: MK1
_DRAW_COLOURED_TILE_GAMEAREA	= 90E7, G: MK1
_DRAW_DECORATIONS		= 9115, G: MK1
_DRAW_DECORATIONS_LOOP		= 9118, L: MK1
_UTAUX				= 9148, G: MK1
_UPDATE_TILE			= 9149, G: MK1
_PRINT_NUMBER2			= 917A, G: MK1
_DRAW_OBJS			= 91C9, G: MK1
_PRINT_STR			= 91E0, G: MK1
PRINT_STR_LOOP			= 91E3, L: MK1
PRINT_STR_NO_INC_A		= 91F7, L: MK1
_CLEAR_SPRITES			= 9205, G: MK1
HIDE_SPRITES_ENEMS_LOOP		= 921A, L: MK1
HIDE_SPRITES_BULLETS_LOOP	= 9245, L: MK1
_COLLIDE			= 9270, G: MK1
I_26				= 92CB, L: MK1
I_27				= 92CE, L: MK1
_CM_TWO_POINTS			= 92D1, G: MK1
_CM_TWO_POINTS_AT1_RESET	= 92DF, L: MK1
_CM_TWO_POINTS_AT1_DO		= 92E2, L: MK1
_CM_TWO_POINTS_AT1_DONE		= 92FC, L: MK1
_CM_TWO_POINTS_AT2_RESET	= 930D, L: MK1
_CM_TWO_POINTS_AT2_DO		= 9310, L: MK1
_CM_TWO_POINTS_AT2_DONE		= 932A, L: MK1
_RAND				= 932E, G: MK1
RAND16				= 932E, L: MK1
NEXTRAND			= 934A, L: MK1
_ABS				= 9357, G: MK1
I_28				= 9368, L: MK1
I_29				= 936D, L: MK1
_CORTINA			= 936E, G: MK1
CLEARB1				= 9373, L: MK1
CLEARB2				= 9376, L: MK1
REPITATODO			= 9382, L: MK1
BUCLE				= 9388, L: MK1
BUCLE1				= 938B, L: MK1
BUCLE2				= 9393, L: MK1
_BULLETS_INIT			= 93A2, G: MK1
I_30				= 93A9, L: MK1
I_31				= 93CC, L: MK1
_BULLETS_UPDATE			= 93CD, G: MK1
__BXO				= 93FC, G: MK1
__BYO				= 9400, G: MK1
__BMXO				= 9404, G: MK1
__BMYO				= 9408, G: MK1
_BULLETS_FIRE			= 940C, G: MK1
I_36				= 9418, L: MK1
I_37				= 942C, L: MK1
I_39				= 9436, L: MK1
I_40				= 94A0, L: MK1
I_38				= 94A3, L: MK1
_BULLETS_MOVE			= 94A4, G: MK1
I_41				= 94AE, L: MK1
I_43				= 94B3, L: MK1
I_45				= 9528, L: MK1
I_46				= 9528, L: MK1
I_47				= 9556, L: MK1
I_48				= 9556, L: MK1
I_49				= 95A4, L: MK1
I_50				= 95C2, L: MK1
I_51				= 95C9, L: MK1
I_44				= 95CC, L: MK1
I_42				= 95CF, L: MK1
_PLAYER_FRAMES			= 95D0, G: MK1
_ENEM_FRAMES			= 95E0, G: MK1
_GAME_ENDING			= 95F0, G: MK1
_GAME_OVER			= 960C, G: MK1
_PAUSE_SCREEN			= 9660, G: MK1
_ADDSIGN			= 96B1, G: MK1
I_54				= 96C2, L: MK1
I_55				= 96CA, L: MK1
_ESPERA_ACTIVA			= 96CB, G: MK1
I_56				= 96CB, L: MK1
I_60				= 96D3, L: MK1
I_57				= 96D3, L: MK1
I_61				= 96DC, L: MK1
I_58				= 96DC, L: MK1
I_59				= 96E6, L: MK1
_LOCKS_INIT			= 96E7, G: MK1
I_62				= 96F1, L: MK1
I_64				= 96FB, L: MK1
I_63				= 971E, L: MK1
_PROCESS_TILE			= 971F, G: MK1
I_66				= 9740, L: MK1
I_67_I_66			= 9743, L: MK1
I_68				= 974D, L: MK1
I_70				= 9757, L: MK1
I_72				= 97A0, L: MK1
I_73_I_72			= 97A3, L: MK1
I_71				= 97BB, L: MK1
I_69				= 97BE, L: MK1
I_65				= 97EF, L: MK1
_DRAW_SCR_BACKGROUND		= 97F0, G: MK1
I_74				= 9820, L: MK1
I_76				= 982A, L: MK1
_ADVANCE_WORM_NO_INC_Y		= 9875, L: MK1
I_75				= 987B, L: MK1
_DRAW_SCR			= 987C, G: MK1
_HOTSPOTS_SETUP_DO		= 98B8, L: MK1
_HOTSPOTS_SETUP_SET_REFILL	= 98E9, L: MK1
_HOTSPOTS_SETUP_SET		= 98EA, L: MK1
_HOTSPOTS_SETUP_DONE		= 98F2, L: MK1
_OPEN_LOCKS_LOOP		= 98F7, L: MK1
_OPEN_LOCKS_DO			= 990B, L: MK1
_OPEN_LOCKS_DONE		= 9933, L: MK1
I_77				= 9957, L: MK1
I_78				= 995A, L: MK1
_SELECT_JOYFUNC			= 996E, G: MK1
I_79				= 996E, L: MK1
I_82_UGE			= 997E, L: MK1
I_82				= 9987, L: MK1
I_83_I_82			= 998A, L: MK1
I_81				= 99A3, L: MK1
I_80				= 99A6, L: MK1
_MONS_COL_SC_X			= 99B0, G: MK1
I_84				= 99CC, L: MK1
I_85				= 99D1, L: MK1
I_86				= 9A1F, L: MK1
I_87				= 9A22, L: MK1
_MONS_COL_SC_Y			= 9A25, G: MK1
I_88				= 9A41, L: MK1
I_89				= 9A46, L: MK1
I_90				= 9A94, L: MK1
I_91				= 9A97, L: MK1
_PLAYER_INIT			= 9A9A, G: MK1
_PLAYER_CALC_BOUNDING_BOX	= 9B14, G: MK1
_PLAYER_MOVE			= 9B55, G: MK1
I_93				= 9B86, L: MK1
I_94				= 9B89, L: MK1
I_96				= 9BBA, L: MK1
I_95				= 9BBD, L: MK1
I_98				= 9BDE, L: MK1
I_99				= 9BDE, L: MK1
I_97				= 9BDE, L: MK1
I_92				= 9BDE, L: MK1
I_100				= 9C02, L: MK1
I_101				= 9C02, L: MK1
I_102				= 9C27, L: MK1
I_103				= 9C27, L: MK1
I_104				= 9C3D, L: MK1
I_105				= 9C50, L: MK1
I_108				= 9CA5, L: MK1
I_106				= 9CD3, L: MK1
I_107				= 9CD3, L: MK1
I_112				= 9D03, L: MK1
I_111				= 9D31, L: MK1
I_110				= 9D31, L: MK1
I_115				= 9D84, L: MK1
I_116				= 9D87, L: MK1
I_118				= 9DB3, L: MK1
I_117				= 9DB6, L: MK1
I_120				= 9DD7, L: MK1
I_121				= 9DD7, L: MK1
I_119				= 9DD7, L: MK1
I_114				= 9DDE, L: MK1
I_122				= 9E03, L: MK1
I_123				= 9E03, L: MK1
I_124				= 9E28, L: MK1
I_125				= 9E28, L: MK1
I_126				= 9E3E, L: MK1
I_127				= 9E51, L: MK1
I_130				= 9EAF, L: MK1
I_128				= 9EDD, L: MK1
I_129				= 9EDD, L: MK1
I_134				= 9F0D, L: MK1
I_133				= 9F3A, L: MK1
I_132				= 9F3A, L: MK1
I_136				= 9F4E, L: MK1
I_138				= 9F5F, L: MK1
I_137				= 9F5F, L: MK1
I_139				= 9FB4, L: MK1
I_141				= A012, L: MK1
I_140				= A015, L: MK1
I_144				= A074, L: MK1
I_143				= A077, L: MK1
I_147				= A0D5, L: MK1
I_146				= A0D8, L: MK1
I_148				= A137, L: MK1
I_150				= A137, L: MK1
I_149				= A137, L: MK1
I_145				= A137, L: MK1
I_142				= A137, L: MK1
I_152				= A14D, L: MK1
I_153_I_152			= A150, L: MK1
I_151				= A15A, L: MK1
I_154				= A169, L: MK1
I_156				= A17B, L: MK1
I_157				= A17E, L: MK1
I_158				= A1AA, L: MK1
I_155				= A1AA, L: MK1
_PLAYER_KILL			= A1C4, G: MK1
I_159				= A1D4, L: MK1
_ENEMS_INIT			= A1E9, G: MK1
I_160				= A1F0, L: MK1
I_161				= A259, L: MK1
_ENEMS_DRAW_CURRENT		= A25A, G: MK1
_ENEMS_LOAD			= A2EC, G: MK1
I_162				= A305, L: MK1
I_164				= A30F, L: MK1
I_167				= A3AA, L: MK1
I_169				= A3C2, L: MK1
I_171				= A3C2, L: MK1
I_170				= A3C2, L: MK1
I_168				= A3C2, L: MK1
I_172				= A3EC, L: MK1
I_166				= A400, L: MK1
I_163				= A42A, L: MK1
_ENEMS_KILL			= A42B, G: MK1
I_173				= A450, L: MK1
_ENEMS_MOVE			= A45B, G: MK1
I_174				= A47A, L: MK1
I_176				= A47F, L: MK1
I_177				= A53F, L: MK1
I_178				= A53F, L: MK1
I_181				= A545, L: MK1
I_182				= A55D, L: MK1
I_184				= A55D, L: MK1
I_185				= A55D, L: MK1
I_183				= A55D, L: MK1
_ENEMS_LM_CHANGE_AXIS_X		= A581, L: MK1
_ENEMS_LM_CHANGE_AXIS_X_DONE	= A589, L: MK1
_ENEMS_LM_CHANGE_AXIS_Y		= A5A8, L: MK1
_ENEMS_LM_CHANGE_AXIS_Y_DONE	= A5B0, L: MK1
I_180				= A5B0, L: MK1
_ENEMS_MOVE_UPDATE_FRAME_DONE	= A601, L: MK1
I_187				= A601, L: MK1
I_189				= A62D, L: MK1
I_190_I_189			= A630, L: MK1
I_191				= A646, L: MK1
I_188				= A646, L: MK1
I_192				= A650, L: MK1
I_194				= A655, L: MK1
I_197				= A6E6, L: MK1
I_198_I_197			= A6E9, L: MK1
I_199				= A755, L: MK1
I_196				= A75B, L: MK1
I_195				= A75B, L: MK1
I_193				= A75E, L: MK1
I_186				= A75E, L: MK1
I_175				= A795, L: MK1
_HOTSPOTS_INIT			= A796, G: MK1
I_200				= A79D, L: MK1
I_201				= A7C8, L: MK1
_HOTSPOTS_DO			= A7C9, G: MK1
I_206				= A852, L: MK1
I_207				= A879, L: MK1
I_208				= A896, L: MK1
I_209				= A8A4, L: MK1
I_210				= A8C2, L: MK1
I_211				= A8CB, L: MK1
I_212				= A8F3, L: MK1
I_213				= A8FA, L: MK1
I_215				= A903, L: MK1
I_216				= A903, L: MK1
I_214				= A903, L: MK1
I_205				= A988, L: MK1
I_203				= A988, L: MK1
I_202				= A995, L: MK1
_MAIN				= A996, G: MK1
I_219				= A9F1, L: MK1
I_217				= AA0F, L: MK1
I_218				= AA19, L: MK1
I_220				= AA58, L: MK1
I_222				= AA5D, L: MK1
I_221				= AAE5, L: MK1
I_223				= AAEF, L: MK1
I_225				= AAF4, L: MK1
I_226				= AB3E, L: MK1
I_224				= AB3E, L: MK1
I_228				= ABDD, L: MK1
I_230				= ABF5, L: MK1
I_231				= AC19, L: MK1
I_232				= AC36, L: MK1
I_233				= AC66, L: MK1
I_234				= AC96, L: MK1
I_235				= ACC6, L: MK1
I_236				= ACF5, L: MK1
I_238				= AD13, L: MK1
I_240				= AD18, L: MK1
I_239				= AD3B, L: MK1
I_242				= AD59, L: MK1
I_241				= AD97, L: MK1
I_244				= ADB4, L: MK1
I_245				= ADC4, L: MK1
I_247				= ADC9, L: MK1
I_248				= AE46, L: MK1
I_249				= AE68, L: MK1
I_246				= AE6B, L: MK1
I_237				= AE6E, L: MK1
I_250				= AE89, L: MK1
I_251				= AE89, L: MK1
I_253				= AEAB, L: MK1
I_254				= AEB9, L: MK1
I_252				= AEBF, L: MK1
I_255				= AED3, L: MK1
I_257				= AEE8, L: MK1
I_258_I_257			= AEEB, L: MK1
I_256				= AF00, L: MK1
I_260				= AF15, L: MK1
I_261_I_260			= AF18, L: MK1
I_259				= AF2E, L: MK1
I_263_UGE			= AF4D, L: MK1
I_263				= AF4F, L: MK1
I_264_I_263			= AF52, L: MK1
I_262				= AF6C, L: MK1
I_266				= AF80, L: MK1
I_267_I_266			= AF83, L: MK1
I_268				= AFBC, L: MK1
I_269				= AFBC, L: MK1
I_265				= AFBC, L: MK1
I_270				= AFCB, L: MK1
I_271				= AFD9, L: MK1
I_275				= AFF0, L: MK1
I_276				= B003, L: MK1
I_277				= B027, L: MK1
I_278				= B02A, L: MK1
I_279				= B034, L: MK1
I_274				= B03B, L: MK1
I_282				= B078, L: MK1
I_283_I_282			= B07B, L: MK1
I_281				= B0D5, L: MK1
I_280				= B0D5, L: MK1
I_285				= B0EC, L: MK1
I_286_I_285			= B0EF, L: MK1
I_284				= B10F, L: MK1
I_288				= B126, L: MK1
I_289_I_288			= B129, L: MK1
I_291				= B138, L: MK1
I_292_I_291			= B13B, L: MK1
I_290				= B147, L: MK1
I_287				= B147, L: MK1
I_272				= B147, L: MK1
I_229				= B14A, L: MK1
I_293				= B163, L: MK1
I_294				= B166, L: MK1
I_227				= B16F, L: MK1
I_1				= B170, L: MK1
__EN_T				= B1D0, G: MK1
__EN_X				= B1D1, G: MK1
__EN_Y				= B1D2, G: MK1
_SP_MOVILES			= B1D3, G: MK1
_GPEN_CX			= B1D9, G: MK1
_GPEN_CY			= B1DA, G: MK1
__EN_X1				= B1DB, G: MK1
__EN_Y1				= B1DC, G: MK1
__EN_X2				= B1DD, G: MK1
__EN_Y2				= B1DE, G: MK1
_BULLETS_MX			= B1DF, G: MK1
_BULLETS_MY			= B1E2, G: MK1
_EN_AN_BASE_FRAME		= B1E5, G: MK1
__EN_CX				= B1E8, G: MK1
__EN_CY				= B1E9, G: MK1
_HOTSPOT_X			= B1EA, G: MK1
_HOTSPOT_Y			= B1EB, G: MK1
_HALF_LIFE			= B1EC, G: MK1
__EN_MX				= B1ED, G: MK1
__EN_MY				= B1EE, G: MK1
_MAP_POINTER			= B1EF, G: MK1
_EN_AN_STATE			= B1F1, G: MK1
_FLAGS				= B1F4, G: MK1
_P_FACING			= B204, G: MK1
_P_FRAME			= B205, G: MK1
_PREGOTTEN			= B206, G: MK1
_HIT_H				= B207, G: MK1
_HIT_V				= B208, G: MK1
_KILLED_OLD			= B209, G: MK1
_GPAUX				= B20A, G: MK1
_MAP_ATTR			= B20B, G: MK1
_ACTIVE				= B2A1, G: MK1
_P_CT_ESTADO			= B2A2, G: MK1
_LEVEL				= B2A3, G: MK1
_X0				= B2A4, G: MK1
_Y0				= B2A5, G: MK1
_X1				= B2A6, G: MK1
_Y1				= B2A7, G: MK1
__N				= B2A8, G: MK1
__T				= B2A9, G: MK1
__X				= B2AA, G: MK1
__Y				= B2AB, G: MK1
_LIFE_OLD			= B2AC, G: MK1
_BULLETS_ESTADO			= B2AD, G: MK1
__GP_GEN			= B2B0, G: MK1
_GEN_PT				= B2B2, G: MK1
_P_CURRENT_FRAME		= B2B4, G: MK1
_PTGMX				= B2B6, G: MK1
_PTGMY				= B2B8, G: MK1
_EN_AN_CURRENT_FRAME		= B2BA, G: MK1
_SP_PLAYER			= B2C0, G: MK1
_SP_BULLETS			= B2C2, G: MK1
__B_X				= B2C8, G: MK1
__B_Y				= B2C9, G: MK1
_ENOFFS				= B2CA, G: MK1
_B_IT				= B2CB, G: MK1
_P_ESTADO			= B2CC, G: MK1
__B_ESTADO			= B2CD, G: MK1
_P_KILLED			= B2CE, G: MK1
_BULLETS_X			= B2CF, G: MK1
_BULLETS_Y			= B2D2, G: MK1
_P_AMMO				= B2D5, G: MK1
_GPEN_X				= B2D6, G: MK1
_GPEN_Y				= B2D7, G: MK1
_PAD0				= B2D8, G: MK1
_P_KILLME			= B2D9, G: MK1
_BULLETS_LIFE			= B2DA, G: MK1
_N_PANT				= B2DD, G: MK1
_P_CONT_SALTO			= B2DE, G: MK1
_O_PANT				= B2DF, G: MK1
_P_LIFE				= B2E0, G: MK1
_ENIT				= B2E1, G: MK1
_P_FUEL				= B2E2, G: MK1
_P_OBJS				= B2E3, G: MK1
_P_GOTTEN			= B2E4, G: MK1
_GPCX				= B2E5, G: MK1
_GPCY				= B2E6, G: MK1
_GPIT				= B2E7, G: MK1
_GPJT				= B2E8, G: MK1
_P_KEYS				= B2E9, G: MK1
_AMMO_OLD			= B2EA, G: MK1
_PLAYING			= B2EB, G: MK1
_GPOX				= B2EC, G: MK1
_SEED				= B2ED, G: MK1
_P_TX				= B2EF, G: MK1
_P_TY				= B2F0, G: MK1
_ASM_INT_2			= B2F1, G: MK1
_P_VX				= B2F3, G: MK1
_P_VY				= B2F5, G: MK1
_GPXX				= B2F7, G: MK1
_GPYY				= B2F8, G: MK1
_OBJS_OLD			= B2F9, G: MK1
_MAINCOUNTER			= B2FA, G: MK1
_PTX1				= B2FB, G: MK1
_PTX2				= B2FC, G: MK1
_PTY1				= B2FD, G: MK1
_PTY2				= B2FE, G: MK1
_ASM_NUMBER			= B2FF, G: MK1
_P_NEXT_FRAME			= B300, G: MK1
_EN_AN_NEXT_FRAME		= B302, G: MK1
_AT1				= B308, G: MK1
_AT2				= B309, G: MK1
__EN_LIFE			= B30A, G: MK1
_CX1				= B30B, G: MK1
_CX2				= B30C, G: MK1
_CY1				= B30D, G: MK1
_CY2				= B30E, G: MK1
_P_SUBFRAME			= B30F, G: MK1
_BLX				= B310, G: MK1
_BLY				= B311, G: MK1
_GPC				= B312, G: MK1
_GPD				= B313, G: MK1
_HIT				= B314, G: MK1
_GPT				= B315, G: MK1
_RDA				= B316, G: MK1
_RDB				= B317, G: MK1
_RDC				= B318, G: MK1
_P_X				= B319, G: MK1
_AD_FREE			= B31B, G: MK1
_P_Y				= B654, G: MK1
_GPX				= B656, G: MK1
_GPY				= B657, G: MK1
_RDD				= B658, G: MK1
_RDN				= B659, G: MK1
_ITJ				= B65A, G: MK1
_KEYS_OLD			= B65C, G: MK1
_RAM_PAGE			= B65D, G: MK1
_RDX				= B65E, G: MK1
_RDY				= B65F, G: MK1
_WALL_H				= B660, G: MK1
_ENOFFSMASI			= B661, G: MK1
_WALL_V				= B662, G: MK1
_TOCADO				= B663, G: MK1
_IS_RENDERING			= B664, G: MK1
_SLEVEL				= B665, G: MK1
_ASM_INT			= B666, G: MK1
_P_FACING_H			= B668, G: MK1
__BADDIES_POINTER		= B669, G: MK1
_P_FACING_V			= B66B, G: MK1
_P_SALTANDO			= B66C, G: MK1
_POSSEE				= B66D, G: MK1
_ORIG_TILE			= B66E, G: MK1
_EN_AN_FRAME			= B66F, G: MK1
_SUCCESS			= B672, G: MK1
_RAM_DESTINATION		= B673, G: MK1
_EN_AN_COUNT			= B675, G: MK1
_P_DISPARANDO			= B678, G: MK1
__B_MX				= B679, G: MK1
__B_MY				= B67A, G: MK1
_RAM_ADDRESS			= B67B, G: MK1
L_AND				= B67D, G: L_AND
L_ASL				= B684, G: L_ASL
L_ASL1				= B685, L: L_ASL
L_ASR				= B68B, G: L_ASR
L_ASR1				= B68C, L: L_ASR
L_ASR_U				= B695, G: L_ASR_U
L_ASR_U_1			= B696, L: L_ASR_U
L_DIV_U				= B69F, G: L_DIV_U
ENTRY				= B6A3, L: L_DIV_U
L_DIV1				= B6AA, L: L_DIV_U
L_DIV2				= B6B4, L: L_DIV_U
L_EQ				= B6BE, G: L_EQ
L_GCHAR				= B6C5, G: L_GCHAR
L_SXT				= B6C6, L: L_GCHAR
L_GINT				= B6CB, G: L_GINT
L_GT				= B6D0, G: L_GT
L_LNEG				= B6DC, G: L_LNEG
L_LT				= B6E1, G: L_LT
L_MULT				= B6ED, G: L_MULT
L_MULT1				= B6F4, L: L_MULT
L_MULT2				= B6FB, L: L_MULT
L_NE				= B6FE, G: L_NE
L_NEG				= B705, G: L_NEG
L_OR				= B70D, G: L_OR
L_PINT				= B714, G: L_PINT
L_SXT				= B71A, G: L_SXT
L_UGE				= B71F, G: L_UGE
L_ULE				= B727, G: L_ULE
L_ULT				= B72F, G: L_ULT
SPCOMPDLISTADDR			= B735, G: SPCOMPDLISTADDR
SPDISPLAYLIST			= B746, G: SPDISPLAYLIST
SPINVALIDATE			= C346, G: SPINVALIDATE
SPINVALIDATEP			= C34E, G: SPINVALIDATE
NOINC1				= C367, L: SPINVALIDATE
INVCOLLP			= C36B, L: SPINVALIDATE
NOINC2				= C37A, L: SPINVALIDATE
INVFULLCHAR			= C37E, L: SPINVALIDATE
INVROWLP			= C380, L: SPINVALIDATE
NOINC3				= C38B, L: SPINVALIDATE
SPBITLEFT2MASK			= C399, G: SPBITLEFT2MASK
SPBITRIGHT2MASK			= C3A1, G: SPBITRIGHT2MASK
SPCOMPDIRTYADDR			= C3A9, G: SPCOMPDIRTYADDR
SPDIRTYCHARS			= C3BE, G: SPDIRTYCHARS
SPINTRECT			= C41E, G: SPINTRECT
SPINTSMALLIVAL			= C44F, G: SPINTRECT
TRYOTHERWAY			= C463, L: SPINTRECT
SPPTINSMALLIVAL			= C474, G: SPINTRECT
BROKEN				= C480, L: SPINTRECT
SPMOVESPRABS			= C489, G: SPMOVESPRABS
SPMOVESPRABSNC			= C497, G: SPMOVESPRABS
ADJLOOP				= C4A2, L: SPMOVESPRABS
SPMOVESPRABSC			= C4B0, G: SPMOVESPRABS
YINSCREEN			= C4C8, L: SPMOVESPRABS
XINSCREEN			= C4D8, L: SPMOVESPRABS
MVCOLLOOP			= C4EF, L: SPMOVESPRABS
MVROWLOOP			= C4F5, L: SPMOVESPRABS
NOTDONE				= C4FF, L: SPMOVESPRABS
NOINC1				= C517, L: SPMOVESPRABS
NOTINDLIST			= C52B, L: SPMOVESPRABS
NONEXT1				= C52B, L: SPMOVESPRABS
PDLOOP				= C548, L: SPMOVESPRABS
NOINC2				= C550, L: SPMOVESPRABS
PUTHERE				= C562, L: SPMOVESPRABS
NOINC3				= C571, L: SPMOVESPRABS
NODEC1				= C57F, L: SPMOVESPRABS
NOINC4				= C58B, L: SPMOVESPRABS
NONEXT2				= C598, L: SPMOVESPRABS
NOTDISPLAYED			= C598, L: SPMOVESPRABS
INVALIDATE			= C5B3, L: SPMOVESPRABS
COMPUTEDISP			= C5C2, L: SPMOVESPRABS
NOTNEGATIVE			= C5E0, L: SPMOVESPRABS
ADJUSTGRAPHICS			= C5E5, L: SPMOVESPRABS
NOINC5				= C5F1, L: SPMOVESPRABS
SKIP1				= C601, L: SPMOVESPRABS
SKIP2				= C611, L: SPMOVESPRABS
SPNULLSPRPTR			= C614, G: SPNULLSPRPTR
SPPRINTATINV			= C624, G: SPPRINTATINV
SPBIT2MASK			= C63C, G: SPBIT2MASK
SPTBLLOOKUP			= C644, G: SPTBLLOOKUP
NOINC				= C64A, L: SPTBLLOOKUP
SP_ADDCOLSPR			= C64C, G: SP_ADDCOLSPR
SPADDCOLSPR			= C667, G: SPADDCOLSPR
ACNOCRY				= C672, L: SPADDCOLSPR
ACLOOP				= C683, L: SPADDCOLSPR
NOINC1				= C6BF, L: SPADDCOLSPR
ACNOCRY3			= C6D3, L: SPADDCOLSPR
ACFAIL				= C6FD, L: SPADDCOLSPR
JPHL				= C70E, L: SPADDCOLSPR
SPDELETESPR			= C70F, G: SPDELETESPR
LOOP				= C713, L: SPDELETESPR
SPDSLOOP			= C720, G: SPDELETESPR
JPHL				= C728, L: SPDELETESPR
SP_ADDMEMORY			= C729, G: SP_ADDMEMORY
SPADDMEMORY			= C742, G: SPADDMEMORY
IB1				= C74A, L: SPADDMEMORY
IB2				= C751, L: SPADDMEMORY
SPFREEBLOCK			= C75E, G: SPFREEBLOCK
SPFB1				= C763, G: SPFREEBLOCK
SPFB2				= C76E, G: SPFREEBLOCK
SPQUEUETABLE			= C779, G: SPQUEUETABLE
SP_BLOCKALLOC			= C77B, G: SP_BLOCKALLOC
SPBLOCKALLOC			= C789, G: SPBLOCKALLOC
SPALLOC				= C793, G: SPBLOCKALLOC
SP_BORDER			= C7A4, G: SP_BORDER
SPBORDERCLR			= C7AD, G: SPBORDER
SPBORDER			= C7AE, G: SPBORDER
SP_CREATEGENERICISR		= C7B6, G: SP_CREATEGENERICISR
SPCREATEGENERICISR		= C7BF, G: SPCREATEGENERICISR
GENERICISR			= C7C8, L: SPCREATEGENERICISR
POSITION			= C7CB, L: SPCREATEGENERICISR
PUSHREG				= C7D4, L: SPCREATEGENERICISR
JPHL				= C7E3, L: SPCREATEGENERICISR
RUNHOOKS			= C7E4, L: SPCREATEGENERICISR
POPREG				= C7F6, L: SPCREATEGENERICISR
SP_CREATESPR			= C807, G: SP_CREATESPR
SPCREATESPR			= C81F, G: SPCREATESPR
CSLOOP				= C86A, L: SPCREATESPR
CSENTER				= C87E, L: SPCREATESPR
NOTCOMPRESS			= C890, L: SPCREATESPR
CONT				= C895, L: SPCREATESPR
CSNOCRY				= C8A9, L: SPCREATESPR
CSFAIL1				= C8B3, L: SPCREATESPR
CSFAIL2				= C8B5, L: SPCREATESPR
JPHL				= C8BE, L: SPCREATESPR
SP_FREEBLOCK			= C8BF, G: SP_FREEBLOCK
SP_GETKEY			= C8CA, G: SP_GETKEY
KEYOK				= C8D0, L: SP_GETKEY
STATE				= C8D5, L: SPGETKEY
COUNT				= C8D6, L: SPGETKEY
SPKEYDEBOUNCE			= C8D7, G: SPGETKEY
SPKEYSTARTREPEAT		= C8D8, G: SPGETKEY
SPKEYREPEATPERIOD		= C8D9, G: SPGETKEY
SPINKEY				= C8DA, G: SPGETKEY
SPGETKEY			= C8EB, G: SPGETKEY
SCANLOOP			= C8F2, L: SPGETKEY
KEYROWLOOP			= C8F6, L: SPGETKEY
NOPRESS				= C906, L: SPGETKEY
NEXTSCANROW			= C90B, L: SPGETKEY
ATMAXCOUNT			= C91C, L: SPGETKEY
SKIP				= C933, L: SPGETKEY
NOCAPS				= C949, L: SPGETKEY
NOSYM				= C954, L: SPGETKEY
TOOMANYKEYS			= C957, L: SPGETKEY
NOKEYS				= C957, L: SPGETKEY
SPKEYTRANSTBL			= C95F, G: SPKEYTRANSTBL
SP_INITIALIZE			= C9FF, G: SP_INITIALIZE
SPINITIALIZE			= CA0B, G: SPINITIALIZE
ROTTBLLP			= CA31, L: SPINITIALIZE
ENTRYLP				= CA38, L: SPINITIALIZE
ROTLP				= CA3B, L: SPINITIALIZE
LOOP				= CA54, L: SPINITIALIZE
CONT1				= CA5C, L: SPINITIALIZE
NOADD				= CA66, L: SPINITIALIZE
USERTILE			= CA69, L: SPINITIALIZE
SPTILEARRAY			= CA6E, G: SPTILEARRAY
SP_INITIM2			= CC6E, G: SP_INITIM2
SPINITIM2			= CC79, G: SPINITIM2
SP_JOYKEMPSTON			= CC8F, G: SP_JOYKEMPSTON
SPJOYKEMPSTON			= CC96, G: SPJOYKEMPSTON
KEMPTBL				= CCA1, L: SPJOYKEMPSTON
SP_JOYKEYBOARD			= CCC1, G: SP_JOYKEYBOARD
SPJOYKEYBOARD			= CCCF, G: SPJOYKEYBOARD
NOFIRE				= CCDC, L: SPJOYKEYBOARD
JKLOOP				= CCDC, L: SPJOYKEYBOARD
NOPRESS				= CCE7, L: SPJOYKEYBOARD
SP_JOYSINCLAIR1			= CCEE, G: SP_JOYSINCLAIR1
SPJOYSINCLAIR1			= CCF5, G: SPJOYSINCLAIR1
SINC1TBL			= CD01, L: SPJOYSINCLAIR1
SP_KEYPRESSED			= CD21, G: SP_KEYPRESSED
SPKEYPRESSED			= CD31, G: SPKEYPRESSED
NOCAPS				= CD3D, L: SPKEYPRESSED
NOSYM				= CD49, L: SPKEYPRESSED
SP_REGISTERHOOK			= CD55, G: SP_REGISTERHOOK
SP_REGISTERHOOKLAST		= CD6B, G: SP_REGISTERHOOKLAST
SPREGISTERHOOKLAST		= CD7A, G: SPREGISTERHOOKLAST
SPREGISTERHOOK			= CD7A, G: SPREGISTERHOOKLAST
LOOP				= CD83, L: SPREGISTERHOOKLAST
DONE				= CD8E, L: SPREGISTERHOOKLAST
SP_TILEARRAY			= CD97, G: SP_TILEARRAY
SPTILEENTRY			= CDA5, G: SPTILEENTRY
NOINC				= CDAE, L: SPTILEENTRY
SP_UPDATENOW			= CDB6, G: SP_UPDATENOW
TEMPGRAPHIC			= CDBC, L: SPUPDATENOW
TEMPCOLOUR			= CDC4, L: SPUPDATENOW
UPDATE_ATTRS			= CDC5, G: SPUPDATENOW
DOSPRITES			= CDC6, L: SPUPDATENOW
SPUPDATENOW			= CDC7, G: SPUPDATENOW
DIRTYLOOP			= CDD3, L: SPUPDATENOW
NOTACROSSBLK1			= CDE3, L: SPUPDATENOW
REENTER				= CDEB, L: SPUPDATENOW
NOINC1				= CDEB, L: SPUPDATENOW
DIRTYAREA			= CDF9, L: SPUPDATENOW
NOTACROSSBLK2			= CE33, L: SPUPDATENOW
TILEONLY			= CE3A, L: SPUPDATENOW
NOINC11				= CE45, L: SPUPDATENOW
DRAWCHAR			= CE69, L: SPUPDATENOW
NOTLOAD				= CE97, L: SPUPDATENOW
NOINC10				= CEA2, L: SPUPDATENOW
SPRITELOOP			= CEB7, L: SPUPDATENOW
DOSPRITE			= CEBB, L: SPUPDATENOW
COLOURSPRITE			= CFCC, L: SPUPDATENOW
SKIP_SPRITE_UPDATE		= CFCD, L: SPUPDATENOW
CLEAR				= CFCE, L: SPUPDATENOW
COPYBUFFER			= CFD9, L: SPUPDATENOW
NOMORESPRITES			= CFFB, L: SPUPDATENOW
SKIPUPDATECOL			= D006, L: SPUPDATENOW
MASKNOROTATE			= D009, L: SPUPDATENOW
LOADTYPE			= D054, L: SPUPDATENOW
LOADNOROTATE			= D0C2, L: SPUPDATENOW
XORTYPE				= D0E1, L: SPUPDATENOW
XORNOROTATE			= D167, L: SPUPDATENOW
ORTYPE				= D199, L: SPUPDATENOW
ORNOROTATE			= D21F, L: SPUPDATENOW
SP_UPDATENOWEX			= D251, G: SP_UPDATENOWEX
SP_WAITFORNOKEY			= D25A, G: SP_WAITFORNOKEY
SPWAITFORNOKEY			= D25E, G: SPWAITFORNOKEY
