ACFAIL				= A789, L: SPADDCOLSPR
ACLOOP				= A70F, L: SPADDCOLSPR
ACNOCRY				= A6FE, L: SPADDCOLSPR
ACNOCRY3			= A75F, L: SPADDCOLSPR
ADJLOOP				= A52E, L: SPMOVESPRABS
ADJUSTGRAPHICS			= A671, L: SPMOVESPRABS
APBRANCH1			= 5E23, L: MK1
APBRANCH2			= 5E66, L: MK1
APBRANCH3			= 5E52, L: MK1
APBRANCH4			= 5E49, L: MK1
APGET4BITS			= 5E3B, L: MK1
APLOOP				= 5E28, L: MK1
APLOOP0				= 5E25, L: MK1
APSKIP2				= 5E85, L: MK1
APSKIP3				= 5E8E, L: MK1
APWRITEBYTE			= 5E45, L: MK1
AP_FINISHUP			= 5E91, L: MK1
AP_FINISHUP2			= 5E94, L: MK1
AP_GETBIT			= 5EA7, L: MK1
AP_GETGAMMA			= 5EB3, L: MK1
AP_GETGAMMALOOP			= 5EB6, L: MK1
AP_R0_GAMMA			= 5E9B, L: MK1
ATMAXCOUNT			= A9A8, L: SPGETKEY
BAL1				= 76F9, L: MK1
BROKEN				= A50C, L: SPINTRECT
BUCLE				= 7CCA, L: MK1
BUCLE1				= 7CCD, L: MK1
BUCLE2				= 7CD5, L: MK1
CLEAR				= B026, L: SPUPDATENOW
CLEARB1				= 7CB5, L: MK1
CLEARB2				= 7CB8, L: MK1
COLOURSPRITE			= B024, L: SPUPDATENOW
COMPUTEDISP			= A64E, L: SPMOVESPRABS
CONT				= A921, L: SPCREATESPR
CONT1				= AAE8, L: SPINITIALIZE
COPYBUFFER			= B031, L: SPUPDATENOW
COUNT				= A962, L: SPGETKEY
CSENTER				= A90A, L: SPCREATESPR
CSFAIL1				= A93F, L: SPCREATESPR
CSFAIL2				= A941, L: SPCREATESPR
CSLOOP				= A8F6, L: SPCREATESPR
CSNOCRY				= A935, L: SPCREATESPR
DEPACK				= 5E20, L: MK1
DIRTYAREA			= AE51, L: SPUPDATENOW
DIRTYLOOP			= AE2B, L: SPUPDATENOW
DONE				= ADE6, L: SPREGISTERHOOKLAST
DOSPRITE			= AF13, L: SPUPDATENOW
DOSPRITES			= AE1E, L: SPUPDATENOW
DRAWCHAR			= AEC1, L: SPUPDATENOW
ENTRY				= 9729, L: L_DIV_U
ENTRYLP				= AAC4, L: SPINITIALIZE
FILL_BUFFER_END			= 784C, L: MK1
FILL_BUFFER_LOOP		= 783F, L: MK1
FSCLIPSTRUCT			= 5DD4, L: MK1
GENERICISR			= A854, L: SPCREATEGENERICISR
HIDE_SPRITES_ENEMS_LOOP		= 771F, L: MK1
IB1				= A7D6, L: SPADDMEMORY
IB2				= A7DD, L: SPADDMEMORY
INVALIDATE			= A63F, L: SPMOVESPRABS
INVCOLLP			= A3F7, L: SPINVALIDATE
INVFULLCHAR			= A40A, L: SPINVALIDATE
INVROWLP			= A40C, L: SPINVALIDATE
I_1				= 9321, L: MK1
I_100				= 82D0, L: MK1
I_101				= 82D3, L: MK1
I_102				= 8371, L: MK1
I_103				= 832A, L: MK1
I_104				= 8327, L: MK1
I_105				= 8317, L: MK1
I_107				= 836E, L: MK1
I_108				= 8358, L: MK1
I_109				= 836E, L: MK1
I_110				= 8378, L: MK1
I_111				= 83FE, L: MK1
I_112				= 83A9, L: MK1
I_113				= 83AC, L: MK1
I_114				= 83D6, L: MK1
I_115				= 83D3, L: MK1
I_116				= 83F7, L: MK1
I_117				= 83F7, L: MK1
I_118				= 83F7, L: MK1
I_119				= 8423, L: MK1
I_120				= 8423, L: MK1
I_121				= 844A, L: MK1
I_122				= 844A, L: MK1
I_123				= 8468, L: MK1
I_124				= 847B, L: MK1
I_125				= 852D, L: MK1
I_126				= 850F, L: MK1
I_127				= 84DE, L: MK1
I_129				= 852D, L: MK1
I_130				= 8524, L: MK1
I_131				= 8527, L: MK1
I_132				= 85B0, L: MK1
I_133				= 8592, L: MK1
I_134				= 8562, L: MK1
I_136				= 85B0, L: MK1
I_137				= 85A7, L: MK1
I_138				= 85AA, L: MK1
I_139				= 8605, L: MK1
I_140				= 862C, L: MK1
I_141				= 864B, L: MK1
I_142				= 864B, L: MK1
I_143				= 8659, L: MK1
I_144				= 868A, L: MK1
I_145				= 866E, L: MK1
I_146_I_145			= 8671, L: MK1
I_147				= 86E2, L: MK1
I_148				= 86AD, L: MK1
I_149				= 86C9, L: MK1
I_150				= 8706, L: MK1
I_151				= 8709, L: MK1
I_152				= 87D0, L: MK1
I_153				= 8889, L: MK1
I_154				= 87DA, L: MK1
I_156				= 8886, L: MK1
I_157				= 8847, L: MK1
I_158				= 885F, L: MK1
I_159				= 885F, L: MK1
I_160				= 885F, L: MK1
I_161				= 885F, L: MK1
I_162				= 88AF, L: MK1
I_163				= 88E1, L: MK1
I_164				= 8C5A, L: MK1
I_165				= 88E6, L: MK1
I_166				= 8994, L: MK1
I_167				= 8994, L: MK1
I_168				= 89C4, L: MK1
I_169				= 89C7, L: MK1
I_171				= 8A2F, L: MK1
I_172				= 89D2, L: MK1
I_173				= 89EA, L: MK1
I_174				= 89EA, L: MK1
I_175				= 89EA, L: MK1
I_176				= 89EA, L: MK1
I_177				= 8C27, L: MK1
I_178				= 8A80, L: MK1
I_179				= 8BC8, L: MK1
I_18				= 750D, L: MK1
I_180				= 8BC5, L: MK1
I_181				= 8AFC, L: MK1
I_182				= 8AFC, L: MK1
I_183				= 8ACB, L: MK1
I_184_I_183			= 8ACE, L: MK1
I_185				= 8BC5, L: MK1
I_186				= 8B36, L: MK1
I_186_I_187			= 8B3D, L: MK1
I_187				= 8B38, L: MK1
I_188				= 8B8F, L: MK1
I_189				= 8B85, L: MK1
I_19				= 7509, L: MK1
I_190				= 8B88, L: MK1
I_191				= 8B92, L: MK1
I_192				= 8C27, L: MK1
I_193				= 8C27, L: MK1
I_194				= 8BF4, L: MK1
I_195_I_194			= 8BF7, L: MK1
I_196				= 8C27, L: MK1
I_197				= 8C75, L: MK1
I_198				= 8D45, L: MK1
I_200				= 8CF6, L: MK1
I_201				= 8CA7, L: MK1
I_202				= 8CB5, L: MK1
I_203				= 8CD2, L: MK1
I_204				= 8CF0, L: MK1
I_205				= 8D45, L: MK1
I_206				= 8DCD, L: MK1
I_207				= 8DD7, L: MK1
I_208				= 8DA1, L: MK1
I_209				= 8DCD, L: MK1
I_210				= 8E16, L: MK1
I_211				= 8EA3, L: MK1
I_212				= 8E1B, L: MK1
I_213				= 8EA3, L: MK1
I_214				= 9320, L: MK1
I_215				= 8EE6, L: MK1
I_216				= 931A, L: MK1
I_217				= 8F30, L: MK1
I_218				= 8FBF, L: MK1
I_219				= 92C4, L: MK1
I_220				= 8FDF, L: MK1
I_221				= 9003, L: MK1
I_222				= 9020, L: MK1
I_223				= 9050, L: MK1
I_224				= 9090, L: MK1
I_225				= 9089, L: MK1
I_226				= 9090, L: MK1
I_227				= 9155, L: MK1
I_228				= 90AB, L: MK1
I_229				= 90D3, L: MK1
I_230				= 90B0, L: MK1
I_231				= 912F, L: MK1
I_232				= 90F1, L: MK1
I_234				= 914C, L: MK1
I_235				= 9169, L: MK1
I_236				= 9277, L: MK1
I_237				= 919D, L: MK1
I_238				= 9185, L: MK1
I_239_I_238			= 9188, L: MK1
I_240				= 91CA, L: MK1
I_241				= 91B1, L: MK1
I_242_I_241			= 91B4, L: MK1
I_243				= 9212, L: MK1
I_244				= 91EF, L: MK1
I_245_I_244			= 91F2, L: MK1
I_246				= 9277, L: MK1
I_247				= 9226, L: MK1
I_248_I_247			= 9229, L: MK1
I_249				= 9277, L: MK1
I_250				= 9277, L: MK1
I_251				= 92AA, L: MK1
I_252				= 929E, L: MK1
I_254				= 92C1, L: MK1
I_255				= 92BA, L: MK1
I_257				= 930B, L: MK1
I_258				= 92DE, L: MK1
I_259				= 92EB, L: MK1
I_26				= 7839, L: MK1
I_260				= 9308, L: MK1
I_261				= 9302, L: MK1
I_263				= 9314, L: MK1
I_27				= 78B7, L: MK1
I_28				= 78AC, L: MK1
I_29				= 798A, L: MK1
I_30				= 7995, L: MK1
I_31				= 7B9F, L: MK1
I_32				= 79C2, L: MK1
I_33				= 7AA1, L: MK1
I_35				= 7A9E, L: MK1
I_36				= 79D0, L: MK1
I_37				= 79E8, L: MK1
I_38				= 79FE, L: MK1
I_39				= 7A7E, L: MK1
I_40				= 7A81, L: MK1
I_41				= 7A8F, L: MK1
I_42				= 7A92, L: MK1
I_43				= 7B96, L: MK1
I_44				= 7AAF, L: MK1
I_45				= 7B96, L: MK1
I_47				= 7B93, L: MK1
I_48				= 7ABD, L: MK1
I_49				= 7ADF, L: MK1
I_50				= 7B1C, L: MK1
I_51				= 7B4E, L: MK1
I_52				= 7B5B, L: MK1
I_53				= 7B76, L: MK1
I_54				= 7B7E, L: MK1
I_55				= 7B81, L: MK1
I_56				= 7B8C, L: MK1
I_57				= 7BFB, L: MK1
I_58				= 7BFE, L: MK1
I_59				= 7C98, L: MK1
I_60				= 7C9D, L: MK1
I_61				= 7D47, L: MK1
I_64				= 7E5B, L: MK1
I_65				= 7E63, L: MK1
I_66				= 7E64, L: MK1
I_67				= 7E6C, L: MK1
I_68				= 7E75, L: MK1
I_69				= 7E7F, L: MK1
I_70				= 7E6C, L: MK1
I_71				= 7E75, L: MK1
I_72				= 7ECA, L: MK1
I_73				= 7F55, L: MK1
I_74				= 7ED4, L: MK1
I_75				= 7FF6, L: MK1
I_76				= 802E, L: MK1
I_77				= 802B, L: MK1
I_78				= 800F, L: MK1
I_78_UGE			= 8006, L: MK1
I_79_I_78			= 8012, L: MK1
I_80				= 80F1, L: MK1
I_81				= 80FF, L: MK1
I_82				= 8112, L: MK1
I_83				= 8193, L: MK1
I_84				= 8193, L: MK1
I_85				= 816C, L: MK1
I_87				= 822B, L: MK1
I_88				= 822B, L: MK1
I_89				= 8200, L: MK1
I_90				= 81F6, L: MK1
I_91				= 81F1, L: MK1
I_93				= 81F9, L: MK1
I_94				= 8203, L: MK1
I_95				= 8251, L: MK1
I_96				= 8248, L: MK1
I_97				= 824B, L: MK1
I_98				= 82B5, L: MK1
JKLOOP				= AD68, L: SPJOYKEYBOARD
JPHL				= A94A, L: SPCREATESPR
JPHL				= A86F, L: SPCREATEGENERICISR
JPHL				= A7B4, L: SPDELETESPR
JPHL				= A79A, L: SPADDCOLSPR
KEEPGOING			= 5E08, L: MK1
KEMPTBL				= AD2D, L: SPJOYKEMPSTON
KEYOK				= A95C, L: SP_GETKEY
KEYROWLOOP			= A982, L: SPGETKEY
LOADNOROTATE			= B11A, L: SPUPDATENOW
LOADTYPE			= B0AC, L: SPUPDATENOW
LOOP				= ADDB, L: SPREGISTERHOOKLAST
LOOP				= AAE0, L: SPINITIALIZE
LOOP				= A79F, L: SPDELETESPR
L_AND				= 9703, G: L_AND
L_ASL				= 970A, G: L_ASL
L_ASL1				= 970B, L: L_ASL
L_ASR				= 9711, G: L_ASR
L_ASR1				= 9712, L: L_ASR
L_ASR_U				= 971B, G: L_ASR_U
L_ASR_U_1			= 971C, L: L_ASR_U
L_DIV1				= 9730, L: L_DIV_U
L_DIV2				= 973A, L: L_DIV_U
L_DIV_U				= 9725, G: L_DIV_U
L_EQ				= 9744, G: L_EQ
L_GCHAR				= 974B, G: L_GCHAR
L_GINT				= 9751, G: L_GINT
L_GT				= 9756, G: L_GT
L_LNEG				= 9762, G: L_LNEG
L_LT				= 9767, G: L_LT
L_MULT				= 9773, G: L_MULT
L_MULT1				= 977A, L: L_MULT
L_MULT2				= 9781, L: L_MULT
L_NE				= 9784, G: L_NE
L_NEG				= 978B, G: L_NEG
L_OR				= 9793, G: L_OR
L_PINT				= 979A, G: L_PINT
L_SXT				= 97A0, G: L_SXT
L_SXT				= 974C, L: L_GCHAR
L_UGE				= 97A5, G: L_UGE
L_UGT				= 97AD, G: L_UGT
L_ULE				= 97B3, G: L_ULE
L_ULT				= 97BB, G: L_ULT
MASKNOROTATE			= B061, L: SPUPDATENOW
MVCOLLOOP			= A57B, L: SPMOVESPRABS
MVROWLOOP			= A581, L: SPMOVESPRABS
NEXTRAND			= 7C7A, L: MK1
NEXTSCANROW			= A997, L: SPGETKEY
NOADD				= AAF2, L: SPINITIALIZE
NOCAPS				= A9D5, L: SPGETKEY
NODEC1				= A60B, L: SPMOVESPRABS
NOFIRE				= AD68, L: SPJOYKEYBOARD
NOINC				= AE06, L: SPTILEENTRY
NOINC				= A6D6, L: SPTBLLOOKUP
NOINC1				= AE43, L: SPUPDATENOW
NOINC1				= A74B, L: SPADDCOLSPR
NOINC1				= A5A3, L: SPMOVESPRABS
NOINC1				= A3F3, L: SPINVALIDATE
NOINC10				= AEFA, L: SPUPDATENOW
NOINC11				= AE9D, L: SPUPDATENOW
NOINC2				= A5DC, L: SPMOVESPRABS
NOINC2				= A406, L: SPINVALIDATE
NOINC3				= A5FD, L: SPMOVESPRABS
NOINC3				= A417, L: SPINVALIDATE
NOINC4				= A617, L: SPMOVESPRABS
NOINC5				= A67D, L: SPMOVESPRABS
NOKEYS				= A9E3, L: SPGETKEY
NOMORESPRITES			= B053, L: SPUPDATENOW
NONEXT1				= A5B7, L: SPMOVESPRABS
NONEXT2				= A624, L: SPMOVESPRABS
NOPRESS				= AD73, L: SPJOYKEYBOARD
NOPRESS				= A992, L: SPGETKEY
NOSYM				= A9E0, L: SPGETKEY
NOTACROSSBLK1			= AE3B, L: SPUPDATENOW
NOTACROSSBLK2			= AE8B, L: SPUPDATENOW
NOTCOMPRESS			= A91C, L: SPCREATESPR
NOTDISPLAYED			= A624, L: SPMOVESPRABS
NOTDONE				= A58B, L: SPMOVESPRABS
NOTINDLIST			= A5B7, L: SPMOVESPRABS
NOTLOAD				= AEEF, L: SPUPDATENOW
NOTNEGATIVE			= A66C, L: SPMOVESPRABS
ORNOROTATE			= B277, L: SPUPDATENOW
ORTYPE				= B1F1, L: SPUPDATENOW
PDLOOP				= A5D4, L: SPMOVESPRABS
POPREG				= A882, L: SPCREATEGENERICISR
POSITION			= A857, L: SPCREATEGENERICISR
PRINT_STR_LOOP			= 76D2, L: MK1
PRINT_STR_NO_INC_A		= 76E6, L: MK1
PUSHREG				= A860, L: SPCREATEGENERICISR
PUTHERE				= A5EE, L: SPMOVESPRABS
RAND16				= 7C5E, L: MK1
REDRAW_FROM_BUFFER_LOOP		= 77C1, L: MK1
REDRAW_FROM_BUFFER_SET_X	= 77EB, L: MK1
REENTER				= AE43, L: SPUPDATENOW
REPITATODO			= 7CC4, L: MK1
RESTISR				= 5E04, L: MK1
ROTLP				= AAC7, L: SPINITIALIZE
ROTTBLLP			= AABD, L: SPINITIALIZE
RUNHOOKS			= A870, L: SPCREATEGENERICISR
SCANLOOP			= A97E, L: SPGETKEY
SETRAMBANK			= 5DF9, L: MK1
SINC1TBL			= AD8D, L: SPJOYSINCLAIR1
SKIP				= A9BF, L: SPGETKEY
SKIP1				= A68D, L: SPMOVESPRABS
SKIP2				= A69D, L: SPMOVESPRABS
SKIPUPDATECOL			= B05E, L: SPUPDATENOW
SKIP_SPRITE_UPDATE		= B025, L: SPUPDATENOW
SPADDCOLSPR			= A6F3, G: SPADDCOLSPR
SPADDMEMORY			= A7CE, G: SPADDMEMORY
SPALLOC				= A81F, G: SPBLOCKALLOC
SPBIT2MASK			= A6C8, G: SPBIT2MASK
SPBITLEFT2MASK			= A425, G: SPBITLEFT2MASK
SPBITRIGHT2MASK			= A42D, G: SPBITRIGHT2MASK
SPBLOCKALLOC			= A815, G: SPBLOCKALLOC
SPBORDER			= A83A, G: SPBORDER
SPBORDERCLR			= A839, G: SPBORDER
SPCOMPDIRTYADDR			= A435, G: SPCOMPDIRTYADDR
SPCOMPDLISTADDR			= 97C1, G: SPCOMPDLISTADDR
SPCREATEGENERICISR		= A84B, G: SPCREATEGENERICISR
SPCREATESPR			= A8AB, G: SPCREATESPR
SPDELETESPR			= A79B, G: SPDELETESPR
SPDIRTYCHARS			= A44A, G: SPDIRTYCHARS
SPDISPLAYLIST			= 97D2, G: SPDISPLAYLIST
SPDSLOOP			= A7AC, G: SPDELETESPR
SPFB1				= A7EF, G: SPFREEBLOCK
SPFB2				= A7FA, G: SPFREEBLOCK
SPFREEBLOCK			= A7EA, G: SPFREEBLOCK
SPGETKEY			= A977, G: SPGETKEY
SPINITIALIZE			= AA97, G: SPINITIALIZE
SPINITIM2			= AD05, G: SPINITIM2
SPINKEY				= A966, G: SPGETKEY
SPINTRECT			= A4AA, G: SPINTRECT
SPINTSMALLIVAL			= A4DB, G: SPINTRECT
SPINVALIDATE			= A3D2, G: SPINVALIDATE
SPINVALIDATEP			= A3DA, G: SPINVALIDATE
SPJOYKEMPSTON			= AD22, G: SPJOYKEMPSTON
SPJOYKEYBOARD			= AD5B, G: SPJOYKEYBOARD
SPJOYSINCLAIR1			= AD81, G: SPJOYSINCLAIR1
SPKEYDEBOUNCE			= A963, G: SPGETKEY
SPKEYREPEATPERIOD		= A965, G: SPGETKEY
SPKEYSTARTREPEAT		= A964, G: SPGETKEY
SPKEYTRANSTBL			= A9EB, G: SPKEYTRANSTBL
SPMOVESPRABS			= A515, G: SPMOVESPRABS
SPMOVESPRABSC			= A53C, G: SPMOVESPRABS
SPMOVESPRABSNC			= A523, G: SPMOVESPRABS
SPNULLSPRPTR			= A6A0, G: SPNULLSPRPTR
SPPRINTATINV			= A6B0, G: SPPRINTATINV
SPPTINSMALLIVAL			= A500, G: SPINTRECT
SPQUEUETABLE			= A805, G: SPQUEUETABLE
SPREGISTERHOOK			= ADD2, G: SPREGISTERHOOKLAST
SPREGISTERHOOKLAST		= ADD2, G: SPREGISTERHOOKLAST
SPRITELOOP			= AF0F, L: SPUPDATENOW
SPTBLLOOKUP			= A6D0, G: SPTBLLOOKUP
SPTILEARRAY			= AAFA, G: SPTILEARRAY
SPTILEENTRY			= ADFD, G: SPTILEENTRY
SPUPDATENOW			= AE1F, G: SPUPDATENOW
SPWAITFORNOKEY			= B2B6, G: SPWAITFORNOKEY
SP_ADDCOLSPR			= A6D8, G: SP_ADDCOLSPR
SP_ADDMEMORY			= A7B5, G: SP_ADDMEMORY
SP_BLOCKALLOC			= A807, G: SP_BLOCKALLOC
SP_BORDER			= A830, G: SP_BORDER
SP_CREATEGENERICISR		= A842, G: SP_CREATEGENERICISR
SP_CREATESPR			= A893, G: SP_CREATESPR
SP_FREEBLOCK			= A94B, G: SP_FREEBLOCK
SP_GETKEY			= A956, G: SP_GETKEY
SP_INITIALIZE			= AA8B, G: SP_INITIALIZE
SP_INITIM2			= ACFA, G: SP_INITIM2
SP_JOYKEMPSTON			= AD1B, G: SP_JOYKEMPSTON
SP_JOYKEYBOARD			= AD4D, G: SP_JOYKEYBOARD
SP_JOYSINCLAIR1			= AD7A, G: SP_JOYSINCLAIR1
SP_REGISTERHOOK			= ADAD, G: SP_REGISTERHOOK
SP_REGISTERHOOKLAST		= ADC3, G: SP_REGISTERHOOKLAST
SP_TILEARRAY			= ADEF, G: SP_TILEARRAY
SP_UPDATENOW			= AE0E, G: SP_UPDATENOW
SP_UPDATENOWEX			= B2A9, G: SP_UPDATENOWEX
SP_WAITFORNOKEY			= B2B2, G: SP_WAITFORNOKEY
START				= 5DC0, L: ZX82_CRT0
STATE				= A961, L: SPGETKEY
TEMPCOLOUR			= AE1C, L: SPUPDATENOW
TEMPGRAPHIC			= AE14, L: SPUPDATENOW
TEXTBOX_DELAY			= 789E, L: MK1
TILEONLY			= AE92, L: SPUPDATENOW
TOOMANYKEYS			= A9E3, L: SPGETKEY
TRYOTHERWAY			= A4EF, L: SPINTRECT
UPDATE_ATTRS			= AE1D, G: SPUPDATENOW
USERTILE			= AAF5, L: SPINITIALIZE
VPCLIPSTRUCT			= 5DD0, L: MK1
XINSCREEN			= A564, L: SPMOVESPRABS
XORNOROTATE			= B1BF, L: SPUPDATENOW
XORTYPE				= B139, L: SPUPDATENOW
YINSCREEN			= A554, L: SPMOVESPRABS
_ABS				= 7C87, G: MK1
_ACTIVE				= 941D, G: MK1
_ADDSIGN			= 7E4A, G: MK1
_ADVANCE_WORM_NO_INC_Y		= 7F4F, L: MK1
_AD_FREE			= 9488, G: MK1
_ASM_INT			= 96F2, G: MK1
_ASM_INT_2			= 945F, G: MK1
_ASM_NUMBER			= 946D, G: MK1
_AT1				= 9476, G: MK1
_AT2				= 9477, G: MK1
_ATTR				= 74E9, G: MK1
_BEHS				= 69E1, G: MK1
_BLACKOUT			= 5F13, G: MK1
_BLACKOUT_AREA			= 76F4, G: MK1
_CLEAR_SPRITES			= 770A, G: MK1
_CLEAR_TEMP_STRING		= 77F7, G: MK1
_CM_TWO_POINTS			= 7C01, G: MK1
_CM_TWO_POINTS_AT1_DO		= 7C12, L: MK1
_CM_TWO_POINTS_AT1_DONE		= 7C2C, L: MK1
_CM_TWO_POINTS_AT1_RESET	= 7C0F, L: MK1
_CM_TWO_POINTS_AT2_DO		= 7C40, L: MK1
_CM_TWO_POINTS_AT2_DONE		= 7C5A, L: MK1
_CM_TWO_POINTS_AT2_RESET	= 7C3D, L: MK1
_COLLIDE			= 7BA0, G: MK1
_CORTINA			= 7CB0, G: MK1
_CX1				= 9479, G: MK1
_CX2				= 947B, G: MK1
_CY1				= 947A, G: MK1
_CY2				= 947C, G: MK1
_DO_EXTERN_ACTION		= 78C3, G: MK1
_DRAW_COLOURED_TILE		= 7565, G: MK1
_DRAW_COLOURED_TILE_GAMEAREA	= 75D6, G: MK1
_DRAW_DECORATIONS		= 7604, G: MK1
_DRAW_DECORATIONS_LOOP		= 7607, L: MK1
_DRAW_INVALIDATE_COLOURED_TILE_G= 75CF, G: MK1
_DRAW_OBJS			= 76B8, G: MK1
_DRAW_SCR			= 7FC3, G: MK1
_DRAW_SCR_BACKGROUND		= 7E9A, G: MK1
_DRAW_SCR_HOTSPOTS_LOCKS	= 7F56, G: MK1
_DRAW_SCR_PACKED_ALT		= 7F20, L: MK1
_DRAW_SCR_PACKED_ALT_SUBST	= 7F2F, L: MK1
_DRAW_SCR_PACKED_DONE		= 7F04, L: MK1
_DRAW_SCR_PACKED_EXISTING	= 7EFF, L: MK1
_DRAW_SCR_PACKED_NEW		= 7EEA, L: MK1
_DRAW_SCR_PACKED_NOALT		= 7F34, L: MK1
_ENEMS_DRAW_CURRENT		= 8725, G: MK1
_ENEMS_KILL			= 888A, G: MK1
_ENEMS_LM_CHANGE_AXIS_X		= 8A07, L: MK1
_ENEMS_LM_CHANGE_AXIS_X_DONE	= 8A0F, L: MK1
_ENEMS_LM_CHANGE_AXIS_Y		= 8A27, L: MK1
_ENEMS_LM_CHANGE_AXIS_Y_DONE	= 8A2F, L: MK1
_ENEMS_LOAD			= 87B7, G: MK1
_ENEMS_MOVE			= 88C2, G: MK1
_ENEMS_MOVE_UPDATE_FRAME_DONE	= 8A80, L: MK1
_ENEM_CELLS			= 7D71, G: MK1
_ENIT				= 9449, G: MK1
_ENOFFS				= 943D, G: MK1
_ENOFFSMASI			= 96ED, G: MK1
_EN_AN_BASE_FRAME		= 9362, G: MK1
_EN_AN_COUNT			= 96FF, G: MK1
_EN_AN_CURRENT_FRAME		= 9434, G: MK1
_EN_AN_FRAME			= 96FB, G: MK1
_EN_AN_NEXT_FRAME		= 9470, G: MK1
_EN_AN_STATE			= 936C, G: MK1
_ESPERA_ACTIVA			= 7E64, G: MK1
_FLAGS				= 936F, G: MK1
_FLAG_EQUAL_VAL_OK		= 79FB, L: MK1
_FONT				= 5F21, G: MK1
_GAME_ENDING			= 7D81, G: MK1
_GAME_LOOP_DO			= 8FC9, L: MK1
_GAME_LOOP_INIT			= 8F52, L: MK1
_GAME_OVER			= 7D9D, G: MK1
_GEN_PT				= 942C, G: MK1
_GET_RESOURCE			= 5EC3, G: MK1
_GPAUX				= 9386, G: MK1
_GPC				= 9480, G: MK1
_GPCX				= 944D, G: MK1
_GPCY				= 944E, G: MK1
_GPD				= 9481, G: MK1
_GPEN_CX			= 935A, G: MK1
_GPEN_CY			= 935B, G: MK1
_GPEN_X				= 9441, G: MK1
_GPEN_Y				= 9442, G: MK1
_GPIT				= 9451, G: MK1
_GPJT				= 9452, G: MK1
_GPOX				= 9456, G: MK1
_GPX				= 96E2, G: MK1
_GPXX				= 9465, G: MK1
_GPY				= 96E3, G: MK1
_GPYY				= 9466, G: MK1
_GP_TEXT			= 9360, G: MK1
_HALF_LIFE			= 9367, G: MK1
_HIT				= 9482, G: MK1
_HIT_H				= 9382, G: MK1
_HIT_V				= 9384, G: MK1
_HOTSPOTS			= 69D5, G: MK1
_HOTSPOTS_DO			= 8C5B, G: MK1
_HOTSPOTS_SETUP_DO		= 7F88, L: MK1
_HOTSPOTS_SETUP_DONE		= 7FC2, L: MK1
_HOTSPOTS_SETUP_SET		= 7FBA, L: MK1
_HOTSPOTS_SETUP_SET_REFILL	= 7FB9, L: MK1
_HOTSPOT_DESTROY		= 9420, G: MK1
_HOTSPOT_X			= 9365, G: MK1
_HOTSPOT_Y			= 9366, G: MK1
_INVALIDATE_TILE		= 75AB, G: MK1
_INVALIDATE_VIEWPORT		= 75BF, G: MK1
_ISR				= 748B, G: MK1
_IS_RENDERING			= 96F0, G: MK1
_ITJ				= 96E6, G: MK1
_JOYFUNC			= 5DD8, G: MK1
_JOYFUNCS			= 5DDA, G: MK1
_KEYS				= 5DC6, G: MK1
_KEYS_OLD			= 96E8, G: MK1
_KILLED_OLD			= 9385, G: MK1
_LEVEL				= 941F, G: MK1
_LEVELS				= 7481, G: MK1
_LEVEL_DATA			= 6121, G: MK1
_LEVEL_STR			= 5DEF, G: MK1
_LIFE_OLD			= 9429, G: MK1
_MAIN				= 8D46, G: MK1
_MAINCOUNTER			= 9468, G: MK1
_MAIN_SCRIPT_OFFSET		= 944F, G: MK1
_MALOTES			= 695D, G: MK1
_MAPA				= 6131, G: MK1
_MAP_ATTR			= 9387, G: MK1
_MAP_POINTER			= 936A, G: MK1
_MY_MALLOC			= 5DE0, G: MK1
_NEXT_SCRIPT			= 947E, G: MK1
_N_PANT				= 9445, G: MK1
_OBJS_OLD			= 9467, G: MK1
_ORIG_TILE			= 96FA, G: MK1
_O_PANT				= 9447, G: MK1
_PAD0				= 9443, G: MK1
_PLAYER_CALC_BOUNDING_BOX	= 806C, G: MK1
_PLAYER_CELLS			= 7D5D, G: MK1
_PLAYER_DEPLETE			= 86E3, G: MK1
_PLAYER_GRAVITY_ADD		= 80BE, L: MK1
_PLAYER_GRAVITY_DONE		= 80CA, L: MK1
_PLAYER_GRAVITY_MAXIMUM		= 80C4, L: MK1
_PLAYER_GRAVITY_P_GOTTEN_DONE	= 80D4, L: MK1
_PLAYER_GRAVITY_VY_SET		= 80C7, L: MK1
_PLAYER_INIT			= 8038, G: MK1
_PLAYER_KILL			= 8710, G: MK1
_PLAYER_MOVE			= 80AD, G: MK1
_PLAYER_ON			= 5DF3, G: MK1
_PLAYING			= 9454, G: MK1
_POSSEE				= 96F9, G: MK1
_PREGOTTEN			= 9381, G: MK1
_PREPARE_LEVEL			= 7CE4, G: MK1
_PRINT_NUMBER2			= 7669, G: MK1
_PRINT_STR			= 76CF, G: MK1
_PTGMX				= 9430, G: MK1
_PTGMY				= 9432, G: MK1
_PTX1				= 9469, G: MK1
_PTX2				= 946A, G: MK1
_PTY1				= 946B, G: MK1
_PTY2				= 946C, G: MK1
_P_AMMO				= 9440, G: MK1
_P_CONT_SALTO			= 9446, G: MK1
_P_CT_ESTADO			= 941E, G: MK1
_P_CURRENT_FRAME		= 942E, G: MK1
_P_DISPARANDO			= 9702, G: MK1
_P_ESTADO			= 943E, G: MK1
_P_FACING			= 937F, G: MK1
_P_FACING_H			= 96F4, G: MK1
_P_FACING_V			= 96F7, G: MK1
_P_FRAME			= 9380, G: MK1
_P_FUEL				= 944A, G: MK1
_P_GOTTEN			= 944C, G: MK1
_P_KEYS				= 9453, G: MK1
_P_KILLED			= 943F, G: MK1
_P_KILLME			= 9444, G: MK1
_P_KILL_AMT			= 9383, G: MK1
_P_LIFE				= 9448, G: MK1
_P_NEXT_FRAME			= 946E, G: MK1
_P_OBJS				= 944B, G: MK1
_P_SALTANDO			= 96F8, G: MK1
_P_SUBFRAME			= 947D, G: MK1
_P_TX				= 945C, G: MK1
_P_TY				= 945D, G: MK1
_P_VX				= 9461, G: MK1
_P_VY				= 9463, G: MK1
_P_X				= 9486, G: MK1
_P_Y				= 96E0, G: MK1
_QTILE				= 7539, G: MK1
_RAND				= 7C5E, G: MK1
_RDA				= 9483, G: MK1
_RDB				= 9484, G: MK1
_RDC				= 9485, G: MK1
_RDD				= 96E4, G: MK1
_RDN				= 96E5, G: MK1
_RDT				= 96E9, G: MK1
_RDX				= 96EA, G: MK1
_RDY				= 96EB, G: MK1
_READXY				= 7903, G: MK1
_READ_BYTE			= 78D0, G: MK1
_READ_TWO_BYTES_D_E		= 793C, G: MK1
_READ_VBYTE			= 78ED, G: MK1
_REDRAW_FROM_BUFFER		= 77B6, G: MK1
_RELOC_PLAYER			= 7920, G: MK1
_RESOURCES			= 5E11, G: MK1
_RUN_FIRE_SCRIPT		= 7E80, G: MK1
_RUN_SCRIPT			= 7953, G: MK1
_SCRIPT				= 5DF7, G: MK1
_SCRIPT_RESULT			= 5DF4, G: MK1
_SC_C				= 9455, G: MK1
_SC_CONTINUAR			= 5DF6, G: MK1
_SC_M				= 9457, G: MK1
_SC_N				= 9458, G: MK1
_SC_TERMINADO			= 5DF5, G: MK1
_SC_X				= 945B, G: MK1
_SC_Y				= 945E, G: MK1
_SEED				= 9459, G: MK1
_SELECT_JOYFUNC			= 7FF6, G: MK1
_SETRAMBANK			= 5DF9, G: MK1
_SHOW_TEXT_BOX			= 7806, G: MK1
_SILENT_LEVEL			= 5DF1, G: MK1
_SLEVEL				= 96F1, G: MK1
_SONG_PLAYING			= 5DF2, G: MK1
_SPACER				= 5DED, G: MK1
_SPRITES			= 6A11, G: MK1
_SPRITE_10_A			= 6F31, G: MK1
_SPRITE_10_B			= 6F61, G: MK1
_SPRITE_10_C			= 6F91, G: MK1
_SPRITE_11_A			= 6FC1, G: MK1
_SPRITE_11_B			= 6FF1, G: MK1
_SPRITE_11_C			= 7021, G: MK1
_SPRITE_12_A			= 7051, G: MK1
_SPRITE_12_B			= 7081, G: MK1
_SPRITE_12_C			= 70B1, G: MK1
_SPRITE_13_A			= 70E1, G: MK1
_SPRITE_13_B			= 7111, G: MK1
_SPRITE_13_C			= 7141, G: MK1
_SPRITE_14_A			= 7171, G: MK1
_SPRITE_14_B			= 71A1, G: MK1
_SPRITE_14_C			= 71D1, G: MK1
_SPRITE_15_A			= 7201, G: MK1
_SPRITE_15_B			= 7231, G: MK1
_SPRITE_15_C			= 7261, G: MK1
_SPRITE_16_A			= 7291, G: MK1
_SPRITE_16_B			= 72C1, G: MK1
_SPRITE_16_C			= 72F1, G: MK1
_SPRITE_17_A			= 7321, G: MK1
_SPRITE_18_A			= 73B1, G: MK1
_SPRITE_18_B			= 73E1, L: MK1
_SPRITE_18_C			= 7411, L: MK1
_SPRITE_19_A			= 7441, G: MK1
_SPRITE_1_A			= 6A21, G: MK1
_SPRITE_1_B			= 6A51, G: MK1
_SPRITE_1_C			= 6A81, G: MK1
_SPRITE_2_A			= 6AB1, G: MK1
_SPRITE_2_B			= 6AE1, G: MK1
_SPRITE_2_C			= 6B11, G: MK1
_SPRITE_3_A			= 6B41, G: MK1
_SPRITE_3_B			= 6B71, G: MK1
_SPRITE_3_C			= 6BA1, G: MK1
_SPRITE_4_A			= 6BD1, G: MK1
_SPRITE_4_B			= 6C01, G: MK1
_SPRITE_4_C			= 6C31, G: MK1
_SPRITE_5_A			= 6C61, G: MK1
_SPRITE_5_B			= 6C91, G: MK1
_SPRITE_5_C			= 6CC1, G: MK1
_SPRITE_6_A			= 6CF1, G: MK1
_SPRITE_6_B			= 6D21, G: MK1
_SPRITE_6_C			= 6D51, G: MK1
_SPRITE_7_A			= 6D81, G: MK1
_SPRITE_7_B			= 6DB1, G: MK1
_SPRITE_7_C			= 6DE1, G: MK1
_SPRITE_8_A			= 6E11, G: MK1
_SPRITE_8_B			= 6E41, G: MK1
_SPRITE_8_C			= 6E71, G: MK1
_SPRITE_9_A			= 6EA1, G: MK1
_SPRITE_9_B			= 6ED1, G: MK1
_SPRITE_9_C			= 6F01, G: MK1
_SP_MOVILES			= 9354, G: MK1
_SP_PLAYER			= 943B, G: MK1
_STEP				= 7C9E, G: MK1
_STOP_PLAYER			= 7916, G: MK1
_SUCCESS			= 96FE, G: MK1
_TEMP_STRING			= 774A, G: MK1
_TEXT0				= 7763, G: MK1
_TEXT1				= 779E, G: MK1
_TEXTS				= 77B2, G: MK1
_TILESET			= 625D, G: MK1
_TOCADO				= 96EF, G: MK1
_UPDATE_TILE			= 7638, G: MK1
_UTAUX				= 7637, G: MK1
_U_FREE				= 5DEB, G: MK1
_U_MALLOC			= 5DE9, G: MK1
_WALL_H				= 96EC, G: MK1
_WALL_V				= 96EE, G: MK1
_WARP_TO_LEVEL			= 943A, G: MK1
_WYZ_INIT			= 749E, G: MK1
_WYZ_PLAY_MUSIC			= 74BD, G: MK1
_WYZ_PLAY_SOUND			= 74AC, G: MK1
_WYZ_STOP_SOUND			= 74D9, G: MK1
_X0				= 9421, G: MK1
_X1				= 9423, G: MK1
_Y0				= 9422, G: MK1
_Y1				= 9424, G: MK1
_ZONE_CLEAR			= 7DF1, G: MK1
__BADDIES_POINTER		= 96F5, G: MK1
__EN_LIFE			= 9478, G: MK1
__EN_MX				= 9368, G: MK1
__EN_MY				= 9369, G: MK1
__EN_T				= 9351, G: MK1
__EN_X				= 9352, G: MK1
__EN_X1				= 935C, G: MK1
__EN_X2				= 935E, G: MK1
__EN_Y				= 9353, G: MK1
__EN_Y1				= 935D, G: MK1
__EN_Y2				= 935F, G: MK1
__GP_GEN			= 942A, G: MK1
__N				= 9425, G: MK1
__T				= 9426, G: MK1
__X				= 9427, G: MK1
__Y				= 9428, G: MK1


START				= 5DC0, L: ZX82_CRT0
_KEYS				= 5DC6, G: MK1
VPCLIPSTRUCT			= 5DD0, L: MK1
FSCLIPSTRUCT			= 5DD4, L: MK1
_JOYFUNC			= 5DD8, G: MK1
_JOYFUNCS			= 5DDA, G: MK1
_MY_MALLOC			= 5DE0, G: MK1
_U_MALLOC			= 5DE9, G: MK1
_U_FREE				= 5DEB, G: MK1
_SPACER				= 5DED, G: MK1
_LEVEL_STR			= 5DEF, G: MK1
_SILENT_LEVEL			= 5DF1, G: MK1
_SONG_PLAYING			= 5DF2, G: MK1
_PLAYER_ON			= 5DF3, G: MK1
_SCRIPT_RESULT			= 5DF4, G: MK1
_SC_TERMINADO			= 5DF5, G: MK1
_SC_CONTINUAR			= 5DF6, G: MK1
_SCRIPT				= 5DF7, G: MK1
_SETRAMBANK			= 5DF9, G: MK1
SETRAMBANK			= 5DF9, L: MK1
RESTISR				= 5E04, L: MK1
KEEPGOING			= 5E08, L: MK1
_RESOURCES			= 5E11, G: MK1
DEPACK				= 5E20, L: MK1
APBRANCH1			= 5E23, L: MK1
APLOOP0				= 5E25, L: MK1
APLOOP				= 5E28, L: MK1
APGET4BITS			= 5E3B, L: MK1
APWRITEBYTE			= 5E45, L: MK1
APBRANCH4			= 5E49, L: MK1
APBRANCH3			= 5E52, L: MK1
APBRANCH2			= 5E66, L: MK1
APSKIP2				= 5E85, L: MK1
APSKIP3				= 5E8E, L: MK1
AP_FINISHUP			= 5E91, L: MK1
AP_FINISHUP2			= 5E94, L: MK1
AP_R0_GAMMA			= 5E9B, L: MK1
AP_GETBIT			= 5EA7, L: MK1
AP_GETGAMMA			= 5EB3, L: MK1
AP_GETGAMMALOOP			= 5EB6, L: MK1
_GET_RESOURCE			= 5EC3, G: MK1
_BLACKOUT			= 5F13, G: MK1
_FONT				= 5F21, G: MK1
_LEVEL_DATA			= 6121, G: MK1
_MAPA				= 6131, G: MK1
_TILESET			= 625D, G: MK1
_MALOTES			= 695D, G: MK1
_HOTSPOTS			= 69D5, G: MK1
_BEHS				= 69E1, G: MK1
_SPRITES			= 6A11, G: MK1
_SPRITE_1_A			= 6A21, G: MK1
_SPRITE_1_B			= 6A51, G: MK1
_SPRITE_1_C			= 6A81, G: MK1
_SPRITE_2_A			= 6AB1, G: MK1
_SPRITE_2_B			= 6AE1, G: MK1
_SPRITE_2_C			= 6B11, G: MK1
_SPRITE_3_A			= 6B41, G: MK1
_SPRITE_3_B			= 6B71, G: MK1
_SPRITE_3_C			= 6BA1, G: MK1
_SPRITE_4_A			= 6BD1, G: MK1
_SPRITE_4_B			= 6C01, G: MK1
_SPRITE_4_C			= 6C31, G: MK1
_SPRITE_5_A			= 6C61, G: MK1
_SPRITE_5_B			= 6C91, G: MK1
_SPRITE_5_C			= 6CC1, G: MK1
_SPRITE_6_A			= 6CF1, G: MK1
_SPRITE_6_B			= 6D21, G: MK1
_SPRITE_6_C			= 6D51, G: MK1
_SPRITE_7_A			= 6D81, G: MK1
_SPRITE_7_B			= 6DB1, G: MK1
_SPRITE_7_C			= 6DE1, G: MK1
_SPRITE_8_A			= 6E11, G: MK1
_SPRITE_8_B			= 6E41, G: MK1
_SPRITE_8_C			= 6E71, G: MK1
_SPRITE_9_A			= 6EA1, G: MK1
_SPRITE_9_B			= 6ED1, G: MK1
_SPRITE_9_C			= 6F01, G: MK1
_SPRITE_10_A			= 6F31, G: MK1
_SPRITE_10_B			= 6F61, G: MK1
_SPRITE_10_C			= 6F91, G: MK1
_SPRITE_11_A			= 6FC1, G: MK1
_SPRITE_11_B			= 6FF1, G: MK1
_SPRITE_11_C			= 7021, G: MK1
_SPRITE_12_A			= 7051, G: MK1
_SPRITE_12_B			= 7081, G: MK1
_SPRITE_12_C			= 70B1, G: MK1
_SPRITE_13_A			= 70E1, G: MK1
_SPRITE_13_B			= 7111, G: MK1
_SPRITE_13_C			= 7141, G: MK1
_SPRITE_14_A			= 7171, G: MK1
_SPRITE_14_B			= 71A1, G: MK1
_SPRITE_14_C			= 71D1, G: MK1
_SPRITE_15_A			= 7201, G: MK1
_SPRITE_15_B			= 7231, G: MK1
_SPRITE_15_C			= 7261, G: MK1
_SPRITE_16_A			= 7291, G: MK1
_SPRITE_16_B			= 72C1, G: MK1
_SPRITE_16_C			= 72F1, G: MK1
_SPRITE_17_A			= 7321, G: MK1
_SPRITE_18_A			= 73B1, G: MK1
_SPRITE_18_B			= 73E1, L: MK1
_SPRITE_18_C			= 7411, L: MK1
_SPRITE_19_A			= 7441, G: MK1
_LEVELS				= 7481, G: MK1
_ISR				= 748B, G: MK1
_WYZ_INIT			= 749E, G: MK1
_WYZ_PLAY_SOUND			= 74AC, G: MK1
_WYZ_PLAY_MUSIC			= 74BD, G: MK1
_WYZ_STOP_SOUND			= 74D9, G: MK1
_ATTR				= 74E9, G: MK1
I_19				= 7509, L: MK1
I_18				= 750D, L: MK1
_QTILE				= 7539, G: MK1
_DRAW_COLOURED_TILE		= 7565, G: MK1
_INVALIDATE_TILE		= 75AB, G: MK1
_INVALIDATE_VIEWPORT		= 75BF, G: MK1
_DRAW_INVALIDATE_COLOURED_TILE_G= 75CF, G: MK1
_DRAW_COLOURED_TILE_GAMEAREA	= 75D6, G: MK1
_DRAW_DECORATIONS		= 7604, G: MK1
_DRAW_DECORATIONS_LOOP		= 7607, L: MK1
_UTAUX				= 7637, G: MK1
_UPDATE_TILE			= 7638, G: MK1
_PRINT_NUMBER2			= 7669, G: MK1
_DRAW_OBJS			= 76B8, G: MK1
_PRINT_STR			= 76CF, G: MK1
PRINT_STR_LOOP			= 76D2, L: MK1
PRINT_STR_NO_INC_A		= 76E6, L: MK1
_BLACKOUT_AREA			= 76F4, G: MK1
BAL1				= 76F9, L: MK1
_CLEAR_SPRITES			= 770A, G: MK1
HIDE_SPRITES_ENEMS_LOOP		= 771F, L: MK1
_TEMP_STRING			= 774A, G: MK1
_TEXT0				= 7763, G: MK1
_TEXT1				= 779E, G: MK1
_TEXTS				= 77B2, G: MK1
_REDRAW_FROM_BUFFER		= 77B6, G: MK1
REDRAW_FROM_BUFFER_LOOP		= 77C1, L: MK1
REDRAW_FROM_BUFFER_SET_X	= 77EB, L: MK1
_CLEAR_TEMP_STRING		= 77F7, G: MK1
_SHOW_TEXT_BOX			= 7806, G: MK1
I_26				= 7839, L: MK1
FILL_BUFFER_LOOP		= 783F, L: MK1
FILL_BUFFER_END			= 784C, L: MK1
TEXTBOX_DELAY			= 789E, L: MK1
I_28				= 78AC, L: MK1
I_27				= 78B7, L: MK1
_DO_EXTERN_ACTION		= 78C3, G: MK1
_READ_BYTE			= 78D0, G: MK1
_READ_VBYTE			= 78ED, G: MK1
_READXY				= 7903, G: MK1
_STOP_PLAYER			= 7916, G: MK1
_RELOC_PLAYER			= 7920, G: MK1
_READ_TWO_BYTES_D_E		= 793C, G: MK1
_RUN_SCRIPT			= 7953, G: MK1
I_29				= 798A, L: MK1
I_30				= 7995, L: MK1
I_32				= 79C2, L: MK1
I_36				= 79D0, L: MK1
I_37				= 79E8, L: MK1
_FLAG_EQUAL_VAL_OK		= 79FB, L: MK1
I_38				= 79FE, L: MK1
I_39				= 7A7E, L: MK1
I_40				= 7A81, L: MK1
I_41				= 7A8F, L: MK1
I_42				= 7A92, L: MK1
I_35				= 7A9E, L: MK1
I_33				= 7AA1, L: MK1
I_44				= 7AAF, L: MK1
I_48				= 7ABD, L: MK1
I_49				= 7ADF, L: MK1
I_50				= 7B1C, L: MK1
I_51				= 7B4E, L: MK1
I_52				= 7B5B, L: MK1
I_53				= 7B76, L: MK1
I_54				= 7B7E, L: MK1
I_55				= 7B81, L: MK1
I_56				= 7B8C, L: MK1
I_47				= 7B93, L: MK1
I_45				= 7B96, L: MK1
I_43				= 7B96, L: MK1
I_31				= 7B9F, L: MK1
_COLLIDE			= 7BA0, G: MK1
I_57				= 7BFB, L: MK1
I_58				= 7BFE, L: MK1
_CM_TWO_POINTS			= 7C01, G: MK1
_CM_TWO_POINTS_AT1_RESET	= 7C0F, L: MK1
_CM_TWO_POINTS_AT1_DO		= 7C12, L: MK1
_CM_TWO_POINTS_AT1_DONE		= 7C2C, L: MK1
_CM_TWO_POINTS_AT2_RESET	= 7C3D, L: MK1
_CM_TWO_POINTS_AT2_DO		= 7C40, L: MK1
_CM_TWO_POINTS_AT2_DONE		= 7C5A, L: MK1
_RAND				= 7C5E, G: MK1
RAND16				= 7C5E, L: MK1
NEXTRAND			= 7C7A, L: MK1
_ABS				= 7C87, G: MK1
I_59				= 7C98, L: MK1
I_60				= 7C9D, L: MK1
_STEP				= 7C9E, G: MK1
_CORTINA			= 7CB0, G: MK1
CLEARB1				= 7CB5, L: MK1
CLEARB2				= 7CB8, L: MK1
REPITATODO			= 7CC4, L: MK1
BUCLE				= 7CCA, L: MK1
BUCLE1				= 7CCD, L: MK1
BUCLE2				= 7CD5, L: MK1
_PREPARE_LEVEL			= 7CE4, G: MK1
I_61				= 7D47, L: MK1
_PLAYER_CELLS			= 7D5D, G: MK1
_ENEM_CELLS			= 7D71, G: MK1
_GAME_ENDING			= 7D81, G: MK1
_GAME_OVER			= 7D9D, G: MK1
_ZONE_CLEAR			= 7DF1, G: MK1
_ADDSIGN			= 7E4A, G: MK1
I_64				= 7E5B, L: MK1
I_65				= 7E63, L: MK1
_ESPERA_ACTIVA			= 7E64, G: MK1
I_66				= 7E64, L: MK1
I_67				= 7E6C, L: MK1
I_70				= 7E6C, L: MK1
I_71				= 7E75, L: MK1
I_68				= 7E75, L: MK1
I_69				= 7E7F, L: MK1
_RUN_FIRE_SCRIPT		= 7E80, G: MK1
_DRAW_SCR_BACKGROUND		= 7E9A, G: MK1
I_72				= 7ECA, L: MK1
I_74				= 7ED4, L: MK1
_DRAW_SCR_PACKED_NEW		= 7EEA, L: MK1
_DRAW_SCR_PACKED_EXISTING	= 7EFF, L: MK1
_DRAW_SCR_PACKED_DONE		= 7F04, L: MK1
_DRAW_SCR_PACKED_ALT		= 7F20, L: MK1
_DRAW_SCR_PACKED_ALT_SUBST	= 7F2F, L: MK1
_DRAW_SCR_PACKED_NOALT		= 7F34, L: MK1
_ADVANCE_WORM_NO_INC_Y		= 7F4F, L: MK1
I_73				= 7F55, L: MK1
_DRAW_SCR_HOTSPOTS_LOCKS	= 7F56, G: MK1
_HOTSPOTS_SETUP_DO		= 7F88, L: MK1
_HOTSPOTS_SETUP_SET_REFILL	= 7FB9, L: MK1
_HOTSPOTS_SETUP_SET		= 7FBA, L: MK1
_HOTSPOTS_SETUP_DONE		= 7FC2, L: MK1
_DRAW_SCR			= 7FC3, G: MK1
_SELECT_JOYFUNC			= 7FF6, G: MK1
I_75				= 7FF6, L: MK1
I_78_UGE			= 8006, L: MK1
I_78				= 800F, L: MK1
I_79_I_78			= 8012, L: MK1
I_77				= 802B, L: MK1
I_76				= 802E, L: MK1
_PLAYER_INIT			= 8038, G: MK1
_PLAYER_CALC_BOUNDING_BOX	= 806C, G: MK1
_PLAYER_MOVE			= 80AD, G: MK1
_PLAYER_GRAVITY_ADD		= 80BE, L: MK1
_PLAYER_GRAVITY_MAXIMUM		= 80C4, L: MK1
_PLAYER_GRAVITY_VY_SET		= 80C7, L: MK1
_PLAYER_GRAVITY_DONE		= 80CA, L: MK1
_PLAYER_GRAVITY_P_GOTTEN_DONE	= 80D4, L: MK1
I_80				= 80F1, L: MK1
I_81				= 80FF, L: MK1
I_82				= 8112, L: MK1
I_85				= 816C, L: MK1
I_84				= 8193, L: MK1
I_83				= 8193, L: MK1
I_91				= 81F1, L: MK1
I_90				= 81F6, L: MK1
I_93				= 81F9, L: MK1
I_89				= 8200, L: MK1
I_94				= 8203, L: MK1
I_87				= 822B, L: MK1
I_88				= 822B, L: MK1
I_96				= 8248, L: MK1
I_97				= 824B, L: MK1
I_95				= 8251, L: MK1
I_98				= 82B5, L: MK1
I_100				= 82D0, L: MK1
I_101				= 82D3, L: MK1
I_105				= 8317, L: MK1
I_104				= 8327, L: MK1
I_103				= 832A, L: MK1
I_108				= 8358, L: MK1
I_107				= 836E, L: MK1
I_109				= 836E, L: MK1
I_102				= 8371, L: MK1
I_110				= 8378, L: MK1
I_112				= 83A9, L: MK1
I_113				= 83AC, L: MK1
I_115				= 83D3, L: MK1
I_114				= 83D6, L: MK1
I_117				= 83F7, L: MK1
I_118				= 83F7, L: MK1
I_116				= 83F7, L: MK1
I_111				= 83FE, L: MK1
I_119				= 8423, L: MK1
I_120				= 8423, L: MK1
I_121				= 844A, L: MK1
I_122				= 844A, L: MK1
I_123				= 8468, L: MK1
I_124				= 847B, L: MK1
I_127				= 84DE, L: MK1
I_126				= 850F, L: MK1
I_130				= 8524, L: MK1
I_131				= 8527, L: MK1
I_129				= 852D, L: MK1
I_125				= 852D, L: MK1
I_134				= 8562, L: MK1
I_133				= 8592, L: MK1
I_137				= 85A7, L: MK1
I_138				= 85AA, L: MK1
I_132				= 85B0, L: MK1
I_136				= 85B0, L: MK1
I_139				= 8605, L: MK1
I_140				= 862C, L: MK1
I_141				= 864B, L: MK1
I_142				= 864B, L: MK1
I_143				= 8659, L: MK1
I_145				= 866E, L: MK1
I_146_I_145			= 8671, L: MK1
I_144				= 868A, L: MK1
I_148				= 86AD, L: MK1
I_149				= 86C9, L: MK1
I_147				= 86E2, L: MK1
_PLAYER_DEPLETE			= 86E3, G: MK1
I_150				= 8706, L: MK1
I_151				= 8709, L: MK1
_PLAYER_KILL			= 8710, G: MK1
_ENEMS_DRAW_CURRENT		= 8725, G: MK1
_ENEMS_LOAD			= 87B7, G: MK1
I_152				= 87D0, L: MK1
I_154				= 87DA, L: MK1
I_157				= 8847, L: MK1
I_158				= 885F, L: MK1
I_160				= 885F, L: MK1
I_161				= 885F, L: MK1
I_159				= 885F, L: MK1
I_156				= 8886, L: MK1
I_153				= 8889, L: MK1
_ENEMS_KILL			= 888A, G: MK1
I_162				= 88AF, L: MK1
_ENEMS_MOVE			= 88C2, G: MK1
I_163				= 88E1, L: MK1
I_165				= 88E6, L: MK1
I_166				= 8994, L: MK1
I_167				= 8994, L: MK1
I_168				= 89C4, L: MK1
I_169				= 89C7, L: MK1
I_172				= 89D2, L: MK1
I_175				= 89EA, L: MK1
I_176				= 89EA, L: MK1
I_173				= 89EA, L: MK1
I_174				= 89EA, L: MK1
_ENEMS_LM_CHANGE_AXIS_X		= 8A07, L: MK1
_ENEMS_LM_CHANGE_AXIS_X_DONE	= 8A0F, L: MK1
_ENEMS_LM_CHANGE_AXIS_Y		= 8A27, L: MK1
_ENEMS_LM_CHANGE_AXIS_Y_DONE	= 8A2F, L: MK1
I_171				= 8A2F, L: MK1
_ENEMS_MOVE_UPDATE_FRAME_DONE	= 8A80, L: MK1
I_178				= 8A80, L: MK1
I_183				= 8ACB, L: MK1
I_184_I_183			= 8ACE, L: MK1
I_182				= 8AFC, L: MK1
I_181				= 8AFC, L: MK1
I_186				= 8B36, L: MK1
I_187				= 8B38, L: MK1
I_186_I_187			= 8B3D, L: MK1
I_189				= 8B85, L: MK1
I_190				= 8B88, L: MK1
I_188				= 8B8F, L: MK1
I_191				= 8B92, L: MK1
I_185				= 8BC5, L: MK1
I_180				= 8BC5, L: MK1
I_179				= 8BC8, L: MK1
I_194				= 8BF4, L: MK1
I_195_I_194			= 8BF7, L: MK1
I_192				= 8C27, L: MK1
I_196				= 8C27, L: MK1
I_193				= 8C27, L: MK1
I_177				= 8C27, L: MK1
I_164				= 8C5A, L: MK1
_HOTSPOTS_DO			= 8C5B, G: MK1
I_197				= 8C75, L: MK1
I_201				= 8CA7, L: MK1
I_202				= 8CB5, L: MK1
I_203				= 8CD2, L: MK1
I_204				= 8CF0, L: MK1
I_200				= 8CF6, L: MK1
I_205				= 8D45, L: MK1
I_198				= 8D45, L: MK1
_MAIN				= 8D46, G: MK1
I_208				= 8DA1, L: MK1
I_209				= 8DCD, L: MK1
I_206				= 8DCD, L: MK1
I_207				= 8DD7, L: MK1
I_210				= 8E16, L: MK1
I_212				= 8E1B, L: MK1
I_213				= 8EA3, L: MK1
I_211				= 8EA3, L: MK1
I_215				= 8EE6, L: MK1
I_217				= 8F30, L: MK1
_GAME_LOOP_INIT			= 8F52, L: MK1
I_218				= 8FBF, L: MK1
_GAME_LOOP_DO			= 8FC9, L: MK1
I_220				= 8FDF, L: MK1
I_221				= 9003, L: MK1
I_222				= 9020, L: MK1
I_223				= 9050, L: MK1
I_225				= 9089, L: MK1
I_226				= 9090, L: MK1
I_224				= 9090, L: MK1
I_228				= 90AB, L: MK1
I_230				= 90B0, L: MK1
I_229				= 90D3, L: MK1
I_232				= 90F1, L: MK1
I_231				= 912F, L: MK1
I_234				= 914C, L: MK1
I_227				= 9155, L: MK1
I_235				= 9169, L: MK1
I_238				= 9185, L: MK1
I_239_I_238			= 9188, L: MK1
I_237				= 919D, L: MK1
I_241				= 91B1, L: MK1
I_242_I_241			= 91B4, L: MK1
I_240				= 91CA, L: MK1
I_244				= 91EF, L: MK1
I_245_I_244			= 91F2, L: MK1
I_243				= 9212, L: MK1
I_247				= 9226, L: MK1
I_248_I_247			= 9229, L: MK1
I_250				= 9277, L: MK1
I_246				= 9277, L: MK1
I_249				= 9277, L: MK1
I_236				= 9277, L: MK1
I_252				= 929E, L: MK1
I_251				= 92AA, L: MK1
I_255				= 92BA, L: MK1
I_254				= 92C1, L: MK1
I_219				= 92C4, L: MK1
I_258				= 92DE, L: MK1
I_259				= 92EB, L: MK1
I_261				= 9302, L: MK1
I_260				= 9308, L: MK1
I_257				= 930B, L: MK1
I_263				= 9314, L: MK1
I_216				= 931A, L: MK1
I_214				= 9320, L: MK1
I_1				= 9321, L: MK1
__EN_T				= 9351, G: MK1
__EN_X				= 9352, G: MK1
__EN_Y				= 9353, G: MK1
_SP_MOVILES			= 9354, G: MK1
_GPEN_CX			= 935A, G: MK1
_GPEN_CY			= 935B, G: MK1
__EN_X1				= 935C, G: MK1
__EN_Y1				= 935D, G: MK1
__EN_X2				= 935E, G: MK1
__EN_Y2				= 935F, G: MK1
_GP_TEXT			= 9360, G: MK1
_EN_AN_BASE_FRAME		= 9362, G: MK1
_HOTSPOT_X			= 9365, G: MK1
_HOTSPOT_Y			= 9366, G: MK1
_HALF_LIFE			= 9367, G: MK1
__EN_MX				= 9368, G: MK1
__EN_MY				= 9369, G: MK1
_MAP_POINTER			= 936A, G: MK1
_EN_AN_STATE			= 936C, G: MK1
_FLAGS				= 936F, G: MK1
_P_FACING			= 937F, G: MK1
_P_FRAME			= 9380, G: MK1
_PREGOTTEN			= 9381, G: MK1
_HIT_H				= 9382, G: MK1
_P_KILL_AMT			= 9383, G: MK1
_HIT_V				= 9384, G: MK1
_KILLED_OLD			= 9385, G: MK1
_GPAUX				= 9386, G: MK1
_MAP_ATTR			= 9387, G: MK1
_ACTIVE				= 941D, G: MK1
_P_CT_ESTADO			= 941E, G: MK1
_LEVEL				= 941F, G: MK1
_HOTSPOT_DESTROY		= 9420, G: MK1
_X0				= 9421, G: MK1
_Y0				= 9422, G: MK1
_X1				= 9423, G: MK1
_Y1				= 9424, G: MK1
__N				= 9425, G: MK1
__T				= 9426, G: MK1
__X				= 9427, G: MK1
__Y				= 9428, G: MK1
_LIFE_OLD			= 9429, G: MK1
__GP_GEN			= 942A, G: MK1
_GEN_PT				= 942C, G: MK1
_P_CURRENT_FRAME		= 942E, G: MK1
_PTGMX				= 9430, G: MK1
_PTGMY				= 9432, G: MK1
_EN_AN_CURRENT_FRAME		= 9434, G: MK1
_WARP_TO_LEVEL			= 943A, G: MK1
_SP_PLAYER			= 943B, G: MK1
_ENOFFS				= 943D, G: MK1
_P_ESTADO			= 943E, G: MK1
_P_KILLED			= 943F, G: MK1
_P_AMMO				= 9440, G: MK1
_GPEN_X				= 9441, G: MK1
_GPEN_Y				= 9442, G: MK1
_PAD0				= 9443, G: MK1
_P_KILLME			= 9444, G: MK1
_N_PANT				= 9445, G: MK1
_P_CONT_SALTO			= 9446, G: MK1
_O_PANT				= 9447, G: MK1
_P_LIFE				= 9448, G: MK1
_ENIT				= 9449, G: MK1
_P_FUEL				= 944A, G: MK1
_P_OBJS				= 944B, G: MK1
_P_GOTTEN			= 944C, G: MK1
_GPCX				= 944D, G: MK1
_GPCY				= 944E, G: MK1
_MAIN_SCRIPT_OFFSET		= 944F, G: MK1
_GPIT				= 9451, G: MK1
_GPJT				= 9452, G: MK1
_P_KEYS				= 9453, G: MK1
_PLAYING			= 9454, G: MK1
_SC_C				= 9455, G: MK1
_GPOX				= 9456, G: MK1
_SC_M				= 9457, G: MK1
_SC_N				= 9458, G: MK1
_SEED				= 9459, G: MK1
_SC_X				= 945B, G: MK1
_P_TX				= 945C, G: MK1
_P_TY				= 945D, G: MK1
_SC_Y				= 945E, G: MK1
_ASM_INT_2			= 945F, G: MK1
_P_VX				= 9461, G: MK1
_P_VY				= 9463, G: MK1
_GPXX				= 9465, G: MK1
_GPYY				= 9466, G: MK1
_OBJS_OLD			= 9467, G: MK1
_MAINCOUNTER			= 9468, G: MK1
_PTX1				= 9469, G: MK1
_PTX2				= 946A, G: MK1
_PTY1				= 946B, G: MK1
_PTY2				= 946C, G: MK1
_ASM_NUMBER			= 946D, G: MK1
_P_NEXT_FRAME			= 946E, G: MK1
_EN_AN_NEXT_FRAME		= 9470, G: MK1
_AT1				= 9476, G: MK1
_AT2				= 9477, G: MK1
__EN_LIFE			= 9478, G: MK1
_CX1				= 9479, G: MK1
_CY1				= 947A, G: MK1
_CX2				= 947B, G: MK1
_CY2				= 947C, G: MK1
_P_SUBFRAME			= 947D, G: MK1
_NEXT_SCRIPT			= 947E, G: MK1
_GPC				= 9480, G: MK1
_GPD				= 9481, G: MK1
_HIT				= 9482, G: MK1
_RDA				= 9483, G: MK1
_RDB				= 9484, G: MK1
_RDC				= 9485, G: MK1
_P_X				= 9486, G: MK1
_AD_FREE			= 9488, G: MK1
_P_Y				= 96E0, G: MK1
_GPX				= 96E2, G: MK1
_GPY				= 96E3, G: MK1
_RDD				= 96E4, G: MK1
_RDN				= 96E5, G: MK1
_ITJ				= 96E6, G: MK1
_KEYS_OLD			= 96E8, G: MK1
_RDT				= 96E9, G: MK1
_RDX				= 96EA, G: MK1
_RDY				= 96EB, G: MK1
_WALL_H				= 96EC, G: MK1
_ENOFFSMASI			= 96ED, G: MK1
_WALL_V				= 96EE, G: MK1
_TOCADO				= 96EF, G: MK1
_IS_RENDERING			= 96F0, G: MK1
_SLEVEL				= 96F1, G: MK1
_ASM_INT			= 96F2, G: MK1
_P_FACING_H			= 96F4, G: MK1
__BADDIES_POINTER		= 96F5, G: MK1
_P_FACING_V			= 96F7, G: MK1
_P_SALTANDO			= 96F8, G: MK1
_POSSEE				= 96F9, G: MK1
_ORIG_TILE			= 96FA, G: MK1
_EN_AN_FRAME			= 96FB, G: MK1
_SUCCESS			= 96FE, G: MK1
_EN_AN_COUNT			= 96FF, G: MK1
_P_DISPARANDO			= 9702, G: MK1
L_AND				= 9703, G: L_AND
L_ASL				= 970A, G: L_ASL
L_ASL1				= 970B, L: L_ASL
L_ASR				= 9711, G: L_ASR
L_ASR1				= 9712, L: L_ASR
L_ASR_U				= 971B, G: L_ASR_U
L_ASR_U_1			= 971C, L: L_ASR_U
L_DIV_U				= 9725, G: L_DIV_U
ENTRY				= 9729, L: L_DIV_U
L_DIV1				= 9730, L: L_DIV_U
L_DIV2				= 973A, L: L_DIV_U
L_EQ				= 9744, G: L_EQ
L_GCHAR				= 974B, G: L_GCHAR
L_SXT				= 974C, L: L_GCHAR
L_GINT				= 9751, G: L_GINT
L_GT				= 9756, G: L_GT
L_LNEG				= 9762, G: L_LNEG
L_LT				= 9767, G: L_LT
L_MULT				= 9773, G: L_MULT
L_MULT1				= 977A, L: L_MULT
L_MULT2				= 9781, L: L_MULT
L_NE				= 9784, G: L_NE
L_NEG				= 978B, G: L_NEG
L_OR				= 9793, G: L_OR
L_PINT				= 979A, G: L_PINT
L_SXT				= 97A0, G: L_SXT
L_UGE				= 97A5, G: L_UGE
L_UGT				= 97AD, G: L_UGT
L_ULE				= 97B3, G: L_ULE
L_ULT				= 97BB, G: L_ULT
SPCOMPDLISTADDR			= 97C1, G: SPCOMPDLISTADDR
SPDISPLAYLIST			= 97D2, G: SPDISPLAYLIST
SPINVALIDATE			= A3D2, G: SPINVALIDATE
SPINVALIDATEP			= A3DA, G: SPINVALIDATE
NOINC1				= A3F3, L: SPINVALIDATE
INVCOLLP			= A3F7, L: SPINVALIDATE
NOINC2				= A406, L: SPINVALIDATE
INVFULLCHAR			= A40A, L: SPINVALIDATE
INVROWLP			= A40C, L: SPINVALIDATE
NOINC3				= A417, L: SPINVALIDATE
SPBITLEFT2MASK			= A425, G: SPBITLEFT2MASK
SPBITRIGHT2MASK			= A42D, G: SPBITRIGHT2MASK
SPCOMPDIRTYADDR			= A435, G: SPCOMPDIRTYADDR
SPDIRTYCHARS			= A44A, G: SPDIRTYCHARS
SPINTRECT			= A4AA, G: SPINTRECT
SPINTSMALLIVAL			= A4DB, G: SPINTRECT
TRYOTHERWAY			= A4EF, L: SPINTRECT
SPPTINSMALLIVAL			= A500, G: SPINTRECT
BROKEN				= A50C, L: SPINTRECT
SPMOVESPRABS			= A515, G: SPMOVESPRABS
SPMOVESPRABSNC			= A523, G: SPMOVESPRABS
ADJLOOP				= A52E, L: SPMOVESPRABS
SPMOVESPRABSC			= A53C, G: SPMOVESPRABS
YINSCREEN			= A554, L: SPMOVESPRABS
XINSCREEN			= A564, L: SPMOVESPRABS
MVCOLLOOP			= A57B, L: SPMOVESPRABS
MVROWLOOP			= A581, L: SPMOVESPRABS
NOTDONE				= A58B, L: SPMOVESPRABS
NOINC1				= A5A3, L: SPMOVESPRABS
NOTINDLIST			= A5B7, L: SPMOVESPRABS
NONEXT1				= A5B7, L: SPMOVESPRABS
PDLOOP				= A5D4, L: SPMOVESPRABS
NOINC2				= A5DC, L: SPMOVESPRABS
PUTHERE				= A5EE, L: SPMOVESPRABS
NOINC3				= A5FD, L: SPMOVESPRABS
NODEC1				= A60B, L: SPMOVESPRABS
NOINC4				= A617, L: SPMOVESPRABS
NONEXT2				= A624, L: SPMOVESPRABS
NOTDISPLAYED			= A624, L: SPMOVESPRABS
INVALIDATE			= A63F, L: SPMOVESPRABS
COMPUTEDISP			= A64E, L: SPMOVESPRABS
NOTNEGATIVE			= A66C, L: SPMOVESPRABS
ADJUSTGRAPHICS			= A671, L: SPMOVESPRABS
NOINC5				= A67D, L: SPMOVESPRABS
SKIP1				= A68D, L: SPMOVESPRABS
SKIP2				= A69D, L: SPMOVESPRABS
SPNULLSPRPTR			= A6A0, G: SPNULLSPRPTR
SPPRINTATINV			= A6B0, G: SPPRINTATINV
SPBIT2MASK			= A6C8, G: SPBIT2MASK
SPTBLLOOKUP			= A6D0, G: SPTBLLOOKUP
NOINC				= A6D6, L: SPTBLLOOKUP
SP_ADDCOLSPR			= A6D8, G: SP_ADDCOLSPR
SPADDCOLSPR			= A6F3, G: SPADDCOLSPR
ACNOCRY				= A6FE, L: SPADDCOLSPR
ACLOOP				= A70F, L: SPADDCOLSPR
NOINC1				= A74B, L: SPADDCOLSPR
ACNOCRY3			= A75F, L: SPADDCOLSPR
ACFAIL				= A789, L: SPADDCOLSPR
JPHL				= A79A, L: SPADDCOLSPR
SPDELETESPR			= A79B, G: SPDELETESPR
LOOP				= A79F, L: SPDELETESPR
SPDSLOOP			= A7AC, G: SPDELETESPR
JPHL				= A7B4, L: SPDELETESPR
SP_ADDMEMORY			= A7B5, G: SP_ADDMEMORY
SPADDMEMORY			= A7CE, G: SPADDMEMORY
IB1				= A7D6, L: SPADDMEMORY
IB2				= A7DD, L: SPADDMEMORY
SPFREEBLOCK			= A7EA, G: SPFREEBLOCK
SPFB1				= A7EF, G: SPFREEBLOCK
SPFB2				= A7FA, G: SPFREEBLOCK
SPQUEUETABLE			= A805, G: SPQUEUETABLE
SP_BLOCKALLOC			= A807, G: SP_BLOCKALLOC
SPBLOCKALLOC			= A815, G: SPBLOCKALLOC
SPALLOC				= A81F, G: SPBLOCKALLOC
SP_BORDER			= A830, G: SP_BORDER
SPBORDERCLR			= A839, G: SPBORDER
SPBORDER			= A83A, G: SPBORDER
SP_CREATEGENERICISR		= A842, G: SP_CREATEGENERICISR
SPCREATEGENERICISR		= A84B, G: SPCREATEGENERICISR
GENERICISR			= A854, L: SPCREATEGENERICISR
POSITION			= A857, L: SPCREATEGENERICISR
PUSHREG				= A860, L: SPCREATEGENERICISR
JPHL				= A86F, L: SPCREATEGENERICISR
RUNHOOKS			= A870, L: SPCREATEGENERICISR
POPREG				= A882, L: SPCREATEGENERICISR
SP_CREATESPR			= A893, G: SP_CREATESPR
SPCREATESPR			= A8AB, G: SPCREATESPR
CSLOOP				= A8F6, L: SPCREATESPR
CSENTER				= A90A, L: SPCREATESPR
NOTCOMPRESS			= A91C, L: SPCREATESPR
CONT				= A921, L: SPCREATESPR
CSNOCRY				= A935, L: SPCREATESPR
CSFAIL1				= A93F, L: SPCREATESPR
CSFAIL2				= A941, L: SPCREATESPR
JPHL				= A94A, L: SPCREATESPR
SP_FREEBLOCK			= A94B, G: SP_FREEBLOCK
SP_GETKEY			= A956, G: SP_GETKEY
KEYOK				= A95C, L: SP_GETKEY
STATE				= A961, L: SPGETKEY
COUNT				= A962, L: SPGETKEY
SPKEYDEBOUNCE			= A963, G: SPGETKEY
SPKEYSTARTREPEAT		= A964, G: SPGETKEY
SPKEYREPEATPERIOD		= A965, G: SPGETKEY
SPINKEY				= A966, G: SPGETKEY
SPGETKEY			= A977, G: SPGETKEY
SCANLOOP			= A97E, L: SPGETKEY
KEYROWLOOP			= A982, L: SPGETKEY
NOPRESS				= A992, L: SPGETKEY
NEXTSCANROW			= A997, L: SPGETKEY
ATMAXCOUNT			= A9A8, L: SPGETKEY
SKIP				= A9BF, L: SPGETKEY
NOCAPS				= A9D5, L: SPGETKEY
NOSYM				= A9E0, L: SPGETKEY
TOOMANYKEYS			= A9E3, L: SPGETKEY
NOKEYS				= A9E3, L: SPGETKEY
SPKEYTRANSTBL			= A9EB, G: SPKEYTRANSTBL
SP_INITIALIZE			= AA8B, G: SP_INITIALIZE
SPINITIALIZE			= AA97, G: SPINITIALIZE
ROTTBLLP			= AABD, L: SPINITIALIZE
ENTRYLP				= AAC4, L: SPINITIALIZE
ROTLP				= AAC7, L: SPINITIALIZE
LOOP				= AAE0, L: SPINITIALIZE
CONT1				= AAE8, L: SPINITIALIZE
NOADD				= AAF2, L: SPINITIALIZE
USERTILE			= AAF5, L: SPINITIALIZE
SPTILEARRAY			= AAFA, G: SPTILEARRAY
SP_INITIM2			= ACFA, G: SP_INITIM2
SPINITIM2			= AD05, G: SPINITIM2
SP_JOYKEMPSTON			= AD1B, G: SP_JOYKEMPSTON
SPJOYKEMPSTON			= AD22, G: SPJOYKEMPSTON
KEMPTBL				= AD2D, L: SPJOYKEMPSTON
SP_JOYKEYBOARD			= AD4D, G: SP_JOYKEYBOARD
SPJOYKEYBOARD			= AD5B, G: SPJOYKEYBOARD
NOFIRE				= AD68, L: SPJOYKEYBOARD
JKLOOP				= AD68, L: SPJOYKEYBOARD
NOPRESS				= AD73, L: SPJOYKEYBOARD
SP_JOYSINCLAIR1			= AD7A, G: SP_JOYSINCLAIR1
SPJOYSINCLAIR1			= AD81, G: SPJOYSINCLAIR1
SINC1TBL			= AD8D, L: SPJOYSINCLAIR1
SP_REGISTERHOOK			= ADAD, G: SP_REGISTERHOOK
SP_REGISTERHOOKLAST		= ADC3, G: SP_REGISTERHOOKLAST
SPREGISTERHOOK			= ADD2, G: SPREGISTERHOOKLAST
SPREGISTERHOOKLAST		= ADD2, G: SPREGISTERHOOKLAST
LOOP				= ADDB, L: SPREGISTERHOOKLAST
DONE				= ADE6, L: SPREGISTERHOOKLAST
SP_TILEARRAY			= ADEF, G: SP_TILEARRAY
SPTILEENTRY			= ADFD, G: SPTILEENTRY
NOINC				= AE06, L: SPTILEENTRY
SP_UPDATENOW			= AE0E, G: SP_UPDATENOW
TEMPGRAPHIC			= AE14, L: SPUPDATENOW
TEMPCOLOUR			= AE1C, L: SPUPDATENOW
UPDATE_ATTRS			= AE1D, G: SPUPDATENOW
DOSPRITES			= AE1E, L: SPUPDATENOW
SPUPDATENOW			= AE1F, G: SPUPDATENOW
DIRTYLOOP			= AE2B, L: SPUPDATENOW
NOTACROSSBLK1			= AE3B, L: SPUPDATENOW
REENTER				= AE43, L: SPUPDATENOW
NOINC1				= AE43, L: SPUPDATENOW
DIRTYAREA			= AE51, L: SPUPDATENOW
NOTACROSSBLK2			= AE8B, L: SPUPDATENOW
TILEONLY			= AE92, L: SPUPDATENOW
NOINC11				= AE9D, L: SPUPDATENOW
DRAWCHAR			= AEC1, L: SPUPDATENOW
NOTLOAD				= AEEF, L: SPUPDATENOW
NOINC10				= AEFA, L: SPUPDATENOW
SPRITELOOP			= AF0F, L: SPUPDATENOW
DOSPRITE			= AF13, L: SPUPDATENOW
COLOURSPRITE			= B024, L: SPUPDATENOW
SKIP_SPRITE_UPDATE		= B025, L: SPUPDATENOW
CLEAR				= B026, L: SPUPDATENOW
COPYBUFFER			= B031, L: SPUPDATENOW
NOMORESPRITES			= B053, L: SPUPDATENOW
SKIPUPDATECOL			= B05E, L: SPUPDATENOW
MASKNOROTATE			= B061, L: SPUPDATENOW
LOADTYPE			= B0AC, L: SPUPDATENOW
LOADNOROTATE			= B11A, L: SPUPDATENOW
XORTYPE				= B139, L: SPUPDATENOW
XORNOROTATE			= B1BF, L: SPUPDATENOW
ORTYPE				= B1F1, L: SPUPDATENOW
ORNOROTATE			= B277, L: SPUPDATENOW
SP_UPDATENOWEX			= B2A9, G: SP_UPDATENOWEX
SP_WAITFORNOKEY			= B2B2, G: SP_WAITFORNOKEY
SPWAITFORNOKEY			= B2B6, G: SPWAITFORNOKEY
