ACFAIL				= BDB7, L: SPADDCOLSPR
ACLOOP				= BD3D, L: SPADDCOLSPR
ACNOCRY				= BD2C, L: SPADDCOLSPR
ACNOCRY3			= BD8D, L: SPADDCOLSPR
ADJLOOP				= BB5C, L: SPMOVESPRABS
ADJUSTGRAPHICS			= BC9F, L: SPMOVESPRABS
APBRANCH1			= 5E23, L: MK1
APBRANCH2			= 5E66, L: MK1
APBRANCH3			= 5E52, L: MK1
APBRANCH4			= 5E49, L: MK1
APGET4BITS			= 5E3B, L: MK1
APLOOP				= 5E28, L: MK1
APLOOP0				= 5E25, L: MK1
APSKIP2				= 5E85, L: MK1
APSKIP3				= 5E8E, L: MK1
APWRITEBYTE			= 5E45, L: MK1
AP_FINISHUP			= 5E91, L: MK1
AP_FINISHUP2			= 5E94, L: MK1
AP_GETBIT			= 5EA7, L: MK1
AP_GETGAMMA			= 5EB3, L: MK1
AP_GETGAMMALOOP			= 5EB6, L: MK1
AP_R0_GAMMA			= 5E9B, L: MK1
ATMAXCOUNT			= BF85, L: SPGETKEY
BROKEN				= BB3A, L: SPINTRECT
BUCLE				= 8EAF, L: MK1
BUCLE1				= 8EB2, L: MK1
BUCLE2				= 8EBA, L: MK1
CLEAR				= C5A0, L: SPUPDATENOW
CLEARB1				= 8E9A, L: MK1
CLEARB2				= 8E9D, L: MK1
CNT_1A				= A6ED, L: MK1
CNT_1B				= A6F1, L: MK1
CNT_2				= A6FE, L: MK1
COLOURSPRITE			= C59E, L: SPUPDATENOW
COMPUTEDISP			= BC7C, L: SPMOVESPRABS
CONT				= BEFE, L: SPCREATESPR
CONT1				= C0C5, L: SPINITIALIZE
COPYBUFFER			= C5AB, L: SPUPDATENOW
COUNT				= BF3F, L: SPGETKEY
CSENTER				= BEE7, L: SPCREATESPR
CSFAIL1				= BF1C, L: SPCREATESPR
CSFAIL2				= BF1E, L: SPCREATESPR
CSLOOP				= BED3, L: SPCREATESPR
CSNOCRY				= BF12, L: SPCREATESPR
CURRENT_INST			= A64C, L: MK1
DEPACK				= 5E20, L: MK1
DIRTYAREA			= C3CB, L: SPUPDATENOW
DIRTYLOOP			= C3A5, L: SPUPDATENOW
DIV_1A				= A6F4, L: MK1
DIV_1B				= A6F7, L: MK1
DIV_2				= A701, L: MK1
DN_LOOP0			= A82A, L: MK1
DN_LOOP1			= A832, L: MK1
DOSPRITE			= C48D, L: SPUPDATENOW
DOSPRITES			= C398, L: SPUPDATENOW
DRAWCHAR			= C43B, L: SPUPDATENOW
DRUMS				= A7D0, L: MK1
DRUM_NOISE			= A826, L: MK1
DRUM_NOISE1			= A810, L: MK1
DRUM_NOISE2			= A818, L: MK1
DRUM_NOISE3			= A820, L: MK1
DRUM_TABLE			= A8BB, L: MK1
DRUM_TONE			= A7F3, L: MK1
DRUM_TONE1			= A7DD, L: MK1
DRUM_TONE2			= A7E1, L: MK1
DRUM_TONE3			= A7E5, L: MK1
DRUM_TONE4			= A7E9, L: MK1
DRUM_TONE5			= A7ED, L: MK1
DRUM_TONE6			= A7F1, L: MK1
DT_LOOP0			= A7FA, L: MK1
DT_LOOP1			= A807, L: MK1
ENTRY				= AD57, L: L_DIV_U
ENTRYLP				= C0A1, L: SPINITIALIZE
EXIT_PLAYER			= A6DC, L: MK1
FREQ_TABLE			= A843, L: MK1
FRQ				= 8A77, L: MK1
FSCLIPSTRUCT			= 5E04, L: MK1
HIDE_SPRITES_ENEMS_LOOP		= 8CEA, L: MK1
IB1				= BE04, L: SPADDMEMORY
IB2				= BE0B, L: SPADDMEMORY
INSTRUM_TBL			= A6CD, L: MK1
INVALIDATE			= BC6D, L: SPMOVESPRABS
INVCOLLP			= BA25, L: SPINVALIDATE
INVFULLCHAR			= BA38, L: SPINVALIDATE
INVROWLP			= BA3A, L: SPINVALIDATE
I_1				= A965, L: MK1
I_100				= 9883, L: MK1
I_101				= 9865, L: MK1
I_102				= 9837, L: MK1
I_104				= 9883, L: MK1
I_105				= 987A, L: MK1
I_106				= 987D, L: MK1
I_107				= 98D8, L: MK1
I_108				= 9939, L: MK1
I_109				= 9936, L: MK1
I_110				= 9998, L: MK1
I_111				= 9998, L: MK1
I_112				= 9998, L: MK1
I_113				= 99C7, L: MK1
I_114				= 99EE, L: MK1
I_115				= 99EE, L: MK1
I_116				= 99FC, L: MK1
I_117				= 9A2D, L: MK1
I_118				= 9A11, L: MK1
I_119_I_118			= 9A14, L: MK1
I_120				= 9A88, L: MK1
I_121				= 9A53, L: MK1
I_122				= 9A6F, L: MK1
I_123				= 9AAC, L: MK1
I_124				= 9AAF, L: MK1
I_125				= 9B7C, L: MK1
I_126				= 9C3D, L: MK1
I_127				= 9B86, L: MK1
I_129				= 9C3A, L: MK1
I_130				= 9BF9, L: MK1
I_131				= 9C11, L: MK1
I_132				= 9C11, L: MK1
I_133				= 9C11, L: MK1
I_134				= 9C11, L: MK1
I_135				= 9C63, L: MK1
I_136				= 9C97, L: MK1
I_137				= 9FDB, L: MK1
I_138				= 9C9C, L: MK1
I_139				= 9D31, L: MK1
I_140				= 9D34, L: MK1
I_142				= 9D9C, L: MK1
I_143				= 9D3F, L: MK1
I_144				= 9D57, L: MK1
I_145				= 9D57, L: MK1
I_146				= 9D57, L: MK1
I_147				= 9D57, L: MK1
I_148				= 9FA8, L: MK1
I_149				= 9DED, L: MK1
I_15				= 8AEE, L: MK1
I_150				= 9F3F, L: MK1
I_151				= 9F3C, L: MK1
I_152				= 9E6E, L: MK1
I_153				= 9E6E, L: MK1
I_154				= 9E38, L: MK1
I_155_I_154			= 9E3B, L: MK1
I_156				= 9F3C, L: MK1
I_157				= 9EA8, L: MK1
I_157_I_158			= 9EAF, L: MK1
I_158				= 9EAA, L: MK1
I_159				= 9F01, L: MK1
I_16				= 8AEA, L: MK1
I_160				= 9EF7, L: MK1
I_161				= 9EFA, L: MK1
I_162				= 9F04, L: MK1
I_163				= 9FA8, L: MK1
I_164				= 9FA8, L: MK1
I_165				= 9F6B, L: MK1
I_166_I_165			= 9F6E, L: MK1
I_167				= 9FA8, L: MK1
I_168				= 9FE3, L: MK1
I_169				= A00E, L: MK1
I_170				= A029, L: MK1
I_171				= A108, L: MK1
I_173				= A0B9, L: MK1
I_174				= A05B, L: MK1
I_175				= A06E, L: MK1
I_176				= A083, L: MK1
I_177				= A093, L: MK1
I_178				= A0B1, L: MK1
I_179				= A108, L: MK1
I_180				= A161, L: MK1
I_181				= A16B, L: MK1
I_182				= A143, L: MK1
I_183				= A1AA, L: MK1
I_184				= A237, L: MK1
I_185				= A1AF, L: MK1
I_186				= A237, L: MK1
I_187				= A5B1, L: MK1
I_188				= A2AC, L: MK1
I_189				= A58F, L: MK1
I_19				= 8D30, L: MK1
I_190				= A2CC, L: MK1
I_191				= A2F0, L: MK1
I_192				= A30D, L: MK1
I_193				= A33D, L: MK1
I_194				= A36D, L: MK1
I_195				= A3AD, L: MK1
I_196				= A3A6, L: MK1
I_197				= A3AD, L: MK1
I_198				= A472, L: MK1
I_199				= A3C8, L: MK1
I_20				= 8D3E, L: MK1
I_200				= A3F0, L: MK1
I_201				= A3CD, L: MK1
I_202				= A44C, L: MK1
I_203				= A40E, L: MK1
I_205				= A469, L: MK1
I_206				= A4A4, L: MK1
I_207				= A48C, L: MK1
I_208_I_207			= A48F, L: MK1
I_209				= A4D4, L: MK1
I_21				= 8DE0, L: MK1
I_210				= A4BB, L: MK1
I_211_I_210			= A4BE, L: MK1
I_212				= A515, L: MK1
I_213				= A4F8, L: MK1
I_213_UGE			= A4F6, L: MK1
I_214_I_213			= A4FB, L: MK1
I_215				= A570, L: MK1
I_216				= A52C, L: MK1
I_217_I_216			= A52F, L: MK1
I_218				= A570, L: MK1
I_219				= A570, L: MK1
I_22				= 8DE3, L: MK1
I_220				= A58C, L: MK1
I_221				= A580, L: MK1
I_223				= A5A5, L: MK1
I_224				= A5A8, L: MK1
I_23				= 8E7D, L: MK1
I_24				= 8E82, L: MK1
I_27				= 8F08, L: MK1
I_28				= 8F17, L: MK1
I_29				= 8EF4, L: MK1
I_30				= 8FBB, L: MK1
I_31				= 8FC3, L: MK1
I_32				= 8FC4, L: MK1
I_33				= 8FCC, L: MK1
I_34				= 8FF1, L: MK1
I_35				= 8FFB, L: MK1
I_36				= 8FCC, L: MK1
I_37				= 8FDA, L: MK1
I_38				= 8FE9, L: MK1
I_39				= 8FD3, L: MK1
I_40				= 8FF1, L: MK1
I_41				= 9006, L: MK1
I_42				= 9033, L: MK1
I_43				= 9010, L: MK1
I_44				= 9106, L: MK1
I_45				= 9055, L: MK1
I_46_I_45			= 9058, L: MK1
I_47				= 9062, L: MK1
I_48				= 90D3, L: MK1
I_49				= 906C, L: MK1
I_50				= 90D0, L: MK1
I_51				= 90B5, L: MK1
I_52_I_51			= 90B8, L: MK1
I_53				= 9137, L: MK1
I_54				= 91C2, L: MK1
I_55				= 9141, L: MK1
I_56				= 928F, L: MK1
I_57				= 92C7, L: MK1
I_58				= 92C4, L: MK1
I_59				= 92A8, L: MK1
I_59_UGE			= 929F, L: MK1
I_60_I_59			= 92AB, L: MK1
I_61				= 93B6, L: MK1
I_62				= 93C4, L: MK1
I_63				= 93D7, L: MK1
I_64				= 94B2, L: MK1
I_65				= 94B5, L: MK1
I_66				= 951F, L: MK1
I_68				= 953A, L: MK1
I_69				= 953D, L: MK1
I_70				= 95F0, L: MK1
I_71				= 9596, L: MK1
I_72				= 9593, L: MK1
I_73				= 9581, L: MK1
I_75				= 95ED, L: MK1
I_76				= 95D7, L: MK1
I_77				= 95ED, L: MK1
I_78				= 95F7, L: MK1
I_79				= 96A9, L: MK1
I_80				= 9628, L: MK1
I_81				= 962B, L: MK1
I_82				= 966B, L: MK1
I_83				= 9668, L: MK1
I_84				= 96A2, L: MK1
I_85				= 96A2, L: MK1
I_86				= 96A2, L: MK1
I_87				= 96D9, L: MK1
I_88				= 96D9, L: MK1
I_89				= 970B, L: MK1
I_90				= 970B, L: MK1
I_91				= 9731, L: MK1
I_92				= 9744, L: MK1
I_93				= 97FB, L: MK1
I_94				= 97DD, L: MK1
I_95				= 97AE, L: MK1
I_97				= 97FB, L: MK1
I_98				= 97F2, L: MK1
I_99				= 97F5, L: MK1
JKLOOP				= C324, L: SPJOYKEYBOARD
JPHL				= BF27, L: SPCREATESPR
JPHL				= BDE2, L: SPDELETESPR
JPHL				= BDC8, L: SPADDCOLSPR
KEMPTBL				= C2E9, L: SPJOYKEMPSTON
KEYOK				= BF39, L: SP_GETKEY
KEYROWLOOP			= BF5F, L: SPGETKEY
L8098				= A655, L: MK1
L809B				= A658, L: MK1
L8168				= A711, L: MK1
L8171				= A71A, L: MK1
L8173				= A71C, L: MK1
L8179				= A722, L: MK1
L817B				= A724, L: MK1
L8184				= A72D, L: MK1
L8186				= A72F, L: MK1
L818A				= A733, L: MK1
L8193				= A73C, L: MK1
L8195				= A73E, L: MK1
L819B				= A744, L: MK1
L819D				= A746, L: MK1
L81A6				= A74F, L: MK1
L81A8				= A751, L: MK1
L81AC				= A755, L: MK1
L81B5				= A75E, L: MK1
L81B7				= A760, L: MK1
L81BD				= A766, L: MK1
L81BF				= A768, L: MK1
L81C8				= A771, L: MK1
L81CA				= A773, L: MK1
L81CE				= A777, L: MK1
L81D7				= A780, L: MK1
L81D9				= A782, L: MK1
L81DF				= A788, L: MK1
L81E1				= A78A, L: MK1
L81EA				= A793, L: MK1
L81EC				= A795, L: MK1
L81F9				= A7A2, L: MK1
L81FB				= A7A4, L: MK1
L8201				= A7AA, L: MK1
L8203				= A7AC, L: MK1
L820C				= A7B5, L: MK1
L820E				= A7B7, L: MK1
LOADNOROTATE			= C694, L: SPUPDATENOW
LOADTYPE			= C626, L: SPUPDATENOW
LOOP				= C0BD, L: SPINITIALIZE
LOOP				= BDCD, L: SPDELETESPR
L_AND				= AD31, G: L_AND
L_ASL				= AD38, G: L_ASL
L_ASL1				= AD39, L: L_ASL
L_ASR				= AD3F, G: L_ASR
L_ASR1				= AD40, L: L_ASR
L_ASR_U				= AD49, G: L_ASR_U
L_ASR_U_1			= AD4A, L: L_ASR_U
L_DIV1				= AD5E, L: L_DIV_U
L_DIV2				= AD68, L: L_DIV_U
L_DIV_U				= AD53, G: L_DIV_U
L_EQ				= AD72, G: L_EQ
L_GCHAR				= AD79, G: L_GCHAR
L_GINT				= AD7F, G: L_GINT
L_GT				= AD84, G: L_GT
L_LNEG				= AD90, G: L_LNEG
L_LT				= AD95, G: L_LT
L_MULT				= ADA1, G: L_MULT
L_MULT1				= ADA8, L: L_MULT
L_MULT2				= ADAF, L: L_MULT
L_NE				= ADB2, G: L_NE
L_NEG				= ADB9, G: L_NEG
L_OR				= ADC1, G: L_OR
L_PINT				= ADC8, G: L_PINT
L_SXT				= ADCE, G: L_SXT
L_SXT				= AD7A, L: L_GCHAR
L_UGE				= ADD3, G: L_UGE
L_UGT				= ADDB, G: L_UGT
L_ULE				= ADE1, G: L_ULE
L_ULT				= ADE9, G: L_ULT
MAIN_LOOP			= A60A, L: MK1
MASKNOROTATE			= C5DB, L: SPUPDATENOW
MUSICDATA			= A8CD, L: MK1
MUSICSTART			= A5B2, L: MK1
MVCOLLOOP			= BBA9, L: SPMOVESPRABS
MVROWLOOP			= BBAF, L: SPMOVESPRABS
NEXTRAND			= 8E5F, L: MK1
NEXTSCANROW			= BF74, L: SPGETKEY
NEXT_PATTERN			= A5F6, L: MK1
NOADD				= C0CF, L: SPINITIALIZE
NOCAPS				= BFB2, L: SPGETKEY
NODEC1				= BC39, L: SPMOVESPRABS
NOFIRE				= C324, L: SPJOYKEYBOARD
NOINC				= C380, L: SPTILEENTRY
NOINC				= BD04, L: SPTBLLOOKUP
NOINC1				= C3BD, L: SPUPDATENOW
NOINC1				= BD79, L: SPADDCOLSPR
NOINC1				= BBD1, L: SPMOVESPRABS
NOINC1				= BA21, L: SPINVALIDATE
NOINC10				= C474, L: SPUPDATENOW
NOINC11				= C417, L: SPUPDATENOW
NOINC2				= BC0A, L: SPMOVESPRABS
NOINC2				= BA34, L: SPINVALIDATE
NOINC3				= BC2B, L: SPMOVESPRABS
NOINC3				= BA45, L: SPINVALIDATE
NOINC4				= BC45, L: SPMOVESPRABS
NOINC5				= BCAB, L: SPMOVESPRABS
NOKEYS				= BFC0, L: SPGETKEY
NOMORESPRITES			= C5CD, L: SPUPDATENOW
NONEXT1				= BBE5, L: SPMOVESPRABS
NONEXT2				= BC52, L: SPMOVESPRABS
NOPRESS				= C32F, L: SPJOYKEYBOARD
NOPRESS				= BF6F, L: SPGETKEY
NOSYM				= BFBD, L: SPGETKEY
NOTACROSSBLK1			= C3B5, L: SPUPDATENOW
NOTACROSSBLK2			= C405, L: SPUPDATENOW
NOTCOMPRESS			= BEF9, L: SPCREATESPR
NOTDISPLAYED			= BC52, L: SPMOVESPRABS
NOTDONE				= BBB9, L: SPMOVESPRABS
NOTE_PTR			= A841, L: MK1
NOTINDLIST			= BBE5, L: SPMOVESPRABS
NOTLOAD				= C469, L: SPUPDATENOW
NOTNEGATIVE			= BC9A, L: SPMOVESPRABS
NO_PATTERN_LOOP			= A601, L: MK1
ORNOROTATE			= C7F1, L: SPUPDATENOW
ORTYPE				= C76B, L: SPUPDATENOW
OTHER				= A6B6, L: MK1
OUT_1				= A6FA, L: MK1
OUT_2				= A704, L: MK1
PAT0				= A8E9, L: MK1
PAT1				= A914, L: MK1
PAT2				= A940, L: MK1
PAT3				= A955, L: MK1
PATTERNDATA			= A8D9, L: MK1
PATTERN_ADDR			= A83E, L: MK1
PATTERN_LOOP_BEGIN		= A600, L: MK1
PATTERN_LOOP_END		= A5FC, L: MK1
PATTERN_PTR			= A840, L: MK1
PDLOOP				= BC02, L: SPMOVESPRABS
PLAYER				= A5D6, L: MK1
PLAYER_WAIT_KEY			= A70C, L: MK1
PLAYSFX				= 8991, L: MK1
PLAY_NOTE			= A705, L: MK1
PRINT_STR_LOOP			= 8CB3, L: MK1
PRINT_STR_NO_INC_A		= 8CC7, L: MK1
PROCLIST			= 8AA5, L: MK1
PUTHERE				= BC1C, L: SPMOVESPRABS
RAND16				= 8E43, L: MK1
READ_LOOP			= A60D, L: MK1
REENTER				= C3BD, L: SPUPDATENOW
RENDER				= A6E3, L: MK1
REPITATODO			= 8EA9, L: MK1
ROTLP				= C0A4, L: SPINITIALIZE
ROTTBLLP			= C09A, L: SPINITIALIZE
SCANLOOP			= BF5B, L: SPGETKEY
SET_NOTE2			= A67E, L: MK1
SET_STOP			= A692, L: MK1
SET_STOP2			= A6AB, L: MK1
SINC1TBL			= C349, L: SPJOYSINCLAIR1
SKIP				= BF9C, L: SPGETKEY
SKIP1				= BCBB, L: SPMOVESPRABS
SKIP2				= BCCB, L: SPMOVESPRABS
SKIPUPDATECOL			= C5D8, L: SPUPDATENOW
SKIP_CH1			= A6D6, L: MK1
SKIP_SPRITE_UPDATE		= C59F, L: SPUPDATENOW
SOUND1				= 89A1, L: MK1
SOUND10				= 8A6C, L: MK1
SOUND1L0			= 89A5, L: MK1
SOUND1L1			= 89B0, L: MK1
SOUND1L2			= 89BA, L: MK1
SOUND2				= 89C5, L: MK1
SOUND2L0			= 89C9, L: MK1
SOUND2L1			= 89D0, L: MK1
SOUND2L2			= 89D6, L: MK1
SOUND3				= 89DC, L: MK1
SOUND3L0			= 89E2, L: MK1
SOUND3L0A			= 89E8, L: MK1
SOUND3L1			= 89EF, L: MK1
SOUND3L2			= 89F6, L: MK1
SOUND3L3			= 89FD, L: MK1
SOUND4				= 8A03, L: MK1
SOUND4L0			= 8A06, L: MK1
SOUND4L1			= 8A0C, L: MK1
SOUND4L2			= 8A12, L: MK1
SOUND5				= 8A1A, L: MK1
SOUND5L0			= 8A1E, L: MK1
SOUND5L1			= 8A2A, L: MK1
SOUND6				= 8A30, L: MK1
SOUND6L0			= 8A34, L: MK1
SOUND6L0A			= 8A3A, L: MK1
SOUND6L1			= 8A3F, L: MK1
SOUND6L2			= 8A44, L: MK1
SOUND7				= 8A4A, L: MK1
SOUND7L0			= 8A4E, L: MK1
SOUND7L1			= 8A5A, L: MK1
SOUND8				= 8A64, L: MK1
SOUND8L0			= 8A79, L: MK1
SOUND8L1			= 8A7C, L: MK1
SOUND8L2			= 8A75, L: MK1
SOUND8L2B			= 8A84, L: MK1
SOUND8L3			= 8A8C, L: MK1
SOUND8L4			= 8A91, L: MK1
SOUND9				= 8A68, L: MK1
SOUNDITEM			= 8A6E, L: MK1
SPADDCOLSPR			= BD21, G: SPADDCOLSPR
SPADDMEMORY			= BDFC, G: SPADDMEMORY
SPALLOC				= BE4D, G: SPBLOCKALLOC
SPBIT2MASK			= BCF6, G: SPBIT2MASK
SPBITLEFT2MASK			= BA53, G: SPBITLEFT2MASK
SPBITRIGHT2MASK			= BA5B, G: SPBITRIGHT2MASK
SPBLOCKALLOC			= BE43, G: SPBLOCKALLOC
SPBORDER			= BE68, G: SPBORDER
SPBORDERCLR			= BE67, G: SPBORDER
SPCOMPDIRTYADDR			= BA63, G: SPCOMPDIRTYADDR
SPCOMPDLISTADDR			= ADEF, G: SPCOMPDLISTADDR
SPCREATESPR			= BE88, G: SPCREATESPR
SPDELETESPR			= BDC9, G: SPDELETESPR
SPDIRTYCHARS			= BA78, G: SPDIRTYCHARS
SPDISPLAYLIST			= AE00, G: SPDISPLAYLIST
SPDSLOOP			= BDDA, G: SPDELETESPR
SPFB1				= BE1D, G: SPFREEBLOCK
SPFB2				= BE28, G: SPFREEBLOCK
SPFREEBLOCK			= BE18, G: SPFREEBLOCK
SPGETKEY			= BF54, G: SPGETKEY
SPINITIALIZE			= C074, G: SPINITIALIZE
SPINKEY				= BF43, G: SPGETKEY
SPINTRECT			= BAD8, G: SPINTRECT
SPINTSMALLIVAL			= BB09, G: SPINTRECT
SPINVALIDATE			= BA00, G: SPINVALIDATE
SPINVALIDATEP			= BA08, G: SPINVALIDATE
SPJOYKEMPSTON			= C2DE, G: SPJOYKEMPSTON
SPJOYKEYBOARD			= C317, G: SPJOYKEYBOARD
SPJOYSINCLAIR1			= C33D, G: SPJOYSINCLAIR1
SPKEYDEBOUNCE			= BF40, G: SPGETKEY
SPKEYREPEATPERIOD		= BF42, G: SPGETKEY
SPKEYSTARTREPEAT		= BF41, G: SPGETKEY
SPKEYTRANSTBL			= BFC8, G: SPKEYTRANSTBL
SPMOVESPRABS			= BB43, G: SPMOVESPRABS
SPMOVESPRABSC			= BB6A, G: SPMOVESPRABS
SPMOVESPRABSNC			= BB51, G: SPMOVESPRABS
SPNULLSPRPTR			= BCCE, G: SPNULLSPRPTR
SPPRINTATINV			= BCDE, G: SPPRINTATINV
SPPTINSMALLIVAL			= BB2E, G: SPINTRECT
SPQUEUETABLE			= BE33, G: SPQUEUETABLE
SPRITELOOP			= C489, L: SPUPDATENOW
SPTBLLOOKUP			= BCFE, G: SPTBLLOOKUP
SPTILEARRAY			= C0D7, G: SPTILEARRAY
SPTILEENTRY			= C377, G: SPTILEENTRY
SPUPDATENOW			= C399, G: SPUPDATENOW
SPWAITFORNOKEY			= C827, G: SPWAITFORNOKEY
SP_ADDCOLSPR			= BD06, G: SP_ADDCOLSPR
SP_ADDMEMORY			= BDE3, G: SP_ADDMEMORY
SP_BLOCKALLOC			= BE35, G: SP_BLOCKALLOC
SP_BORDER			= BE5E, G: SP_BORDER
SP_CREATESPR			= BE70, G: SP_CREATESPR
SP_FREEBLOCK			= BF28, G: SP_FREEBLOCK
SP_GETKEY			= BF33, G: SP_GETKEY
SP_INITIALIZE			= C068, G: SP_INITIALIZE
SP_JOYKEMPSTON			= C2D7, G: SP_JOYKEMPSTON
SP_JOYKEYBOARD			= C309, G: SP_JOYKEYBOARD
SP_JOYSINCLAIR1			= C336, G: SP_JOYSINCLAIR1
SP_TILEARRAY			= C369, G: SP_TILEARRAY
SP_UPDATENOW			= C388, G: SP_UPDATENOW
SP_WAITFORNOKEY			= C823, G: SP_WAITFORNOKEY
START				= 5DC0, L: ZX82_CRT0
STATE				= BF3E, L: SPGETKEY
TEMPCOLOUR			= C396, L: SPUPDATENOW
TEMPGRAPHIC			= C38E, L: SPUPDATENOW
TILEONLY			= C40C, L: SPUPDATENOW
TOOMANYKEYS			= BFC0, L: SPGETKEY
TRYOTHERWAY			= BB1D, L: SPINTRECT
UPDATE_ATTRS			= C397, G: SPUPDATENOW
USERTILE			= C0D2, L: SPINITIALIZE
VPCLIPSTRUCT			= 5E00, L: MK1
XINSCREEN			= BB92, L: SPMOVESPRABS
XORNOROTATE			= C739, L: SPUPDATENOW
XORTYPE				= C6B3, L: SPUPDATENOW
YINSCREEN			= BB82, L: SPMOVESPRABS
_ABS				= 8E6C, G: MK1
_ACTIVE				= AA59, G: MK1
_ADDSIGN			= 8FAA, G: MK1
_ADVANCE_WORM_NO_INC_Y		= 91BC, L: MK1
_AD_FREE			= AAB6, G: MK1
_ASM_INT			= AD20, G: MK1
_ASM_INT_2			= AA91, G: MK1
_ASM_NUMBER			= AA9D, G: MK1
_AT1				= AAA6, G: MK1
_AT2				= AAA7, G: MK1
_ATTR				= 8ACA, G: MK1
_BEEP_FX			= 8AB9, G: MK1
_BEHS				= 5DD0, G: MK1
_BLACKOUT			= 6A85, G: MK1
_CERROJOS			= 735D, G: MK1
_CLEAR_SPRITES			= 8CD5, G: MK1
_CM_TWO_POINTS			= 8DE6, G: MK1
_CM_TWO_POINTS_AT1_DO		= 8DF7, L: MK1
_CM_TWO_POINTS_AT1_DONE		= 8E11, L: MK1
_CM_TWO_POINTS_AT1_RESET	= 8DF4, L: MK1
_CM_TWO_POINTS_AT2_DO		= 8E25, L: MK1
_CM_TWO_POINTS_AT2_DONE		= 8E3F, L: MK1
_CM_TWO_POINTS_AT2_RESET	= 8E22, L: MK1
_COLLIDE			= 8D85, G: MK1
_CORTINA			= 8E95, G: MK1
_CX1				= AAA9, G: MK1
_CX2				= AAAA, G: MK1
_CY1				= AAAB, G: MK1
_CY2				= AAAC, G: MK1
_DRAW_COLOURED_TILE		= 8B46, G: MK1
_DRAW_COLOURED_TILE_GAMEAREA	= 8BB7, G: MK1
_DRAW_DECORATIONS		= 8BE5, G: MK1
_DRAW_DECORATIONS_LOOP		= 8BE8, L: MK1
_DRAW_INVALIDATE_COLOURED_TILE_G= 8BB0, G: MK1
_DRAW_OBJS			= 8C99, G: MK1
_DRAW_SCR			= 91C3, G: MK1
_DRAW_SCR_BACKGROUND		= 9107, G: MK1
_DRAW_SCR_PACKED_ALT		= 918D, L: MK1
_DRAW_SCR_PACKED_ALT_SUBST	= 919C, L: MK1
_DRAW_SCR_PACKED_DONE		= 9171, L: MK1
_DRAW_SCR_PACKED_EXISTING	= 916C, L: MK1
_DRAW_SCR_PACKED_NEW		= 9157, L: MK1
_DRAW_SCR_PACKED_NOALT		= 91A1, L: MK1
_ENEMS_DRAW_CURRENT		= 9ACD, G: MK1
_ENEMS_KILL			= 9C3E, G: MK1
_ENEMS_LM_CHANGE_AXIS_X		= 9D74, L: MK1
_ENEMS_LM_CHANGE_AXIS_X_DONE	= 9D7C, L: MK1
_ENEMS_LM_CHANGE_AXIS_Y		= 9D94, L: MK1
_ENEMS_LM_CHANGE_AXIS_Y_DONE	= 9D9C, L: MK1
_ENEMS_LOAD			= 9B63, G: MK1
_ENEMS_MOVE			= 9C6E, G: MK1
_ENEMS_MOVE_UPDATE_FRAME_DONE	= 9DED, L: MK1
_ENEM_CELLS			= 8EDD, G: MK1
_ENIT				= AA82, G: MK1
_ENOFFS				= AA76, G: MK1
_ENOFFSMASI			= AD1B, G: MK1
_EN_AN_BASE_FRAME		= A98E, G: MK1
_EN_AN_COUNT			= AD2D, G: MK1
_EN_AN_CURRENT_FRAME		= AA6E, G: MK1
_EN_AN_FRAME			= AD29, G: MK1
_EN_AN_NEXT_FRAME		= AAA0, G: MK1
_EN_AN_STATE			= A998, G: MK1
_ESPERA_ACTIVA			= 8FC4, G: MK1
_FLAGS				= A99B, G: MK1
_GAME_ENDING			= 8F20, G: MK1
_GAME_LOOP_DO			= A2B6, L: MK1
_GAME_LOOP_INIT			= A25F, L: MK1
_GAME_OVER			= 8F47, G: MK1
_GEN_PT				= AA68, G: MK1
_GPAUX				= A9C2, G: MK1
_GPC				= AAAE, G: MK1
_GPCX				= AA86, G: MK1
_GPCY				= AA87, G: MK1
_GPD				= AAAF, G: MK1
_GPEN_CX			= A988, G: MK1
_GPEN_CY			= A989, G: MK1
_GPEN_X				= AA7A, G: MK1
_GPEN_Y				= AA7B, G: MK1
_GPIT				= AA88, G: MK1
_GPJT				= AA89, G: MK1
_GPOX				= AA8C, G: MK1
_GPX				= AD10, G: MK1
_GPXX				= AA95, G: MK1
_GPY				= AD11, G: MK1
_GPYY				= AA96, G: MK1
_HALF_LIFE			= A993, G: MK1
_HEX_CODE			= 8D15, G: MK1
_HIT				= AAB0, G: MK1
_HIT_H				= A9BE, G: MK1
_HIT_V				= A9C0, G: MK1
_HOTSPOTS			= 7F97, G: MK1
_HOTSPOTS_DO			= A00F, G: MK1
_HOTSPOTS_INIT			= 9FDC, G: MK1
_HOTSPOTS_SETUP_DO		= 9202, L: MK1
_HOTSPOTS_SETUP_DONE		= 923C, L: MK1
_HOTSPOTS_SETUP_SET		= 9234, L: MK1
_HOTSPOTS_SETUP_SET_REFILL	= 9233, L: MK1
_HOTSPOT_DESTROY		= AA5C, G: MK1
_HOTSPOT_X			= A991, G: MK1
_HOTSPOT_Y			= A992, G: MK1
_INVALIDATE_TILE		= 8B8C, G: MK1
_INVALIDATE_VIEWPORT		= 8BA0, G: MK1
_IS_RENDERING			= AD1E, G: MK1
_ITJ				= AD14, G: MK1
_JOYFUNC			= 5E08, G: MK1
_JOYFUNCS			= 5E0A, G: MK1
_KEYS				= 5DC6, G: MK1
_KEYS_OLD			= AD16, G: MK1
_KILLED_OLD			= A9C1, G: MK1
_LAME_SOUND			= 8EED, G: MK1
_LEVEL				= AA5B, G: MK1
_LIFE_OLD			= AA65, G: MK1
_LOCKS_INIT			= 8FFC, G: MK1
_MAIN				= A109, G: MK1
_MAINCOUNTER			= AA98, G: MK1
_MALOTES			= 7C6D, G: MK1
_MAPA				= 6A93, G: MK1
_MAP_ATTR			= A9C3, G: MK1
_MAP_POINTER			= A996, G: MK1
_MY_MALLOC			= 5E10, G: MK1
_N_PANT				= AA7E, G: MK1
_OBJS_OLD			= AA97, G: MK1
_OPEN_LOCKS_DO			= 9255, L: MK1
_OPEN_LOCKS_DONE		= 927D, L: MK1
_OPEN_LOCKS_LOOP		= 9241, L: MK1
_ORIG_TILE			= AD28, G: MK1
_O_PANT				= AA80, G: MK1
_PAD0				= AA7C, G: MK1
_PLAYER_CALC_BOUNDING_BOX	= 932F, G: MK1
_PLAYER_CELLS			= 8EC9, G: MK1
_PLAYER_DEPLETE			= 9A89, G: MK1
_PLAYER_GRAVITY_ADD		= 9381, L: MK1
_PLAYER_GRAVITY_P_GOTTEN_DONE	= 9391, L: MK1
_PLAYER_GRAVITY_VY_SET		= 9384, L: MK1
_PLAYER_INIT			= 92C8, G: MK1
_PLAYER_KILL			= 9AB6, G: MK1
_PLAYER_MOVE			= 9370, G: MK1
_PLAYING			= AA8B, G: MK1
_PN2				= 8C77, L: MK1
_POSSEE				= AD27, G: MK1
_PREGOTTEN			= A9BD, G: MK1
_PRINT_HEX			= 8D3F, G: MK1
_PRINT_NUMBER2			= 8C4A, G: MK1
_PRINT_STR			= 8CB0, G: MK1
_PROCESS_TILE			= 9034, G: MK1
_PTGMX				= AA6C, G: MK1
_PTGMY				= AA6D, G: MK1
_PTX1				= AA99, G: MK1
_PTX2				= AA9A, G: MK1
_PTY1				= AA9B, G: MK1
_PTY2				= AA9C, G: MK1
_P_AMMO				= AA79, G: MK1
_P_CONT_SALTO			= AA7F, G: MK1
_P_CT_ESTADO			= AA5A, G: MK1
_P_CURRENT_FRAME		= AA6A, G: MK1
_P_DISPARANDO			= AD30, G: MK1
_P_ESTADO			= AA77, G: MK1
_P_FACING			= A9BB, G: MK1
_P_FACING_H			= AD22, G: MK1
_P_FACING_V			= AD25, G: MK1
_P_FRAME			= A9BC, G: MK1
_P_FUEL				= AA83, G: MK1
_P_GOTTEN			= AA85, G: MK1
_P_KEYS				= AA8A, G: MK1
_P_KILLED			= AA78, G: MK1
_P_KILLME			= AA7D, G: MK1
_P_KILL_AMT			= A9BF, G: MK1
_P_LIFE				= AA81, G: MK1
_P_NEXT_FRAME			= AA9E, G: MK1
_P_OBJS				= AA84, G: MK1
_P_SALTANDO			= AD26, G: MK1
_P_SUBFRAME			= AAAD, G: MK1
_P_TX				= AA8F, G: MK1
_P_TY				= AA90, G: MK1
_P_VX				= AA93, G: MK1
_P_VY				= AA94, G: MK1
_P_X				= AAB4, G: MK1
_P_Y				= AD0E, G: MK1
_QTILE				= 8B1A, G: MK1
_RAND				= 8E43, G: MK1
_RDA				= AAB1, G: MK1
_RDB				= AAB2, G: MK1
_RDC				= AAB3, G: MK1
_RDD				= AD12, G: MK1
_RDN				= AD13, G: MK1
_RDT				= AD17, G: MK1
_RDX				= AD18, G: MK1
_RDY				= AD19, G: MK1
_SEED				= AA8D, G: MK1
_SELECT_JOYFUNC			= 928C, G: MK1
_SLEVEL				= AD1F, G: MK1
_SPACER				= 5E1D, G: MK1
_SPRITE_10_A			= 8511, G: MK1
_SPRITE_10_B			= 8541, G: MK1
_SPRITE_10_C			= 8571, G: MK1
_SPRITE_11_A			= 85A1, G: MK1
_SPRITE_11_B			= 85D1, G: MK1
_SPRITE_11_C			= 8601, G: MK1
_SPRITE_12_A			= 8631, G: MK1
_SPRITE_12_B			= 8661, G: MK1
_SPRITE_12_C			= 8691, G: MK1
_SPRITE_13_A			= 86C1, G: MK1
_SPRITE_13_B			= 86F1, G: MK1
_SPRITE_13_C			= 8721, G: MK1
_SPRITE_14_A			= 8751, G: MK1
_SPRITE_14_B			= 8781, G: MK1
_SPRITE_14_C			= 87B1, G: MK1
_SPRITE_15_A			= 87E1, G: MK1
_SPRITE_15_B			= 8811, G: MK1
_SPRITE_15_C			= 8841, G: MK1
_SPRITE_16_A			= 8871, G: MK1
_SPRITE_16_B			= 88A1, G: MK1
_SPRITE_16_C			= 88D1, G: MK1
_SPRITE_18_A			= 8901, G: MK1
_SPRITE_18_B			= 8931, L: MK1
_SPRITE_18_C			= 8961, L: MK1
_SPRITE_1_A			= 8001, G: MK1
_SPRITE_1_B			= 8031, G: MK1
_SPRITE_1_C			= 8061, G: MK1
_SPRITE_2_A			= 8091, G: MK1
_SPRITE_2_B			= 80C1, G: MK1
_SPRITE_2_C			= 80F1, G: MK1
_SPRITE_3_A			= 8121, G: MK1
_SPRITE_3_B			= 8151, G: MK1
_SPRITE_3_C			= 8181, G: MK1
_SPRITE_4_A			= 81B1, G: MK1
_SPRITE_4_B			= 81E1, G: MK1
_SPRITE_4_C			= 8211, G: MK1
_SPRITE_5_A			= 8241, G: MK1
_SPRITE_5_B			= 8271, G: MK1
_SPRITE_5_C			= 82A1, G: MK1
_SPRITE_6_A			= 82D1, G: MK1
_SPRITE_6_B			= 8301, G: MK1
_SPRITE_6_C			= 8331, G: MK1
_SPRITE_7_A			= 8361, G: MK1
_SPRITE_7_B			= 8391, G: MK1
_SPRITE_7_C			= 83C1, G: MK1
_SPRITE_8_A			= 83F1, G: MK1
_SPRITE_8_B			= 8421, G: MK1
_SPRITE_8_C			= 8451, G: MK1
_SPRITE_9_A			= 8481, G: MK1
_SPRITE_9_B			= 84B1, G: MK1
_SPRITE_9_C			= 84E1, G: MK1
_SP_MOVILES			= A982, G: MK1
_SP_PLAYER			= AA74, G: MK1
_STEP				= 8E83, G: MK1
_SUCCESS			= AD2C, G: MK1
_S_ENDING			= 6544, G: MK1
_S_MARCO			= 6456, G: MK1
_S_TITLE			= 5EC3, G: MK1
_TILESET			= 736D, G: MK1
_TOCADO				= AD1D, G: MK1
_UPDATE_TILE			= 8C19, G: MK1
_UTAUX				= 8C18, G: MK1
_U_FREE				= 5E1B, G: MK1
_U_MALLOC			= 5E19, G: MK1
_VA_COLLISION_CHECKEVIL		= 949D, L: MK1
_VA_COLLISION_DONE		= 94BB, L: MK1
_VA_COLLISION_VY_NEGATIVE	= 940A, L: MK1
_VA_COLLISION_VY_POSITIVE	= 9449, L: MK1
_VA_COL_VY_NEG_DO		= 9426, L: MK1
_VA_COL_VY_POS_DO		= 947D, L: MK1
_WALL_H				= AD1A, G: MK1
_WALL_V				= AD1C, G: MK1
_WARP_TO_LEVEL			= 5E1F, G: MK1
_X0				= AA5D, G: MK1
_X1				= AA5F, G: MK1
_Y0				= AA5E, G: MK1
_Y1				= AA60, G: MK1
__BADDIES_POINTER		= AD23, G: MK1
__EN_LIFE			= AAA8, G: MK1
__EN_MX				= A994, G: MK1
__EN_MY				= A995, G: MK1
__EN_T				= A97F, G: MK1
__EN_X				= A980, G: MK1
__EN_X1				= A98A, G: MK1
__EN_X2				= A98C, G: MK1
__EN_Y				= A981, G: MK1
__EN_Y1				= A98B, G: MK1
__EN_Y2				= A98D, G: MK1
__GP_GEN			= AA66, G: MK1
__N				= AA61, G: MK1
__T				= AA62, G: MK1
__X				= AA63, G: MK1
__Y				= AA64, G: MK1


START				= 5DC0, L: ZX82_CRT0
_KEYS				= 5DC6, G: MK1
_BEHS				= 5DD0, G: MK1
VPCLIPSTRUCT			= 5E00, L: MK1
FSCLIPSTRUCT			= 5E04, L: MK1
_JOYFUNC			= 5E08, G: MK1
_JOYFUNCS			= 5E0A, G: MK1
_MY_MALLOC			= 5E10, G: MK1
_U_MALLOC			= 5E19, G: MK1
_U_FREE				= 5E1B, G: MK1
_SPACER				= 5E1D, G: MK1
_WARP_TO_LEVEL			= 5E1F, G: MK1
DEPACK				= 5E20, L: MK1
APBRANCH1			= 5E23, L: MK1
APLOOP0				= 5E25, L: MK1
APLOOP				= 5E28, L: MK1
APGET4BITS			= 5E3B, L: MK1
APWRITEBYTE			= 5E45, L: MK1
APBRANCH4			= 5E49, L: MK1
APBRANCH3			= 5E52, L: MK1
APBRANCH2			= 5E66, L: MK1
APSKIP2				= 5E85, L: MK1
APSKIP3				= 5E8E, L: MK1
AP_FINISHUP			= 5E91, L: MK1
AP_FINISHUP2			= 5E94, L: MK1
AP_R0_GAMMA			= 5E9B, L: MK1
AP_GETBIT			= 5EA7, L: MK1
AP_GETGAMMA			= 5EB3, L: MK1
AP_GETGAMMALOOP			= 5EB6, L: MK1
_S_TITLE			= 5EC3, G: MK1
_S_MARCO			= 6456, G: MK1
_S_ENDING			= 6544, G: MK1
_BLACKOUT			= 6A85, G: MK1
_MAPA				= 6A93, G: MK1
_CERROJOS			= 735D, G: MK1
_TILESET			= 736D, G: MK1
_MALOTES			= 7C6D, G: MK1
_HOTSPOTS			= 7F97, G: MK1
_SPRITE_1_A			= 8001, G: MK1
_SPRITE_1_B			= 8031, G: MK1
_SPRITE_1_C			= 8061, G: MK1
_SPRITE_2_A			= 8091, G: MK1
_SPRITE_2_B			= 80C1, G: MK1
_SPRITE_2_C			= 80F1, G: MK1
_SPRITE_3_A			= 8121, G: MK1
_SPRITE_3_B			= 8151, G: MK1
_SPRITE_3_C			= 8181, G: MK1
_SPRITE_4_A			= 81B1, G: MK1
_SPRITE_4_B			= 81E1, G: MK1
_SPRITE_4_C			= 8211, G: MK1
_SPRITE_5_A			= 8241, G: MK1
_SPRITE_5_B			= 8271, G: MK1
_SPRITE_5_C			= 82A1, G: MK1
_SPRITE_6_A			= 82D1, G: MK1
_SPRITE_6_B			= 8301, G: MK1
_SPRITE_6_C			= 8331, G: MK1
_SPRITE_7_A			= 8361, G: MK1
_SPRITE_7_B			= 8391, G: MK1
_SPRITE_7_C			= 83C1, G: MK1
_SPRITE_8_A			= 83F1, G: MK1
_SPRITE_8_B			= 8421, G: MK1
_SPRITE_8_C			= 8451, G: MK1
_SPRITE_9_A			= 8481, G: MK1
_SPRITE_9_B			= 84B1, G: MK1
_SPRITE_9_C			= 84E1, G: MK1
_SPRITE_10_A			= 8511, G: MK1
_SPRITE_10_B			= 8541, G: MK1
_SPRITE_10_C			= 8571, G: MK1
_SPRITE_11_A			= 85A1, G: MK1
_SPRITE_11_B			= 85D1, G: MK1
_SPRITE_11_C			= 8601, G: MK1
_SPRITE_12_A			= 8631, G: MK1
_SPRITE_12_B			= 8661, G: MK1
_SPRITE_12_C			= 8691, G: MK1
_SPRITE_13_A			= 86C1, G: MK1
_SPRITE_13_B			= 86F1, G: MK1
_SPRITE_13_C			= 8721, G: MK1
_SPRITE_14_A			= 8751, G: MK1
_SPRITE_14_B			= 8781, G: MK1
_SPRITE_14_C			= 87B1, G: MK1
_SPRITE_15_A			= 87E1, G: MK1
_SPRITE_15_B			= 8811, G: MK1
_SPRITE_15_C			= 8841, G: MK1
_SPRITE_16_A			= 8871, G: MK1
_SPRITE_16_B			= 88A1, G: MK1
_SPRITE_16_C			= 88D1, G: MK1
_SPRITE_18_A			= 8901, G: MK1
_SPRITE_18_B			= 8931, L: MK1
_SPRITE_18_C			= 8961, L: MK1
PLAYSFX				= 8991, L: MK1
SOUND1				= 89A1, L: MK1
SOUND1L0			= 89A5, L: MK1
SOUND1L1			= 89B0, L: MK1
SOUND1L2			= 89BA, L: MK1
SOUND2				= 89C5, L: MK1
SOUND2L0			= 89C9, L: MK1
SOUND2L1			= 89D0, L: MK1
SOUND2L2			= 89D6, L: MK1
SOUND3				= 89DC, L: MK1
SOUND3L0			= 89E2, L: MK1
SOUND3L0A			= 89E8, L: MK1
SOUND3L1			= 89EF, L: MK1
SOUND3L2			= 89F6, L: MK1
SOUND3L3			= 89FD, L: MK1
SOUND4				= 8A03, L: MK1
SOUND4L0			= 8A06, L: MK1
SOUND4L1			= 8A0C, L: MK1
SOUND4L2			= 8A12, L: MK1
SOUND5				= 8A1A, L: MK1
SOUND5L0			= 8A1E, L: MK1
SOUND5L1			= 8A2A, L: MK1
SOUND6				= 8A30, L: MK1
SOUND6L0			= 8A34, L: MK1
SOUND6L0A			= 8A3A, L: MK1
SOUND6L1			= 8A3F, L: MK1
SOUND6L2			= 8A44, L: MK1
SOUND7				= 8A4A, L: MK1
SOUND7L0			= 8A4E, L: MK1
SOUND7L1			= 8A5A, L: MK1
SOUND8				= 8A64, L: MK1
SOUND9				= 8A68, L: MK1
SOUND10				= 8A6C, L: MK1
SOUNDITEM			= 8A6E, L: MK1
SOUND8L2			= 8A75, L: MK1
FRQ				= 8A77, L: MK1
SOUND8L0			= 8A79, L: MK1
SOUND8L1			= 8A7C, L: MK1
SOUND8L2B			= 8A84, L: MK1
SOUND8L3			= 8A8C, L: MK1
SOUND8L4			= 8A91, L: MK1
PROCLIST			= 8AA5, L: MK1
_BEEP_FX			= 8AB9, G: MK1
_ATTR				= 8ACA, G: MK1
I_16				= 8AEA, L: MK1
I_15				= 8AEE, L: MK1
_QTILE				= 8B1A, G: MK1
_DRAW_COLOURED_TILE		= 8B46, G: MK1
_INVALIDATE_TILE		= 8B8C, G: MK1
_INVALIDATE_VIEWPORT		= 8BA0, G: MK1
_DRAW_INVALIDATE_COLOURED_TILE_G= 8BB0, G: MK1
_DRAW_COLOURED_TILE_GAMEAREA	= 8BB7, G: MK1
_DRAW_DECORATIONS		= 8BE5, G: MK1
_DRAW_DECORATIONS_LOOP		= 8BE8, L: MK1
_UTAUX				= 8C18, G: MK1
_UPDATE_TILE			= 8C19, G: MK1
_PRINT_NUMBER2			= 8C4A, G: MK1
_PN2				= 8C77, L: MK1
_DRAW_OBJS			= 8C99, G: MK1
_PRINT_STR			= 8CB0, G: MK1
PRINT_STR_LOOP			= 8CB3, L: MK1
PRINT_STR_NO_INC_A		= 8CC7, L: MK1
_CLEAR_SPRITES			= 8CD5, G: MK1
HIDE_SPRITES_ENEMS_LOOP		= 8CEA, L: MK1
_HEX_CODE			= 8D15, G: MK1
I_19				= 8D30, L: MK1
I_20				= 8D3E, L: MK1
_PRINT_HEX			= 8D3F, G: MK1
_COLLIDE			= 8D85, G: MK1
I_21				= 8DE0, L: MK1
I_22				= 8DE3, L: MK1
_CM_TWO_POINTS			= 8DE6, G: MK1
_CM_TWO_POINTS_AT1_RESET	= 8DF4, L: MK1
_CM_TWO_POINTS_AT1_DO		= 8DF7, L: MK1
_CM_TWO_POINTS_AT1_DONE		= 8E11, L: MK1
_CM_TWO_POINTS_AT2_RESET	= 8E22, L: MK1
_CM_TWO_POINTS_AT2_DO		= 8E25, L: MK1
_CM_TWO_POINTS_AT2_DONE		= 8E3F, L: MK1
_RAND				= 8E43, G: MK1
RAND16				= 8E43, L: MK1
NEXTRAND			= 8E5F, L: MK1
_ABS				= 8E6C, G: MK1
I_23				= 8E7D, L: MK1
I_24				= 8E82, L: MK1
_STEP				= 8E83, G: MK1
_CORTINA			= 8E95, G: MK1
CLEARB1				= 8E9A, L: MK1
CLEARB2				= 8E9D, L: MK1
REPITATODO			= 8EA9, L: MK1
BUCLE				= 8EAF, L: MK1
BUCLE1				= 8EB2, L: MK1
BUCLE2				= 8EBA, L: MK1
_PLAYER_CELLS			= 8EC9, G: MK1
_ENEM_CELLS			= 8EDD, G: MK1
_LAME_SOUND			= 8EED, G: MK1
I_29				= 8EF4, L: MK1
I_27				= 8F08, L: MK1
I_28				= 8F17, L: MK1
_GAME_ENDING			= 8F20, G: MK1
_GAME_OVER			= 8F47, G: MK1
_ADDSIGN			= 8FAA, G: MK1
I_30				= 8FBB, L: MK1
I_31				= 8FC3, L: MK1
_ESPERA_ACTIVA			= 8FC4, G: MK1
I_32				= 8FC4, L: MK1
I_36				= 8FCC, L: MK1
I_33				= 8FCC, L: MK1
I_39				= 8FD3, L: MK1
I_37				= 8FDA, L: MK1
I_38				= 8FE9, L: MK1
I_40				= 8FF1, L: MK1
I_34				= 8FF1, L: MK1
I_35				= 8FFB, L: MK1
_LOCKS_INIT			= 8FFC, G: MK1
I_41				= 9006, L: MK1
I_43				= 9010, L: MK1
I_42				= 9033, L: MK1
_PROCESS_TILE			= 9034, G: MK1
I_45				= 9055, L: MK1
I_46_I_45			= 9058, L: MK1
I_47				= 9062, L: MK1
I_49				= 906C, L: MK1
I_51				= 90B5, L: MK1
I_52_I_51			= 90B8, L: MK1
I_50				= 90D0, L: MK1
I_48				= 90D3, L: MK1
I_44				= 9106, L: MK1
_DRAW_SCR_BACKGROUND		= 9107, G: MK1
I_53				= 9137, L: MK1
I_55				= 9141, L: MK1
_DRAW_SCR_PACKED_NEW		= 9157, L: MK1
_DRAW_SCR_PACKED_EXISTING	= 916C, L: MK1
_DRAW_SCR_PACKED_DONE		= 9171, L: MK1
_DRAW_SCR_PACKED_ALT		= 918D, L: MK1
_DRAW_SCR_PACKED_ALT_SUBST	= 919C, L: MK1
_DRAW_SCR_PACKED_NOALT		= 91A1, L: MK1
_ADVANCE_WORM_NO_INC_Y		= 91BC, L: MK1
I_54				= 91C2, L: MK1
_DRAW_SCR			= 91C3, G: MK1
_HOTSPOTS_SETUP_DO		= 9202, L: MK1
_HOTSPOTS_SETUP_SET_REFILL	= 9233, L: MK1
_HOTSPOTS_SETUP_SET		= 9234, L: MK1
_HOTSPOTS_SETUP_DONE		= 923C, L: MK1
_OPEN_LOCKS_LOOP		= 9241, L: MK1
_OPEN_LOCKS_DO			= 9255, L: MK1
_OPEN_LOCKS_DONE		= 927D, L: MK1
_SELECT_JOYFUNC			= 928C, G: MK1
I_56				= 928F, L: MK1
I_59_UGE			= 929F, L: MK1
I_59				= 92A8, L: MK1
I_60_I_59			= 92AB, L: MK1
I_58				= 92C4, L: MK1
I_57				= 92C7, L: MK1
_PLAYER_INIT			= 92C8, G: MK1
_PLAYER_CALC_BOUNDING_BOX	= 932F, G: MK1
_PLAYER_MOVE			= 9370, G: MK1
_PLAYER_GRAVITY_ADD		= 9381, L: MK1
_PLAYER_GRAVITY_VY_SET		= 9384, L: MK1
_PLAYER_GRAVITY_P_GOTTEN_DONE	= 9391, L: MK1
I_61				= 93B6, L: MK1
I_62				= 93C4, L: MK1
I_63				= 93D7, L: MK1
_VA_COLLISION_VY_NEGATIVE	= 940A, L: MK1
_VA_COL_VY_NEG_DO		= 9426, L: MK1
_VA_COLLISION_VY_POSITIVE	= 9449, L: MK1
_VA_COL_VY_POS_DO		= 947D, L: MK1
_VA_COLLISION_CHECKEVIL		= 949D, L: MK1
I_64				= 94B2, L: MK1
I_65				= 94B5, L: MK1
_VA_COLLISION_DONE		= 94BB, L: MK1
I_66				= 951F, L: MK1
I_68				= 953A, L: MK1
I_69				= 953D, L: MK1
I_73				= 9581, L: MK1
I_72				= 9593, L: MK1
I_71				= 9596, L: MK1
I_76				= 95D7, L: MK1
I_77				= 95ED, L: MK1
I_75				= 95ED, L: MK1
I_70				= 95F0, L: MK1
I_78				= 95F7, L: MK1
I_80				= 9628, L: MK1
I_81				= 962B, L: MK1
I_83				= 9668, L: MK1
I_82				= 966B, L: MK1
I_84				= 96A2, L: MK1
I_86				= 96A2, L: MK1
I_85				= 96A2, L: MK1
I_79				= 96A9, L: MK1
I_88				= 96D9, L: MK1
I_87				= 96D9, L: MK1
I_90				= 970B, L: MK1
I_89				= 970B, L: MK1
I_91				= 9731, L: MK1
I_92				= 9744, L: MK1
I_95				= 97AE, L: MK1
I_94				= 97DD, L: MK1
I_98				= 97F2, L: MK1
I_99				= 97F5, L: MK1
I_97				= 97FB, L: MK1
I_93				= 97FB, L: MK1
I_102				= 9837, L: MK1
I_101				= 9865, L: MK1
I_105				= 987A, L: MK1
I_106				= 987D, L: MK1
I_104				= 9883, L: MK1
I_100				= 9883, L: MK1
I_107				= 98D8, L: MK1
I_109				= 9936, L: MK1
I_108				= 9939, L: MK1
I_110				= 9998, L: MK1
I_112				= 9998, L: MK1
I_111				= 9998, L: MK1
I_113				= 99C7, L: MK1
I_114				= 99EE, L: MK1
I_115				= 99EE, L: MK1
I_116				= 99FC, L: MK1
I_118				= 9A11, L: MK1
I_119_I_118			= 9A14, L: MK1
I_117				= 9A2D, L: MK1
I_121				= 9A53, L: MK1
I_122				= 9A6F, L: MK1
I_120				= 9A88, L: MK1
_PLAYER_DEPLETE			= 9A89, G: MK1
I_123				= 9AAC, L: MK1
I_124				= 9AAF, L: MK1
_PLAYER_KILL			= 9AB6, G: MK1
_ENEMS_DRAW_CURRENT		= 9ACD, G: MK1
_ENEMS_LOAD			= 9B63, G: MK1
I_125				= 9B7C, L: MK1
I_127				= 9B86, L: MK1
I_130				= 9BF9, L: MK1
I_131				= 9C11, L: MK1
I_133				= 9C11, L: MK1
I_134				= 9C11, L: MK1
I_132				= 9C11, L: MK1
I_129				= 9C3A, L: MK1
I_126				= 9C3D, L: MK1
_ENEMS_KILL			= 9C3E, G: MK1
I_135				= 9C63, L: MK1
_ENEMS_MOVE			= 9C6E, G: MK1
I_136				= 9C97, L: MK1
I_138				= 9C9C, L: MK1
I_139				= 9D31, L: MK1
I_140				= 9D34, L: MK1
I_143				= 9D3F, L: MK1
I_144				= 9D57, L: MK1
I_146				= 9D57, L: MK1
I_147				= 9D57, L: MK1
I_145				= 9D57, L: MK1
_ENEMS_LM_CHANGE_AXIS_X		= 9D74, L: MK1
_ENEMS_LM_CHANGE_AXIS_X_DONE	= 9D7C, L: MK1
_ENEMS_LM_CHANGE_AXIS_Y		= 9D94, L: MK1
_ENEMS_LM_CHANGE_AXIS_Y_DONE	= 9D9C, L: MK1
I_142				= 9D9C, L: MK1
_ENEMS_MOVE_UPDATE_FRAME_DONE	= 9DED, L: MK1
I_149				= 9DED, L: MK1
I_154				= 9E38, L: MK1
I_155_I_154			= 9E3B, L: MK1
I_153				= 9E6E, L: MK1
I_152				= 9E6E, L: MK1
I_157				= 9EA8, L: MK1
I_158				= 9EAA, L: MK1
I_157_I_158			= 9EAF, L: MK1
I_160				= 9EF7, L: MK1
I_161				= 9EFA, L: MK1
I_159				= 9F01, L: MK1
I_162				= 9F04, L: MK1
I_151				= 9F3C, L: MK1
I_156				= 9F3C, L: MK1
I_150				= 9F3F, L: MK1
I_165				= 9F6B, L: MK1
I_166_I_165			= 9F6E, L: MK1
I_167				= 9FA8, L: MK1
I_163				= 9FA8, L: MK1
I_164				= 9FA8, L: MK1
I_148				= 9FA8, L: MK1
I_137				= 9FDB, L: MK1
_HOTSPOTS_INIT			= 9FDC, G: MK1
I_168				= 9FE3, L: MK1
I_169				= A00E, L: MK1
_HOTSPOTS_DO			= A00F, G: MK1
I_170				= A029, L: MK1
I_174				= A05B, L: MK1
I_175				= A06E, L: MK1
I_176				= A083, L: MK1
I_177				= A093, L: MK1
I_178				= A0B1, L: MK1
I_173				= A0B9, L: MK1
I_179				= A108, L: MK1
I_171				= A108, L: MK1
_MAIN				= A109, G: MK1
I_182				= A143, L: MK1
I_180				= A161, L: MK1
I_181				= A16B, L: MK1
I_183				= A1AA, L: MK1
I_185				= A1AF, L: MK1
I_186				= A237, L: MK1
I_184				= A237, L: MK1
_GAME_LOOP_INIT			= A25F, L: MK1
I_188				= A2AC, L: MK1
_GAME_LOOP_DO			= A2B6, L: MK1
I_190				= A2CC, L: MK1
I_191				= A2F0, L: MK1
I_192				= A30D, L: MK1
I_193				= A33D, L: MK1
I_194				= A36D, L: MK1
I_196				= A3A6, L: MK1
I_197				= A3AD, L: MK1
I_195				= A3AD, L: MK1
I_199				= A3C8, L: MK1
I_201				= A3CD, L: MK1
I_200				= A3F0, L: MK1
I_203				= A40E, L: MK1
I_202				= A44C, L: MK1
I_205				= A469, L: MK1
I_198				= A472, L: MK1
I_207				= A48C, L: MK1
I_208_I_207			= A48F, L: MK1
I_206				= A4A4, L: MK1
I_210				= A4BB, L: MK1
I_211_I_210			= A4BE, L: MK1
I_209				= A4D4, L: MK1
I_213_UGE			= A4F6, L: MK1
I_213				= A4F8, L: MK1
I_214_I_213			= A4FB, L: MK1
I_212				= A515, L: MK1
I_216				= A52C, L: MK1
I_217_I_216			= A52F, L: MK1
I_219				= A570, L: MK1
I_215				= A570, L: MK1
I_218				= A570, L: MK1
I_221				= A580, L: MK1
I_220				= A58C, L: MK1
I_189				= A58F, L: MK1
I_223				= A5A5, L: MK1
I_224				= A5A8, L: MK1
I_187				= A5B1, L: MK1
MUSICSTART			= A5B2, L: MK1
PLAYER				= A5D6, L: MK1
NEXT_PATTERN			= A5F6, L: MK1
PATTERN_LOOP_END		= A5FC, L: MK1
PATTERN_LOOP_BEGIN		= A600, L: MK1
NO_PATTERN_LOOP			= A601, L: MK1
MAIN_LOOP			= A60A, L: MK1
READ_LOOP			= A60D, L: MK1
CURRENT_INST			= A64C, L: MK1
L8098				= A655, L: MK1
L809B				= A658, L: MK1
SET_NOTE2			= A67E, L: MK1
SET_STOP			= A692, L: MK1
SET_STOP2			= A6AB, L: MK1
OTHER				= A6B6, L: MK1
INSTRUM_TBL			= A6CD, L: MK1
SKIP_CH1			= A6D6, L: MK1
EXIT_PLAYER			= A6DC, L: MK1
RENDER				= A6E3, L: MK1
CNT_1A				= A6ED, L: MK1
CNT_1B				= A6F1, L: MK1
DIV_1A				= A6F4, L: MK1
DIV_1B				= A6F7, L: MK1
OUT_1				= A6FA, L: MK1
CNT_2				= A6FE, L: MK1
DIV_2				= A701, L: MK1
OUT_2				= A704, L: MK1
PLAY_NOTE			= A705, L: MK1
PLAYER_WAIT_KEY			= A70C, L: MK1
L8168				= A711, L: MK1
L8171				= A71A, L: MK1
L8173				= A71C, L: MK1
L8179				= A722, L: MK1
L817B				= A724, L: MK1
L8184				= A72D, L: MK1
L8186				= A72F, L: MK1
L818A				= A733, L: MK1
L8193				= A73C, L: MK1
L8195				= A73E, L: MK1
L819B				= A744, L: MK1
L819D				= A746, L: MK1
L81A6				= A74F, L: MK1
L81A8				= A751, L: MK1
L81AC				= A755, L: MK1
L81B5				= A75E, L: MK1
L81B7				= A760, L: MK1
L81BD				= A766, L: MK1
L81BF				= A768, L: MK1
L81C8				= A771, L: MK1
L81CA				= A773, L: MK1
L81CE				= A777, L: MK1
L81D7				= A780, L: MK1
L81D9				= A782, L: MK1
L81DF				= A788, L: MK1
L81E1				= A78A, L: MK1
L81EA				= A793, L: MK1
L81EC				= A795, L: MK1
L81F9				= A7A2, L: MK1
L81FB				= A7A4, L: MK1
L8201				= A7AA, L: MK1
L8203				= A7AC, L: MK1
L820C				= A7B5, L: MK1
L820E				= A7B7, L: MK1
DRUMS				= A7D0, L: MK1
DRUM_TONE1			= A7DD, L: MK1
DRUM_TONE2			= A7E1, L: MK1
DRUM_TONE3			= A7E5, L: MK1
DRUM_TONE4			= A7E9, L: MK1
DRUM_TONE5			= A7ED, L: MK1
DRUM_TONE6			= A7F1, L: MK1
DRUM_TONE			= A7F3, L: MK1
DT_LOOP0			= A7FA, L: MK1
DT_LOOP1			= A807, L: MK1
DRUM_NOISE1			= A810, L: MK1
DRUM_NOISE2			= A818, L: MK1
DRUM_NOISE3			= A820, L: MK1
DRUM_NOISE			= A826, L: MK1
DN_LOOP0			= A82A, L: MK1
DN_LOOP1			= A832, L: MK1
PATTERN_ADDR			= A83E, L: MK1
PATTERN_PTR			= A840, L: MK1
NOTE_PTR			= A841, L: MK1
FREQ_TABLE			= A843, L: MK1
DRUM_TABLE			= A8BB, L: MK1
MUSICDATA			= A8CD, L: MK1
PATTERNDATA			= A8D9, L: MK1
PAT0				= A8E9, L: MK1
PAT1				= A914, L: MK1
PAT2				= A940, L: MK1
PAT3				= A955, L: MK1
I_1				= A965, L: MK1
__EN_T				= A97F, G: MK1
__EN_X				= A980, G: MK1
__EN_Y				= A981, G: MK1
_SP_MOVILES			= A982, G: MK1
_GPEN_CX			= A988, G: MK1
_GPEN_CY			= A989, G: MK1
__EN_X1				= A98A, G: MK1
__EN_Y1				= A98B, G: MK1
__EN_X2				= A98C, G: MK1
__EN_Y2				= A98D, G: MK1
_EN_AN_BASE_FRAME		= A98E, G: MK1
_HOTSPOT_X			= A991, G: MK1
_HOTSPOT_Y			= A992, G: MK1
_HALF_LIFE			= A993, G: MK1
__EN_MX				= A994, G: MK1
__EN_MY				= A995, G: MK1
_MAP_POINTER			= A996, G: MK1
_EN_AN_STATE			= A998, G: MK1
_FLAGS				= A99B, G: MK1
_P_FACING			= A9BB, G: MK1
_P_FRAME			= A9BC, G: MK1
_PREGOTTEN			= A9BD, G: MK1
_HIT_H				= A9BE, G: MK1
_P_KILL_AMT			= A9BF, G: MK1
_HIT_V				= A9C0, G: MK1
_KILLED_OLD			= A9C1, G: MK1
_GPAUX				= A9C2, G: MK1
_MAP_ATTR			= A9C3, G: MK1
_ACTIVE				= AA59, G: MK1
_P_CT_ESTADO			= AA5A, G: MK1
_LEVEL				= AA5B, G: MK1
_HOTSPOT_DESTROY		= AA5C, G: MK1
_X0				= AA5D, G: MK1
_Y0				= AA5E, G: MK1
_X1				= AA5F, G: MK1
_Y1				= AA60, G: MK1
__N				= AA61, G: MK1
__T				= AA62, G: MK1
__X				= AA63, G: MK1
__Y				= AA64, G: MK1
_LIFE_OLD			= AA65, G: MK1
__GP_GEN			= AA66, G: MK1
_GEN_PT				= AA68, G: MK1
_P_CURRENT_FRAME		= AA6A, G: MK1
_PTGMX				= AA6C, G: MK1
_PTGMY				= AA6D, G: MK1
_EN_AN_CURRENT_FRAME		= AA6E, G: MK1
_SP_PLAYER			= AA74, G: MK1
_ENOFFS				= AA76, G: MK1
_P_ESTADO			= AA77, G: MK1
_P_KILLED			= AA78, G: MK1
_P_AMMO				= AA79, G: MK1
_GPEN_X				= AA7A, G: MK1
_GPEN_Y				= AA7B, G: MK1
_PAD0				= AA7C, G: MK1
_P_KILLME			= AA7D, G: MK1
_N_PANT				= AA7E, G: MK1
_P_CONT_SALTO			= AA7F, G: MK1
_O_PANT				= AA80, G: MK1
_P_LIFE				= AA81, G: MK1
_ENIT				= AA82, G: MK1
_P_FUEL				= AA83, G: MK1
_P_OBJS				= AA84, G: MK1
_P_GOTTEN			= AA85, G: MK1
_GPCX				= AA86, G: MK1
_GPCY				= AA87, G: MK1
_GPIT				= AA88, G: MK1
_GPJT				= AA89, G: MK1
_P_KEYS				= AA8A, G: MK1
_PLAYING			= AA8B, G: MK1
_GPOX				= AA8C, G: MK1
_SEED				= AA8D, G: MK1
_P_TX				= AA8F, G: MK1
_P_TY				= AA90, G: MK1
_ASM_INT_2			= AA91, G: MK1
_P_VX				= AA93, G: MK1
_P_VY				= AA94, G: MK1
_GPXX				= AA95, G: MK1
_GPYY				= AA96, G: MK1
_OBJS_OLD			= AA97, G: MK1
_MAINCOUNTER			= AA98, G: MK1
_PTX1				= AA99, G: MK1
_PTX2				= AA9A, G: MK1
_PTY1				= AA9B, G: MK1
_PTY2				= AA9C, G: MK1
_ASM_NUMBER			= AA9D, G: MK1
_P_NEXT_FRAME			= AA9E, G: MK1
_EN_AN_NEXT_FRAME		= AAA0, G: MK1
_AT1				= AAA6, G: MK1
_AT2				= AAA7, G: MK1
__EN_LIFE			= AAA8, G: MK1
_CX1				= AAA9, G: MK1
_CX2				= AAAA, G: MK1
_CY1				= AAAB, G: MK1
_CY2				= AAAC, G: MK1
_P_SUBFRAME			= AAAD, G: MK1
_GPC				= AAAE, G: MK1
_GPD				= AAAF, G: MK1
_HIT				= AAB0, G: MK1
_RDA				= AAB1, G: MK1
_RDB				= AAB2, G: MK1
_RDC				= AAB3, G: MK1
_P_X				= AAB4, G: MK1
_AD_FREE			= AAB6, G: MK1
_P_Y				= AD0E, G: MK1
_GPX				= AD10, G: MK1
_GPY				= AD11, G: MK1
_RDD				= AD12, G: MK1
_RDN				= AD13, G: MK1
_ITJ				= AD14, G: MK1
_KEYS_OLD			= AD16, G: MK1
_RDT				= AD17, G: MK1
_RDX				= AD18, G: MK1
_RDY				= AD19, G: MK1
_WALL_H				= AD1A, G: MK1
_ENOFFSMASI			= AD1B, G: MK1
_WALL_V				= AD1C, G: MK1
_TOCADO				= AD1D, G: MK1
_IS_RENDERING			= AD1E, G: MK1
_SLEVEL				= AD1F, G: MK1
_ASM_INT			= AD20, G: MK1
_P_FACING_H			= AD22, G: MK1
__BADDIES_POINTER		= AD23, G: MK1
_P_FACING_V			= AD25, G: MK1
_P_SALTANDO			= AD26, G: MK1
_POSSEE				= AD27, G: MK1
_ORIG_TILE			= AD28, G: MK1
_EN_AN_FRAME			= AD29, G: MK1
_SUCCESS			= AD2C, G: MK1
_EN_AN_COUNT			= AD2D, G: MK1
_P_DISPARANDO			= AD30, G: MK1
L_AND				= AD31, G: L_AND
L_ASL				= AD38, G: L_ASL
L_ASL1				= AD39, L: L_ASL
L_ASR				= AD3F, G: L_ASR
L_ASR1				= AD40, L: L_ASR
L_ASR_U				= AD49, G: L_ASR_U
L_ASR_U_1			= AD4A, L: L_ASR_U
L_DIV_U				= AD53, G: L_DIV_U
ENTRY				= AD57, L: L_DIV_U
L_DIV1				= AD5E, L: L_DIV_U
L_DIV2				= AD68, L: L_DIV_U
L_EQ				= AD72, G: L_EQ
L_GCHAR				= AD79, G: L_GCHAR
L_SXT				= AD7A, L: L_GCHAR
L_GINT				= AD7F, G: L_GINT
L_GT				= AD84, G: L_GT
L_LNEG				= AD90, G: L_LNEG
L_LT				= AD95, G: L_LT
L_MULT				= ADA1, G: L_MULT
L_MULT1				= ADA8, L: L_MULT
L_MULT2				= ADAF, L: L_MULT
L_NE				= ADB2, G: L_NE
L_NEG				= ADB9, G: L_NEG
L_OR				= ADC1, G: L_OR
L_PINT				= ADC8, G: L_PINT
L_SXT				= ADCE, G: L_SXT
L_UGE				= ADD3, G: L_UGE
L_UGT				= ADDB, G: L_UGT
L_ULE				= ADE1, G: L_ULE
L_ULT				= ADE9, G: L_ULT
SPCOMPDLISTADDR			= ADEF, G: SPCOMPDLISTADDR
SPDISPLAYLIST			= AE00, G: SPDISPLAYLIST
SPINVALIDATE			= BA00, G: SPINVALIDATE
SPINVALIDATEP			= BA08, G: SPINVALIDATE
NOINC1				= BA21, L: SPINVALIDATE
INVCOLLP			= BA25, L: SPINVALIDATE
NOINC2				= BA34, L: SPINVALIDATE
INVFULLCHAR			= BA38, L: SPINVALIDATE
INVROWLP			= BA3A, L: SPINVALIDATE
NOINC3				= BA45, L: SPINVALIDATE
SPBITLEFT2MASK			= BA53, G: SPBITLEFT2MASK
SPBITRIGHT2MASK			= BA5B, G: SPBITRIGHT2MASK
SPCOMPDIRTYADDR			= BA63, G: SPCOMPDIRTYADDR
SPDIRTYCHARS			= BA78, G: SPDIRTYCHARS
SPINTRECT			= BAD8, G: SPINTRECT
SPINTSMALLIVAL			= BB09, G: SPINTRECT
TRYOTHERWAY			= BB1D, L: SPINTRECT
SPPTINSMALLIVAL			= BB2E, G: SPINTRECT
BROKEN				= BB3A, L: SPINTRECT
SPMOVESPRABS			= BB43, G: SPMOVESPRABS
SPMOVESPRABSNC			= BB51, G: SPMOVESPRABS
ADJLOOP				= BB5C, L: SPMOVESPRABS
SPMOVESPRABSC			= BB6A, G: SPMOVESPRABS
YINSCREEN			= BB82, L: SPMOVESPRABS
XINSCREEN			= BB92, L: SPMOVESPRABS
MVCOLLOOP			= BBA9, L: SPMOVESPRABS
MVROWLOOP			= BBAF, L: SPMOVESPRABS
NOTDONE				= BBB9, L: SPMOVESPRABS
NOINC1				= BBD1, L: SPMOVESPRABS
NOTINDLIST			= BBE5, L: SPMOVESPRABS
NONEXT1				= BBE5, L: SPMOVESPRABS
PDLOOP				= BC02, L: SPMOVESPRABS
NOINC2				= BC0A, L: SPMOVESPRABS
PUTHERE				= BC1C, L: SPMOVESPRABS
NOINC3				= BC2B, L: SPMOVESPRABS
NODEC1				= BC39, L: SPMOVESPRABS
NOINC4				= BC45, L: SPMOVESPRABS
NONEXT2				= BC52, L: SPMOVESPRABS
NOTDISPLAYED			= BC52, L: SPMOVESPRABS
INVALIDATE			= BC6D, L: SPMOVESPRABS
COMPUTEDISP			= BC7C, L: SPMOVESPRABS
NOTNEGATIVE			= BC9A, L: SPMOVESPRABS
ADJUSTGRAPHICS			= BC9F, L: SPMOVESPRABS
NOINC5				= BCAB, L: SPMOVESPRABS
SKIP1				= BCBB, L: SPMOVESPRABS
SKIP2				= BCCB, L: SPMOVESPRABS
SPNULLSPRPTR			= BCCE, G: SPNULLSPRPTR
SPPRINTATINV			= BCDE, G: SPPRINTATINV
SPBIT2MASK			= BCF6, G: SPBIT2MASK
SPTBLLOOKUP			= BCFE, G: SPTBLLOOKUP
NOINC				= BD04, L: SPTBLLOOKUP
SP_ADDCOLSPR			= BD06, G: SP_ADDCOLSPR
SPADDCOLSPR			= BD21, G: SPADDCOLSPR
ACNOCRY				= BD2C, L: SPADDCOLSPR
ACLOOP				= BD3D, L: SPADDCOLSPR
NOINC1				= BD79, L: SPADDCOLSPR
ACNOCRY3			= BD8D, L: SPADDCOLSPR
ACFAIL				= BDB7, L: SPADDCOLSPR
JPHL				= BDC8, L: SPADDCOLSPR
SPDELETESPR			= BDC9, G: SPDELETESPR
LOOP				= BDCD, L: SPDELETESPR
SPDSLOOP			= BDDA, G: SPDELETESPR
JPHL				= BDE2, L: SPDELETESPR
SP_ADDMEMORY			= BDE3, G: SP_ADDMEMORY
SPADDMEMORY			= BDFC, G: SPADDMEMORY
IB1				= BE04, L: SPADDMEMORY
IB2				= BE0B, L: SPADDMEMORY
SPFREEBLOCK			= BE18, G: SPFREEBLOCK
SPFB1				= BE1D, G: SPFREEBLOCK
SPFB2				= BE28, G: SPFREEBLOCK
SPQUEUETABLE			= BE33, G: SPQUEUETABLE
SP_BLOCKALLOC			= BE35, G: SP_BLOCKALLOC
SPBLOCKALLOC			= BE43, G: SPBLOCKALLOC
SPALLOC				= BE4D, G: SPBLOCKALLOC
SP_BORDER			= BE5E, G: SP_BORDER
SPBORDERCLR			= BE67, G: SPBORDER
SPBORDER			= BE68, G: SPBORDER
SP_CREATESPR			= BE70, G: SP_CREATESPR
SPCREATESPR			= BE88, G: SPCREATESPR
CSLOOP				= BED3, L: SPCREATESPR
CSENTER				= BEE7, L: SPCREATESPR
NOTCOMPRESS			= BEF9, L: SPCREATESPR
CONT				= BEFE, L: SPCREATESPR
CSNOCRY				= BF12, L: SPCREATESPR
CSFAIL1				= BF1C, L: SPCREATESPR
CSFAIL2				= BF1E, L: SPCREATESPR
JPHL				= BF27, L: SPCREATESPR
SP_FREEBLOCK			= BF28, G: SP_FREEBLOCK
SP_GETKEY			= BF33, G: SP_GETKEY
KEYOK				= BF39, L: SP_GETKEY
STATE				= BF3E, L: SPGETKEY
COUNT				= BF3F, L: SPGETKEY
SPKEYDEBOUNCE			= BF40, G: SPGETKEY
SPKEYSTARTREPEAT		= BF41, G: SPGETKEY
SPKEYREPEATPERIOD		= BF42, G: SPGETKEY
SPINKEY				= BF43, G: SPGETKEY
SPGETKEY			= BF54, G: SPGETKEY
SCANLOOP			= BF5B, L: SPGETKEY
KEYROWLOOP			= BF5F, L: SPGETKEY
NOPRESS				= BF6F, L: SPGETKEY
NEXTSCANROW			= BF74, L: SPGETKEY
ATMAXCOUNT			= BF85, L: SPGETKEY
SKIP				= BF9C, L: SPGETKEY
NOCAPS				= BFB2, L: SPGETKEY
NOSYM				= BFBD, L: SPGETKEY
TOOMANYKEYS			= BFC0, L: SPGETKEY
NOKEYS				= BFC0, L: SPGETKEY
SPKEYTRANSTBL			= BFC8, G: SPKEYTRANSTBL
SP_INITIALIZE			= C068, G: SP_INITIALIZE
SPINITIALIZE			= C074, G: SPINITIALIZE
ROTTBLLP			= C09A, L: SPINITIALIZE
ENTRYLP				= C0A1, L: SPINITIALIZE
ROTLP				= C0A4, L: SPINITIALIZE
LOOP				= C0BD, L: SPINITIALIZE
CONT1				= C0C5, L: SPINITIALIZE
NOADD				= C0CF, L: SPINITIALIZE
USERTILE			= C0D2, L: SPINITIALIZE
SPTILEARRAY			= C0D7, G: SPTILEARRAY
SP_JOYKEMPSTON			= C2D7, G: SP_JOYKEMPSTON
SPJOYKEMPSTON			= C2DE, G: SPJOYKEMPSTON
KEMPTBL				= C2E9, L: SPJOYKEMPSTON
SP_JOYKEYBOARD			= C309, G: SP_JOYKEYBOARD
SPJOYKEYBOARD			= C317, G: SPJOYKEYBOARD
NOFIRE				= C324, L: SPJOYKEYBOARD
JKLOOP				= C324, L: SPJOYKEYBOARD
NOPRESS				= C32F, L: SPJOYKEYBOARD
SP_JOYSINCLAIR1			= C336, G: SP_JOYSINCLAIR1
SPJOYSINCLAIR1			= C33D, G: SPJOYSINCLAIR1
SINC1TBL			= C349, L: SPJOYSINCLAIR1
SP_TILEARRAY			= C369, G: SP_TILEARRAY
SPTILEENTRY			= C377, G: SPTILEENTRY
NOINC				= C380, L: SPTILEENTRY
SP_UPDATENOW			= C388, G: SP_UPDATENOW
TEMPGRAPHIC			= C38E, L: SPUPDATENOW
TEMPCOLOUR			= C396, L: SPUPDATENOW
UPDATE_ATTRS			= C397, G: SPUPDATENOW
DOSPRITES			= C398, L: SPUPDATENOW
SPUPDATENOW			= C399, G: SPUPDATENOW
DIRTYLOOP			= C3A5, L: SPUPDATENOW
NOTACROSSBLK1			= C3B5, L: SPUPDATENOW
REENTER				= C3BD, L: SPUPDATENOW
NOINC1				= C3BD, L: SPUPDATENOW
DIRTYAREA			= C3CB, L: SPUPDATENOW
NOTACROSSBLK2			= C405, L: SPUPDATENOW
TILEONLY			= C40C, L: SPUPDATENOW
NOINC11				= C417, L: SPUPDATENOW
DRAWCHAR			= C43B, L: SPUPDATENOW
NOTLOAD				= C469, L: SPUPDATENOW
NOINC10				= C474, L: SPUPDATENOW
SPRITELOOP			= C489, L: SPUPDATENOW
DOSPRITE			= C48D, L: SPUPDATENOW
COLOURSPRITE			= C59E, L: SPUPDATENOW
SKIP_SPRITE_UPDATE		= C59F, L: SPUPDATENOW
CLEAR				= C5A0, L: SPUPDATENOW
COPYBUFFER			= C5AB, L: SPUPDATENOW
NOMORESPRITES			= C5CD, L: SPUPDATENOW
SKIPUPDATECOL			= C5D8, L: SPUPDATENOW
MASKNOROTATE			= C5DB, L: SPUPDATENOW
LOADTYPE			= C626, L: SPUPDATENOW
LOADNOROTATE			= C694, L: SPUPDATENOW
XORTYPE				= C6B3, L: SPUPDATENOW
XORNOROTATE			= C739, L: SPUPDATENOW
ORTYPE				= C76B, L: SPUPDATENOW
ORNOROTATE			= C7F1, L: SPUPDATENOW
SP_WAITFORNOKEY			= C823, G: SP_WAITFORNOKEY
SPWAITFORNOKEY			= C827, G: SPWAITFORNOKEY
