ACFAIL				= C2CE, L: SPADDCOLSPR
ACLOOP				= C251, L: SPADDCOLSPR
ACNOCRY				= C240, L: SPADDCOLSPR
ACNOCRY3			= C2A1, L: SPADDCOLSPR
ADJLOOP				= C06C, L: SPMOVESPRABS
ADJUSTGRAPHICS			= C1AF, L: SPMOVESPRABS
APBRANCH1			= 5E2A, L: MK1
APBRANCH2			= 5E6D, L: MK1
APBRANCH3			= 5E59, L: MK1
APBRANCH4			= 5E50, L: MK1
APGET4BITS			= 5E42, L: MK1
APLOOP				= 5E2F, L: MK1
APLOOP0				= 5E2C, L: MK1
APSKIP2				= 5E8C, L: MK1
APSKIP3				= 5E95, L: MK1
APWRITEBYTE			= 5E4C, L: MK1
AP_FINISHUP			= 5E98, L: MK1
AP_FINISHUP2			= 5E9B, L: MK1
AP_GETBIT			= 5EAE, L: MK1
AP_GETGAMMA			= 5EBA, L: MK1
AP_GETGAMMALOOP			= 5EBD, L: MK1
AP_R0_GAMMA			= 5EA2, L: MK1
ATMAXCOUNT			= C4AA, L: SPGETKEY
BROKEN				= C04A, L: SPINTRECT
BUCLE				= 8F0F, L: MK1
BUCLE1				= 8F12, L: MK1
BUCLE2				= 8F1A, L: MK1
CLEAR				= CAC5, L: SPUPDATENOW
CLEARB1				= 8EFA, L: MK1
CLEARB2				= 8EFD, L: MK1
CNT_1A				= AC2B, L: MK1
CNT_1B				= AC2F, L: MK1
CNT_2				= AC3C, L: MK1
COLOURSPRITE			= CAC3, L: SPUPDATENOW
COMPUTEDISP			= C18C, L: SPMOVESPRABS
CONT				= C420, L: SPCREATESPR
CONT1				= C5EA, L: SPINITIALIZE
COPYBUFFER			= CAD0, L: SPUPDATENOW
COUNT				= C464, L: SPGETKEY
CSENTER				= C409, L: SPCREATESPR
CSFAIL1				= C441, L: SPCREATESPR
CSFAIL2				= C443, L: SPCREATESPR
CSLOOP				= C3F5, L: SPCREATESPR
CSNOCRY				= C437, L: SPCREATESPR
CURRENT_INST			= AB8A, L: MK1
DEPACK				= 5E27, L: MK1
DIRTYAREA			= C8F0, L: SPUPDATENOW
DIRTYLOOP			= C8CA, L: SPUPDATENOW
DIV_1A				= AC32, L: MK1
DIV_1B				= AC35, L: MK1
DIV_2				= AC3F, L: MK1
DN_LOOP0			= AD68, L: MK1
DN_LOOP1			= AD70, L: MK1
DOSPRITE			= C9B2, L: SPUPDATENOW
DOSPRITES			= C8BD, L: SPUPDATENOW
DRAWCHAR			= C960, L: SPUPDATENOW
DRUMS				= AD0E, L: MK1
DRUM_NOISE			= AD64, L: MK1
DRUM_NOISE1			= AD4E, L: MK1
DRUM_NOISE2			= AD56, L: MK1
DRUM_NOISE3			= AD5E, L: MK1
DRUM_TABLE			= ADF9, L: MK1
DRUM_TONE			= AD31, L: MK1
DRUM_TONE1			= AD1B, L: MK1
DRUM_TONE2			= AD1F, L: MK1
DRUM_TONE3			= AD23, L: MK1
DRUM_TONE4			= AD27, L: MK1
DRUM_TONE5			= AD2B, L: MK1
DRUM_TONE6			= AD2F, L: MK1
DT_LOOP0			= AD38, L: MK1
DT_LOOP1			= AD45, L: MK1
ENTRY				= B26A, L: L_DIV_U
ENTRYLP				= C5C6, L: SPINITIALIZE
EXIT_PLAYER			= AC1A, L: MK1
FREQ_TABLE			= AD81, L: MK1
FRQ				= 8BCA, L: MK1
FSCLIPSTRUCT			= 5E04, L: MK1
HIDE_SPRITES_ENEMS_LOOP		= A418, L: MK1
IB1				= C31B, L: SPADDMEMORY
IB2				= C322, L: SPADDMEMORY
INSTRUM_TBL			= AC0B, L: MK1
INVALIDATE			= C17D, L: SPMOVESPRABS
INVCOLLP			= BF35, L: SPINVALIDATE
INVFULLCHAR			= BF48, L: SPINVALIDATE
INVROWLP			= BF4A, L: SPINVALIDATE
I_1				= AEA3, L: MK1
I_100				= 9846, L: MK1
I_102				= 9861, L: MK1
I_103				= 9864, L: MK1
I_104				= 9904, L: MK1
I_105				= 98BD, L: MK1
I_106				= 98BA, L: MK1
I_107				= 98A8, L: MK1
I_109				= 9901, L: MK1
I_110				= 98EB, L: MK1
I_111				= 9901, L: MK1
I_112				= 990B, L: MK1
I_113				= 998A, L: MK1
I_114				= 993C, L: MK1
I_115				= 993F, L: MK1
I_116				= 9969, L: MK1
I_117				= 9966, L: MK1
I_118				= 998A, L: MK1
I_119				= 998A, L: MK1
I_120				= 998A, L: MK1
I_121				= 99AF, L: MK1
I_122				= 99AF, L: MK1
I_123				= 99D6, L: MK1
I_124				= 99D6, L: MK1
I_125				= 99F4, L: MK1
I_126				= 9A07, L: MK1
I_127				= 9AB9, L: MK1
I_128				= 9A9B, L: MK1
I_129				= 9A6A, L: MK1
I_131				= 9AB9, L: MK1
I_132				= 9AB0, L: MK1
I_133				= 9AB3, L: MK1
I_134				= 9B3C, L: MK1
I_135				= 9B1E, L: MK1
I_136				= 9AEE, L: MK1
I_138				= 9B3C, L: MK1
I_139				= 9B33, L: MK1
I_140				= 9B36, L: MK1
I_141				= 9BD6, L: MK1
I_142				= 9BD3, L: MK1
I_143				= 9C35, L: MK1
I_144				= 9C35, L: MK1
I_145				= 9C35, L: MK1
I_146				= 9C52, L: MK1
I_147				= 9C67, L: MK1
I_148				= 9C67, L: MK1
I_149				= 9C75, L: MK1
I_15				= 8C64, L: MK1
I_150				= 9CA6, L: MK1
I_151				= 9C8A, L: MK1
I_152_I_151			= 9C8D, L: MK1
I_153				= 9CFE, L: MK1
I_154				= 9CC9, L: MK1
I_155				= 9CE5, L: MK1
I_156				= 9D0F, L: MK1
I_157				= 9D3F, L: MK1
I_158				= 9DF1, L: MK1
I_159				= 9D49, L: MK1
I_16				= 8C60, L: MK1
I_161				= 9DEE, L: MK1
I_162				= 9D8F, L: MK1
I_163				= 9DA7, L: MK1
I_164				= 9DA7, L: MK1
I_165				= 9DA7, L: MK1
I_166				= 9DA7, L: MK1
I_167				= 9DDA, L: MK1
I_168				= 9E11, L: MK1
I_169				= A402, L: MK1
I_170				= 9E16, L: MK1
I_171				= 9EDB, L: MK1
I_172				= 9EDB, L: MK1
I_173				= 9F0B, L: MK1
I_174				= 9F0E, L: MK1
I_176				= A118, L: MK1
I_177				= 9F19, L: MK1
I_178				= 9F31, L: MK1
I_179				= 9F31, L: MK1
I_18				= 8E3D, L: MK1
I_180				= 9F31, L: MK1
I_181				= 9F31, L: MK1
I_182				= A08E, L: MK1
I_183				= A052, L: MK1
I_185				= A118, L: MK1
I_186				= A0DC, L: MK1
I_188				= A3FF, L: MK1
I_189				= A19A, L: MK1
I_19				= 8E40, L: MK1
I_190				= A378, L: MK1
I_191				= A375, L: MK1
I_192				= A1CC, L: MK1
I_193_I_192			= A1CF, L: MK1
I_194				= A25C, L: MK1
I_195				= A25C, L: MK1
I_196				= A217, L: MK1
I_197_I_196			= A21A, L: MK1
I_198				= A375, L: MK1
I_199				= A2AA, L: MK1
I_199_I_200			= A2B1, L: MK1
I_20				= 8EDD, L: MK1
I_200				= A2AC, L: MK1
I_201				= A32B, L: MK1
I_202				= A321, L: MK1
I_203				= A324, L: MK1
I_204				= A32E, L: MK1
I_205				= A3FF, L: MK1
I_206				= A3FF, L: MK1
I_207				= A3A4, L: MK1
I_208_I_207			= A3A7, L: MK1
I_209				= A482, L: MK1
I_21				= 8EE2, L: MK1
I_210				= A4B3, L: MK1
I_211				= A48A, L: MK1
I_212				= A506, L: MK1
I_213				= A5A7, L: MK1
I_214				= A50B, L: MK1
I_215				= A5A7, L: MK1
I_216				= AAEF, L: MK1
I_217				= A615, L: MK1
I_218				= AACD, L: MK1
I_219				= A62D, L: MK1
I_220				= A651, L: MK1
I_221				= A66E, L: MK1
I_222				= A69E, L: MK1
I_223				= A6CE, L: MK1
I_224				= A6FD, L: MK1
I_225				= A707, L: MK1
I_226				= A7C2, L: MK1
I_227				= A70C, L: MK1
I_228				= A81E, L: MK1
I_229				= A7E0, L: MK1
I_231				= A83B, L: MK1
I_232				= A973, L: MK1
I_233				= A910, L: MK1
I_234				= A8F2, L: MK1
I_235				= A966, L: MK1
I_237				= A94E, L: MK1
I_238				= A923, L: MK1
I_239				= A931, L: MK1
I_24				= 8F73, L: MK1
I_240				= A941, L: MK1
I_241				= A99F, L: MK1
I_242				= A987, L: MK1
I_243_I_242			= A98A, L: MK1
I_244				= A9CC, L: MK1
I_245				= A9B3, L: MK1
I_246_I_245			= A9B6, L: MK1
I_247				= AA0A, L: MK1
I_248				= A9ED, L: MK1
I_248_UGE			= A9EB, L: MK1
I_249_I_248			= A9F0, L: MK1
I_25				= 8F82, L: MK1
I_250				= AA5A, L: MK1
I_251				= AA1E, L: MK1
I_252_I_251			= AA21, L: MK1
I_253				= AA5A, L: MK1
I_254				= AA5A, L: MK1
I_255				= AABC, L: MK1
I_256				= AABC, L: MK1
I_257				= AAA0, L: MK1
I_258				= AA98, L: MK1
I_259_I_258			= AA9B, L: MK1
I_26				= 8F63, L: MK1
I_260				= AAA3, L: MK1
I_261				= AAB0, L: MK1
I_263				= AACA, L: MK1
I_264				= AAE6, L: MK1
I_265				= AAE9, L: MK1
I_27				= 8FF5, L: MK1
I_28				= 9004, L: MK1
I_29				= 8FE5, L: MK1
I_30				= 9026, L: MK1
I_31				= 902E, L: MK1
I_32				= 9069, L: MK1
I_33				= 9073, L: MK1
I_34				= 9044, L: MK1
I_35				= 9052, L: MK1
I_36				= 9061, L: MK1
I_37				= 904B, L: MK1
I_38				= 9069, L: MK1
I_39				= 907E, L: MK1
I_40				= 90AB, L: MK1
I_41				= 9088, L: MK1
I_42				= 90B3, L: MK1
I_43				= 90DE, L: MK1
I_44				= 91F6, L: MK1
I_45				= 9100, L: MK1
I_46_I_45			= 9103, L: MK1
I_47				= 9157, L: MK1
I_48				= 91C8, L: MK1
I_49				= 9161, L: MK1
I_50				= 91C5, L: MK1
I_51				= 91AA, L: MK1
I_52_I_51			= 91AD, L: MK1
I_53				= 922A, L: MK1
I_54				= 9307, L: MK1
I_55				= 9234, L: MK1
I_56				= 9271, L: MK1
I_57				= 9283, L: MK1
I_58				= 92CA, L: MK1
I_59				= 92BB, L: MK1
I_60				= 92BE, L: MK1
I_61				= 9304, L: MK1
I_62				= 9467, L: MK1
I_63				= 937D, L: MK1
I_64				= 9380, L: MK1
I_65				= 93C5, L: MK1
I_66				= 93BB, L: MK1
I_67				= 93BE, L: MK1
I_68				= 93C8, L: MK1
I_69				= 9457, L: MK1
I_70				= 945A, L: MK1
I_71				= 9471, L: MK1
I_72				= 9526, L: MK1
I_73				= 947B, L: MK1
I_74				= 9523, L: MK1
I_75				= 94B2, L: MK1
I_76_I_75			= 94B5, L: MK1
I_77				= 953B, L: MK1
I_78				= 9573, L: MK1
I_79				= 9570, L: MK1
I_80				= 9554, L: MK1
I_80_UGE			= 954B, L: MK1
I_81_I_80			= 9557, L: MK1
I_82				= 9674, L: MK1
I_83				= 9682, L: MK1
I_84				= 9695, L: MK1
I_85				= 971D, L: MK1
I_86				= 971D, L: MK1
I_87				= 96EF, L: MK1
I_89				= 97BC, L: MK1
I_90				= 97BC, L: MK1
I_91				= 978A, L: MK1
I_92				= 9780, L: MK1
I_93				= 977B, L: MK1
I_95				= 9783, L: MK1
I_96				= 978D, L: MK1
I_97				= 97E2, L: MK1
I_98				= 97D9, L: MK1
I_99				= 97DC, L: MK1
JKLOOP				= C849, L: SPJOYKEYBOARD
JPHL				= C44C, L: SPCREATESPR
JPHL				= C2F9, L: SPDELETESPR
JPHL				= C2DF, L: SPADDCOLSPR
KEMPTBL				= C80E, L: SPJOYKEMPSTON
KEYOK				= C45E, L: SP_GETKEY
KEYROWLOOP			= C484, L: SPGETKEY
L8098				= AB93, L: MK1
L809B				= AB96, L: MK1
L8168				= AC4F, L: MK1
L8171				= AC58, L: MK1
L8173				= AC5A, L: MK1
L8179				= AC60, L: MK1
L817B				= AC62, L: MK1
L8184				= AC6B, L: MK1
L8186				= AC6D, L: MK1
L818A				= AC71, L: MK1
L8193				= AC7A, L: MK1
L8195				= AC7C, L: MK1
L819B				= AC82, L: MK1
L819D				= AC84, L: MK1
L81A6				= AC8D, L: MK1
L81A8				= AC8F, L: MK1
L81AC				= AC93, L: MK1
L81B5				= AC9C, L: MK1
L81B7				= AC9E, L: MK1
L81BD				= ACA4, L: MK1
L81BF				= ACA6, L: MK1
L81C8				= ACAF, L: MK1
L81CA				= ACB1, L: MK1
L81CE				= ACB5, L: MK1
L81D7				= ACBE, L: MK1
L81D9				= ACC0, L: MK1
L81DF				= ACC6, L: MK1
L81E1				= ACC8, L: MK1
L81EA				= ACD1, L: MK1
L81EC				= ACD3, L: MK1
L81F9				= ACE0, L: MK1
L81FB				= ACE2, L: MK1
L8201				= ACE8, L: MK1
L8203				= ACEA, L: MK1
L820C				= ACF3, L: MK1
L820E				= ACF5, L: MK1
LOADNOROTATE			= CBB9, L: SPUPDATENOW
LOADTYPE			= CB4B, L: SPUPDATENOW
LOOP				= C5E2, L: SPINITIALIZE
LOOP				= C2E4, L: SPDELETESPR
L_AND				= B244, G: L_AND
L_ASL				= B24B, G: L_ASL
L_ASL1				= B24C, L: L_ASL
L_ASR				= B252, G: L_ASR
L_ASR1				= B253, L: L_ASR
L_ASR_U				= B25C, G: L_ASR_U
L_ASR_U_1			= B25D, L: L_ASR_U
L_DIV1				= B271, L: L_DIV_U
L_DIV2				= B27B, L: L_DIV_U
L_DIV_U				= B266, G: L_DIV_U
L_EQ				= B285, G: L_EQ
L_GCHAR				= B28C, G: L_GCHAR
L_GCHARSPSP			= B292, G: L_GCHARSPSP
L_GINT				= B29C, G: L_GINT
L_GT				= B2A1, G: L_GT
L_LNEG				= B2AD, G: L_LNEG
L_LT				= B2B2, G: L_LT
L_MULT				= B2BE, G: L_MULT
L_MULT1				= B2C5, L: L_MULT
L_MULT2				= B2CC, L: L_MULT
L_NE				= B2CF, G: L_NE
L_NEG				= B2D6, G: L_NEG
L_PINT				= B2DE, G: L_PINT
L_SXT				= B2E4, G: L_SXT
L_SXT				= B28D, L: L_GCHAR
L_UGE				= B2E9, G: L_UGE
L_ULE				= B2F1, G: L_ULE
L_ULT				= B2F9, G: L_ULT
MAIN_LOOP			= AB48, L: MK1
MASKNOROTATE			= CB00, L: SPUPDATENOW
MUSICDATA			= AE0B, L: MK1
MUSICSTART			= AAF0, L: MK1
MVCOLLOOP			= C0B9, L: SPMOVESPRABS
MVROWLOOP			= C0BF, L: SPMOVESPRABS
NEXTRAND			= 8EBC, L: MK1
NEXTSCANROW			= C499, L: SPGETKEY
NEXT_PATTERN			= AB34, L: MK1
NOADD				= C5F4, L: SPINITIALIZE
NOCAPS				= C4D7, L: SPGETKEY
NODEC1				= C149, L: SPMOVESPRABS
NOFIRE				= C849, L: SPJOYKEYBOARD
NOINC				= C8A5, L: SPTILEENTRY
NOINC				= C214, L: SPTBLLOOKUP
NOINC1				= C8E2, L: SPUPDATENOW
NOINC1				= C28D, L: SPADDCOLSPR
NOINC1				= C0E1, L: SPMOVESPRABS
NOINC1				= BF31, L: SPINVALIDATE
NOINC10				= C999, L: SPUPDATENOW
NOINC11				= C93C, L: SPUPDATENOW
NOINC2				= C11A, L: SPMOVESPRABS
NOINC2				= BF44, L: SPINVALIDATE
NOINC3				= C13B, L: SPMOVESPRABS
NOINC3				= BF55, L: SPINVALIDATE
NOINC4				= C155, L: SPMOVESPRABS
NOINC5				= C1BB, L: SPMOVESPRABS
NOKEYS				= C4E5, L: SPGETKEY
NOMORESPRITES			= CAF2, L: SPUPDATENOW
NONEXT1				= C0F5, L: SPMOVESPRABS
NONEXT2				= C162, L: SPMOVESPRABS
NOPRESS				= C854, L: SPJOYKEYBOARD
NOPRESS				= C494, L: SPGETKEY
NOSYM				= C4E2, L: SPGETKEY
NOTACROSSBLK1			= C8DA, L: SPUPDATENOW
NOTACROSSBLK2			= C92A, L: SPUPDATENOW
NOTCOMPRESS			= C41B, L: SPCREATESPR
NOTDISPLAYED			= C162, L: SPMOVESPRABS
NOTDONE				= C0C9, L: SPMOVESPRABS
NOTE_PTR			= AD7F, L: MK1
NOTINDLIST			= C0F5, L: SPMOVESPRABS
NOTLOAD				= C98E, L: SPUPDATENOW
NOTNEGATIVE			= C1AA, L: SPMOVESPRABS
NO_PATTERN_LOOP			= AB3F, L: MK1
ORNOROTATE			= CD16, L: SPUPDATENOW
ORTYPE				= CC90, L: SPUPDATENOW
OTHER				= ABF4, L: MK1
OUT_1				= AC38, L: MK1
OUT_2				= AC42, L: MK1
PAT0				= AE27, L: MK1
PAT1				= AE52, L: MK1
PAT2				= AE7E, L: MK1
PAT3				= AE93, L: MK1
PATTERNDATA			= AE17, L: MK1
PATTERN_ADDR			= AD7C, L: MK1
PATTERN_LOOP_BEGIN		= AB3E, L: MK1
PATTERN_LOOP_END		= AB3A, L: MK1
PATTERN_PTR			= AD7E, L: MK1
PDLOOP				= C112, L: SPMOVESPRABS
PLAYER				= AB14, L: MK1
PLAYER_WAIT_KEY			= AC4A, L: MK1
PLAYSFX				= 8AE4, L: MK1
PLAY_NOTE			= AC43, L: MK1
PRINT_STR_LOOP			= 8DC4, L: MK1
PROCLIST			= 8BF8, L: MK1
PUTHERE				= C12C, L: SPMOVESPRABS
RAND16				= 8EA0, L: MK1
READ_LOOP			= AB4B, L: MK1
REENTER				= C8E2, L: SPUPDATENOW
RENDER				= AC21, L: MK1
REPITATODO			= 8F09, L: MK1
ROTLP				= C5C9, L: SPINITIALIZE
ROTTBLLP			= C5BF, L: SPINITIALIZE
SCANLOOP			= C480, L: SPGETKEY
SET_NOTE2			= ABBC, L: MK1
SET_STOP			= ABD0, L: MK1
SET_STOP2			= ABE9, L: MK1
SINC1TBL			= C86E, L: SPJOYSINCLAIR1
SKIP				= C4C1, L: SPGETKEY
SKIP1				= C1CB, L: SPMOVESPRABS
SKIP2				= C1DB, L: SPMOVESPRABS
SKIPUPDATECOL			= CAFD, L: SPUPDATENOW
SKIP_CH1			= AC14, L: MK1
SKIP_SPRITE_UPDATE		= CAC4, L: SPUPDATENOW
SOUND1				= 8AF4, L: MK1
SOUND10				= 8BBF, L: MK1
SOUND1L0			= 8AF8, L: MK1
SOUND1L1			= 8B03, L: MK1
SOUND1L2			= 8B0D, L: MK1
SOUND2				= 8B18, L: MK1
SOUND2L0			= 8B1C, L: MK1
SOUND2L1			= 8B23, L: MK1
SOUND2L2			= 8B29, L: MK1
SOUND3				= 8B2F, L: MK1
SOUND3L0			= 8B35, L: MK1
SOUND3L0A			= 8B3B, L: MK1
SOUND3L1			= 8B42, L: MK1
SOUND3L2			= 8B49, L: MK1
SOUND3L3			= 8B50, L: MK1
SOUND4				= 8B56, L: MK1
SOUND4L0			= 8B59, L: MK1
SOUND4L1			= 8B5F, L: MK1
SOUND4L2			= 8B65, L: MK1
SOUND5				= 8B6D, L: MK1
SOUND5L0			= 8B71, L: MK1
SOUND5L1			= 8B7D, L: MK1
SOUND6				= 8B83, L: MK1
SOUND6L0			= 8B87, L: MK1
SOUND6L0A			= 8B8D, L: MK1
SOUND6L1			= 8B92, L: MK1
SOUND6L2			= 8B97, L: MK1
SOUND7				= 8B9D, L: MK1
SOUND7L0			= 8BA1, L: MK1
SOUND7L1			= 8BAD, L: MK1
SOUND8				= 8BB7, L: MK1
SOUND8L0			= 8BCC, L: MK1
SOUND8L1			= 8BCF, L: MK1
SOUND8L2			= 8BC8, L: MK1
SOUND8L2B			= 8BD7, L: MK1
SOUND8L3			= 8BDF, L: MK1
SOUND8L4			= 8BE4, L: MK1
SOUND9				= 8BBB, L: MK1
SOUNDITEM			= 8BC1, L: MK1
SPADDCOLSPR			= C235, G: SPADDCOLSPR
SPADDMEMORY			= C313, G: SPADDMEMORY
SPALLOC				= C364, G: SPBLOCKALLOC
SPBIT2MASK			= C206, G: SPBIT2MASK
SPBITLEFT2MASK			= BF63, G: SPBITLEFT2MASK
SPBITRIGHT2MASK			= BF6B, G: SPBITRIGHT2MASK
SPBLOCKALLOC			= C35A, G: SPBLOCKALLOC
SPBORDER			= C37F, G: SPBORDER
SPBORDERCLR			= C37E, G: SPBORDER
SPCOMPDIRTYADDR			= BF73, G: SPCOMPDIRTYADDR
SPCOMPDLISTADDR			= B2FF, G: SPCOMPDLISTADDR
SPCREATESPR			= C3A4, G: SPCREATESPR
SPDELETESPR			= C2E0, G: SPDELETESPR
SPDIRTYCHARS			= BF88, G: SPDIRTYCHARS
SPDISPLAYLIST			= B310, G: SPDISPLAYLIST
SPDSLOOP			= C2F1, G: SPDELETESPR
SPFB1				= C334, G: SPFREEBLOCK
SPFB2				= C33F, G: SPFREEBLOCK
SPFREEBLOCK			= C32F, G: SPFREEBLOCK
SPGETKEY			= C479, G: SPGETKEY
SPINITIALIZE			= C599, G: SPINITIALIZE
SPINKEY				= C468, G: SPGETKEY
SPINTRECT			= BFE8, G: SPINTRECT
SPINTSMALLIVAL			= C019, G: SPINTRECT
SPINVALIDATE			= BF10, G: SPINVALIDATE
SPINVALIDATEP			= BF18, G: SPINVALIDATE
SPJOYKEMPSTON			= C803, G: SPJOYKEMPSTON
SPJOYKEYBOARD			= C83C, G: SPJOYKEYBOARD
SPJOYSINCLAIR1			= C862, G: SPJOYSINCLAIR1
SPKEYDEBOUNCE			= C465, G: SPGETKEY
SPKEYREPEATPERIOD		= C467, G: SPGETKEY
SPKEYSTARTREPEAT		= C466, G: SPGETKEY
SPKEYTRANSTBL			= C4ED, G: SPKEYTRANSTBL
SPMOVESPRABS			= C053, G: SPMOVESPRABS
SPMOVESPRABSC			= C07A, G: SPMOVESPRABS
SPMOVESPRABSNC			= C061, G: SPMOVESPRABS
SPNULLSPRPTR			= C1DE, G: SPNULLSPRPTR
SPPRINTATINV			= C1EE, G: SPPRINTATINV
SPPTINSMALLIVAL			= C03E, G: SPINTRECT
SPQUEUETABLE			= C34A, G: SPQUEUETABLE
SPRITELOOP			= C9AE, L: SPUPDATENOW
SPTBLLOOKUP			= C20E, G: SPTBLLOOKUP
SPTILEARRAY			= C5FC, G: SPTILEARRAY
SPTILEENTRY			= C89C, G: SPTILEENTRY
SPUPDATENOW			= C8BE, G: SPUPDATENOW
SPWAITFORNOKEY			= CD4C, G: SPWAITFORNOKEY
SP_ADDCOLSPR			= C216, G: SP_ADDCOLSPR
SP_ADDMEMORY			= C2FA, G: SP_ADDMEMORY
SP_BLOCKALLOC			= C34C, G: SP_BLOCKALLOC
SP_BORDER			= C375, G: SP_BORDER
SP_CREATESPR			= C387, G: SP_CREATESPR
SP_FREEBLOCK			= C44D, G: SP_FREEBLOCK
SP_GETKEY			= C458, G: SP_GETKEY
SP_INITIALIZE			= C58D, G: SP_INITIALIZE
SP_JOYKEMPSTON			= C7FC, G: SP_JOYKEMPSTON
SP_JOYKEYBOARD			= C82E, G: SP_JOYKEYBOARD
SP_JOYSINCLAIR1			= C85B, G: SP_JOYSINCLAIR1
SP_TILEARRAY			= C88E, G: SP_TILEARRAY
SP_UPDATENOW			= C8AD, G: SP_UPDATENOW
SP_WAITFORNOKEY			= CD48, G: SP_WAITFORNOKEY
START				= 5DC0, L: ZX82_CRT0
STATE				= C463, L: SPGETKEY
TEMPCOLOUR			= C8BB, L: SPUPDATENOW
TEMPGRAPHIC			= C8B3, L: SPUPDATENOW
TILEONLY			= C931, L: SPUPDATENOW
TOOMANYKEYS			= C4E5, L: SPGETKEY
TRYOTHERWAY			= C02D, L: SPINTRECT
UPDATE_ATTRS			= C8BC, G: SPUPDATENOW
USERTILE			= C5F7, L: SPINITIALIZE
VPCLIPSTRUCT			= 5E00, L: MK1
XINSCREEN			= C0A2, L: SPMOVESPRABS
XORNOROTATE			= CC5E, L: SPUPDATENOW
XORTYPE				= CBD8, L: SPUPDATENOW
YINSCREEN			= C092, L: SPMOVESPRABS
_ABS				= 8ECC, G: MK1
_ACTIVE				= AF6F, G: MK1
_ADDSIGN			= 9015, G: MK1
_AD_FREE			= AFCE, G: MK1
_ALLPURPOSEPUNTERO		= B239, G: MK1
_ASM_INT			= 5E1E, G: MK1
_ASM_INT_2			= 5E20, G: MK1
_ASM_NUMBER			= 5E1D, G: MK1
_AT1				= AFBD, G: MK1
_AT2				= AFBE, G: MK1
_ATTR				= 8C20, G: MK1
_BEEPER_FX			= 8C0C, G: MK1
_BEHS				= 5DD0, G: MK1
_BLACKOUT			= 6B24, G: MK1
_CERROJOS			= 73FC, G: MK1
_CLEAR_SPRITES			= A403, G: MK1
_CM_TWO_POINTS			= 8E43, G: MK1
_CM_TWO_POINTS_AT1_DO		= 8E54, L: MK1
_CM_TWO_POINTS_AT1_DONE		= 8E6E, L: MK1
_CM_TWO_POINTS_AT1_RESET	= 8E51, L: MK1
_CM_TWO_POINTS_AT2_DO		= 8E82, L: MK1
_CM_TWO_POINTS_AT2_DONE		= 8E9C, L: MK1
_CM_TWO_POINTS_AT2_RESET	= 8E7F, L: MK1
_COLLIDE			= 8DE2, G: MK1
_CORTINA			= 8EF5, G: MK1
_CTILEOFF			= 902F, G: MK1
_CX1				= AFBF, G: MK1
_CX2				= AFC0, G: MK1
_CY1				= AFC1, G: MK1
_CY2				= AFC2, G: MK1
_DRAW_COLOURED_TILE		= 8CBC, G: MK1
_DRAW_COLOURED_TILE_GAMEAREA	= 8D2D, G: MK1
_DRAW_INVALIDATE_COLOURED_TILE_G= 8D26, G: MK1
_DRAW_OBJS			= 8DAA, G: MK1
_DRAW_SCR			= 9527, G: MK1
_DRAW_SCR_BACKGROUND		= 91F7, G: MK1
_ENEMS_LOAD			= 9D26, G: MK1
_ENEMS_MOVE			= 9DF2, G: MK1
_ENEM_FRAMES			= 8F3D, G: MK1
_ENOFFS				= AF8C, G: MK1
_ENOFFSMASI			= B232, G: MK1
_EN_AN_BASE_FRAME		= AEC5, G: MK1
_EN_AN_COUNT			= B240, G: MK1
_EN_AN_CURRENT_FRAME		= AF84, G: MK1
_EN_AN_FRAME			= B23C, G: MK1
_EN_AN_NEXT_FRAME		= AFB7, G: MK1
_EN_AN_STATE			= AECF, G: MK1
_ESPERA_ACTIVA			= 9044, G: MK1
_FZX1				= AF9C, G: MK1
_FZX2				= AF9D, G: MK1
_FZY1				= AF9E, G: MK1
_FZY2				= AF9F, G: MK1
_F_ZONE_AC			= AFB4, G: MK1
_GAME_ENDING			= 8F4D, G: MK1
_GAME_OVER			= 8F93, G: MK1
_GPAUX				= AED8, G: MK1
_GPC				= AFC4, G: MK1
_GPCX				= AFA0, G: MK1
_GPCY				= AFA1, G: MK1
_GPD				= AFC5, G: MK1
_GPEN_CX			= AEC3, G: MK1
_GPEN_CY			= AEC4, G: MK1
_GPEN_X				= AF90, G: MK1
_GPEN_XX			= AECB, G: MK1
_GPEN_Y				= AF91, G: MK1
_GPEN_YY			= AECC, G: MK1
_GPIT				= AFA2, G: MK1
_GPJT				= AFA4, G: MK1
_GPOX				= AFA6, G: MK1
_GPT				= AFC8, G: MK1
_GPX				= B228, G: MK1
_GPXX				= AFAC, G: MK1
_GPY				= B229, G: MK1
_GPYY				= AFAD, G: MK1
_HALF_LIFE			= AECA, G: MK1
_HIT				= AFC7, G: MK1
_HIT_H				= AED5, G: MK1
_HIT_V				= AED6, G: MK1
_HOTSPOTS			= 8A8A, G: MK1
_HOTSPOTS_INIT			= 90AC, G: MK1
_HOTSPOT_X			= AEC8, G: MK1
_HOTSPOT_Y			= AEC9, G: MK1
_INVALIDATE_TILE		= 8D02, G: MK1
_INVALIDATE_VIEWPORT		= 8D16, G: MK1
_ITJ				= B22C, G: MK1
_JOYFUNC			= 5E08, G: MK1
_JOYFUNCS			= 5E0A, G: MK1
_KEYS				= 5DC6, G: MK1
_KEYS_OLD			= B22E, G: MK1
_KILLED_OLD			= AED7, G: MK1
_LEVEL				= 5E26, G: MK1
_LIFE_OLD			= AF7A, G: MK1
_LOCKS_INIT			= 9074, G: MK1
_MAIN				= A443, G: MK1
_MAINCOUNTER			= AFAF, G: MK1
_MALOTES			= 86AC, G: MK1
_MAPA				= 6B32, G: MK1
_MAP_ATTR			= AED9, G: MK1
_MAP_POINTER			= AECD, G: MK1
_MY_MALLOC			= 5E10, G: MK1
_N_PANT				= AF94, G: MK1
_OBJS_OLD			= AFAE, G: MK1
_ORIG_TILE			= B23B, G: MK1
_O_PANT				= AF96, G: MK1
_PAD0				= AF92, G: MK1
_PANT_FINAL			= AF7D, G: MK1
_PLAYER_CALC_BOUNDING_BOX	= 95E2, G: MK1
_PLAYER_FRAMES			= 8F29, G: MK1
_PLAYER_GRAVITY_ADD		= 9641, L: MK1
_PLAYER_GRAVITY_DONE		= 964D, L: MK1
_PLAYER_GRAVITY_MAXIMUM		= 9647, L: MK1
_PLAYER_GRAVITY_P_GOTTEN_DONE	= 9657, L: MK1
_PLAYER_GRAVITY_VY_SET		= 964A, L: MK1
_PLAYER_INIT			= 9575, G: MK1
_PLAYER_KILL			= 9CFF, G: MK1
_PLAYER_MOVE			= 9623, G: MK1
_PLAYING			= AFA5, G: MK1
_POSSEE				= B238, G: MK1
_PREGOTTEN			= AED4, G: MK1
_PRINT_NUMBER2			= 8D5B, G: MK1
_PRINT_STR			= 8DC1, G: MK1
_PROCESS_TILE			= 90DF, G: MK1
_PTGMX				= AF80, G: MK1
_PTGMY				= AF82, G: MK1
_PTX1				= AFB0, G: MK1
_PTX2				= AFB1, G: MK1
_PTY1				= AFB2, G: MK1
_PTY2				= AFB3, G: MK1
_P_AMMO				= AF8F, G: MK1
_P_AX				= AF99, G: MK1
_P_CONT_SALTO			= AF95, G: MK1
_P_CT_ESTADO			= AF70, G: MK1
_P_CURRENT_FRAME		= AF7E, G: MK1
_P_DISPARANDO			= B243, G: MK1
_P_ESTADO			= AF8D, G: MK1
_P_FACING			= AED2, G: MK1
_P_FACING_H			= B235, G: MK1
_P_FACING_V			= B236, G: MK1
_P_FRAME			= AED3, G: MK1
_P_FUEL				= AF98, G: MK1
_P_G				= AFC6, G: MK1
_P_GOTTEN			= AF9B, G: MK1
_P_KEYS				= AFA3, G: MK1
_P_KILLED			= AF8E, G: MK1
_P_KILLME			= AF93, G: MK1
_P_LIFE				= AF97, G: MK1
_P_NEXT_FRAME			= AFB5, G: MK1
_P_OBJS				= AF9A, G: MK1
_P_RX				= AFA7, G: MK1
_P_SALTANDO			= B237, G: MK1
_P_SALTO			= AF71, G: MK1
_P_SUBFRAME			= AFC3, G: MK1
_P_VX				= AFA8, G: MK1
_P_VY				= AFAA, G: MK1
_P_X				= AFCC, G: MK1
_P_Y				= B226, G: MK1
_QTILE				= 8C90, G: MK1
_RAM_ADDRESS			= 5ECA, G: MK1
_RAM_DESTINATION		= 5ECC, G: MK1
_RAND				= 8EA0, G: MK1
_RDA				= AFC9, G: MK1
_RDB				= AFCA, G: MK1
_RDC				= AFCB, G: MK1
_RDD				= B22A, G: MK1
_RDN				= B22B, G: MK1
_RDX				= B22F, G: MK1
_RDY				= B230, G: MK1
_SEED				= 5E22, G: MK1
_SELECT_JOYFUNC			= 9538, G: MK1
_SPACER				= 5E24, G: MK1
_SPRITE_10_A			= 822C, G: MK1
_SPRITE_10_B			= 825C, G: MK1
_SPRITE_10_C			= 828C, G: MK1
_SPRITE_11_A			= 82BC, G: MK1
_SPRITE_11_B			= 82EC, G: MK1
_SPRITE_11_C			= 831C, G: MK1
_SPRITE_12_A			= 834C, G: MK1
_SPRITE_12_B			= 837C, G: MK1
_SPRITE_12_C			= 83AC, G: MK1
_SPRITE_13_A			= 83DC, G: MK1
_SPRITE_13_B			= 840C, G: MK1
_SPRITE_13_C			= 843C, G: MK1
_SPRITE_14_A			= 846C, G: MK1
_SPRITE_14_B			= 849C, G: MK1
_SPRITE_14_C			= 84CC, G: MK1
_SPRITE_15_A			= 84FC, G: MK1
_SPRITE_15_B			= 852C, G: MK1
_SPRITE_15_C			= 855C, G: MK1
_SPRITE_16_A			= 858C, G: MK1
_SPRITE_16_B			= 85BC, G: MK1
_SPRITE_16_C			= 85EC, G: MK1
_SPRITE_18_A			= 861C, G: MK1
_SPRITE_18_B			= 864C, L: MK1
_SPRITE_18_C			= 867C, L: MK1
_SPRITE_1_A			= 7D1C, G: MK1
_SPRITE_1_B			= 7D4C, G: MK1
_SPRITE_1_C			= 7D7C, G: MK1
_SPRITE_2_A			= 7DAC, G: MK1
_SPRITE_2_B			= 7DDC, G: MK1
_SPRITE_2_C			= 7E0C, G: MK1
_SPRITE_3_A			= 7E3C, G: MK1
_SPRITE_3_B			= 7E6C, G: MK1
_SPRITE_3_C			= 7E9C, G: MK1
_SPRITE_4_A			= 7ECC, G: MK1
_SPRITE_4_B			= 7EFC, G: MK1
_SPRITE_4_C			= 7F2C, G: MK1
_SPRITE_5_A			= 7F5C, G: MK1
_SPRITE_5_B			= 7F8C, G: MK1
_SPRITE_5_C			= 7FBC, G: MK1
_SPRITE_6_A			= 7FEC, G: MK1
_SPRITE_6_B			= 801C, G: MK1
_SPRITE_6_C			= 804C, G: MK1
_SPRITE_7_A			= 807C, G: MK1
_SPRITE_7_B			= 80AC, G: MK1
_SPRITE_7_C			= 80DC, G: MK1
_SPRITE_8_A			= 810C, G: MK1
_SPRITE_8_B			= 813C, G: MK1
_SPRITE_8_C			= 816C, G: MK1
_SPRITE_9_A			= 819C, G: MK1
_SPRITE_9_B			= 81CC, G: MK1
_SPRITE_9_C			= 81FC, G: MK1
_SP_MOVILES			= AEBD, G: MK1
_SP_PLAYER			= AF8A, G: MK1
_STEP				= 8EE3, G: MK1
_SUCCESS			= B23F, G: MK1
_S_ENDING			= 6594, G: MK1
_S_MARCO			= 649C, G: MK1
_S_TITLE			= 5ECE, G: MK1
_TILESET			= 740C, G: MK1
_TOCADO				= B234, G: MK1
_U_FREE				= 5E1B, G: MK1
_U_MALLOC			= 5E19, G: MK1
_WALL_H				= B231, G: MK1
_WALL_V				= B233, G: MK1
_X0				= AF72, G: MK1
_X1				= AF74, G: MK1
_Y0				= AF73, G: MK1
_Y1				= AF75, G: MK1
__GP_GEN			= AF7B, G: MK1
__N				= AF76, G: MK1
__T				= AF77, G: MK1
__X				= AF78, G: MK1
__Y				= AF79, G: MK1


START				= 5DC0, L: ZX82_CRT0
_KEYS				= 5DC6, G: MK1
_BEHS				= 5DD0, G: MK1
VPCLIPSTRUCT			= 5E00, L: MK1
FSCLIPSTRUCT			= 5E04, L: MK1
_JOYFUNC			= 5E08, G: MK1
_JOYFUNCS			= 5E0A, G: MK1
_MY_MALLOC			= 5E10, G: MK1
_U_MALLOC			= 5E19, G: MK1
_U_FREE				= 5E1B, G: MK1
_ASM_NUMBER			= 5E1D, G: MK1
_ASM_INT			= 5E1E, G: MK1
_ASM_INT_2			= 5E20, G: MK1
_SEED				= 5E22, G: MK1
_SPACER				= 5E24, G: MK1
_LEVEL				= 5E26, G: MK1
DEPACK				= 5E27, L: MK1
APBRANCH1			= 5E2A, L: MK1
APLOOP0				= 5E2C, L: MK1
APLOOP				= 5E2F, L: MK1
APGET4BITS			= 5E42, L: MK1
APWRITEBYTE			= 5E4C, L: MK1
APBRANCH4			= 5E50, L: MK1
APBRANCH3			= 5E59, L: MK1
APBRANCH2			= 5E6D, L: MK1
APSKIP2				= 5E8C, L: MK1
APSKIP3				= 5E95, L: MK1
AP_FINISHUP			= 5E98, L: MK1
AP_FINISHUP2			= 5E9B, L: MK1
AP_R0_GAMMA			= 5EA2, L: MK1
AP_GETBIT			= 5EAE, L: MK1
AP_GETGAMMA			= 5EBA, L: MK1
AP_GETGAMMALOOP			= 5EBD, L: MK1
_RAM_ADDRESS			= 5ECA, G: MK1
_RAM_DESTINATION		= 5ECC, G: MK1
_S_TITLE			= 5ECE, G: MK1
_S_MARCO			= 649C, G: MK1
_S_ENDING			= 6594, G: MK1
_BLACKOUT			= 6B24, G: MK1
_MAPA				= 6B32, G: MK1
_CERROJOS			= 73FC, G: MK1
_TILESET			= 740C, G: MK1
_SPRITE_1_A			= 7D1C, G: MK1
_SPRITE_1_B			= 7D4C, G: MK1
_SPRITE_1_C			= 7D7C, G: MK1
_SPRITE_2_A			= 7DAC, G: MK1
_SPRITE_2_B			= 7DDC, G: MK1
_SPRITE_2_C			= 7E0C, G: MK1
_SPRITE_3_A			= 7E3C, G: MK1
_SPRITE_3_B			= 7E6C, G: MK1
_SPRITE_3_C			= 7E9C, G: MK1
_SPRITE_4_A			= 7ECC, G: MK1
_SPRITE_4_B			= 7EFC, G: MK1
_SPRITE_4_C			= 7F2C, G: MK1
_SPRITE_5_A			= 7F5C, G: MK1
_SPRITE_5_B			= 7F8C, G: MK1
_SPRITE_5_C			= 7FBC, G: MK1
_SPRITE_6_A			= 7FEC, G: MK1
_SPRITE_6_B			= 801C, G: MK1
_SPRITE_6_C			= 804C, G: MK1
_SPRITE_7_A			= 807C, G: MK1
_SPRITE_7_B			= 80AC, G: MK1
_SPRITE_7_C			= 80DC, G: MK1
_SPRITE_8_A			= 810C, G: MK1
_SPRITE_8_B			= 813C, G: MK1
_SPRITE_8_C			= 816C, G: MK1
_SPRITE_9_A			= 819C, G: MK1
_SPRITE_9_B			= 81CC, G: MK1
_SPRITE_9_C			= 81FC, G: MK1
_SPRITE_10_A			= 822C, G: MK1
_SPRITE_10_B			= 825C, G: MK1
_SPRITE_10_C			= 828C, G: MK1
_SPRITE_11_A			= 82BC, G: MK1
_SPRITE_11_B			= 82EC, G: MK1
_SPRITE_11_C			= 831C, G: MK1
_SPRITE_12_A			= 834C, G: MK1
_SPRITE_12_B			= 837C, G: MK1
_SPRITE_12_C			= 83AC, G: MK1
_SPRITE_13_A			= 83DC, G: MK1
_SPRITE_13_B			= 840C, G: MK1
_SPRITE_13_C			= 843C, G: MK1
_SPRITE_14_A			= 846C, G: MK1
_SPRITE_14_B			= 849C, G: MK1
_SPRITE_14_C			= 84CC, G: MK1
_SPRITE_15_A			= 84FC, G: MK1
_SPRITE_15_B			= 852C, G: MK1
_SPRITE_15_C			= 855C, G: MK1
_SPRITE_16_A			= 858C, G: MK1
_SPRITE_16_B			= 85BC, G: MK1
_SPRITE_16_C			= 85EC, G: MK1
_SPRITE_18_A			= 861C, G: MK1
_SPRITE_18_B			= 864C, L: MK1
_SPRITE_18_C			= 867C, L: MK1
_MALOTES			= 86AC, G: MK1
_HOTSPOTS			= 8A8A, G: MK1
PLAYSFX				= 8AE4, L: MK1
SOUND1				= 8AF4, L: MK1
SOUND1L0			= 8AF8, L: MK1
SOUND1L1			= 8B03, L: MK1
SOUND1L2			= 8B0D, L: MK1
SOUND2				= 8B18, L: MK1
SOUND2L0			= 8B1C, L: MK1
SOUND2L1			= 8B23, L: MK1
SOUND2L2			= 8B29, L: MK1
SOUND3				= 8B2F, L: MK1
SOUND3L0			= 8B35, L: MK1
SOUND3L0A			= 8B3B, L: MK1
SOUND3L1			= 8B42, L: MK1
SOUND3L2			= 8B49, L: MK1
SOUND3L3			= 8B50, L: MK1
SOUND4				= 8B56, L: MK1
SOUND4L0			= 8B59, L: MK1
SOUND4L1			= 8B5F, L: MK1
SOUND4L2			= 8B65, L: MK1
SOUND5				= 8B6D, L: MK1
SOUND5L0			= 8B71, L: MK1
SOUND5L1			= 8B7D, L: MK1
SOUND6				= 8B83, L: MK1
SOUND6L0			= 8B87, L: MK1
SOUND6L0A			= 8B8D, L: MK1
SOUND6L1			= 8B92, L: MK1
SOUND6L2			= 8B97, L: MK1
SOUND7				= 8B9D, L: MK1
SOUND7L0			= 8BA1, L: MK1
SOUND7L1			= 8BAD, L: MK1
SOUND8				= 8BB7, L: MK1
SOUND9				= 8BBB, L: MK1
SOUND10				= 8BBF, L: MK1
SOUNDITEM			= 8BC1, L: MK1
SOUND8L2			= 8BC8, L: MK1
FRQ				= 8BCA, L: MK1
SOUND8L0			= 8BCC, L: MK1
SOUND8L1			= 8BCF, L: MK1
SOUND8L2B			= 8BD7, L: MK1
SOUND8L3			= 8BDF, L: MK1
SOUND8L4			= 8BE4, L: MK1
PROCLIST			= 8BF8, L: MK1
_BEEPER_FX			= 8C0C, G: MK1
_ATTR				= 8C20, G: MK1
I_16				= 8C60, L: MK1
I_15				= 8C64, L: MK1
_QTILE				= 8C90, G: MK1
_DRAW_COLOURED_TILE		= 8CBC, G: MK1
_INVALIDATE_TILE		= 8D02, G: MK1
_INVALIDATE_VIEWPORT		= 8D16, G: MK1
_DRAW_INVALIDATE_COLOURED_TILE_G= 8D26, G: MK1
_DRAW_COLOURED_TILE_GAMEAREA	= 8D2D, G: MK1
_PRINT_NUMBER2			= 8D5B, G: MK1
_DRAW_OBJS			= 8DAA, G: MK1
_PRINT_STR			= 8DC1, G: MK1
PRINT_STR_LOOP			= 8DC4, L: MK1
_COLLIDE			= 8DE2, G: MK1
I_18				= 8E3D, L: MK1
I_19				= 8E40, L: MK1
_CM_TWO_POINTS			= 8E43, G: MK1
_CM_TWO_POINTS_AT1_RESET	= 8E51, L: MK1
_CM_TWO_POINTS_AT1_DO		= 8E54, L: MK1
_CM_TWO_POINTS_AT1_DONE		= 8E6E, L: MK1
_CM_TWO_POINTS_AT2_RESET	= 8E7F, L: MK1
_CM_TWO_POINTS_AT2_DO		= 8E82, L: MK1
_CM_TWO_POINTS_AT2_DONE		= 8E9C, L: MK1
_RAND				= 8EA0, G: MK1
RAND16				= 8EA0, L: MK1
NEXTRAND			= 8EBC, L: MK1
_ABS				= 8ECC, G: MK1
I_20				= 8EDD, L: MK1
I_21				= 8EE2, L: MK1
_STEP				= 8EE3, G: MK1
_CORTINA			= 8EF5, G: MK1
CLEARB1				= 8EFA, L: MK1
CLEARB2				= 8EFD, L: MK1
REPITATODO			= 8F09, L: MK1
BUCLE				= 8F0F, L: MK1
BUCLE1				= 8F12, L: MK1
BUCLE2				= 8F1A, L: MK1
_PLAYER_FRAMES			= 8F29, G: MK1
_ENEM_FRAMES			= 8F3D, G: MK1
_GAME_ENDING			= 8F4D, G: MK1
I_26				= 8F63, L: MK1
I_24				= 8F73, L: MK1
I_25				= 8F82, L: MK1
_GAME_OVER			= 8F93, G: MK1
I_29				= 8FE5, L: MK1
I_27				= 8FF5, L: MK1
I_28				= 9004, L: MK1
_ADDSIGN			= 9015, G: MK1
I_30				= 9026, L: MK1
I_31				= 902E, L: MK1
_CTILEOFF			= 902F, G: MK1
_ESPERA_ACTIVA			= 9044, G: MK1
I_34				= 9044, L: MK1
I_37				= 904B, L: MK1
I_35				= 9052, L: MK1
I_36				= 9061, L: MK1
I_38				= 9069, L: MK1
I_32				= 9069, L: MK1
I_33				= 9073, L: MK1
_LOCKS_INIT			= 9074, G: MK1
I_39				= 907E, L: MK1
I_41				= 9088, L: MK1
I_40				= 90AB, L: MK1
_HOTSPOTS_INIT			= 90AC, G: MK1
I_42				= 90B3, L: MK1
I_43				= 90DE, L: MK1
_PROCESS_TILE			= 90DF, G: MK1
I_45				= 9100, L: MK1
I_46_I_45			= 9103, L: MK1
I_47				= 9157, L: MK1
I_49				= 9161, L: MK1
I_51				= 91AA, L: MK1
I_52_I_51			= 91AD, L: MK1
I_50				= 91C5, L: MK1
I_48				= 91C8, L: MK1
I_44				= 91F6, L: MK1
_DRAW_SCR_BACKGROUND		= 91F7, G: MK1
I_53				= 922A, L: MK1
I_55				= 9234, L: MK1
I_56				= 9271, L: MK1
I_57				= 9283, L: MK1
I_59				= 92BB, L: MK1
I_60				= 92BE, L: MK1
I_58				= 92CA, L: MK1
I_61				= 9304, L: MK1
I_54				= 9307, L: MK1
I_63				= 937D, L: MK1
I_64				= 9380, L: MK1
I_66				= 93BB, L: MK1
I_67				= 93BE, L: MK1
I_65				= 93C5, L: MK1
I_68				= 93C8, L: MK1
I_69				= 9457, L: MK1
I_70				= 945A, L: MK1
I_62				= 9467, L: MK1
I_71				= 9471, L: MK1
I_73				= 947B, L: MK1
I_75				= 94B2, L: MK1
I_76_I_75			= 94B5, L: MK1
I_74				= 9523, L: MK1
I_72				= 9526, L: MK1
_DRAW_SCR			= 9527, G: MK1
_SELECT_JOYFUNC			= 9538, G: MK1
I_77				= 953B, L: MK1
I_80_UGE			= 954B, L: MK1
I_80				= 9554, L: MK1
I_81_I_80			= 9557, L: MK1
I_79				= 9570, L: MK1
I_78				= 9573, L: MK1
_PLAYER_INIT			= 9575, G: MK1
_PLAYER_CALC_BOUNDING_BOX	= 95E2, G: MK1
_PLAYER_MOVE			= 9623, G: MK1
_PLAYER_GRAVITY_ADD		= 9641, L: MK1
_PLAYER_GRAVITY_MAXIMUM		= 9647, L: MK1
_PLAYER_GRAVITY_VY_SET		= 964A, L: MK1
_PLAYER_GRAVITY_DONE		= 964D, L: MK1
_PLAYER_GRAVITY_P_GOTTEN_DONE	= 9657, L: MK1
I_82				= 9674, L: MK1
I_83				= 9682, L: MK1
I_84				= 9695, L: MK1
I_87				= 96EF, L: MK1
I_85				= 971D, L: MK1
I_86				= 971D, L: MK1
I_93				= 977B, L: MK1
I_92				= 9780, L: MK1
I_95				= 9783, L: MK1
I_91				= 978A, L: MK1
I_96				= 978D, L: MK1
I_90				= 97BC, L: MK1
I_89				= 97BC, L: MK1
I_98				= 97D9, L: MK1
I_99				= 97DC, L: MK1
I_97				= 97E2, L: MK1
I_100				= 9846, L: MK1
I_102				= 9861, L: MK1
I_103				= 9864, L: MK1
I_107				= 98A8, L: MK1
I_106				= 98BA, L: MK1
I_105				= 98BD, L: MK1
I_110				= 98EB, L: MK1
I_111				= 9901, L: MK1
I_109				= 9901, L: MK1
I_104				= 9904, L: MK1
I_112				= 990B, L: MK1
I_114				= 993C, L: MK1
I_115				= 993F, L: MK1
I_117				= 9966, L: MK1
I_116				= 9969, L: MK1
I_119				= 998A, L: MK1
I_120				= 998A, L: MK1
I_118				= 998A, L: MK1
I_113				= 998A, L: MK1
I_121				= 99AF, L: MK1
I_122				= 99AF, L: MK1
I_123				= 99D6, L: MK1
I_124				= 99D6, L: MK1
I_125				= 99F4, L: MK1
I_126				= 9A07, L: MK1
I_129				= 9A6A, L: MK1
I_128				= 9A9B, L: MK1
I_132				= 9AB0, L: MK1
I_133				= 9AB3, L: MK1
I_127				= 9AB9, L: MK1
I_131				= 9AB9, L: MK1
I_136				= 9AEE, L: MK1
I_135				= 9B1E, L: MK1
I_139				= 9B33, L: MK1
I_140				= 9B36, L: MK1
I_138				= 9B3C, L: MK1
I_134				= 9B3C, L: MK1
I_142				= 9BD3, L: MK1
I_141				= 9BD6, L: MK1
I_145				= 9C35, L: MK1
I_143				= 9C35, L: MK1
I_144				= 9C35, L: MK1
I_146				= 9C52, L: MK1
I_147				= 9C67, L: MK1
I_148				= 9C67, L: MK1
I_149				= 9C75, L: MK1
I_151				= 9C8A, L: MK1
I_152_I_151			= 9C8D, L: MK1
I_150				= 9CA6, L: MK1
I_154				= 9CC9, L: MK1
I_155				= 9CE5, L: MK1
I_153				= 9CFE, L: MK1
_PLAYER_KILL			= 9CFF, G: MK1
I_156				= 9D0F, L: MK1
_ENEMS_LOAD			= 9D26, G: MK1
I_157				= 9D3F, L: MK1
I_159				= 9D49, L: MK1
I_162				= 9D8F, L: MK1
I_164				= 9DA7, L: MK1
I_166				= 9DA7, L: MK1
I_165				= 9DA7, L: MK1
I_163				= 9DA7, L: MK1
I_167				= 9DDA, L: MK1
I_161				= 9DEE, L: MK1
I_158				= 9DF1, L: MK1
_ENEMS_MOVE			= 9DF2, G: MK1
I_168				= 9E11, L: MK1
I_170				= 9E16, L: MK1
I_172				= 9EDB, L: MK1
I_171				= 9EDB, L: MK1
I_173				= 9F0B, L: MK1
I_174				= 9F0E, L: MK1
I_177				= 9F19, L: MK1
I_180				= 9F31, L: MK1
I_181				= 9F31, L: MK1
I_179				= 9F31, L: MK1
I_178				= 9F31, L: MK1
I_183				= A052, L: MK1
I_182				= A08E, L: MK1
I_186				= A0DC, L: MK1
I_185				= A118, L: MK1
I_176				= A118, L: MK1
I_189				= A19A, L: MK1
I_192				= A1CC, L: MK1
I_193_I_192			= A1CF, L: MK1
I_196				= A217, L: MK1
I_197_I_196			= A21A, L: MK1
I_195				= A25C, L: MK1
I_194				= A25C, L: MK1
I_199				= A2AA, L: MK1
I_200				= A2AC, L: MK1
I_199_I_200			= A2B1, L: MK1
I_202				= A321, L: MK1
I_203				= A324, L: MK1
I_201				= A32B, L: MK1
I_204				= A32E, L: MK1
I_198				= A375, L: MK1
I_191				= A375, L: MK1
I_190				= A378, L: MK1
I_207				= A3A4, L: MK1
I_208_I_207			= A3A7, L: MK1
I_205				= A3FF, L: MK1
I_206				= A3FF, L: MK1
I_188				= A3FF, L: MK1
I_169				= A402, L: MK1
_CLEAR_SPRITES			= A403, G: MK1
HIDE_SPRITES_ENEMS_LOOP		= A418, L: MK1
_MAIN				= A443, G: MK1
I_209				= A482, L: MK1
I_211				= A48A, L: MK1
I_210				= A4B3, L: MK1
I_212				= A506, L: MK1
I_214				= A50B, L: MK1
I_215				= A5A7, L: MK1
I_213				= A5A7, L: MK1
I_217				= A615, L: MK1
I_219				= A62D, L: MK1
I_220				= A651, L: MK1
I_221				= A66E, L: MK1
I_222				= A69E, L: MK1
I_223				= A6CE, L: MK1
I_224				= A6FD, L: MK1
I_225				= A707, L: MK1
I_227				= A70C, L: MK1
I_226				= A7C2, L: MK1
I_229				= A7E0, L: MK1
I_228				= A81E, L: MK1
I_231				= A83B, L: MK1
I_234				= A8F2, L: MK1
I_233				= A910, L: MK1
I_238				= A923, L: MK1
I_239				= A931, L: MK1
I_240				= A941, L: MK1
I_237				= A94E, L: MK1
I_235				= A966, L: MK1
I_232				= A973, L: MK1
I_242				= A987, L: MK1
I_243_I_242			= A98A, L: MK1
I_241				= A99F, L: MK1
I_245				= A9B3, L: MK1
I_246_I_245			= A9B6, L: MK1
I_244				= A9CC, L: MK1
I_248_UGE			= A9EB, L: MK1
I_248				= A9ED, L: MK1
I_249_I_248			= A9F0, L: MK1
I_247				= AA0A, L: MK1
I_251				= AA1E, L: MK1
I_252_I_251			= AA21, L: MK1
I_253				= AA5A, L: MK1
I_254				= AA5A, L: MK1
I_250				= AA5A, L: MK1
I_258				= AA98, L: MK1
I_259_I_258			= AA9B, L: MK1
I_257				= AAA0, L: MK1
I_260				= AAA3, L: MK1
I_261				= AAB0, L: MK1
I_255				= AABC, L: MK1
I_256				= AABC, L: MK1
I_263				= AACA, L: MK1
I_218				= AACD, L: MK1
I_264				= AAE6, L: MK1
I_265				= AAE9, L: MK1
I_216				= AAEF, L: MK1
MUSICSTART			= AAF0, L: MK1
PLAYER				= AB14, L: MK1
NEXT_PATTERN			= AB34, L: MK1
PATTERN_LOOP_END		= AB3A, L: MK1
PATTERN_LOOP_BEGIN		= AB3E, L: MK1
NO_PATTERN_LOOP			= AB3F, L: MK1
MAIN_LOOP			= AB48, L: MK1
READ_LOOP			= AB4B, L: MK1
CURRENT_INST			= AB8A, L: MK1
L8098				= AB93, L: MK1
L809B				= AB96, L: MK1
SET_NOTE2			= ABBC, L: MK1
SET_STOP			= ABD0, L: MK1
SET_STOP2			= ABE9, L: MK1
OTHER				= ABF4, L: MK1
INSTRUM_TBL			= AC0B, L: MK1
SKIP_CH1			= AC14, L: MK1
EXIT_PLAYER			= AC1A, L: MK1
RENDER				= AC21, L: MK1
CNT_1A				= AC2B, L: MK1
CNT_1B				= AC2F, L: MK1
DIV_1A				= AC32, L: MK1
DIV_1B				= AC35, L: MK1
OUT_1				= AC38, L: MK1
CNT_2				= AC3C, L: MK1
DIV_2				= AC3F, L: MK1
OUT_2				= AC42, L: MK1
PLAY_NOTE			= AC43, L: MK1
PLAYER_WAIT_KEY			= AC4A, L: MK1
L8168				= AC4F, L: MK1
L8171				= AC58, L: MK1
L8173				= AC5A, L: MK1
L8179				= AC60, L: MK1
L817B				= AC62, L: MK1
L8184				= AC6B, L: MK1
L8186				= AC6D, L: MK1
L818A				= AC71, L: MK1
L8193				= AC7A, L: MK1
L8195				= AC7C, L: MK1
L819B				= AC82, L: MK1
L819D				= AC84, L: MK1
L81A6				= AC8D, L: MK1
L81A8				= AC8F, L: MK1
L81AC				= AC93, L: MK1
L81B5				= AC9C, L: MK1
L81B7				= AC9E, L: MK1
L81BD				= ACA4, L: MK1
L81BF				= ACA6, L: MK1
L81C8				= ACAF, L: MK1
L81CA				= ACB1, L: MK1
L81CE				= ACB5, L: MK1
L81D7				= ACBE, L: MK1
L81D9				= ACC0, L: MK1
L81DF				= ACC6, L: MK1
L81E1				= ACC8, L: MK1
L81EA				= ACD1, L: MK1
L81EC				= ACD3, L: MK1
L81F9				= ACE0, L: MK1
L81FB				= ACE2, L: MK1
L8201				= ACE8, L: MK1
L8203				= ACEA, L: MK1
L820C				= ACF3, L: MK1
L820E				= ACF5, L: MK1
DRUMS				= AD0E, L: MK1
DRUM_TONE1			= AD1B, L: MK1
DRUM_TONE2			= AD1F, L: MK1
DRUM_TONE3			= AD23, L: MK1
DRUM_TONE4			= AD27, L: MK1
DRUM_TONE5			= AD2B, L: MK1
DRUM_TONE6			= AD2F, L: MK1
DRUM_TONE			= AD31, L: MK1
DT_LOOP0			= AD38, L: MK1
DT_LOOP1			= AD45, L: MK1
DRUM_NOISE1			= AD4E, L: MK1
DRUM_NOISE2			= AD56, L: MK1
DRUM_NOISE3			= AD5E, L: MK1
DRUM_NOISE			= AD64, L: MK1
DN_LOOP0			= AD68, L: MK1
DN_LOOP1			= AD70, L: MK1
PATTERN_ADDR			= AD7C, L: MK1
PATTERN_PTR			= AD7E, L: MK1
NOTE_PTR			= AD7F, L: MK1
FREQ_TABLE			= AD81, L: MK1
DRUM_TABLE			= ADF9, L: MK1
MUSICDATA			= AE0B, L: MK1
PATTERNDATA			= AE17, L: MK1
PAT0				= AE27, L: MK1
PAT1				= AE52, L: MK1
PAT2				= AE7E, L: MK1
PAT3				= AE93, L: MK1
I_1				= AEA3, L: MK1
_SP_MOVILES			= AEBD, G: MK1
_GPEN_CX			= AEC3, G: MK1
_GPEN_CY			= AEC4, G: MK1
_EN_AN_BASE_FRAME		= AEC5, G: MK1
_HOTSPOT_X			= AEC8, G: MK1
_HOTSPOT_Y			= AEC9, G: MK1
_HALF_LIFE			= AECA, G: MK1
_GPEN_XX			= AECB, G: MK1
_GPEN_YY			= AECC, G: MK1
_MAP_POINTER			= AECD, G: MK1
_EN_AN_STATE			= AECF, G: MK1
_P_FACING			= AED2, G: MK1
_P_FRAME			= AED3, G: MK1
_PREGOTTEN			= AED4, G: MK1
_HIT_H				= AED5, G: MK1
_HIT_V				= AED6, G: MK1
_KILLED_OLD			= AED7, G: MK1
_GPAUX				= AED8, G: MK1
_MAP_ATTR			= AED9, G: MK1
_ACTIVE				= AF6F, G: MK1
_P_CT_ESTADO			= AF70, G: MK1
_P_SALTO			= AF71, G: MK1
_X0				= AF72, G: MK1
_Y0				= AF73, G: MK1
_X1				= AF74, G: MK1
_Y1				= AF75, G: MK1
__N				= AF76, G: MK1
__T				= AF77, G: MK1
__X				= AF78, G: MK1
__Y				= AF79, G: MK1
_LIFE_OLD			= AF7A, G: MK1
__GP_GEN			= AF7B, G: MK1
_PANT_FINAL			= AF7D, G: MK1
_P_CURRENT_FRAME		= AF7E, G: MK1
_PTGMX				= AF80, G: MK1
_PTGMY				= AF82, G: MK1
_EN_AN_CURRENT_FRAME		= AF84, G: MK1
_SP_PLAYER			= AF8A, G: MK1
_ENOFFS				= AF8C, G: MK1
_P_ESTADO			= AF8D, G: MK1
_P_KILLED			= AF8E, G: MK1
_P_AMMO				= AF8F, G: MK1
_GPEN_X				= AF90, G: MK1
_GPEN_Y				= AF91, G: MK1
_PAD0				= AF92, G: MK1
_P_KILLME			= AF93, G: MK1
_N_PANT				= AF94, G: MK1
_P_CONT_SALTO			= AF95, G: MK1
_O_PANT				= AF96, G: MK1
_P_LIFE				= AF97, G: MK1
_P_FUEL				= AF98, G: MK1
_P_AX				= AF99, G: MK1
_P_OBJS				= AF9A, G: MK1
_P_GOTTEN			= AF9B, G: MK1
_FZX1				= AF9C, G: MK1
_FZX2				= AF9D, G: MK1
_FZY1				= AF9E, G: MK1
_FZY2				= AF9F, G: MK1
_GPCX				= AFA0, G: MK1
_GPCY				= AFA1, G: MK1
_GPIT				= AFA2, G: MK1
_P_KEYS				= AFA3, G: MK1
_GPJT				= AFA4, G: MK1
_PLAYING			= AFA5, G: MK1
_GPOX				= AFA6, G: MK1
_P_RX				= AFA7, G: MK1
_P_VX				= AFA8, G: MK1
_P_VY				= AFAA, G: MK1
_GPXX				= AFAC, G: MK1
_GPYY				= AFAD, G: MK1
_OBJS_OLD			= AFAE, G: MK1
_MAINCOUNTER			= AFAF, G: MK1
_PTX1				= AFB0, G: MK1
_PTX2				= AFB1, G: MK1
_PTY1				= AFB2, G: MK1
_PTY2				= AFB3, G: MK1
_F_ZONE_AC			= AFB4, G: MK1
_P_NEXT_FRAME			= AFB5, G: MK1
_EN_AN_NEXT_FRAME		= AFB7, G: MK1
_AT1				= AFBD, G: MK1
_AT2				= AFBE, G: MK1
_CX1				= AFBF, G: MK1
_CX2				= AFC0, G: MK1
_CY1				= AFC1, G: MK1
_CY2				= AFC2, G: MK1
_P_SUBFRAME			= AFC3, G: MK1
_GPC				= AFC4, G: MK1
_GPD				= AFC5, G: MK1
_P_G				= AFC6, G: MK1
_HIT				= AFC7, G: MK1
_GPT				= AFC8, G: MK1
_RDA				= AFC9, G: MK1
_RDB				= AFCA, G: MK1
_RDC				= AFCB, G: MK1
_P_X				= AFCC, G: MK1
_AD_FREE			= AFCE, G: MK1
_P_Y				= B226, G: MK1
_GPX				= B228, G: MK1
_GPY				= B229, G: MK1
_RDD				= B22A, G: MK1
_RDN				= B22B, G: MK1
_ITJ				= B22C, G: MK1
_KEYS_OLD			= B22E, G: MK1
_RDX				= B22F, G: MK1
_RDY				= B230, G: MK1
_WALL_H				= B231, G: MK1
_ENOFFSMASI			= B232, G: MK1
_WALL_V				= B233, G: MK1
_TOCADO				= B234, G: MK1
_P_FACING_H			= B235, G: MK1
_P_FACING_V			= B236, G: MK1
_P_SALTANDO			= B237, G: MK1
_POSSEE				= B238, G: MK1
_ALLPURPOSEPUNTERO		= B239, G: MK1
_ORIG_TILE			= B23B, G: MK1
_EN_AN_FRAME			= B23C, G: MK1
_SUCCESS			= B23F, G: MK1
_EN_AN_COUNT			= B240, G: MK1
_P_DISPARANDO			= B243, G: MK1
L_AND				= B244, G: L_AND
L_ASL				= B24B, G: L_ASL
L_ASL1				= B24C, L: L_ASL
L_ASR				= B252, G: L_ASR
L_ASR1				= B253, L: L_ASR
L_ASR_U				= B25C, G: L_ASR_U
L_ASR_U_1			= B25D, L: L_ASR_U
L_DIV_U				= B266, G: L_DIV_U
ENTRY				= B26A, L: L_DIV_U
L_DIV1				= B271, L: L_DIV_U
L_DIV2				= B27B, L: L_DIV_U
L_EQ				= B285, G: L_EQ
L_GCHAR				= B28C, G: L_GCHAR
L_SXT				= B28D, L: L_GCHAR
L_GCHARSPSP			= B292, G: L_GCHARSPSP
L_GINT				= B29C, G: L_GINT
L_GT				= B2A1, G: L_GT
L_LNEG				= B2AD, G: L_LNEG
L_LT				= B2B2, G: L_LT
L_MULT				= B2BE, G: L_MULT
L_MULT1				= B2C5, L: L_MULT
L_MULT2				= B2CC, L: L_MULT
L_NE				= B2CF, G: L_NE
L_NEG				= B2D6, G: L_NEG
L_PINT				= B2DE, G: L_PINT
L_SXT				= B2E4, G: L_SXT
L_UGE				= B2E9, G: L_UGE
L_ULE				= B2F1, G: L_ULE
L_ULT				= B2F9, G: L_ULT
SPCOMPDLISTADDR			= B2FF, G: SPCOMPDLISTADDR
SPDISPLAYLIST			= B310, G: SPDISPLAYLIST
SPINVALIDATE			= BF10, G: SPINVALIDATE
SPINVALIDATEP			= BF18, G: SPINVALIDATE
NOINC1				= BF31, L: SPINVALIDATE
INVCOLLP			= BF35, L: SPINVALIDATE
NOINC2				= BF44, L: SPINVALIDATE
INVFULLCHAR			= BF48, L: SPINVALIDATE
INVROWLP			= BF4A, L: SPINVALIDATE
NOINC3				= BF55, L: SPINVALIDATE
SPBITLEFT2MASK			= BF63, G: SPBITLEFT2MASK
SPBITRIGHT2MASK			= BF6B, G: SPBITRIGHT2MASK
SPCOMPDIRTYADDR			= BF73, G: SPCOMPDIRTYADDR
SPDIRTYCHARS			= BF88, G: SPDIRTYCHARS
SPINTRECT			= BFE8, G: SPINTRECT
SPINTSMALLIVAL			= C019, G: SPINTRECT
TRYOTHERWAY			= C02D, L: SPINTRECT
SPPTINSMALLIVAL			= C03E, G: SPINTRECT
BROKEN				= C04A, L: SPINTRECT
SPMOVESPRABS			= C053, G: SPMOVESPRABS
SPMOVESPRABSNC			= C061, G: SPMOVESPRABS
ADJLOOP				= C06C, L: SPMOVESPRABS
SPMOVESPRABSC			= C07A, G: SPMOVESPRABS
YINSCREEN			= C092, L: SPMOVESPRABS
XINSCREEN			= C0A2, L: SPMOVESPRABS
MVCOLLOOP			= C0B9, L: SPMOVESPRABS
MVROWLOOP			= C0BF, L: SPMOVESPRABS
NOTDONE				= C0C9, L: SPMOVESPRABS
NOINC1				= C0E1, L: SPMOVESPRABS
NOTINDLIST			= C0F5, L: SPMOVESPRABS
NONEXT1				= C0F5, L: SPMOVESPRABS
PDLOOP				= C112, L: SPMOVESPRABS
NOINC2				= C11A, L: SPMOVESPRABS
PUTHERE				= C12C, L: SPMOVESPRABS
NOINC3				= C13B, L: SPMOVESPRABS
NODEC1				= C149, L: SPMOVESPRABS
NOINC4				= C155, L: SPMOVESPRABS
NOTDISPLAYED			= C162, L: SPMOVESPRABS
NONEXT2				= C162, L: SPMOVESPRABS
INVALIDATE			= C17D, L: SPMOVESPRABS
COMPUTEDISP			= C18C, L: SPMOVESPRABS
NOTNEGATIVE			= C1AA, L: SPMOVESPRABS
ADJUSTGRAPHICS			= C1AF, L: SPMOVESPRABS
NOINC5				= C1BB, L: SPMOVESPRABS
SKIP1				= C1CB, L: SPMOVESPRABS
SKIP2				= C1DB, L: SPMOVESPRABS
SPNULLSPRPTR			= C1DE, G: SPNULLSPRPTR
SPPRINTATINV			= C1EE, G: SPPRINTATINV
SPBIT2MASK			= C206, G: SPBIT2MASK
SPTBLLOOKUP			= C20E, G: SPTBLLOOKUP
NOINC				= C214, L: SPTBLLOOKUP
SP_ADDCOLSPR			= C216, G: SP_ADDCOLSPR
SPADDCOLSPR			= C235, G: SPADDCOLSPR
ACNOCRY				= C240, L: SPADDCOLSPR
ACLOOP				= C251, L: SPADDCOLSPR
NOINC1				= C28D, L: SPADDCOLSPR
ACNOCRY3			= C2A1, L: SPADDCOLSPR
ACFAIL				= C2CE, L: SPADDCOLSPR
JPHL				= C2DF, L: SPADDCOLSPR
SPDELETESPR			= C2E0, G: SPDELETESPR
LOOP				= C2E4, L: SPDELETESPR
SPDSLOOP			= C2F1, G: SPDELETESPR
JPHL				= C2F9, L: SPDELETESPR
SP_ADDMEMORY			= C2FA, G: SP_ADDMEMORY
SPADDMEMORY			= C313, G: SPADDMEMORY
IB1				= C31B, L: SPADDMEMORY
IB2				= C322, L: SPADDMEMORY
SPFREEBLOCK			= C32F, G: SPFREEBLOCK
SPFB1				= C334, G: SPFREEBLOCK
SPFB2				= C33F, G: SPFREEBLOCK
SPQUEUETABLE			= C34A, G: SPQUEUETABLE
SP_BLOCKALLOC			= C34C, G: SP_BLOCKALLOC
SPBLOCKALLOC			= C35A, G: SPBLOCKALLOC
SPALLOC				= C364, G: SPBLOCKALLOC
SP_BORDER			= C375, G: SP_BORDER
SPBORDERCLR			= C37E, G: SPBORDER
SPBORDER			= C37F, G: SPBORDER
SP_CREATESPR			= C387, G: SP_CREATESPR
SPCREATESPR			= C3A4, G: SPCREATESPR
CSLOOP				= C3F5, L: SPCREATESPR
CSENTER				= C409, L: SPCREATESPR
NOTCOMPRESS			= C41B, L: SPCREATESPR
CONT				= C420, L: SPCREATESPR
CSNOCRY				= C437, L: SPCREATESPR
CSFAIL1				= C441, L: SPCREATESPR
CSFAIL2				= C443, L: SPCREATESPR
JPHL				= C44C, L: SPCREATESPR
SP_FREEBLOCK			= C44D, G: SP_FREEBLOCK
SP_GETKEY			= C458, G: SP_GETKEY
KEYOK				= C45E, L: SP_GETKEY
STATE				= C463, L: SPGETKEY
COUNT				= C464, L: SPGETKEY
SPKEYDEBOUNCE			= C465, G: SPGETKEY
SPKEYSTARTREPEAT		= C466, G: SPGETKEY
SPKEYREPEATPERIOD		= C467, G: SPGETKEY
SPINKEY				= C468, G: SPGETKEY
SPGETKEY			= C479, G: SPGETKEY
SCANLOOP			= C480, L: SPGETKEY
KEYROWLOOP			= C484, L: SPGETKEY
NOPRESS				= C494, L: SPGETKEY
NEXTSCANROW			= C499, L: SPGETKEY
ATMAXCOUNT			= C4AA, L: SPGETKEY
SKIP				= C4C1, L: SPGETKEY
NOCAPS				= C4D7, L: SPGETKEY
NOSYM				= C4E2, L: SPGETKEY
TOOMANYKEYS			= C4E5, L: SPGETKEY
NOKEYS				= C4E5, L: SPGETKEY
SPKEYTRANSTBL			= C4ED, G: SPKEYTRANSTBL
SP_INITIALIZE			= C58D, G: SP_INITIALIZE
SPINITIALIZE			= C599, G: SPINITIALIZE
ROTTBLLP			= C5BF, L: SPINITIALIZE
ENTRYLP				= C5C6, L: SPINITIALIZE
ROTLP				= C5C9, L: SPINITIALIZE
LOOP				= C5E2, L: SPINITIALIZE
CONT1				= C5EA, L: SPINITIALIZE
NOADD				= C5F4, L: SPINITIALIZE
USERTILE			= C5F7, L: SPINITIALIZE
SPTILEARRAY			= C5FC, G: SPTILEARRAY
SP_JOYKEMPSTON			= C7FC, G: SP_JOYKEMPSTON
SPJOYKEMPSTON			= C803, G: SPJOYKEMPSTON
KEMPTBL				= C80E, L: SPJOYKEMPSTON
SP_JOYKEYBOARD			= C82E, G: SP_JOYKEYBOARD
SPJOYKEYBOARD			= C83C, G: SPJOYKEYBOARD
NOFIRE				= C849, L: SPJOYKEYBOARD
JKLOOP				= C849, L: SPJOYKEYBOARD
NOPRESS				= C854, L: SPJOYKEYBOARD
SP_JOYSINCLAIR1			= C85B, G: SP_JOYSINCLAIR1
SPJOYSINCLAIR1			= C862, G: SPJOYSINCLAIR1
SINC1TBL			= C86E, L: SPJOYSINCLAIR1
SP_TILEARRAY			= C88E, G: SP_TILEARRAY
SPTILEENTRY			= C89C, G: SPTILEENTRY
NOINC				= C8A5, L: SPTILEENTRY
SP_UPDATENOW			= C8AD, G: SP_UPDATENOW
TEMPGRAPHIC			= C8B3, L: SPUPDATENOW
TEMPCOLOUR			= C8BB, L: SPUPDATENOW
UPDATE_ATTRS			= C8BC, G: SPUPDATENOW
DOSPRITES			= C8BD, L: SPUPDATENOW
SPUPDATENOW			= C8BE, G: SPUPDATENOW
DIRTYLOOP			= C8CA, L: SPUPDATENOW
NOTACROSSBLK1			= C8DA, L: SPUPDATENOW
REENTER				= C8E2, L: SPUPDATENOW
NOINC1				= C8E2, L: SPUPDATENOW
DIRTYAREA			= C8F0, L: SPUPDATENOW
NOTACROSSBLK2			= C92A, L: SPUPDATENOW
TILEONLY			= C931, L: SPUPDATENOW
NOINC11				= C93C, L: SPUPDATENOW
DRAWCHAR			= C960, L: SPUPDATENOW
NOTLOAD				= C98E, L: SPUPDATENOW
NOINC10				= C999, L: SPUPDATENOW
SPRITELOOP			= C9AE, L: SPUPDATENOW
DOSPRITE			= C9B2, L: SPUPDATENOW
COLOURSPRITE			= CAC3, L: SPUPDATENOW
SKIP_SPRITE_UPDATE		= CAC4, L: SPUPDATENOW
CLEAR				= CAC5, L: SPUPDATENOW
COPYBUFFER			= CAD0, L: SPUPDATENOW
NOMORESPRITES			= CAF2, L: SPUPDATENOW
SKIPUPDATECOL			= CAFD, L: SPUPDATENOW
MASKNOROTATE			= CB00, L: SPUPDATENOW
LOADTYPE			= CB4B, L: SPUPDATENOW
LOADNOROTATE			= CBB9, L: SPUPDATENOW
XORTYPE				= CBD8, L: SPUPDATENOW
XORNOROTATE			= CC5E, L: SPUPDATENOW
ORTYPE				= CC90, L: SPUPDATENOW
ORNOROTATE			= CD16, L: SPUPDATENOW
SP_WAITFORNOKEY			= CD48, G: SP_WAITFORNOKEY
SPWAITFORNOKEY			= CD4C, G: SPWAITFORNOKEY
