ACFAIL				= C38E, L: SPADDCOLSPR
ACLOOP				= C314, L: SPADDCOLSPR
ACNOCRY				= C303, L: SPADDCOLSPR
ACNOCRY3			= C364, L: SPADDCOLSPR
ADJLOOP				= C133, L: SPMOVESPRABS
ADJUSTGRAPHICS			= C276, L: SPMOVESPRABS
APBRANCH1			= 5F69, L: MK1
APBRANCH2			= 5FAC, L: MK1
APBRANCH3			= 5F98, L: MK1
APBRANCH4			= 5F8F, L: MK1
APGET4BITS			= 5F81, L: MK1
APLOOP				= 5F6E, L: MK1
APLOOP0				= 5F6B, L: MK1
APSKIP2				= 5FCB, L: MK1
APSKIP3				= 5FD4, L: MK1
APWRITEBYTE			= 5F8B, L: MK1
AP_FINISHUP			= 5FD7, L: MK1
AP_FINISHUP2			= 5FDA, L: MK1
AP_GETBIT			= 5FED, L: MK1
AP_GETGAMMA			= 5FF9, L: MK1
AP_GETGAMMALOOP			= 5FFC, L: MK1
AP_R0_GAMMA			= 5FE1, L: MK1
ATMAXCOUNT			= C55C, L: SPGETKEY
BROKEN				= C111, L: SPINTRECT
BUCLE				= 8FA1, L: MK1
BUCLE1				= 8FA4, L: MK1
BUCLE2				= 8FAC, L: MK1
CLEAR				= CB77, L: SPUPDATENOW
CLEARB1				= 8F8C, L: MK1
CLEARB2				= 8F8F, L: MK1
CNT_1A				= ABC3, L: MK1
CNT_1B				= ABC7, L: MK1
CNT_2				= ABD4, L: MK1
COLOURSPRITE			= CB75, L: SPUPDATENOW
COMPUTEDISP			= C253, L: SPMOVESPRABS
CONT				= C4D5, L: SPCREATESPR
CONT1				= C69C, L: SPINITIALIZE
COPYBUFFER			= CB82, L: SPUPDATENOW
COUNT				= C516, L: SPGETKEY
CSENTER				= C4BE, L: SPCREATESPR
CSFAIL1				= C4F3, L: SPCREATESPR
CSFAIL2				= C4F5, L: SPCREATESPR
CSLOOP				= C4AA, L: SPCREATESPR
CSNOCRY				= C4E9, L: SPCREATESPR
CURRENT_INST			= AB22, L: MK1
DEPACK				= 5F66, L: MK1
DIRTYAREA			= C9A2, L: SPUPDATENOW
DIRTYLOOP			= C97C, L: SPUPDATENOW
DIV_1A				= ABCA, L: MK1
DIV_1B				= ABCD, L: MK1
DIV_2				= ABD7, L: MK1
DN_LOOP0			= AD00, L: MK1
DN_LOOP1			= AD08, L: MK1
DOSPRITE			= CA64, L: SPUPDATENOW
DOSPRITES			= C96F, L: SPUPDATENOW
DRAWCHAR			= CA12, L: SPUPDATENOW
DRUMS				= ACA6, L: MK1
DRUM_NOISE			= ACFC, L: MK1
DRUM_NOISE1			= ACE6, L: MK1
DRUM_NOISE2			= ACEE, L: MK1
DRUM_NOISE3			= ACF6, L: MK1
DRUM_TABLE			= AD91, L: MK1
DRUM_TONE			= ACC9, L: MK1
DRUM_TONE1			= ACB3, L: MK1
DRUM_TONE2			= ACB7, L: MK1
DRUM_TONE3			= ACBB, L: MK1
DRUM_TONE4			= ACBF, L: MK1
DRUM_TONE5			= ACC3, L: MK1
DRUM_TONE6			= ACC7, L: MK1
DT_LOOP0			= ACD0, L: MK1
DT_LOOP1			= ACDD, L: MK1
ENTRY				= B32E, L: L_DIV_U
ENTRYLP				= C678, L: SPINITIALIZE
EXIT_PLAYER			= ABB2, L: MK1
FREQ_TABLE			= AD19, L: MK1
FRQ				= 5F13, L: MK1
FSCLIPSTRUCT			= 5E04, L: MK1
HIDE_SPRITES_BULLETS_LOOP	= 8E4C, L: MK1
HIDE_SPRITES_ENEMS_LOOP		= 8E21, L: MK1
IB1				= C3DB, L: SPADDMEMORY
IB2				= C3E2, L: SPADDMEMORY
INSTRUM_TBL			= ABA3, L: MK1
INVALIDATE			= C244, L: SPMOVESPRABS
INVCOLLP			= BFFC, L: SPINVALIDATE
INVFULLCHAR			= C00F, L: SPINVALIDATE
INVROWLP			= C011, L: SPINVALIDATE
I_1				= AE3B, L: MK1
I_100				= 999D, L: MK1
I_101				= 999D, L: MK1
I_102				= 99CF, L: MK1
I_103				= 99CF, L: MK1
I_104				= 99F5, L: MK1
I_105				= 9A08, L: MK1
I_106				= 9B1C, L: MK1
I_107				= 9B7D, L: MK1
I_108				= 9B7A, L: MK1
I_109				= 9BDC, L: MK1
I_110				= 9BDC, L: MK1
I_111				= 9BDC, L: MK1
I_112				= 9BFF, L: MK1
I_113				= 9BF2, L: MK1
I_114_I_113			= 9BF5, L: MK1
I_115				= 9C0E, L: MK1
I_116				= 9C3D, L: MK1
I_117				= 9C64, L: MK1
I_118				= 9C64, L: MK1
I_119				= 9C72, L: MK1
I_120				= 9CA3, L: MK1
I_121				= 9C87, L: MK1
I_122_I_121			= 9C8A, L: MK1
I_123				= 9CFE, L: MK1
I_124				= 9CC9, L: MK1
I_125				= 9CE5, L: MK1
I_126				= 9D22, L: MK1
I_127				= 9D25, L: MK1
I_128				= 9D4A, L: MK1
I_129				= 9DB3, L: MK1
I_130				= 9E5F, L: MK1
I_131				= 9F5A, L: MK1
I_132				= 9E69, L: MK1
I_134				= 9F57, L: MK1
I_135				= 9F18, L: MK1
I_136				= 9F30, L: MK1
I_137				= 9F30, L: MK1
I_138				= 9F30, L: MK1
I_139				= 9F30, L: MK1
I_140				= 9F80, L: MK1
I_141				= 9FB4, L: MK1
I_142				= A3A1, L: MK1
I_143				= 9FB9, L: MK1
I_144				= A065, L: MK1
I_145				= A068, L: MK1
I_147				= A0D0, L: MK1
I_148				= A073, L: MK1
I_149				= A08B, L: MK1
I_15				= 8C25, L: MK1
I_150				= A08B, L: MK1
I_151				= A08B, L: MK1
I_152				= A08B, L: MK1
I_153				= A36A, L: MK1
I_154				= A121, L: MK1
I_155				= A1D7, L: MK1
I_156				= A240, L: MK1
I_157				= A240, L: MK1
I_158				= A203, L: MK1
I_159_I_158			= A206, L: MK1
I_16				= 8C21, L: MK1
I_160				= A240, L: MK1
I_161				= A24A, L: MK1
I_162				= A36A, L: MK1
I_163				= A24F, L: MK1
I_164				= A367, L: MK1
I_165				= A367, L: MK1
I_166				= A2E0, L: MK1
I_167_I_166			= A2E3, L: MK1
I_168				= A32F, L: MK1
I_169				= A35F, L: MK1
I_170				= A3A9, L: MK1
I_171				= A3D4, L: MK1
I_172				= A3EF, L: MK1
I_173				= A4CE, L: MK1
I_175				= A47F, L: MK1
I_176				= A421, L: MK1
I_177				= A434, L: MK1
I_178				= A449, L: MK1
I_179				= A459, L: MK1
I_180				= A477, L: MK1
I_181				= A4CE, L: MK1
I_182				= A527, L: MK1
I_183				= A531, L: MK1
I_184				= A509, L: MK1
I_185				= A570, L: MK1
I_186				= A5FD, L: MK1
I_187				= A575, L: MK1
I_188				= A607, L: MK1
I_189				= A656, L: MK1
I_19				= 8ED2, L: MK1
I_190				= A60C, L: MK1
I_191				= A656, L: MK1
I_192				= AA87, L: MK1
I_193				= A6CE, L: MK1
I_194				= AA65, L: MK1
I_195				= A6EE, L: MK1
I_196				= A712, L: MK1
I_197				= A72F, L: MK1
I_198				= A75F, L: MK1
I_199				= A78F, L: MK1
I_20				= 8ED5, L: MK1
I_200				= A7CF, L: MK1
I_201				= A7C8, L: MK1
I_202				= A7CF, L: MK1
I_203				= A948, L: MK1
I_204				= A7ED, L: MK1
I_205				= A815, L: MK1
I_206				= A7F2, L: MK1
I_207				= A871, L: MK1
I_208				= A833, L: MK1
I_21				= 8F6F, L: MK1
I_210				= A88E, L: MK1
I_211				= A89E, L: MK1
I_212				= A945, L: MK1
I_213				= A8A3, L: MK1
I_214				= A920, L: MK1
I_215				= A942, L: MK1
I_216				= A97A, L: MK1
I_217				= A962, L: MK1
I_218_I_217			= A965, L: MK1
I_219				= A9AA, L: MK1
I_22				= 8F74, L: MK1
I_220				= A991, L: MK1
I_221_I_220			= A994, L: MK1
I_222				= A9EB, L: MK1
I_223				= A9CE, L: MK1
I_223_UGE			= A9CC, L: MK1
I_224_I_223			= A9D1, L: MK1
I_225				= AA46, L: MK1
I_226				= AA02, L: MK1
I_227_I_226			= AA05, L: MK1
I_228				= AA46, L: MK1
I_229				= AA46, L: MK1
I_23				= 8FC2, L: MK1
I_230				= AA62, L: MK1
I_231				= AA56, L: MK1
I_233				= AA7B, L: MK1
I_234				= AA7E, L: MK1
I_24				= 8FE5, L: MK1
I_25				= 901F, L: MK1
I_26				= 90A9, L: MK1
I_27				= 9029, L: MK1
I_28				= 90A6, L: MK1
I_29				= 907E, L: MK1
I_30				= 9098, L: MK1
I_31				= 90B4, L: MK1
I_32				= 9182, L: MK1
I_33				= 90B9, L: MK1
I_34				= 917F, L: MK1
I_35				= 912E, L: MK1
I_36				= 912E, L: MK1
I_37				= 917C, L: MK1
I_40				= 91C2, L: MK1
I_41				= 91D1, L: MK1
I_42				= 91AE, L: MK1
I_43				= 9275, L: MK1
I_44				= 927D, L: MK1
I_45				= 927E, L: MK1
I_46				= 9286, L: MK1
I_47				= 92AB, L: MK1
I_48				= 92B5, L: MK1
I_49				= 9286, L: MK1
I_50				= 9294, L: MK1
I_51				= 92A3, L: MK1
I_52				= 928D, L: MK1
I_53				= 92AB, L: MK1
I_54				= 92C0, L: MK1
I_55				= 92ED, L: MK1
I_56				= 92CA, L: MK1
I_57				= 93C0, L: MK1
I_58				= 930F, L: MK1
I_59_I_58			= 9312, L: MK1
I_60				= 931C, L: MK1
I_61				= 938D, L: MK1
I_62				= 9326, L: MK1
I_63				= 938A, L: MK1
I_64				= 936F, L: MK1
I_65_I_64			= 9372, L: MK1
I_66				= 93F1, L: MK1
I_67				= 947C, L: MK1
I_68				= 93FB, L: MK1
I_69				= 954C, L: MK1
I_70				= 9584, L: MK1
I_71				= 9581, L: MK1
I_72				= 9565, L: MK1
I_72_UGE			= 955C, L: MK1
I_73_I_72			= 9568, L: MK1
I_74				= 967A, L: MK1
I_75				= 9688, L: MK1
I_76				= 969B, L: MK1
I_77				= 9776, L: MK1
I_78				= 9779, L: MK1
I_79				= 97E3, L: MK1
I_81				= 97FE, L: MK1
I_82				= 9801, L: MK1
I_83				= 98B4, L: MK1
I_84				= 985A, L: MK1
I_85				= 9857, L: MK1
I_86				= 9845, L: MK1
I_88				= 98B1, L: MK1
I_89				= 989B, L: MK1
I_90				= 98B1, L: MK1
I_91				= 98BB, L: MK1
I_92				= 996D, L: MK1
I_93				= 98EC, L: MK1
I_94				= 98EF, L: MK1
I_95				= 992F, L: MK1
I_96				= 992C, L: MK1
I_97				= 9966, L: MK1
I_98				= 9966, L: MK1
I_99				= 9966, L: MK1
JKLOOP				= C8FB, L: SPJOYKEYBOARD
JPHL				= C4FE, L: SPCREATESPR
JPHL				= C3B9, L: SPDELETESPR
JPHL				= C39F, L: SPADDCOLSPR
KEMPTBL				= C8C0, L: SPJOYKEMPSTON
KEYOK				= C510, L: SP_GETKEY
KEYROWLOOP			= C536, L: SPGETKEY
L8098				= AB2B, L: MK1
L809B				= AB2E, L: MK1
L8168				= ABE7, L: MK1
L8171				= ABF0, L: MK1
L8173				= ABF2, L: MK1
L8179				= ABF8, L: MK1
L817B				= ABFA, L: MK1
L8184				= AC03, L: MK1
L8186				= AC05, L: MK1
L818A				= AC09, L: MK1
L8193				= AC12, L: MK1
L8195				= AC14, L: MK1
L819B				= AC1A, L: MK1
L819D				= AC1C, L: MK1
L81A6				= AC25, L: MK1
L81A8				= AC27, L: MK1
L81AC				= AC2B, L: MK1
L81B5				= AC34, L: MK1
L81B7				= AC36, L: MK1
L81BD				= AC3C, L: MK1
L81BF				= AC3E, L: MK1
L81C8				= AC47, L: MK1
L81CA				= AC49, L: MK1
L81CE				= AC4D, L: MK1
L81D7				= AC56, L: MK1
L81D9				= AC58, L: MK1
L81DF				= AC5E, L: MK1
L81E1				= AC60, L: MK1
L81EA				= AC69, L: MK1
L81EC				= AC6B, L: MK1
L81F9				= AC78, L: MK1
L81FB				= AC7A, L: MK1
L8201				= AC80, L: MK1
L8203				= AC82, L: MK1
L820C				= AC8B, L: MK1
L820E				= AC8D, L: MK1
LOADNOROTATE			= CC6B, L: SPUPDATENOW
LOADTYPE			= CBFD, L: SPUPDATENOW
LOOP				= C694, L: SPINITIALIZE
LOOP				= C3A4, L: SPDELETESPR
L_AND				= B308, G: L_AND
L_ASL				= B30F, G: L_ASL
L_ASL1				= B310, L: L_ASL
L_ASR				= B316, G: L_ASR
L_ASR1				= B317, L: L_ASR
L_ASR_U				= B320, G: L_ASR_U
L_ASR_U_1			= B321, L: L_ASR_U
L_DIV1				= B335, L: L_DIV_U
L_DIV2				= B33F, L: L_DIV_U
L_DIV_U				= B32A, G: L_DIV_U
L_EQ				= B349, G: L_EQ
L_GCHAR				= B350, G: L_GCHAR
L_GINT				= B356, G: L_GINT
L_GT				= B35B, G: L_GT
L_LNEG				= B367, G: L_LNEG
L_LT				= B36C, G: L_LT
L_MULT				= B378, G: L_MULT
L_MULT1				= B37F, L: L_MULT
L_MULT2				= B386, L: L_MULT
L_NE				= B389, G: L_NE
L_NEG				= B390, G: L_NEG
L_OR				= B398, G: L_OR
L_PINT				= B39F, G: L_PINT
L_SXT				= B3A5, G: L_SXT
L_SXT				= B351, L: L_GCHAR
L_UGE				= B3AA, G: L_UGE
L_UGT				= B3B2, G: L_UGT
L_ULE				= B3B8, G: L_ULE
L_ULT				= B3C0, G: L_ULT
MAIN_LOOP			= AAE0, L: MK1
MASKNOROTATE			= CBB2, L: SPUPDATENOW
MUSICDATA			= ADA3, L: MK1
MUSICSTART			= AA88, L: MK1
MVCOLLOOP			= C180, L: SPMOVESPRABS
MVROWLOOP			= C186, L: SPMOVESPRABS
NEXTRAND			= 8F51, L: MK1
NEXTSCANROW			= C54B, L: SPGETKEY
NEXT_PATTERN			= AACC, L: MK1
NOADD				= C6A6, L: SPINITIALIZE
NOCAPS				= C589, L: SPGETKEY
NODEC1				= C210, L: SPMOVESPRABS
NOFIRE				= C8FB, L: SPJOYKEYBOARD
NOINC				= C957, L: SPTILEENTRY
NOINC				= C2DB, L: SPTBLLOOKUP
NOINC1				= C994, L: SPUPDATENOW
NOINC1				= C350, L: SPADDCOLSPR
NOINC1				= C1A8, L: SPMOVESPRABS
NOINC1				= BFF8, L: SPINVALIDATE
NOINC10				= CA4B, L: SPUPDATENOW
NOINC11				= C9EE, L: SPUPDATENOW
NOINC2				= C1E1, L: SPMOVESPRABS
NOINC2				= C00B, L: SPINVALIDATE
NOINC3				= C202, L: SPMOVESPRABS
NOINC3				= C01C, L: SPINVALIDATE
NOINC4				= C21C, L: SPMOVESPRABS
NOINC5				= C282, L: SPMOVESPRABS
NOKEYS				= C597, L: SPGETKEY
NOMORESPRITES			= CBA4, L: SPUPDATENOW
NONEXT1				= C1BC, L: SPMOVESPRABS
NONEXT2				= C229, L: SPMOVESPRABS
NOPRESS				= C906, L: SPJOYKEYBOARD
NOPRESS				= C546, L: SPGETKEY
NOSYM				= C594, L: SPGETKEY
NOTACROSSBLK1			= C98C, L: SPUPDATENOW
NOTACROSSBLK2			= C9DC, L: SPUPDATENOW
NOTCOMPRESS			= C4D0, L: SPCREATESPR
NOTDISPLAYED			= C229, L: SPMOVESPRABS
NOTDONE				= C190, L: SPMOVESPRABS
NOTE_PTR			= AD17, L: MK1
NOTINDLIST			= C1BC, L: SPMOVESPRABS
NOTLOAD				= CA40, L: SPUPDATENOW
NOTNEGATIVE			= C271, L: SPMOVESPRABS
NO_PATTERN_LOOP			= AAD7, L: MK1
ORNOROTATE			= CDC8, L: SPUPDATENOW
ORTYPE				= CD42, L: SPUPDATENOW
OTHER				= AB8C, L: MK1
OUT_1				= ABD0, L: MK1
OUT_2				= ABDA, L: MK1
PAT0				= ADBF, L: MK1
PAT1				= ADEA, L: MK1
PAT2				= AE16, L: MK1
PAT3				= AE2B, L: MK1
PATTERNDATA			= ADAF, L: MK1
PATTERN_ADDR			= AD14, L: MK1
PATTERN_LOOP_BEGIN		= AAD6, L: MK1
PATTERN_LOOP_END		= AAD2, L: MK1
PATTERN_PTR			= AD16, L: MK1
PDLOOP				= C1D9, L: SPMOVESPRABS
PLAYER				= AAAC, L: MK1
PLAYER_WAIT_KEY			= ABE2, L: MK1
PLAYSFX				= 5E2D, L: MK1
PLAY_NOTE			= ABDB, L: MK1
PRINT_STR_LOOP			= 8DEA, L: MK1
PRINT_STR_NO_INC_A		= 8DFE, L: MK1
PROCLIST			= 5F41, L: MK1
PUTHERE				= C1F3, L: SPMOVESPRABS
RAND16				= 8F35, L: MK1
READ_LOOP			= AAE3, L: MK1
REENTER				= C994, L: SPUPDATENOW
RENDER				= ABB9, L: MK1
REPITATODO			= 8F9B, L: MK1
ROTLP				= C67B, L: SPINITIALIZE
ROTTBLLP			= C671, L: SPINITIALIZE
SCANLOOP			= C532, L: SPGETKEY
SET_NOTE2			= AB54, L: MK1
SET_STOP			= AB68, L: MK1
SET_STOP2			= AB81, L: MK1
SINC1TBL			= C920, L: SPJOYSINCLAIR1
SKIP				= C573, L: SPGETKEY
SKIP1				= C292, L: SPMOVESPRABS
SKIP2				= C2A2, L: SPMOVESPRABS
SKIPUPDATECOL			= CBAF, L: SPUPDATENOW
SKIP_CH1			= ABAC, L: MK1
SKIP_SPRITE_UPDATE		= CB76, L: SPUPDATENOW
SOUND1				= 5E3D, L: MK1
SOUND10				= 5F08, L: MK1
SOUND1L0			= 5E41, L: MK1
SOUND1L1			= 5E4C, L: MK1
SOUND1L2			= 5E56, L: MK1
SOUND2				= 5E61, L: MK1
SOUND2L0			= 5E65, L: MK1
SOUND2L1			= 5E6C, L: MK1
SOUND2L2			= 5E72, L: MK1
SOUND3				= 5E78, L: MK1
SOUND3L0			= 5E7E, L: MK1
SOUND3L0A			= 5E84, L: MK1
SOUND3L1			= 5E8B, L: MK1
SOUND3L2			= 5E92, L: MK1
SOUND3L3			= 5E99, L: MK1
SOUND4				= 5E9F, L: MK1
SOUND4L0			= 5EA2, L: MK1
SOUND4L1			= 5EA8, L: MK1
SOUND4L2			= 5EAE, L: MK1
SOUND5				= 5EB6, L: MK1
SOUND5L0			= 5EBA, L: MK1
SOUND5L1			= 5EC6, L: MK1
SOUND6				= 5ECC, L: MK1
SOUND6L0			= 5ED0, L: MK1
SOUND6L0A			= 5ED6, L: MK1
SOUND6L1			= 5EDB, L: MK1
SOUND6L2			= 5EE0, L: MK1
SOUND7				= 5EE6, L: MK1
SOUND7L0			= 5EEA, L: MK1
SOUND7L1			= 5EF6, L: MK1
SOUND8				= 5F00, L: MK1
SOUND8L0			= 5F15, L: MK1
SOUND8L1			= 5F18, L: MK1
SOUND8L2			= 5F11, L: MK1
SOUND8L2B			= 5F20, L: MK1
SOUND8L3			= 5F28, L: MK1
SOUND8L4			= 5F2D, L: MK1
SOUND9				= 5F04, L: MK1
SOUNDITEM			= 5F0A, L: MK1
SPADDCOLSPR			= C2F8, G: SPADDCOLSPR
SPADDMEMORY			= C3D3, G: SPADDMEMORY
SPALLOC				= C424, G: SPBLOCKALLOC
SPBIT2MASK			= C2CD, G: SPBIT2MASK
SPBITLEFT2MASK			= C02A, G: SPBITLEFT2MASK
SPBITRIGHT2MASK			= C032, G: SPBITRIGHT2MASK
SPBLOCKALLOC			= C41A, G: SPBLOCKALLOC
SPBORDER			= C43F, G: SPBORDER
SPBORDERCLR			= C43E, G: SPBORDER
SPCOMPDIRTYADDR			= C03A, G: SPCOMPDIRTYADDR
SPCOMPDLISTADDR			= B3C6, G: SPCOMPDLISTADDR
SPCREATESPR			= C45F, G: SPCREATESPR
SPDELETESPR			= C3A0, G: SPDELETESPR
SPDIRTYCHARS			= C04F, G: SPDIRTYCHARS
SPDISPLAYLIST			= B3D7, G: SPDISPLAYLIST
SPDSLOOP			= C3B1, G: SPDELETESPR
SPFB1				= C3F4, G: SPFREEBLOCK
SPFB2				= C3FF, G: SPFREEBLOCK
SPFREEBLOCK			= C3EF, G: SPFREEBLOCK
SPGETKEY			= C52B, G: SPGETKEY
SPINITIALIZE			= C64B, G: SPINITIALIZE
SPINKEY				= C51A, G: SPGETKEY
SPINTRECT			= C0AF, G: SPINTRECT
SPINTSMALLIVAL			= C0E0, G: SPINTRECT
SPINVALIDATE			= BFD7, G: SPINVALIDATE
SPINVALIDATEP			= BFDF, G: SPINVALIDATE
SPJOYKEMPSTON			= C8B5, G: SPJOYKEMPSTON
SPJOYKEYBOARD			= C8EE, G: SPJOYKEYBOARD
SPJOYSINCLAIR1			= C914, G: SPJOYSINCLAIR1
SPKEYDEBOUNCE			= C517, G: SPGETKEY
SPKEYREPEATPERIOD		= C519, G: SPGETKEY
SPKEYSTARTREPEAT		= C518, G: SPGETKEY
SPKEYTRANSTBL			= C59F, G: SPKEYTRANSTBL
SPMOVESPRABS			= C11A, G: SPMOVESPRABS
SPMOVESPRABSC			= C141, G: SPMOVESPRABS
SPMOVESPRABSNC			= C128, G: SPMOVESPRABS
SPNULLSPRPTR			= C2A5, G: SPNULLSPRPTR
SPPRINTATINV			= C2B5, G: SPPRINTATINV
SPPTINSMALLIVAL			= C105, G: SPINTRECT
SPQUEUETABLE			= C40A, G: SPQUEUETABLE
SPRITELOOP			= CA60, L: SPUPDATENOW
SPTBLLOOKUP			= C2D5, G: SPTBLLOOKUP
SPTILEARRAY			= C6AE, G: SPTILEARRAY
SPTILEENTRY			= C94E, G: SPTILEENTRY
SPUPDATENOW			= C970, G: SPUPDATENOW
SPWAITFORNOKEY			= CDFE, G: SPWAITFORNOKEY
SP_ADDCOLSPR			= C2DD, G: SP_ADDCOLSPR
SP_ADDMEMORY			= C3BA, G: SP_ADDMEMORY
SP_BLOCKALLOC			= C40C, G: SP_BLOCKALLOC
SP_BORDER			= C435, G: SP_BORDER
SP_CREATESPR			= C447, G: SP_CREATESPR
SP_FREEBLOCK			= C4FF, G: SP_FREEBLOCK
SP_GETKEY			= C50A, G: SP_GETKEY
SP_INITIALIZE			= C63F, G: SP_INITIALIZE
SP_JOYKEMPSTON			= C8AE, G: SP_JOYKEMPSTON
SP_JOYKEYBOARD			= C8E0, G: SP_JOYKEYBOARD
SP_JOYSINCLAIR1			= C90D, G: SP_JOYSINCLAIR1
SP_TILEARRAY			= C940, G: SP_TILEARRAY
SP_UPDATENOW			= C95F, G: SP_UPDATENOW
SP_WAITFORNOKEY			= CDFA, G: SP_WAITFORNOKEY
START				= 5DC0, L: ZX82_CRT0
STATE				= C515, L: SPGETKEY
TEMPCOLOUR			= C96D, L: SPUPDATENOW
TEMPGRAPHIC			= C965, L: SPUPDATENOW
TILEONLY			= C9E3, L: SPUPDATENOW
TOOMANYKEYS			= C597, L: SPGETKEY
TRYOTHERWAY			= C0F4, L: SPINTRECT
UPDATE_ATTRS			= C96E, G: SPUPDATENOW
USERTILE			= C6A9, L: SPINITIALIZE
VPCLIPSTRUCT			= 5E00, L: MK1
XINSCREEN			= C169, L: SPMOVESPRABS
XORNOROTATE			= CD10, L: SPUPDATENOW
XORTYPE				= CC8A, L: SPUPDATENOW
YINSCREEN			= C159, L: SPMOVESPRABS
_ABS				= 8F5E, G: MK1
_ACTIVE				= AF37, G: MK1
_ADDSIGN			= 9264, G: MK1
_ADVANCE_WORM_NO_INC_Y		= 9476, L: MK1
_AD_FREE			= AFAA, G: MK1
_ASM_INT			= B2F5, G: MK1
_ASM_INT_2			= AF83, G: MK1
_ASM_NUMBER			= AF8F, G: MK1
_AT1				= AF98, G: MK1
_AT2				= AF99, G: MK1
_ATTR				= 8C01, G: MK1
_BEEP_FX			= 5F55, G: MK1
_BEHS				= 5DD0, G: MK1
_BLACKOUT			= 6BCB, G: MK1
_BLX				= AFA0, G: MK1
_BLY				= AFA1, G: MK1
_BULLETS_ESTADO			= AF44, G: MK1
_BULLETS_FIRE			= 9015, G: MK1
_BULLETS_INIT			= 8FBB, G: MK1
_BULLETS_MOVE			= 90AA, G: MK1
_BULLETS_MX			= AE64, G: MK1
_BULLETS_MY			= AE67, G: MK1
_BULLETS_UPDATE			= 8FE6, G: MK1
_BULLETS_X			= AF64, G: MK1
_BULLETS_Y			= AF67, G: MK1
_B_IT				= AF60, G: MK1
_CERROJOS			= 74A3, G: MK1
_CLEAR_SPRITES			= 8E0C, G: MK1
_CM_HB_COLLISION		= 8ED8, G: MK1
_CM_HB_COLLISION_AT1_DO		= 8EE9, L: MK1
_CM_HB_COLLISION_AT1_DONE	= 8F03, L: MK1
_CM_HB_COLLISION_AT1_RESET	= 8EE6, L: MK1
_CM_HB_COLLISION_AT2_DO		= 8F17, L: MK1
_CM_HB_COLLISION_AT2_DONE	= 8F31, L: MK1
_CM_HB_COLLISION_AT2_RESET	= 8F14, L: MK1
_COLLIDE			= 8E77, G: MK1
_CORTINA			= 8F87, G: MK1
_CX1				= AF9B, G: MK1
_CX2				= AF9C, G: MK1
_CY1				= AF9D, G: MK1
_CY2				= AF9E, G: MK1
_DRAW_COLOURED_TILE		= 8C7D, G: MK1
_DRAW_COLOURED_TILE_GAMEAREA	= 8CEE, G: MK1
_DRAW_DECORATIONS		= 8D1C, G: MK1
_DRAW_DECORATIONS_LOOP		= 8D1F, L: MK1
_DRAW_INVALIDATE_COLOURED_TILE_G= 8CE7, G: MK1
_DRAW_OBJS			= 8DD0, G: MK1
_DRAW_SCR			= 947D, G: MK1
_DRAW_SCR_BACKGROUND		= 93C1, G: MK1
_DRAW_SCR_PACKED_ALT		= 9447, L: MK1
_DRAW_SCR_PACKED_ALT_SUBST	= 9456, L: MK1
_DRAW_SCR_PACKED_DONE		= 942B, L: MK1
_DRAW_SCR_PACKED_EXISTING	= 9426, L: MK1
_DRAW_SCR_PACKED_NEW		= 9411, L: MK1
_DRAW_SCR_PACKED_NOALT		= 945B, L: MK1
_ENEMS_DRAW_CURRENT		= 9DB4, G: MK1
_ENEMS_INIT			= 9D43, G: MK1
_ENEMS_KILL			= 9F5B, G: MK1
_ENEMS_LM_CHANGE_AXIS_X		= A0A8, L: MK1
_ENEMS_LM_CHANGE_AXIS_X_DONE	= A0B0, L: MK1
_ENEMS_LM_CHANGE_AXIS_Y		= A0C8, L: MK1
_ENEMS_LM_CHANGE_AXIS_Y_DONE	= A0D0, L: MK1
_ENEMS_LOAD			= 9E46, G: MK1
_ENEMS_MOVE			= 9F8B, G: MK1
_ENEMS_MOVE_UPDATE_FRAME_DONE	= A121, L: MK1
_ENEMS_PLATFORMS_DONE		= A1D4, L: MK1
_ENEMS_PLATS_GPY_SET		= A1C0, L: MK1
_ENEMS_PLATS_HORZ		= A131, L: MK1
_ENEMS_PLATS_HORZ_DO		= A15D, L: MK1
_ENEMS_PLATS_HORZ_DONE		= A173, L: MK1
_ENEMS_PLATS_VERT		= A173, L: MK1
_ENEMS_PLATS_VERT_CHECK_1	= A173, L: MK1
_ENEMS_PLATS_VERT_CHECK_2	= A192, L: MK1
_ENEMS_PLATS_VERT_DO		= A1A3, L: MK1
_ENEMS_PLATS_VERT_DONE		= A1BD, L: MK1
_ENEM_CELLS			= 9197, G: MK1
_ENIT				= AF73, G: MK1
_ENOFFS				= AF5F, G: MK1
_ENOFFSMASI			= B2F0, G: MK1
_EN_AN_BASE_FRAME		= AE6A, G: MK1
_EN_AN_COUNT			= B302, G: MK1
_EN_AN_CURRENT_FRAME		= AF4F, G: MK1
_EN_AN_FRAME			= B2FE, G: MK1
_EN_AN_NEXT_FRAME		= AF92, G: MK1
_EN_AN_STATE			= AE76, G: MK1
_ESPERA_ACTIVA			= 927E, G: MK1
_FLAGS				= AE79, G: MK1
_GAME_ENDING			= 91DA, G: MK1
_GAME_LOOP_DO			= A6D8, L: MK1
_GAME_LOOP_INIT			= A67E, L: MK1
_GAME_OVER			= 9201, G: MK1
_GEN_PT				= AF49, G: MK1
_GPAUX				= AEA0, G: MK1
_GPC				= AFA2, G: MK1
_GPCX				= AF77, G: MK1
_GPCY				= AF78, G: MK1
_GPD				= AFA3, G: MK1
_GPEN_CX			= AE5E, G: MK1
_GPEN_CY			= AE5F, G: MK1
_GPEN_X				= AF6B, G: MK1
_GPEN_Y				= AF6C, G: MK1
_GPIT				= AF79, G: MK1
_GPJT				= AF7A, G: MK1
_GPOX				= AF7D, G: MK1
_GPX				= B2E5, G: MK1
_GPXX				= AF87, G: MK1
_GPY				= B2E6, G: MK1
_GPYY				= AF88, G: MK1
_HALF_LIFE			= AE71, G: MK1
_HA_COLLISION_CHECKEVIL		= 9AC7, L: MK1
_HA_COLLISION_DONE		= 9AC7, L: MK1
_HA_COLLISION_VX_NEGATIVE	= 9A44, L: MK1
_HA_COLLISION_VX_POSITIVE	= 9A87, L: MK1
_HA_COL_VX_NEG_DO		= 9A5F, L: MK1
_HA_COL_VX_POS_DO		= 9AA2, L: MK1
_HIT				= AFA4, G: MK1
_HIT_H				= AE9C, G: MK1
_HIT_V				= AE9E, G: MK1
_HOTSPOTS			= 8137, G: MK1
_HOTSPOTS_DO			= A3D5, G: MK1
_HOTSPOTS_INIT			= A3A2, G: MK1
_HOTSPOTS_SETUP_DO		= 94BC, L: MK1
_HOTSPOTS_SETUP_DONE		= 94F6, L: MK1
_HOTSPOTS_SETUP_SET		= 94EE, L: MK1
_HOTSPOTS_SETUP_SET_REFILL	= 94ED, L: MK1
_HOTSPOT_DESTROY		= AF3A, G: MK1
_HOTSPOT_X			= AE6F, G: MK1
_HOTSPOT_Y			= AE70, G: MK1
_INVALIDATE_TILE		= 8CC3, G: MK1
_INVALIDATE_VIEWPORT		= 8CD7, G: MK1
_ISR				= 5E22, G: MK1
_ISRC				= AF80, G: MK1
_IS_RENDERING			= B2F3, G: MK1
_ITJ				= B2E9, G: MK1
_JOYFUNC			= 5E08, G: MK1
_JOYFUNCS			= 5E0A, G: MK1
_KEYS				= 5DC6, G: MK1
_KEYS_OLD			= B2EB, G: MK1
_KILLED_OLD			= AE9F, G: MK1
_LAME_SOUND			= 91A7, G: MK1
_LEVEL				= AF39, G: MK1
_LIFE_OLD			= AF43, G: MK1
_LOCKS_INIT			= 92B6, G: MK1
_MAIN				= A4CF, G: MK1
_MAINCOUNTER			= AF8A, G: MK1
_MALOTES			= 7DB3, G: MK1
_MAPA				= 6BD9, G: MK1
_MAP_ATTR			= AEA1, G: MK1
_MAP_POINTER			= AE74, G: MK1
_MY_MALLOC			= 5E10, G: MK1
_N_PANT				= AF6F, G: MK1
_OBJS_OLD			= AF89, G: MK1
_OPEN_LOCKS_DO			= 950F, L: MK1
_OPEN_LOCKS_DONE		= 9537, L: MK1
_OPEN_LOCKS_LOOP		= 94FB, L: MK1
_ORIG_TILE			= B2FD, G: MK1
_O_PANT				= AF71, G: MK1
_PAD0				= AF6D, G: MK1
_PLAYER_CALC_BOUNDING_BOX	= 95EC, G: MK1
_PLAYER_CELLS			= 9183, G: MK1
_PLAYER_DEPLETE			= 9CFF, G: MK1
_PLAYER_GRAVITY_ADD		= 963F, L: MK1
_PLAYER_GRAVITY_P_GOTTEN_DONE	= 9655, L: MK1
_PLAYER_GRAVITY_VY_SET		= 9641, L: MK1
_PLAYER_INIT			= 9585, G: MK1
_PLAYER_KILL			= 9D2C, G: MK1
_PLAYER_MOVE			= 962D, G: MK1
_PLAYING			= AF7C, G: MK1
_PN2				= 8DAE, L: MK1
_POSSEE				= B2FC, G: MK1
_PREGOTTEN			= AE9B, G: MK1
_PRINT_NUMBER2			= 8D81, G: MK1
_PRINT_STR			= 8DE7, G: MK1
_PROCESS_TILE			= 92EE, G: MK1
_PTGMX				= AF4D, G: MK1
_PTGMY				= AF4E, G: MK1
_PTX1				= AF8B, G: MK1
_PTX2				= AF8C, G: MK1
_PTY1				= AF8D, G: MK1
_PTY2				= AF8E, G: MK1
_P_AMMO				= AF6A, G: MK1
_P_CONT_SALTO			= AF70, G: MK1
_P_CT_ESTADO			= AF38, G: MK1
_P_CURRENT_FRAME		= AF4B, G: MK1
_P_DISPARANDO			= B305, G: MK1
_P_ESTADO			= AF61, G: MK1
_P_FACING			= AE99, G: MK1
_P_FACING_H			= B2F7, G: MK1
_P_FACING_V			= B2FA, G: MK1
_P_FRAME			= AE9A, G: MK1
_P_FUEL				= AF74, G: MK1
_P_GOTTEN			= AF76, G: MK1
_P_KEYS				= AF7B, G: MK1
_P_KILLED			= AF63, G: MK1
_P_KILLME			= AF6E, G: MK1
_P_KILL_AMT			= AE9D, G: MK1
_P_LIFE				= AF72, G: MK1
_P_NEXT_FRAME			= AF90, G: MK1
_P_OBJS				= AF75, G: MK1
_P_SALTANDO			= B2FB, G: MK1
_P_SUBFRAME			= AF9F, G: MK1
_P_TX				= AF81, G: MK1
_P_TY				= AF82, G: MK1
_P_VX				= AF85, G: MK1
_P_VY				= AF86, G: MK1
_P_X				= AFA8, G: MK1
_P_Y				= B2E3, G: MK1
_QTILE				= 8C51, G: MK1
_RAND				= 8F35, G: MK1
_RDA				= AFA5, G: MK1
_RDB				= AFA6, G: MK1
_RDC				= AFA7, G: MK1
_RDD				= B2E7, G: MK1
_RDN				= B2E8, G: MK1
_RDT				= B2EC, G: MK1
_RDX				= B2ED, G: MK1
_RDY				= B2EE, G: MK1
_SEED				= AF7E, G: MK1
_SELECT_JOYFUNC			= 9549, G: MK1
_SLEVEL				= B2F4, G: MK1
_SPACER				= 5E1D, G: MK1
_SPRITE_10_A			= 86B1, G: MK1
_SPRITE_10_B			= 86E1, G: MK1
_SPRITE_10_C			= 8711, G: MK1
_SPRITE_11_A			= 8741, G: MK1
_SPRITE_11_B			= 8771, G: MK1
_SPRITE_11_C			= 87A1, G: MK1
_SPRITE_12_A			= 87D1, G: MK1
_SPRITE_12_B			= 8801, G: MK1
_SPRITE_12_C			= 8831, G: MK1
_SPRITE_13_A			= 8861, G: MK1
_SPRITE_13_B			= 8891, G: MK1
_SPRITE_13_C			= 88C1, G: MK1
_SPRITE_14_A			= 88F1, G: MK1
_SPRITE_14_B			= 8921, G: MK1
_SPRITE_14_C			= 8951, G: MK1
_SPRITE_15_A			= 8981, G: MK1
_SPRITE_15_B			= 89B1, G: MK1
_SPRITE_15_C			= 89E1, G: MK1
_SPRITE_16_A			= 8A11, G: MK1
_SPRITE_16_B			= 8A41, G: MK1
_SPRITE_16_C			= 8A71, G: MK1
_SPRITE_17_A			= 8AA1, G: MK1
_SPRITE_18_A			= 8B31, G: MK1
_SPRITE_18_B			= 8B61, L: MK1
_SPRITE_18_C			= 8B91, L: MK1
_SPRITE_19_A			= 8BC1, G: MK1
_SPRITE_1_A			= 81A1, G: MK1
_SPRITE_1_B			= 81D1, G: MK1
_SPRITE_1_C			= 8201, G: MK1
_SPRITE_2_A			= 8231, G: MK1
_SPRITE_2_B			= 8261, G: MK1
_SPRITE_2_C			= 8291, G: MK1
_SPRITE_3_A			= 82C1, G: MK1
_SPRITE_3_B			= 82F1, G: MK1
_SPRITE_3_C			= 8321, G: MK1
_SPRITE_4_A			= 8351, G: MK1
_SPRITE_4_B			= 8381, G: MK1
_SPRITE_4_C			= 83B1, G: MK1
_SPRITE_5_A			= 83E1, G: MK1
_SPRITE_5_B			= 8411, G: MK1
_SPRITE_5_C			= 8441, G: MK1
_SPRITE_6_A			= 8471, G: MK1
_SPRITE_6_B			= 84A1, G: MK1
_SPRITE_6_C			= 84D1, G: MK1
_SPRITE_7_A			= 8501, G: MK1
_SPRITE_7_B			= 8531, G: MK1
_SPRITE_7_C			= 8561, G: MK1
_SPRITE_8_A			= 8591, G: MK1
_SPRITE_8_B			= 85C1, G: MK1
_SPRITE_8_C			= 85F1, G: MK1
_SPRITE_9_A			= 8621, G: MK1
_SPRITE_9_B			= 8651, G: MK1
_SPRITE_9_C			= 8681, G: MK1
_SP_BULLETS			= AF57, G: MK1
_SP_MOVILES			= AE58, G: MK1
_SP_PLAYER			= AF55, G: MK1
_STEP				= 8F75, G: MK1
_SUCCESS			= B301, G: MK1
_S_ENDING			= 668A, G: MK1
_S_MARCO			= 659C, G: MK1
_S_TITLE			= 6009, G: MK1
_TILESET			= 74B3, G: MK1
_TOCADO				= B2F2, G: MK1
_UPDATE_TILE			= 8D50, G: MK1
_UTAUX				= 8D4F, G: MK1
_U_FREE				= 5E1B, G: MK1
_U_MALLOC			= 5E19, G: MK1
_VA_COLLISION_CHECKEVIL		= 9761, L: MK1
_VA_COLLISION_DONE		= 977F, L: MK1
_VA_COLLISION_VY_NEGATIVE	= 96CE, L: MK1
_VA_COLLISION_VY_POSITIVE	= 970D, L: MK1
_VA_COL_VY_NEG_DO		= 96EA, L: MK1
_VA_COL_VY_POS_DO		= 9741, L: MK1
_WALL_H				= B2EF, G: MK1
_WALL_V				= B2F1, G: MK1
_WARP_TO_LEVEL			= 5E1F, G: MK1
_X0				= AF3B, G: MK1
_X1				= AF3D, G: MK1
_Y0				= AF3C, G: MK1
_Y1				= AF3E, G: MK1
__BADDIES_POINTER		= B2F8, G: MK1
__B_ESTADO			= AF62, G: MK1
__B_MX				= B306, G: MK1
__B_MY				= B307, G: MK1
__B_X				= AF5D, G: MK1
__B_Y				= AF5E, G: MK1
__EN_CX				= AE6D, G: MK1
__EN_CY				= AE6E, G: MK1
__EN_LIFE			= AF9A, G: MK1
__EN_MX				= AE72, G: MK1
__EN_MY				= AE73, G: MK1
__EN_T				= AE55, G: MK1
__EN_X				= AE56, G: MK1
__EN_X1				= AE60, G: MK1
__EN_X2				= AE62, G: MK1
__EN_Y				= AE57, G: MK1
__EN_Y1				= AE61, G: MK1
__EN_Y2				= AE63, G: MK1
__GP_GEN			= AF47, G: MK1
__N				= AF3F, G: MK1
__T				= AF40, G: MK1
__X				= AF41, G: MK1
__Y				= AF42, G: MK1


START				= 5DC0, L: ZX82_CRT0
_KEYS				= 5DC6, G: MK1
_BEHS				= 5DD0, G: MK1
VPCLIPSTRUCT			= 5E00, L: MK1
FSCLIPSTRUCT			= 5E04, L: MK1
_JOYFUNC			= 5E08, G: MK1
_JOYFUNCS			= 5E0A, G: MK1
_MY_MALLOC			= 5E10, G: MK1
_U_MALLOC			= 5E19, G: MK1
_U_FREE				= 5E1B, G: MK1
_SPACER				= 5E1D, G: MK1
_WARP_TO_LEVEL			= 5E1F, G: MK1
_ISR				= 5E22, G: MK1
PLAYSFX				= 5E2D, L: MK1
SOUND1				= 5E3D, L: MK1
SOUND1L0			= 5E41, L: MK1
SOUND1L1			= 5E4C, L: MK1
SOUND1L2			= 5E56, L: MK1
SOUND2				= 5E61, L: MK1
SOUND2L0			= 5E65, L: MK1
SOUND2L1			= 5E6C, L: MK1
SOUND2L2			= 5E72, L: MK1
SOUND3				= 5E78, L: MK1
SOUND3L0			= 5E7E, L: MK1
SOUND3L0A			= 5E84, L: MK1
SOUND3L1			= 5E8B, L: MK1
SOUND3L2			= 5E92, L: MK1
SOUND3L3			= 5E99, L: MK1
SOUND4				= 5E9F, L: MK1
SOUND4L0			= 5EA2, L: MK1
SOUND4L1			= 5EA8, L: MK1
SOUND4L2			= 5EAE, L: MK1
SOUND5				= 5EB6, L: MK1
SOUND5L0			= 5EBA, L: MK1
SOUND5L1			= 5EC6, L: MK1
SOUND6				= 5ECC, L: MK1
SOUND6L0			= 5ED0, L: MK1
SOUND6L0A			= 5ED6, L: MK1
SOUND6L1			= 5EDB, L: MK1
SOUND6L2			= 5EE0, L: MK1
SOUND7				= 5EE6, L: MK1
SOUND7L0			= 5EEA, L: MK1
SOUND7L1			= 5EF6, L: MK1
SOUND8				= 5F00, L: MK1
SOUND9				= 5F04, L: MK1
SOUND10				= 5F08, L: MK1
SOUNDITEM			= 5F0A, L: MK1
SOUND8L2			= 5F11, L: MK1
FRQ				= 5F13, L: MK1
SOUND8L0			= 5F15, L: MK1
SOUND8L1			= 5F18, L: MK1
SOUND8L2B			= 5F20, L: MK1
SOUND8L3			= 5F28, L: MK1
SOUND8L4			= 5F2D, L: MK1
PROCLIST			= 5F41, L: MK1
_BEEP_FX			= 5F55, G: MK1
DEPACK				= 5F66, L: MK1
APBRANCH1			= 5F69, L: MK1
APLOOP0				= 5F6B, L: MK1
APLOOP				= 5F6E, L: MK1
APGET4BITS			= 5F81, L: MK1
APWRITEBYTE			= 5F8B, L: MK1
APBRANCH4			= 5F8F, L: MK1
APBRANCH3			= 5F98, L: MK1
APBRANCH2			= 5FAC, L: MK1
APSKIP2				= 5FCB, L: MK1
APSKIP3				= 5FD4, L: MK1
AP_FINISHUP			= 5FD7, L: MK1
AP_FINISHUP2			= 5FDA, L: MK1
AP_R0_GAMMA			= 5FE1, L: MK1
AP_GETBIT			= 5FED, L: MK1
AP_GETGAMMA			= 5FF9, L: MK1
AP_GETGAMMALOOP			= 5FFC, L: MK1
_S_TITLE			= 6009, G: MK1
_S_MARCO			= 659C, G: MK1
_S_ENDING			= 668A, G: MK1
_BLACKOUT			= 6BCB, G: MK1
_MAPA				= 6BD9, G: MK1
_CERROJOS			= 74A3, G: MK1
_TILESET			= 74B3, G: MK1
_MALOTES			= 7DB3, G: MK1
_HOTSPOTS			= 8137, G: MK1
_SPRITE_1_A			= 81A1, G: MK1
_SPRITE_1_B			= 81D1, G: MK1
_SPRITE_1_C			= 8201, G: MK1
_SPRITE_2_A			= 8231, G: MK1
_SPRITE_2_B			= 8261, G: MK1
_SPRITE_2_C			= 8291, G: MK1
_SPRITE_3_A			= 82C1, G: MK1
_SPRITE_3_B			= 82F1, G: MK1
_SPRITE_3_C			= 8321, G: MK1
_SPRITE_4_A			= 8351, G: MK1
_SPRITE_4_B			= 8381, G: MK1
_SPRITE_4_C			= 83B1, G: MK1
_SPRITE_5_A			= 83E1, G: MK1
_SPRITE_5_B			= 8411, G: MK1
_SPRITE_5_C			= 8441, G: MK1
_SPRITE_6_A			= 8471, G: MK1
_SPRITE_6_B			= 84A1, G: MK1
_SPRITE_6_C			= 84D1, G: MK1
_SPRITE_7_A			= 8501, G: MK1
_SPRITE_7_B			= 8531, G: MK1
_SPRITE_7_C			= 8561, G: MK1
_SPRITE_8_A			= 8591, G: MK1
_SPRITE_8_B			= 85C1, G: MK1
_SPRITE_8_C			= 85F1, G: MK1
_SPRITE_9_A			= 8621, G: MK1
_SPRITE_9_B			= 8651, G: MK1
_SPRITE_9_C			= 8681, G: MK1
_SPRITE_10_A			= 86B1, G: MK1
_SPRITE_10_B			= 86E1, G: MK1
_SPRITE_10_C			= 8711, G: MK1
_SPRITE_11_A			= 8741, G: MK1
_SPRITE_11_B			= 8771, G: MK1
_SPRITE_11_C			= 87A1, G: MK1
_SPRITE_12_A			= 87D1, G: MK1
_SPRITE_12_B			= 8801, G: MK1
_SPRITE_12_C			= 8831, G: MK1
_SPRITE_13_A			= 8861, G: MK1
_SPRITE_13_B			= 8891, G: MK1
_SPRITE_13_C			= 88C1, G: MK1
_SPRITE_14_A			= 88F1, G: MK1
_SPRITE_14_B			= 8921, G: MK1
_SPRITE_14_C			= 8951, G: MK1
_SPRITE_15_A			= 8981, G: MK1
_SPRITE_15_B			= 89B1, G: MK1
_SPRITE_15_C			= 89E1, G: MK1
_SPRITE_16_A			= 8A11, G: MK1
_SPRITE_16_B			= 8A41, G: MK1
_SPRITE_16_C			= 8A71, G: MK1
_SPRITE_17_A			= 8AA1, G: MK1
_SPRITE_18_A			= 8B31, G: MK1
_SPRITE_18_B			= 8B61, L: MK1
_SPRITE_18_C			= 8B91, L: MK1
_SPRITE_19_A			= 8BC1, G: MK1
_ATTR				= 8C01, G: MK1
I_16				= 8C21, L: MK1
I_15				= 8C25, L: MK1
_QTILE				= 8C51, G: MK1
_DRAW_COLOURED_TILE		= 8C7D, G: MK1
_INVALIDATE_TILE		= 8CC3, G: MK1
_INVALIDATE_VIEWPORT		= 8CD7, G: MK1
_DRAW_INVALIDATE_COLOURED_TILE_G= 8CE7, G: MK1
_DRAW_COLOURED_TILE_GAMEAREA	= 8CEE, G: MK1
_DRAW_DECORATIONS		= 8D1C, G: MK1
_DRAW_DECORATIONS_LOOP		= 8D1F, L: MK1
_UTAUX				= 8D4F, G: MK1
_UPDATE_TILE			= 8D50, G: MK1
_PRINT_NUMBER2			= 8D81, G: MK1
_PN2				= 8DAE, L: MK1
_DRAW_OBJS			= 8DD0, G: MK1
_PRINT_STR			= 8DE7, G: MK1
PRINT_STR_LOOP			= 8DEA, L: MK1
PRINT_STR_NO_INC_A		= 8DFE, L: MK1
_CLEAR_SPRITES			= 8E0C, G: MK1
HIDE_SPRITES_ENEMS_LOOP		= 8E21, L: MK1
HIDE_SPRITES_BULLETS_LOOP	= 8E4C, L: MK1
_COLLIDE			= 8E77, G: MK1
I_19				= 8ED2, L: MK1
I_20				= 8ED5, L: MK1
_CM_HB_COLLISION		= 8ED8, G: MK1
_CM_HB_COLLISION_AT1_RESET	= 8EE6, L: MK1
_CM_HB_COLLISION_AT1_DO		= 8EE9, L: MK1
_CM_HB_COLLISION_AT1_DONE	= 8F03, L: MK1
_CM_HB_COLLISION_AT2_RESET	= 8F14, L: MK1
_CM_HB_COLLISION_AT2_DO		= 8F17, L: MK1
_CM_HB_COLLISION_AT2_DONE	= 8F31, L: MK1
_RAND				= 8F35, G: MK1
RAND16				= 8F35, L: MK1
NEXTRAND			= 8F51, L: MK1
_ABS				= 8F5E, G: MK1
I_21				= 8F6F, L: MK1
I_22				= 8F74, L: MK1
_STEP				= 8F75, G: MK1
_CORTINA			= 8F87, G: MK1
CLEARB1				= 8F8C, L: MK1
CLEARB2				= 8F8F, L: MK1
REPITATODO			= 8F9B, L: MK1
BUCLE				= 8FA1, L: MK1
BUCLE1				= 8FA4, L: MK1
BUCLE2				= 8FAC, L: MK1
_BULLETS_INIT			= 8FBB, G: MK1
I_23				= 8FC2, L: MK1
I_24				= 8FE5, L: MK1
_BULLETS_UPDATE			= 8FE6, G: MK1
_BULLETS_FIRE			= 9015, G: MK1
I_25				= 901F, L: MK1
I_27				= 9029, L: MK1
I_29				= 907E, L: MK1
I_30				= 9098, L: MK1
I_28				= 90A6, L: MK1
I_26				= 90A9, L: MK1
_BULLETS_MOVE			= 90AA, G: MK1
I_31				= 90B4, L: MK1
I_33				= 90B9, L: MK1
I_36				= 912E, L: MK1
I_35				= 912E, L: MK1
I_37				= 917C, L: MK1
I_34				= 917F, L: MK1
I_32				= 9182, L: MK1
_PLAYER_CELLS			= 9183, G: MK1
_ENEM_CELLS			= 9197, G: MK1
_LAME_SOUND			= 91A7, G: MK1
I_42				= 91AE, L: MK1
I_40				= 91C2, L: MK1
I_41				= 91D1, L: MK1
_GAME_ENDING			= 91DA, G: MK1
_GAME_OVER			= 9201, G: MK1
_ADDSIGN			= 9264, G: MK1
I_43				= 9275, L: MK1
I_44				= 927D, L: MK1
_ESPERA_ACTIVA			= 927E, G: MK1
I_45				= 927E, L: MK1
I_49				= 9286, L: MK1
I_46				= 9286, L: MK1
I_52				= 928D, L: MK1
I_50				= 9294, L: MK1
I_51				= 92A3, L: MK1
I_53				= 92AB, L: MK1
I_47				= 92AB, L: MK1
I_48				= 92B5, L: MK1
_LOCKS_INIT			= 92B6, G: MK1
I_54				= 92C0, L: MK1
I_56				= 92CA, L: MK1
I_55				= 92ED, L: MK1
_PROCESS_TILE			= 92EE, G: MK1
I_58				= 930F, L: MK1
I_59_I_58			= 9312, L: MK1
I_60				= 931C, L: MK1
I_62				= 9326, L: MK1
I_64				= 936F, L: MK1
I_65_I_64			= 9372, L: MK1
I_63				= 938A, L: MK1
I_61				= 938D, L: MK1
I_57				= 93C0, L: MK1
_DRAW_SCR_BACKGROUND		= 93C1, G: MK1
I_66				= 93F1, L: MK1
I_68				= 93FB, L: MK1
_DRAW_SCR_PACKED_NEW		= 9411, L: MK1
_DRAW_SCR_PACKED_EXISTING	= 9426, L: MK1
_DRAW_SCR_PACKED_DONE		= 942B, L: MK1
_DRAW_SCR_PACKED_ALT		= 9447, L: MK1
_DRAW_SCR_PACKED_ALT_SUBST	= 9456, L: MK1
_DRAW_SCR_PACKED_NOALT		= 945B, L: MK1
_ADVANCE_WORM_NO_INC_Y		= 9476, L: MK1
I_67				= 947C, L: MK1
_DRAW_SCR			= 947D, G: MK1
_HOTSPOTS_SETUP_DO		= 94BC, L: MK1
_HOTSPOTS_SETUP_SET_REFILL	= 94ED, L: MK1
_HOTSPOTS_SETUP_SET		= 94EE, L: MK1
_HOTSPOTS_SETUP_DONE		= 94F6, L: MK1
_OPEN_LOCKS_LOOP		= 94FB, L: MK1
_OPEN_LOCKS_DO			= 950F, L: MK1
_OPEN_LOCKS_DONE		= 9537, L: MK1
_SELECT_JOYFUNC			= 9549, G: MK1
I_69				= 954C, L: MK1
I_72_UGE			= 955C, L: MK1
I_72				= 9565, L: MK1
I_73_I_72			= 9568, L: MK1
I_71				= 9581, L: MK1
I_70				= 9584, L: MK1
_PLAYER_INIT			= 9585, G: MK1
_PLAYER_CALC_BOUNDING_BOX	= 95EC, G: MK1
_PLAYER_MOVE			= 962D, G: MK1
_PLAYER_GRAVITY_ADD		= 963F, L: MK1
_PLAYER_GRAVITY_VY_SET		= 9641, L: MK1
_PLAYER_GRAVITY_P_GOTTEN_DONE	= 9655, L: MK1
I_74				= 967A, L: MK1
I_75				= 9688, L: MK1
I_76				= 969B, L: MK1
_VA_COLLISION_VY_NEGATIVE	= 96CE, L: MK1
_VA_COL_VY_NEG_DO		= 96EA, L: MK1
_VA_COLLISION_VY_POSITIVE	= 970D, L: MK1
_VA_COL_VY_POS_DO		= 9741, L: MK1
_VA_COLLISION_CHECKEVIL		= 9761, L: MK1
I_77				= 9776, L: MK1
I_78				= 9779, L: MK1
_VA_COLLISION_DONE		= 977F, L: MK1
I_79				= 97E3, L: MK1
I_81				= 97FE, L: MK1
I_82				= 9801, L: MK1
I_86				= 9845, L: MK1
I_85				= 9857, L: MK1
I_84				= 985A, L: MK1
I_89				= 989B, L: MK1
I_90				= 98B1, L: MK1
I_88				= 98B1, L: MK1
I_83				= 98B4, L: MK1
I_91				= 98BB, L: MK1
I_93				= 98EC, L: MK1
I_94				= 98EF, L: MK1
I_96				= 992C, L: MK1
I_95				= 992F, L: MK1
I_97				= 9966, L: MK1
I_99				= 9966, L: MK1
I_98				= 9966, L: MK1
I_92				= 996D, L: MK1
I_100				= 999D, L: MK1
I_101				= 999D, L: MK1
I_102				= 99CF, L: MK1
I_103				= 99CF, L: MK1
I_104				= 99F5, L: MK1
I_105				= 9A08, L: MK1
_HA_COLLISION_VX_NEGATIVE	= 9A44, L: MK1
_HA_COL_VX_NEG_DO		= 9A5F, L: MK1
_HA_COLLISION_VX_POSITIVE	= 9A87, L: MK1
_HA_COL_VX_POS_DO		= 9AA2, L: MK1
_HA_COLLISION_CHECKEVIL		= 9AC7, L: MK1
_HA_COLLISION_DONE		= 9AC7, L: MK1
I_106				= 9B1C, L: MK1
I_108				= 9B7A, L: MK1
I_107				= 9B7D, L: MK1
I_110				= 9BDC, L: MK1
I_111				= 9BDC, L: MK1
I_109				= 9BDC, L: MK1
I_113				= 9BF2, L: MK1
I_114_I_113			= 9BF5, L: MK1
I_112				= 9BFF, L: MK1
I_115				= 9C0E, L: MK1
I_116				= 9C3D, L: MK1
I_118				= 9C64, L: MK1
I_117				= 9C64, L: MK1
I_119				= 9C72, L: MK1
I_121				= 9C87, L: MK1
I_122_I_121			= 9C8A, L: MK1
I_120				= 9CA3, L: MK1
I_124				= 9CC9, L: MK1
I_125				= 9CE5, L: MK1
I_123				= 9CFE, L: MK1
_PLAYER_DEPLETE			= 9CFF, G: MK1
I_126				= 9D22, L: MK1
I_127				= 9D25, L: MK1
_PLAYER_KILL			= 9D2C, G: MK1
_ENEMS_INIT			= 9D43, G: MK1
I_128				= 9D4A, L: MK1
I_129				= 9DB3, L: MK1
_ENEMS_DRAW_CURRENT		= 9DB4, G: MK1
_ENEMS_LOAD			= 9E46, G: MK1
I_130				= 9E5F, L: MK1
I_132				= 9E69, L: MK1
I_135				= 9F18, L: MK1
I_137				= 9F30, L: MK1
I_139				= 9F30, L: MK1
I_138				= 9F30, L: MK1
I_136				= 9F30, L: MK1
I_134				= 9F57, L: MK1
I_131				= 9F5A, L: MK1
_ENEMS_KILL			= 9F5B, G: MK1
I_140				= 9F80, L: MK1
_ENEMS_MOVE			= 9F8B, G: MK1
I_141				= 9FB4, L: MK1
I_143				= 9FB9, L: MK1
I_144				= A065, L: MK1
I_145				= A068, L: MK1
I_148				= A073, L: MK1
I_151				= A08B, L: MK1
I_152				= A08B, L: MK1
I_150				= A08B, L: MK1
I_149				= A08B, L: MK1
_ENEMS_LM_CHANGE_AXIS_X		= A0A8, L: MK1
_ENEMS_LM_CHANGE_AXIS_X_DONE	= A0B0, L: MK1
_ENEMS_LM_CHANGE_AXIS_Y		= A0C8, L: MK1
_ENEMS_LM_CHANGE_AXIS_Y_DONE	= A0D0, L: MK1
I_147				= A0D0, L: MK1
_ENEMS_MOVE_UPDATE_FRAME_DONE	= A121, L: MK1
I_154				= A121, L: MK1
_ENEMS_PLATS_HORZ		= A131, L: MK1
_ENEMS_PLATS_HORZ_DO		= A15D, L: MK1
_ENEMS_PLATS_HORZ_DONE		= A173, L: MK1
_ENEMS_PLATS_VERT_CHECK_1	= A173, L: MK1
_ENEMS_PLATS_VERT		= A173, L: MK1
_ENEMS_PLATS_VERT_CHECK_2	= A192, L: MK1
_ENEMS_PLATS_VERT_DO		= A1A3, L: MK1
_ENEMS_PLATS_VERT_DONE		= A1BD, L: MK1
_ENEMS_PLATS_GPY_SET		= A1C0, L: MK1
_ENEMS_PLATFORMS_DONE		= A1D4, L: MK1
I_155				= A1D7, L: MK1
I_158				= A203, L: MK1
I_159_I_158			= A206, L: MK1
I_157				= A240, L: MK1
I_160				= A240, L: MK1
I_156				= A240, L: MK1
I_161				= A24A, L: MK1
I_163				= A24F, L: MK1
I_166				= A2E0, L: MK1
I_167_I_166			= A2E3, L: MK1
I_168				= A32F, L: MK1
I_169				= A35F, L: MK1
I_164				= A367, L: MK1
I_165				= A367, L: MK1
I_162				= A36A, L: MK1
I_153				= A36A, L: MK1
I_142				= A3A1, L: MK1
_HOTSPOTS_INIT			= A3A2, G: MK1
I_170				= A3A9, L: MK1
I_171				= A3D4, L: MK1
_HOTSPOTS_DO			= A3D5, G: MK1
I_172				= A3EF, L: MK1
I_176				= A421, L: MK1
I_177				= A434, L: MK1
I_178				= A449, L: MK1
I_179				= A459, L: MK1
I_180				= A477, L: MK1
I_175				= A47F, L: MK1
I_181				= A4CE, L: MK1
I_173				= A4CE, L: MK1
_MAIN				= A4CF, G: MK1
I_184				= A509, L: MK1
I_182				= A527, L: MK1
I_183				= A531, L: MK1
I_185				= A570, L: MK1
I_187				= A575, L: MK1
I_186				= A5FD, L: MK1
I_188				= A607, L: MK1
I_190				= A60C, L: MK1
I_189				= A656, L: MK1
I_191				= A656, L: MK1
_GAME_LOOP_INIT			= A67E, L: MK1
I_193				= A6CE, L: MK1
_GAME_LOOP_DO			= A6D8, L: MK1
I_195				= A6EE, L: MK1
I_196				= A712, L: MK1
I_197				= A72F, L: MK1
I_198				= A75F, L: MK1
I_199				= A78F, L: MK1
I_201				= A7C8, L: MK1
I_202				= A7CF, L: MK1
I_200				= A7CF, L: MK1
I_204				= A7ED, L: MK1
I_206				= A7F2, L: MK1
I_205				= A815, L: MK1
I_208				= A833, L: MK1
I_207				= A871, L: MK1
I_210				= A88E, L: MK1
I_211				= A89E, L: MK1
I_213				= A8A3, L: MK1
I_214				= A920, L: MK1
I_215				= A942, L: MK1
I_212				= A945, L: MK1
I_203				= A948, L: MK1
I_217				= A962, L: MK1
I_218_I_217			= A965, L: MK1
I_216				= A97A, L: MK1
I_220				= A991, L: MK1
I_221_I_220			= A994, L: MK1
I_219				= A9AA, L: MK1
I_223_UGE			= A9CC, L: MK1
I_223				= A9CE, L: MK1
I_224_I_223			= A9D1, L: MK1
I_222				= A9EB, L: MK1
I_226				= AA02, L: MK1
I_227_I_226			= AA05, L: MK1
I_225				= AA46, L: MK1
I_229				= AA46, L: MK1
I_228				= AA46, L: MK1
I_231				= AA56, L: MK1
I_230				= AA62, L: MK1
I_194				= AA65, L: MK1
I_233				= AA7B, L: MK1
I_234				= AA7E, L: MK1
I_192				= AA87, L: MK1
MUSICSTART			= AA88, L: MK1
PLAYER				= AAAC, L: MK1
NEXT_PATTERN			= AACC, L: MK1
PATTERN_LOOP_END		= AAD2, L: MK1
PATTERN_LOOP_BEGIN		= AAD6, L: MK1
NO_PATTERN_LOOP			= AAD7, L: MK1
MAIN_LOOP			= AAE0, L: MK1
READ_LOOP			= AAE3, L: MK1
CURRENT_INST			= AB22, L: MK1
L8098				= AB2B, L: MK1
L809B				= AB2E, L: MK1
SET_NOTE2			= AB54, L: MK1
SET_STOP			= AB68, L: MK1
SET_STOP2			= AB81, L: MK1
OTHER				= AB8C, L: MK1
INSTRUM_TBL			= ABA3, L: MK1
SKIP_CH1			= ABAC, L: MK1
EXIT_PLAYER			= ABB2, L: MK1
RENDER				= ABB9, L: MK1
CNT_1A				= ABC3, L: MK1
CNT_1B				= ABC7, L: MK1
DIV_1A				= ABCA, L: MK1
DIV_1B				= ABCD, L: MK1
OUT_1				= ABD0, L: MK1
CNT_2				= ABD4, L: MK1
DIV_2				= ABD7, L: MK1
OUT_2				= ABDA, L: MK1
PLAY_NOTE			= ABDB, L: MK1
PLAYER_WAIT_KEY			= ABE2, L: MK1
L8168				= ABE7, L: MK1
L8171				= ABF0, L: MK1
L8173				= ABF2, L: MK1
L8179				= ABF8, L: MK1
L817B				= ABFA, L: MK1
L8184				= AC03, L: MK1
L8186				= AC05, L: MK1
L818A				= AC09, L: MK1
L8193				= AC12, L: MK1
L8195				= AC14, L: MK1
L819B				= AC1A, L: MK1
L819D				= AC1C, L: MK1
L81A6				= AC25, L: MK1
L81A8				= AC27, L: MK1
L81AC				= AC2B, L: MK1
L81B5				= AC34, L: MK1
L81B7				= AC36, L: MK1
L81BD				= AC3C, L: MK1
L81BF				= AC3E, L: MK1
L81C8				= AC47, L: MK1
L81CA				= AC49, L: MK1
L81CE				= AC4D, L: MK1
L81D7				= AC56, L: MK1
L81D9				= AC58, L: MK1
L81DF				= AC5E, L: MK1
L81E1				= AC60, L: MK1
L81EA				= AC69, L: MK1
L81EC				= AC6B, L: MK1
L81F9				= AC78, L: MK1
L81FB				= AC7A, L: MK1
L8201				= AC80, L: MK1
L8203				= AC82, L: MK1
L820C				= AC8B, L: MK1
L820E				= AC8D, L: MK1
DRUMS				= ACA6, L: MK1
DRUM_TONE1			= ACB3, L: MK1
DRUM_TONE2			= ACB7, L: MK1
DRUM_TONE3			= ACBB, L: MK1
DRUM_TONE4			= ACBF, L: MK1
DRUM_TONE5			= ACC3, L: MK1
DRUM_TONE6			= ACC7, L: MK1
DRUM_TONE			= ACC9, L: MK1
DT_LOOP0			= ACD0, L: MK1
DT_LOOP1			= ACDD, L: MK1
DRUM_NOISE1			= ACE6, L: MK1
DRUM_NOISE2			= ACEE, L: MK1
DRUM_NOISE3			= ACF6, L: MK1
DRUM_NOISE			= ACFC, L: MK1
DN_LOOP0			= AD00, L: MK1
DN_LOOP1			= AD08, L: MK1
PATTERN_ADDR			= AD14, L: MK1
PATTERN_PTR			= AD16, L: MK1
NOTE_PTR			= AD17, L: MK1
FREQ_TABLE			= AD19, L: MK1
DRUM_TABLE			= AD91, L: MK1
MUSICDATA			= ADA3, L: MK1
PATTERNDATA			= ADAF, L: MK1
PAT0				= ADBF, L: MK1
PAT1				= ADEA, L: MK1
PAT2				= AE16, L: MK1
PAT3				= AE2B, L: MK1
I_1				= AE3B, L: MK1
__EN_T				= AE55, G: MK1
__EN_X				= AE56, G: MK1
__EN_Y				= AE57, G: MK1
_SP_MOVILES			= AE58, G: MK1
_GPEN_CX			= AE5E, G: MK1
_GPEN_CY			= AE5F, G: MK1
__EN_X1				= AE60, G: MK1
__EN_Y1				= AE61, G: MK1
__EN_X2				= AE62, G: MK1
__EN_Y2				= AE63, G: MK1
_BULLETS_MX			= AE64, G: MK1
_BULLETS_MY			= AE67, G: MK1
_EN_AN_BASE_FRAME		= AE6A, G: MK1
__EN_CX				= AE6D, G: MK1
__EN_CY				= AE6E, G: MK1
_HOTSPOT_X			= AE6F, G: MK1
_HOTSPOT_Y			= AE70, G: MK1
_HALF_LIFE			= AE71, G: MK1
__EN_MX				= AE72, G: MK1
__EN_MY				= AE73, G: MK1
_MAP_POINTER			= AE74, G: MK1
_EN_AN_STATE			= AE76, G: MK1
_FLAGS				= AE79, G: MK1
_P_FACING			= AE99, G: MK1
_P_FRAME			= AE9A, G: MK1
_PREGOTTEN			= AE9B, G: MK1
_HIT_H				= AE9C, G: MK1
_P_KILL_AMT			= AE9D, G: MK1
_HIT_V				= AE9E, G: MK1
_KILLED_OLD			= AE9F, G: MK1
_GPAUX				= AEA0, G: MK1
_MAP_ATTR			= AEA1, G: MK1
_ACTIVE				= AF37, G: MK1
_P_CT_ESTADO			= AF38, G: MK1
_LEVEL				= AF39, G: MK1
_HOTSPOT_DESTROY		= AF3A, G: MK1
_X0				= AF3B, G: MK1
_Y0				= AF3C, G: MK1
_X1				= AF3D, G: MK1
_Y1				= AF3E, G: MK1
__N				= AF3F, G: MK1
__T				= AF40, G: MK1
__X				= AF41, G: MK1
__Y				= AF42, G: MK1
_LIFE_OLD			= AF43, G: MK1
_BULLETS_ESTADO			= AF44, G: MK1
__GP_GEN			= AF47, G: MK1
_GEN_PT				= AF49, G: MK1
_P_CURRENT_FRAME		= AF4B, G: MK1
_PTGMX				= AF4D, G: MK1
_PTGMY				= AF4E, G: MK1
_EN_AN_CURRENT_FRAME		= AF4F, G: MK1
_SP_PLAYER			= AF55, G: MK1
_SP_BULLETS			= AF57, G: MK1
__B_X				= AF5D, G: MK1
__B_Y				= AF5E, G: MK1
_ENOFFS				= AF5F, G: MK1
_B_IT				= AF60, G: MK1
_P_ESTADO			= AF61, G: MK1
__B_ESTADO			= AF62, G: MK1
_P_KILLED			= AF63, G: MK1
_BULLETS_X			= AF64, G: MK1
_BULLETS_Y			= AF67, G: MK1
_P_AMMO				= AF6A, G: MK1
_GPEN_X				= AF6B, G: MK1
_GPEN_Y				= AF6C, G: MK1
_PAD0				= AF6D, G: MK1
_P_KILLME			= AF6E, G: MK1
_N_PANT				= AF6F, G: MK1
_P_CONT_SALTO			= AF70, G: MK1
_O_PANT				= AF71, G: MK1
_P_LIFE				= AF72, G: MK1
_ENIT				= AF73, G: MK1
_P_FUEL				= AF74, G: MK1
_P_OBJS				= AF75, G: MK1
_P_GOTTEN			= AF76, G: MK1
_GPCX				= AF77, G: MK1
_GPCY				= AF78, G: MK1
_GPIT				= AF79, G: MK1
_GPJT				= AF7A, G: MK1
_P_KEYS				= AF7B, G: MK1
_PLAYING			= AF7C, G: MK1
_GPOX				= AF7D, G: MK1
_SEED				= AF7E, G: MK1
_ISRC				= AF80, G: MK1
_P_TX				= AF81, G: MK1
_P_TY				= AF82, G: MK1
_ASM_INT_2			= AF83, G: MK1
_P_VX				= AF85, G: MK1
_P_VY				= AF86, G: MK1
_GPXX				= AF87, G: MK1
_GPYY				= AF88, G: MK1
_OBJS_OLD			= AF89, G: MK1
_MAINCOUNTER			= AF8A, G: MK1
_PTX1				= AF8B, G: MK1
_PTX2				= AF8C, G: MK1
_PTY1				= AF8D, G: MK1
_PTY2				= AF8E, G: MK1
_ASM_NUMBER			= AF8F, G: MK1
_P_NEXT_FRAME			= AF90, G: MK1
_EN_AN_NEXT_FRAME		= AF92, G: MK1
_AT1				= AF98, G: MK1
_AT2				= AF99, G: MK1
__EN_LIFE			= AF9A, G: MK1
_CX1				= AF9B, G: MK1
_CX2				= AF9C, G: MK1
_CY1				= AF9D, G: MK1
_CY2				= AF9E, G: MK1
_P_SUBFRAME			= AF9F, G: MK1
_BLX				= AFA0, G: MK1
_BLY				= AFA1, G: MK1
_GPC				= AFA2, G: MK1
_GPD				= AFA3, G: MK1
_HIT				= AFA4, G: MK1
_RDA				= AFA5, G: MK1
_RDB				= AFA6, G: MK1
_RDC				= AFA7, G: MK1
_P_X				= AFA8, G: MK1
_AD_FREE			= AFAA, G: MK1
_P_Y				= B2E3, G: MK1
_GPX				= B2E5, G: MK1
_GPY				= B2E6, G: MK1
_RDD				= B2E7, G: MK1
_RDN				= B2E8, G: MK1
_ITJ				= B2E9, G: MK1
_KEYS_OLD			= B2EB, G: MK1
_RDT				= B2EC, G: MK1
_RDX				= B2ED, G: MK1
_RDY				= B2EE, G: MK1
_WALL_H				= B2EF, G: MK1
_ENOFFSMASI			= B2F0, G: MK1
_WALL_V				= B2F1, G: MK1
_TOCADO				= B2F2, G: MK1
_IS_RENDERING			= B2F3, G: MK1
_SLEVEL				= B2F4, G: MK1
_ASM_INT			= B2F5, G: MK1
_P_FACING_H			= B2F7, G: MK1
__BADDIES_POINTER		= B2F8, G: MK1
_P_FACING_V			= B2FA, G: MK1
_P_SALTANDO			= B2FB, G: MK1
_POSSEE				= B2FC, G: MK1
_ORIG_TILE			= B2FD, G: MK1
_EN_AN_FRAME			= B2FE, G: MK1
_SUCCESS			= B301, G: MK1
_EN_AN_COUNT			= B302, G: MK1
_P_DISPARANDO			= B305, G: MK1
__B_MX				= B306, G: MK1
__B_MY				= B307, G: MK1
L_AND				= B308, G: L_AND
L_ASL				= B30F, G: L_ASL
L_ASL1				= B310, L: L_ASL
L_ASR				= B316, G: L_ASR
L_ASR1				= B317, L: L_ASR
L_ASR_U				= B320, G: L_ASR_U
L_ASR_U_1			= B321, L: L_ASR_U
L_DIV_U				= B32A, G: L_DIV_U
ENTRY				= B32E, L: L_DIV_U
L_DIV1				= B335, L: L_DIV_U
L_DIV2				= B33F, L: L_DIV_U
L_EQ				= B349, G: L_EQ
L_GCHAR				= B350, G: L_GCHAR
L_SXT				= B351, L: L_GCHAR
L_GINT				= B356, G: L_GINT
L_GT				= B35B, G: L_GT
L_LNEG				= B367, G: L_LNEG
L_LT				= B36C, G: L_LT
L_MULT				= B378, G: L_MULT
L_MULT1				= B37F, L: L_MULT
L_MULT2				= B386, L: L_MULT
L_NE				= B389, G: L_NE
L_NEG				= B390, G: L_NEG
L_OR				= B398, G: L_OR
L_PINT				= B39F, G: L_PINT
L_SXT				= B3A5, G: L_SXT
L_UGE				= B3AA, G: L_UGE
L_UGT				= B3B2, G: L_UGT
L_ULE				= B3B8, G: L_ULE
L_ULT				= B3C0, G: L_ULT
SPCOMPDLISTADDR			= B3C6, G: SPCOMPDLISTADDR
SPDISPLAYLIST			= B3D7, G: SPDISPLAYLIST
SPINVALIDATE			= BFD7, G: SPINVALIDATE
SPINVALIDATEP			= BFDF, G: SPINVALIDATE
NOINC1				= BFF8, L: SPINVALIDATE
INVCOLLP			= BFFC, L: SPINVALIDATE
NOINC2				= C00B, L: SPINVALIDATE
INVFULLCHAR			= C00F, L: SPINVALIDATE
INVROWLP			= C011, L: SPINVALIDATE
NOINC3				= C01C, L: SPINVALIDATE
SPBITLEFT2MASK			= C02A, G: SPBITLEFT2MASK
SPBITRIGHT2MASK			= C032, G: SPBITRIGHT2MASK
SPCOMPDIRTYADDR			= C03A, G: SPCOMPDIRTYADDR
SPDIRTYCHARS			= C04F, G: SPDIRTYCHARS
SPINTRECT			= C0AF, G: SPINTRECT
SPINTSMALLIVAL			= C0E0, G: SPINTRECT
TRYOTHERWAY			= C0F4, L: SPINTRECT
SPPTINSMALLIVAL			= C105, G: SPINTRECT
BROKEN				= C111, L: SPINTRECT
SPMOVESPRABS			= C11A, G: SPMOVESPRABS
SPMOVESPRABSNC			= C128, G: SPMOVESPRABS
ADJLOOP				= C133, L: SPMOVESPRABS
SPMOVESPRABSC			= C141, G: SPMOVESPRABS
YINSCREEN			= C159, L: SPMOVESPRABS
XINSCREEN			= C169, L: SPMOVESPRABS
MVCOLLOOP			= C180, L: SPMOVESPRABS
MVROWLOOP			= C186, L: SPMOVESPRABS
NOTDONE				= C190, L: SPMOVESPRABS
NOINC1				= C1A8, L: SPMOVESPRABS
NOTINDLIST			= C1BC, L: SPMOVESPRABS
NONEXT1				= C1BC, L: SPMOVESPRABS
PDLOOP				= C1D9, L: SPMOVESPRABS
NOINC2				= C1E1, L: SPMOVESPRABS
PUTHERE				= C1F3, L: SPMOVESPRABS
NOINC3				= C202, L: SPMOVESPRABS
NODEC1				= C210, L: SPMOVESPRABS
NOINC4				= C21C, L: SPMOVESPRABS
NOTDISPLAYED			= C229, L: SPMOVESPRABS
NONEXT2				= C229, L: SPMOVESPRABS
INVALIDATE			= C244, L: SPMOVESPRABS
COMPUTEDISP			= C253, L: SPMOVESPRABS
NOTNEGATIVE			= C271, L: SPMOVESPRABS
ADJUSTGRAPHICS			= C276, L: SPMOVESPRABS
NOINC5				= C282, L: SPMOVESPRABS
SKIP1				= C292, L: SPMOVESPRABS
SKIP2				= C2A2, L: SPMOVESPRABS
SPNULLSPRPTR			= C2A5, G: SPNULLSPRPTR
SPPRINTATINV			= C2B5, G: SPPRINTATINV
SPBIT2MASK			= C2CD, G: SPBIT2MASK
SPTBLLOOKUP			= C2D5, G: SPTBLLOOKUP
NOINC				= C2DB, L: SPTBLLOOKUP
SP_ADDCOLSPR			= C2DD, G: SP_ADDCOLSPR
SPADDCOLSPR			= C2F8, G: SPADDCOLSPR
ACNOCRY				= C303, L: SPADDCOLSPR
ACLOOP				= C314, L: SPADDCOLSPR
NOINC1				= C350, L: SPADDCOLSPR
ACNOCRY3			= C364, L: SPADDCOLSPR
ACFAIL				= C38E, L: SPADDCOLSPR
JPHL				= C39F, L: SPADDCOLSPR
SPDELETESPR			= C3A0, G: SPDELETESPR
LOOP				= C3A4, L: SPDELETESPR
SPDSLOOP			= C3B1, G: SPDELETESPR
JPHL				= C3B9, L: SPDELETESPR
SP_ADDMEMORY			= C3BA, G: SP_ADDMEMORY
SPADDMEMORY			= C3D3, G: SPADDMEMORY
IB1				= C3DB, L: SPADDMEMORY
IB2				= C3E2, L: SPADDMEMORY
SPFREEBLOCK			= C3EF, G: SPFREEBLOCK
SPFB1				= C3F4, G: SPFREEBLOCK
SPFB2				= C3FF, G: SPFREEBLOCK
SPQUEUETABLE			= C40A, G: SPQUEUETABLE
SP_BLOCKALLOC			= C40C, G: SP_BLOCKALLOC
SPBLOCKALLOC			= C41A, G: SPBLOCKALLOC
SPALLOC				= C424, G: SPBLOCKALLOC
SP_BORDER			= C435, G: SP_BORDER
SPBORDERCLR			= C43E, G: SPBORDER
SPBORDER			= C43F, G: SPBORDER
SP_CREATESPR			= C447, G: SP_CREATESPR
SPCREATESPR			= C45F, G: SPCREATESPR
CSLOOP				= C4AA, L: SPCREATESPR
CSENTER				= C4BE, L: SPCREATESPR
NOTCOMPRESS			= C4D0, L: SPCREATESPR
CONT				= C4D5, L: SPCREATESPR
CSNOCRY				= C4E9, L: SPCREATESPR
CSFAIL1				= C4F3, L: SPCREATESPR
CSFAIL2				= C4F5, L: SPCREATESPR
JPHL				= C4FE, L: SPCREATESPR
SP_FREEBLOCK			= C4FF, G: SP_FREEBLOCK
SP_GETKEY			= C50A, G: SP_GETKEY
KEYOK				= C510, L: SP_GETKEY
STATE				= C515, L: SPGETKEY
COUNT				= C516, L: SPGETKEY
SPKEYDEBOUNCE			= C517, G: SPGETKEY
SPKEYSTARTREPEAT		= C518, G: SPGETKEY
SPKEYREPEATPERIOD		= C519, G: SPGETKEY
SPINKEY				= C51A, G: SPGETKEY
SPGETKEY			= C52B, G: SPGETKEY
SCANLOOP			= C532, L: SPGETKEY
KEYROWLOOP			= C536, L: SPGETKEY
NOPRESS				= C546, L: SPGETKEY
NEXTSCANROW			= C54B, L: SPGETKEY
ATMAXCOUNT			= C55C, L: SPGETKEY
SKIP				= C573, L: SPGETKEY
NOCAPS				= C589, L: SPGETKEY
NOSYM				= C594, L: SPGETKEY
TOOMANYKEYS			= C597, L: SPGETKEY
NOKEYS				= C597, L: SPGETKEY
SPKEYTRANSTBL			= C59F, G: SPKEYTRANSTBL
SP_INITIALIZE			= C63F, G: SP_INITIALIZE
SPINITIALIZE			= C64B, G: SPINITIALIZE
ROTTBLLP			= C671, L: SPINITIALIZE
ENTRYLP				= C678, L: SPINITIALIZE
ROTLP				= C67B, L: SPINITIALIZE
LOOP				= C694, L: SPINITIALIZE
CONT1				= C69C, L: SPINITIALIZE
NOADD				= C6A6, L: SPINITIALIZE
USERTILE			= C6A9, L: SPINITIALIZE
SPTILEARRAY			= C6AE, G: SPTILEARRAY
SP_JOYKEMPSTON			= C8AE, G: SP_JOYKEMPSTON
SPJOYKEMPSTON			= C8B5, G: SPJOYKEMPSTON
KEMPTBL				= C8C0, L: SPJOYKEMPSTON
SP_JOYKEYBOARD			= C8E0, G: SP_JOYKEYBOARD
SPJOYKEYBOARD			= C8EE, G: SPJOYKEYBOARD
NOFIRE				= C8FB, L: SPJOYKEYBOARD
JKLOOP				= C8FB, L: SPJOYKEYBOARD
NOPRESS				= C906, L: SPJOYKEYBOARD
SP_JOYSINCLAIR1			= C90D, G: SP_JOYSINCLAIR1
SPJOYSINCLAIR1			= C914, G: SPJOYSINCLAIR1
SINC1TBL			= C920, L: SPJOYSINCLAIR1
SP_TILEARRAY			= C940, G: SP_TILEARRAY
SPTILEENTRY			= C94E, G: SPTILEENTRY
NOINC				= C957, L: SPTILEENTRY
SP_UPDATENOW			= C95F, G: SP_UPDATENOW
TEMPGRAPHIC			= C965, L: SPUPDATENOW
TEMPCOLOUR			= C96D, L: SPUPDATENOW
UPDATE_ATTRS			= C96E, G: SPUPDATENOW
DOSPRITES			= C96F, L: SPUPDATENOW
SPUPDATENOW			= C970, G: SPUPDATENOW
DIRTYLOOP			= C97C, L: SPUPDATENOW
NOTACROSSBLK1			= C98C, L: SPUPDATENOW
REENTER				= C994, L: SPUPDATENOW
NOINC1				= C994, L: SPUPDATENOW
DIRTYAREA			= C9A2, L: SPUPDATENOW
NOTACROSSBLK2			= C9DC, L: SPUPDATENOW
TILEONLY			= C9E3, L: SPUPDATENOW
NOINC11				= C9EE, L: SPUPDATENOW
DRAWCHAR			= CA12, L: SPUPDATENOW
NOTLOAD				= CA40, L: SPUPDATENOW
NOINC10				= CA4B, L: SPUPDATENOW
SPRITELOOP			= CA60, L: SPUPDATENOW
DOSPRITE			= CA64, L: SPUPDATENOW
COLOURSPRITE			= CB75, L: SPUPDATENOW
SKIP_SPRITE_UPDATE		= CB76, L: SPUPDATENOW
CLEAR				= CB77, L: SPUPDATENOW
COPYBUFFER			= CB82, L: SPUPDATENOW
NOMORESPRITES			= CBA4, L: SPUPDATENOW
SKIPUPDATECOL			= CBAF, L: SPUPDATENOW
MASKNOROTATE			= CBB2, L: SPUPDATENOW
LOADTYPE			= CBFD, L: SPUPDATENOW
LOADNOROTATE			= CC6B, L: SPUPDATENOW
XORTYPE				= CC8A, L: SPUPDATENOW
XORNOROTATE			= CD10, L: SPUPDATENOW
ORTYPE				= CD42, L: SPUPDATENOW
ORNOROTATE			= CDC8, L: SPUPDATENOW
SP_WAITFORNOKEY			= CDFA, G: SP_WAITFORNOKEY
SPWAITFORNOKEY			= CDFE, G: SPWAITFORNOKEY
